[2020-04-16T15:07:12.410+0900][gc,heap] Heap region size: 1M
[2020-04-16T15:07:12.425+0900][gc     ] Using G1
[2020-04-16T15:07:12.425+0900][gc,heap,coops] Heap address: 0x00000000c0000000, size: 1024 MB, Compressed Oops mode: 32-bit
[2020-04-16T15:07:13.802+0900][gc,start     ] GC(0) Pause Young (Normal) (G1 Evacuation Pause)
[2020-04-16T15:07:13.804+0900][gc,task      ] GC(0) Using 10 workers of 10 for evacuation
[2020-04-16T15:07:13.813+0900][gc,phases    ] GC(0)   Pre Evacuate Collection Set: 0.0ms
[2020-04-16T15:07:13.813+0900][gc,phases    ] GC(0)   Evacuate Collection Set: 7.9ms
[2020-04-16T15:07:13.813+0900][gc,phases    ] GC(0)   Post Evacuate Collection Set: 1.0ms
[2020-04-16T15:07:13.813+0900][gc,phases    ] GC(0)   Other: 2.2ms
[2020-04-16T15:07:13.813+0900][gc,heap      ] GC(0) Eden regions: 51->0(44)
[2020-04-16T15:07:13.813+0900][gc,heap      ] GC(0) Survivor regions: 0->7(7)
[2020-04-16T15:07:13.813+0900][gc,heap      ] GC(0) Old regions: 0->0
[2020-04-16T15:07:13.813+0900][gc,heap      ] GC(0) Humongous regions: 0->0
[2020-04-16T15:07:13.813+0900][gc,metaspace ] GC(0) Metaspace: 17093K->17093K(1064960K)
[2020-04-16T15:07:13.813+0900][gc           ] GC(0) Pause Young (Normal) (G1 Evacuation Pause) 51M->6M(1024M) 11.345ms
[2020-04-16T15:07:13.813+0900][gc,cpu       ] GC(0) User=0.06s Sys=0.02s Real=0.01s
[2020-04-16T15:07:14.082+0900][gc,start     ] GC(1) Pause Young (Concurrent Start) (Metadata GC Threshold)
[2020-04-16T15:07:14.082+0900][gc,task      ] GC(1) Using 10 workers of 10 for evacuation
[2020-04-16T15:07:14.094+0900][gc,phases    ] GC(1)   Pre Evacuate Collection Set: 0.1ms
[2020-04-16T15:07:14.094+0900][gc,phases    ] GC(1)   Evacuate Collection Set: 10.0ms
[2020-04-16T15:07:14.094+0900][gc,phases    ] GC(1)   Post Evacuate Collection Set: 0.8ms
[2020-04-16T15:07:14.094+0900][gc,phases    ] GC(1)   Other: 0.5ms
[2020-04-16T15:07:14.094+0900][gc,heap      ] GC(1) Eden regions: 13->0(50)
[2020-04-16T15:07:14.094+0900][gc,heap      ] GC(1) Survivor regions: 7->1(7)
[2020-04-16T15:07:14.094+0900][gc,heap      ] GC(1) Old regions: 0->7
[2020-04-16T15:07:14.094+0900][gc,heap      ] GC(1) Humongous regions: 0->0
[2020-04-16T15:07:14.094+0900][gc,metaspace ] GC(1) Metaspace: 20423K->20423K(1067008K)
[2020-04-16T15:07:14.094+0900][gc           ] GC(1) Pause Young (Concurrent Start) (Metadata GC Threshold) 19M->7M(1024M) 11.668ms
[2020-04-16T15:07:14.094+0900][gc,cpu       ] GC(1) User=0.04s Sys=0.01s Real=0.01s
[2020-04-16T15:07:14.094+0900][gc           ] GC(2) Concurrent Cycle
[2020-04-16T15:07:14.094+0900][gc,marking   ] GC(2) Concurrent Clear Claimed Marks
[2020-04-16T15:07:14.094+0900][gc,marking   ] GC(2) Concurrent Clear Claimed Marks 0.037ms
[2020-04-16T15:07:14.094+0900][gc,marking   ] GC(2) Concurrent Scan Root Regions
[2020-04-16T15:07:14.095+0900][gc,marking   ] GC(2) Concurrent Scan Root Regions 1.235ms
[2020-04-16T15:07:14.095+0900][gc,marking   ] GC(2) Concurrent Mark (1.690s)
[2020-04-16T15:07:14.095+0900][gc,marking   ] GC(2) Concurrent Mark From Roots
[2020-04-16T15:07:14.096+0900][gc,task      ] GC(2) Using 3 workers of 3 for marking
[2020-04-16T15:07:14.106+0900][gc,marking   ] GC(2) Concurrent Mark From Roots 10.609ms
[2020-04-16T15:07:14.106+0900][gc,marking   ] GC(2) Concurrent Preclean
[2020-04-16T15:07:14.106+0900][gc,marking   ] GC(2) Concurrent Preclean 0.429ms
[2020-04-16T15:07:14.106+0900][gc,marking   ] GC(2) Concurrent Mark (1.690s, 1.702s) 11.134ms
[2020-04-16T15:07:14.107+0900][gc,start     ] GC(2) Pause Remark
[2020-04-16T15:07:14.108+0900][gc,stringtable] GC(2) Cleaned string and symbol table, strings: 8878 processed, 0 removed, symbols: 49629 processed, 52 removed
[2020-04-16T15:07:14.108+0900][gc            ] GC(2) Pause Remark 7M->7M(1024M) 1.687ms
[2020-04-16T15:07:14.108+0900][gc,cpu        ] GC(2) User=0.01s Sys=0.00s Real=0.00s
[2020-04-16T15:07:14.108+0900][gc,marking    ] GC(2) Concurrent Rebuild Remembered Sets
[2020-04-16T15:07:14.111+0900][gc,marking    ] GC(2) Concurrent Rebuild Remembered Sets 2.981ms
[2020-04-16T15:07:14.112+0900][gc,start      ] GC(2) Pause Cleanup
[2020-04-16T15:07:14.112+0900][gc            ] GC(2) Pause Cleanup 7M->7M(1024M) 0.284ms
[2020-04-16T15:07:14.112+0900][gc,cpu        ] GC(2) User=0.00s Sys=0.00s Real=0.00s
[2020-04-16T15:07:14.112+0900][gc,marking    ] GC(2) Concurrent Cleanup for Next Mark
[2020-04-16T15:07:14.116+0900][gc,marking    ] GC(2) Concurrent Cleanup for Next Mark 3.840ms
[2020-04-16T15:07:14.116+0900][gc            ] GC(2) Concurrent Cycle 21.935ms
[2020-04-16T15:07:18.510+0900][gc,start      ] GC(3) Pause Young (Normal) (G1 Evacuation Pause)
[2020-04-16T15:07:18.510+0900][gc,task       ] GC(3) Using 10 workers of 10 for evacuation
[2020-04-16T15:07:18.518+0900][gc,phases     ] GC(3)   Pre Evacuate Collection Set: 0.0ms
[2020-04-16T15:07:18.518+0900][gc,phases     ] GC(3)   Evacuate Collection Set: 6.9ms
[2020-04-16T15:07:18.518+0900][gc,phases     ] GC(3)   Post Evacuate Collection Set: 1.0ms
[2020-04-16T15:07:18.518+0900][gc,phases     ] GC(3)   Other: 0.4ms
[2020-04-16T15:07:18.518+0900][gc,heap       ] GC(3) Eden regions: 50->0(46)
[2020-04-16T15:07:18.518+0900][gc,heap       ] GC(3) Survivor regions: 1->5(7)
[2020-04-16T15:07:18.518+0900][gc,heap       ] GC(3) Old regions: 7->7
[2020-04-16T15:07:18.518+0900][gc,heap       ] GC(3) Humongous regions: 129->129
[2020-04-16T15:07:18.518+0900][gc,metaspace  ] GC(3) Metaspace: 30035K->30035K(1075200K)
[2020-04-16T15:07:18.518+0900][gc            ] GC(3) Pause Young (Normal) (G1 Evacuation Pause) 186M->140M(1024M) 8.484ms
[2020-04-16T15:07:18.518+0900][gc,cpu        ] GC(3) User=0.07s Sys=0.00s Real=0.00s
[2020-04-16T15:11:37.469+0900][gc,start      ] GC(4) Pause Young (Normal) (G1 Evacuation Pause)
[2020-04-16T15:11:37.470+0900][gc,task       ] GC(4) Using 10 workers of 10 for evacuation
[2020-04-16T15:11:37.478+0900][gc,phases     ] GC(4)   Pre Evacuate Collection Set: 0.0ms
[2020-04-16T15:11:37.478+0900][gc,phases     ] GC(4)   Evacuate Collection Set: 7.0ms
[2020-04-16T15:11:37.478+0900][gc,phases     ] GC(4)   Post Evacuate Collection Set: 1.0ms
[2020-04-16T15:11:37.478+0900][gc,phases     ] GC(4)   Other: 0.3ms
[2020-04-16T15:11:37.478+0900][gc,heap       ] GC(4) Eden regions: 46->0(49)
[2020-04-16T15:11:37.478+0900][gc,heap       ] GC(4) Survivor regions: 5->2(7)
[2020-04-16T15:11:37.478+0900][gc,heap       ] GC(4) Old regions: 7->11
[2020-04-16T15:11:37.478+0900][gc,heap       ] GC(4) Humongous regions: 129->129
[2020-04-16T15:11:37.478+0900][gc,metaspace  ] GC(4) Metaspace: 32643K->32643K(1079296K)
[2020-04-16T15:11:37.478+0900][gc            ] GC(4) Pause Young (Normal) (G1 Evacuation Pause) 186M->141M(1024M) 8.658ms
[2020-04-16T15:11:37.478+0900][gc,cpu        ] GC(4) User=0.06s Sys=0.01s Real=0.00s
[2020-04-16T15:14:26.490+0900][gc,start      ] GC(5) Pause Young (Normal) (G1 Evacuation Pause)
[2020-04-16T15:14:26.490+0900][gc,task       ] GC(5) Using 10 workers of 10 for evacuation
[2020-04-16T15:14:26.493+0900][gc,phases     ] GC(5)   Pre Evacuate Collection Set: 0.0ms
[2020-04-16T15:14:26.493+0900][gc,phases     ] GC(5)   Evacuate Collection Set: 2.6ms
[2020-04-16T15:14:26.493+0900][gc,phases     ] GC(5)   Post Evacuate Collection Set: 0.7ms
[2020-04-16T15:14:26.493+0900][gc,phases     ] GC(5)   Other: 0.4ms
[2020-04-16T15:14:26.493+0900][gc,heap       ] GC(5) Eden regions: 49->0(49)
[2020-04-16T15:14:26.493+0900][gc,heap       ] GC(5) Survivor regions: 2->2(7)
[2020-04-16T15:14:26.493+0900][gc,heap       ] GC(5) Old regions: 11->11
[2020-04-16T15:14:26.493+0900][gc,heap       ] GC(5) Humongous regions: 129->129
[2020-04-16T15:14:26.493+0900][gc,metaspace  ] GC(5) Metaspace: 33007K->33007K(1079296K)
[2020-04-16T15:14:26.493+0900][gc            ] GC(5) Pause Young (Normal) (G1 Evacuation Pause) 190M->141M(1024M) 3.860ms
[2020-04-16T15:14:26.493+0900][gc,cpu        ] GC(5) User=0.03s Sys=0.00s Real=0.00s
[2020-04-16T15:17:11.822+0900][gc,start      ] GC(6) Pause Young (Normal) (G1 Evacuation Pause)
[2020-04-16T15:17:11.822+0900][gc,task       ] GC(6) Using 10 workers of 10 for evacuation
[2020-04-16T15:17:11.826+0900][gc,phases     ] GC(6)   Pre Evacuate Collection Set: 0.0ms
[2020-04-16T15:17:11.826+0900][gc,phases     ] GC(6)   Evacuate Collection Set: 2.8ms
[2020-04-16T15:17:11.826+0900][gc,phases     ] GC(6)   Post Evacuate Collection Set: 0.8ms
[2020-04-16T15:17:11.826+0900][gc,phases     ] GC(6)   Other: 0.4ms
[2020-04-16T15:17:11.826+0900][gc,heap       ] GC(6) Eden regions: 49->0(49)
[2020-04-16T15:17:11.826+0900][gc,heap       ] GC(6) Survivor regions: 2->2(7)
[2020-04-16T15:17:11.826+0900][gc,heap       ] GC(6) Old regions: 11->11
[2020-04-16T15:17:11.826+0900][gc,heap       ] GC(6) Humongous regions: 129->129
[2020-04-16T15:17:11.826+0900][gc,metaspace  ] GC(6) Metaspace: 33064K->33064K(1079296K)
[2020-04-16T15:17:11.826+0900][gc            ] GC(6) Pause Young (Normal) (G1 Evacuation Pause) 190M->141M(1024M) 4.266ms
[2020-04-16T15:17:11.826+0900][gc,cpu        ] GC(6) User=0.02s Sys=0.00s Real=0.00s
[2020-04-16T15:20:59.659+0900][gc,start      ] GC(7) Pause Young (Normal) (G1 Evacuation Pause)
[2020-04-16T15:20:59.659+0900][gc,task       ] GC(7) Using 10 workers of 10 for evacuation
[2020-04-16T15:20:59.664+0900][gc,phases     ] GC(7)   Pre Evacuate Collection Set: 0.0ms
[2020-04-16T15:20:59.664+0900][gc,phases     ] GC(7)   Evacuate Collection Set: 3.6ms
[2020-04-16T15:20:59.664+0900][gc,phases     ] GC(7)   Post Evacuate Collection Set: 0.8ms
[2020-04-16T15:20:59.664+0900][gc,phases     ] GC(7)   Other: 0.4ms
[2020-04-16T15:20:59.664+0900][gc,heap       ] GC(7) Eden regions: 49->0(51)
[2020-04-16T15:20:59.664+0900][gc,heap       ] GC(7) Survivor regions: 2->2(7)
[2020-04-16T15:20:59.664+0900][gc,heap       ] GC(7) Old regions: 11->11
[2020-04-16T15:20:59.664+0900][gc,heap       ] GC(7) Humongous regions: 129->129
[2020-04-16T15:20:59.664+0900][gc,metaspace  ] GC(7) Metaspace: 33122K->33122K(1079296K)
[2020-04-16T15:20:59.664+0900][gc            ] GC(7) Pause Young (Normal) (G1 Evacuation Pause) 190M->141M(1024M) 5.104ms
[2020-04-16T15:20:59.664+0900][gc,cpu        ] GC(7) User=0.04s Sys=0.00s Real=0.00s
[2020-04-16T15:23:50.310+0900][gc,start      ] GC(8) Pause Young (Normal) (G1 Evacuation Pause)
[2020-04-16T15:23:50.310+0900][gc,task       ] GC(8) Using 10 workers of 10 for evacuation
[2020-04-16T15:23:50.315+0900][gc,phases     ] GC(8)   Pre Evacuate Collection Set: 0.0ms
[2020-04-16T15:23:50.315+0900][gc,phases     ] GC(8)   Evacuate Collection Set: 3.7ms
[2020-04-16T15:23:50.315+0900][gc,phases     ] GC(8)   Post Evacuate Collection Set: 0.8ms
[2020-04-16T15:23:50.316+0900][gc,phases     ] GC(8)   Other: 0.4ms
[2020-04-16T15:23:50.316+0900][gc,heap       ] GC(8) Eden regions: 51->0(60)
[2020-04-16T15:23:50.316+0900][gc,heap       ] GC(8) Survivor regions: 2->2(7)
[2020-04-16T15:23:50.316+0900][gc,heap       ] GC(8) Old regions: 11->11
[2020-04-16T15:23:50.316+0900][gc,heap       ] GC(8) Humongous regions: 129->129
[2020-04-16T15:23:50.316+0900][gc,metaspace  ] GC(8) Metaspace: 33149K->33149K(1079296K)
[2020-04-16T15:23:50.316+0900][gc            ] GC(8) Pause Young (Normal) (G1 Evacuation Pause) 192M->141M(1024M) 5.309ms
[2020-04-16T15:23:50.316+0900][gc,cpu        ] GC(8) User=0.03s Sys=0.00s Real=0.00s
[2020-04-16T15:27:13.687+0900][gc,start      ] GC(9) Pause Young (Normal) (G1 Evacuation Pause)
[2020-04-16T15:27:13.687+0900][gc,task       ] GC(9) Using 10 workers of 10 for evacuation
[2020-04-16T15:27:13.691+0900][gc,phases     ] GC(9)   Pre Evacuate Collection Set: 0.0ms
[2020-04-16T15:27:13.691+0900][gc,phases     ] GC(9)   Evacuate Collection Set: 2.9ms
[2020-04-16T15:27:13.691+0900][gc,phases     ] GC(9)   Post Evacuate Collection Set: 0.9ms
[2020-04-16T15:27:13.692+0900][gc,phases     ] GC(9)   Other: 0.4ms
[2020-04-16T15:27:13.692+0900][gc,heap       ] GC(9) Eden regions: 60->0(72)
[2020-04-16T15:27:13.692+0900][gc,heap       ] GC(9) Survivor regions: 2->2(8)
[2020-04-16T15:27:13.692+0900][gc,heap       ] GC(9) Old regions: 11->11
[2020-04-16T15:27:13.692+0900][gc,heap       ] GC(9) Humongous regions: 129->129
[2020-04-16T15:27:13.692+0900][gc,metaspace  ] GC(9) Metaspace: 33191K->33191K(1079296K)
[2020-04-16T15:27:13.692+0900][gc            ] GC(9) Pause Young (Normal) (G1 Evacuation Pause) 201M->141M(1024M) 4.433ms
[2020-04-16T15:27:13.692+0900][gc,cpu        ] GC(9) User=0.02s Sys=0.01s Real=0.00s
[2020-04-16T15:32:53.100+0900][gc,start      ] GC(10) Pause Young (Normal) (G1 Evacuation Pause)
[2020-04-16T15:32:53.100+0900][gc,task       ] GC(10) Using 10 workers of 10 for evacuation
[2020-04-16T15:32:53.105+0900][gc,phases     ] GC(10)   Pre Evacuate Collection Set: 0.0ms
[2020-04-16T15:32:53.105+0900][gc,phases     ] GC(10)   Evacuate Collection Set: 3.8ms
[2020-04-16T15:32:53.105+0900][gc,phases     ] GC(10)   Post Evacuate Collection Set: 1.0ms
[2020-04-16T15:32:53.106+0900][gc,phases     ] GC(10)   Other: 0.4ms
[2020-04-16T15:32:53.106+0900][gc,heap       ] GC(10) Eden regions: 72->0(87)
[2020-04-16T15:32:53.106+0900][gc,heap       ] GC(10) Survivor regions: 2->2(10)
[2020-04-16T15:32:53.106+0900][gc,heap       ] GC(10) Old regions: 11->11
[2020-04-16T15:32:53.106+0900][gc,heap       ] GC(10) Humongous regions: 129->129
[2020-04-16T15:32:53.106+0900][gc,metaspace  ] GC(10) Metaspace: 33485K->33485K(1079296K)
[2020-04-16T15:32:53.106+0900][gc            ] GC(10) Pause Young (Normal) (G1 Evacuation Pause) 213M->141M(1024M) 5.464ms
[2020-04-16T15:32:53.106+0900][gc,cpu        ] GC(10) User=0.04s Sys=0.01s Real=0.00s
[2020-04-16T15:37:01.092+0900][gc,start      ] GC(11) Pause Young (Normal) (G1 Evacuation Pause)
[2020-04-16T15:37:01.092+0900][gc,task       ] GC(11) Using 10 workers of 10 for evacuation
[2020-04-16T15:37:01.099+0900][gc,phases     ] GC(11)   Pre Evacuate Collection Set: 0.0ms
[2020-04-16T15:37:01.100+0900][gc,phases     ] GC(11)   Evacuate Collection Set: 6.6ms
[2020-04-16T15:37:01.100+0900][gc,phases     ] GC(11)   Post Evacuate Collection Set: 0.7ms
[2020-04-16T15:37:01.100+0900][gc,phases     ] GC(11)   Other: 0.4ms
[2020-04-16T15:37:01.100+0900][gc,heap       ] GC(11) Eden regions: 87->0(94)
[2020-04-16T15:37:01.100+0900][gc,heap       ] GC(11) Survivor regions: 2->3(12)
[2020-04-16T15:37:01.100+0900][gc,heap       ] GC(11) Old regions: 11->11
[2020-04-16T15:37:01.100+0900][gc,heap       ] GC(11) Humongous regions: 129->129
[2020-04-16T15:37:01.100+0900][gc,metaspace  ] GC(11) Metaspace: 33599K->33599K(1079296K)
[2020-04-16T15:37:01.100+0900][gc            ] GC(11) Pause Young (Normal) (G1 Evacuation Pause) 228M->142M(1024M) 7.888ms
[2020-04-16T15:37:01.100+0900][gc,cpu        ] GC(11) User=0.07s Sys=0.00s Real=0.01s
[2020-04-16T15:41:26.516+0900][gc,start      ] GC(12) Pause Young (Normal) (G1 Evacuation Pause)
[2020-04-16T15:41:26.516+0900][gc,task       ] GC(12) Using 10 workers of 10 for evacuation
[2020-04-16T15:41:26.522+0900][gc,phases     ] GC(12)   Pre Evacuate Collection Set: 0.0ms
[2020-04-16T15:41:26.523+0900][gc,phases     ] GC(12)   Evacuate Collection Set: 5.3ms
[2020-04-16T15:41:26.523+0900][gc,phases     ] GC(12)   Post Evacuate Collection Set: 1.0ms
[2020-04-16T15:41:26.523+0900][gc,phases     ] GC(12)   Other: 0.4ms
[2020-04-16T15:41:26.523+0900][gc,heap       ] GC(12) Eden regions: 94->0(145)
[2020-04-16T15:41:26.523+0900][gc,heap       ] GC(12) Survivor regions: 3->3(13)
[2020-04-16T15:41:26.523+0900][gc,heap       ] GC(12) Old regions: 11->11
[2020-04-16T15:41:26.523+0900][gc,heap       ] GC(12) Humongous regions: 129->129
[2020-04-16T15:41:26.523+0900][gc,metaspace  ] GC(12) Metaspace: 33616K->33616K(1079296K)
[2020-04-16T15:41:26.523+0900][gc            ] GC(12) Pause Young (Normal) (G1 Evacuation Pause) 236M->142M(1024M) 7.027ms
[2020-04-16T15:41:26.523+0900][gc,cpu        ] GC(12) User=0.05s Sys=0.01s Real=0.01s
[2020-04-16T15:48:24.284+0900][gc,start      ] GC(13) Pause Young (Normal) (G1 Evacuation Pause)
[2020-04-16T15:48:24.284+0900][gc,task       ] GC(13) Using 10 workers of 10 for evacuation
[2020-04-16T15:48:24.289+0900][gc,phases     ] GC(13)   Pre Evacuate Collection Set: 0.0ms
[2020-04-16T15:48:24.289+0900][gc,phases     ] GC(13)   Evacuate Collection Set: 4.1ms
[2020-04-16T15:48:24.289+0900][gc,phases     ] GC(13)   Post Evacuate Collection Set: 0.9ms
[2020-04-16T15:48:24.289+0900][gc,phases     ] GC(13)   Other: 0.4ms
[2020-04-16T15:48:24.289+0900][gc,heap       ] GC(13) Eden regions: 145->0(296)
[2020-04-16T15:48:24.289+0900][gc,heap       ] GC(13) Survivor regions: 3->3(19)
[2020-04-16T15:48:24.289+0900][gc,heap       ] GC(13) Old regions: 11->11
[2020-04-16T15:48:24.289+0900][gc,heap       ] GC(13) Humongous regions: 129->129
[2020-04-16T15:48:24.289+0900][gc,metaspace  ] GC(13) Metaspace: 33628K->33628K(1079296K)
[2020-04-16T15:48:24.289+0900][gc            ] GC(13) Pause Young (Normal) (G1 Evacuation Pause) 287M->142M(1024M) 5.571ms
[2020-04-16T15:48:24.289+0900][gc,cpu        ] GC(13) User=0.04s Sys=0.00s Real=0.01s
[2020-04-16T16:03:59.435+0900][gc,start      ] GC(14) Pause Young (Concurrent Start) (Metadata GC Threshold)
[2020-04-16T16:03:59.436+0900][gc,task       ] GC(14) Using 10 workers of 10 for evacuation
[2020-04-16T16:03:59.444+0900][gc,phases     ] GC(14)   Pre Evacuate Collection Set: 0.2ms
[2020-04-16T16:03:59.444+0900][gc,phases     ] GC(14)   Evacuate Collection Set: 6.1ms
[2020-04-16T16:03:59.444+0900][gc,phases     ] GC(14)   Post Evacuate Collection Set: 1.2ms
[2020-04-16T16:03:59.444+0900][gc,phases     ] GC(14)   Other: 0.6ms
[2020-04-16T16:03:59.444+0900][gc,heap       ] GC(14) Eden regions: 291->0(600)
[2020-04-16T16:03:59.444+0900][gc,heap       ] GC(14) Survivor regions: 3->3(38)
[2020-04-16T16:03:59.444+0900][gc,heap       ] GC(14) Old regions: 11->11
[2020-04-16T16:03:59.444+0900][gc,heap       ] GC(14) Humongous regions: 129->129
[2020-04-16T16:03:59.444+0900][gc,metaspace  ] GC(14) Metaspace: 33701K->33701K(1079296K)
[2020-04-16T16:03:59.444+0900][gc            ] GC(14) Pause Young (Concurrent Start) (Metadata GC Threshold) 432M->142M(1024M) 8.403ms
[2020-04-16T16:03:59.444+0900][gc,cpu        ] GC(14) User=0.05s Sys=0.01s Real=0.01s
[2020-04-16T16:03:59.444+0900][gc            ] GC(15) Concurrent Cycle
[2020-04-16T16:03:59.444+0900][gc,marking    ] GC(15) Concurrent Clear Claimed Marks
[2020-04-16T16:03:59.444+0900][gc,marking    ] GC(15) Concurrent Clear Claimed Marks 0.215ms
[2020-04-16T16:03:59.444+0900][gc,marking    ] GC(15) Concurrent Scan Root Regions
[2020-04-16T16:03:59.447+0900][gc,marking    ] GC(15) Concurrent Scan Root Regions 2.379ms
[2020-04-16T16:03:59.447+0900][gc,marking    ] GC(15) Concurrent Mark (3407.042s)
[2020-04-16T16:03:59.447+0900][gc,marking    ] GC(15) Concurrent Mark From Roots
[2020-04-16T16:03:59.447+0900][gc,task       ] GC(15) Using 3 workers of 3 for marking
[2020-04-16T16:03:59.458+0900][gc,marking    ] GC(15) Concurrent Mark From Roots 10.867ms
[2020-04-16T16:03:59.458+0900][gc,marking    ] GC(15) Concurrent Preclean
[2020-04-16T16:03:59.458+0900][gc,marking    ] GC(15) Concurrent Preclean 0.639ms
[2020-04-16T16:03:59.458+0900][gc,marking    ] GC(15) Concurrent Mark (3407.042s, 3407.053s) 11.632ms
[2020-04-16T16:03:59.459+0900][gc,start      ] GC(15) Pause Remark
[2020-04-16T16:03:59.465+0900][gc,stringtable] GC(15) Cleaned string and symbol table, strings: 13830 processed, 292 removed, symbols: 70984 processed, 14 removed
[2020-04-16T16:03:59.466+0900][gc            ] GC(15) Pause Remark 142M->142M(1024M) 6.794ms
[2020-04-16T16:03:59.466+0900][gc,cpu        ] GC(15) User=0.05s Sys=0.00s Real=0.00s
[2020-04-16T16:03:59.466+0900][gc,marking    ] GC(15) Concurrent Rebuild Remembered Sets
[2020-04-16T16:03:59.472+0900][gc,marking    ] GC(15) Concurrent Rebuild Remembered Sets 6.265ms
[2020-04-16T16:03:59.472+0900][gc,start      ] GC(15) Pause Cleanup
[2020-04-16T16:03:59.473+0900][gc            ] GC(15) Pause Cleanup 142M->142M(1024M) 0.253ms
[2020-04-16T16:03:59.473+0900][gc,cpu        ] GC(15) User=0.00s Sys=0.00s Real=0.00s
[2020-04-16T16:03:59.473+0900][gc,marking    ] GC(15) Concurrent Cleanup for Next Mark
[2020-04-16T16:03:59.477+0900][gc,marking    ] GC(15) Concurrent Cleanup for Next Mark 4.402ms
[2020-04-16T16:03:59.477+0900][gc            ] GC(15) Concurrent Cycle 33.094ms
[2020-04-16T16:29:17.022+0900][gc,start      ] GC(16) Pause Young (Normal) (G1 Evacuation Pause)
[2020-04-16T16:29:17.022+0900][gc,task       ] GC(16) Using 10 workers of 10 for evacuation
[2020-04-16T16:29:17.030+0900][gc,phases     ] GC(16)   Pre Evacuate Collection Set: 0.0ms
[2020-04-16T16:29:17.030+0900][gc,phases     ] GC(16)   Evacuate Collection Set: 6.7ms
[2020-04-16T16:29:17.030+0900][gc,phases     ] GC(16)   Post Evacuate Collection Set: 1.3ms
[2020-04-16T16:29:17.030+0900][gc,phases     ] GC(16)   Other: 0.5ms
[2020-04-16T16:29:17.030+0900][gc,heap       ] GC(16) Eden regions: 494->0(611)
[2020-04-16T16:29:17.030+0900][gc,heap       ] GC(16) Survivor regions: 3->3(63)
[2020-04-16T16:29:17.030+0900][gc,heap       ] GC(16) Old regions: 11->11
[2020-04-16T16:29:17.030+0900][gc,heap       ] GC(16) Humongous regions: 129->129
[2020-04-16T16:29:17.030+0900][gc,metaspace  ] GC(16) Metaspace: 33660K->33660K(1079296K)
[2020-04-16T16:29:17.030+0900][gc            ] GC(16) Pause Young (Normal) (G1 Evacuation Pause) 636M->142M(1024M) 8.680ms
[2020-04-16T16:29:17.030+0900][gc,cpu        ] GC(16) User=0.06s Sys=0.00s Real=0.01s
[2020-04-16T16:59:49.591+0900][gc,start      ] GC(17) Pause Young (Normal) (G1 Evacuation Pause)
[2020-04-16T16:59:49.591+0900][gc,task       ] GC(17) Using 10 workers of 10 for evacuation
[2020-04-16T16:59:49.597+0900][gc,phases     ] GC(17)   Pre Evacuate Collection Set: 0.0ms
[2020-04-16T16:59:49.597+0900][gc,phases     ] GC(17)   Evacuate Collection Set: 4.9ms
[2020-04-16T16:59:49.597+0900][gc,phases     ] GC(17)   Post Evacuate Collection Set: 1.3ms
[2020-04-16T16:59:49.597+0900][gc,phases     ] GC(17)   Other: 0.4ms
[2020-04-16T16:59:49.597+0900][gc,heap       ] GC(17) Eden regions: 611->0(611)
[2020-04-16T16:59:49.597+0900][gc,heap       ] GC(17) Survivor regions: 3->3(77)
[2020-04-16T16:59:49.597+0900][gc,heap       ] GC(17) Old regions: 11->11
[2020-04-16T16:59:49.597+0900][gc,heap       ] GC(17) Humongous regions: 129->129
[2020-04-16T16:59:49.597+0900][gc,metaspace  ] GC(17) Metaspace: 33857K->33857K(1079296K)
[2020-04-16T16:59:49.597+0900][gc            ] GC(17) Pause Young (Normal) (G1 Evacuation Pause) 753M->142M(1024M) 6.769ms
[2020-04-16T16:59:49.598+0900][gc,cpu        ] GC(17) User=0.05s Sys=0.01s Real=0.00s
[2020-04-16T17:30:03.970+0900][gc,start      ] GC(18) Pause Young (Normal) (G1 Evacuation Pause)
[2020-04-16T17:30:03.970+0900][gc,task       ] GC(18) Using 10 workers of 10 for evacuation
[2020-04-16T17:30:03.978+0900][gc,phases     ] GC(18)   Pre Evacuate Collection Set: 0.0ms
[2020-04-16T17:30:03.978+0900][gc,phases     ] GC(18)   Evacuate Collection Set: 6.4ms
[2020-04-16T17:30:03.978+0900][gc,phases     ] GC(18)   Post Evacuate Collection Set: 1.6ms
[2020-04-16T17:30:03.979+0900][gc,phases     ] GC(18)   Other: 0.5ms
[2020-04-16T17:30:03.979+0900][gc,heap       ] GC(18) Eden regions: 611->0(611)
[2020-04-16T17:30:03.979+0900][gc,heap       ] GC(18) Survivor regions: 3->3(77)
[2020-04-16T17:30:03.979+0900][gc,heap       ] GC(18) Old regions: 11->11
[2020-04-16T17:30:03.979+0900][gc,heap       ] GC(18) Humongous regions: 129->129
[2020-04-16T17:30:03.979+0900][gc,metaspace  ] GC(18) Metaspace: 33918K->33918K(1079296K)
[2020-04-16T17:30:03.979+0900][gc            ] GC(18) Pause Young (Normal) (G1 Evacuation Pause) 753M->142M(1024M) 8.839ms
[2020-04-16T17:30:03.979+0900][gc,cpu        ] GC(18) User=0.07s Sys=0.00s Real=0.01s
[2020-04-16T18:00:19.963+0900][gc,start      ] GC(19) Pause Young (Normal) (G1 Evacuation Pause)
[2020-04-16T18:00:19.963+0900][gc,task       ] GC(19) Using 10 workers of 10 for evacuation
[2020-04-16T18:00:19.971+0900][gc,phases     ] GC(19)   Pre Evacuate Collection Set: 0.0ms
[2020-04-16T18:00:19.971+0900][gc,phases     ] GC(19)   Evacuate Collection Set: 6.3ms
[2020-04-16T18:00:19.971+0900][gc,phases     ] GC(19)   Post Evacuate Collection Set: 1.7ms
[2020-04-16T18:00:19.972+0900][gc,phases     ] GC(19)   Other: 0.7ms
[2020-04-16T18:00:19.972+0900][gc,heap       ] GC(19) Eden regions: 611->0(611)
[2020-04-16T18:00:19.972+0900][gc,heap       ] GC(19) Survivor regions: 3->3(77)
[2020-04-16T18:00:19.972+0900][gc,heap       ] GC(19) Old regions: 11->11
[2020-04-16T18:00:19.972+0900][gc,heap       ] GC(19) Humongous regions: 129->129
[2020-04-16T18:00:19.972+0900][gc,metaspace  ] GC(19) Metaspace: 33937K->33937K(1079296K)
[2020-04-16T18:00:19.972+0900][gc            ] GC(19) Pause Young (Normal) (G1 Evacuation Pause) 753M->142M(1024M) 9.026ms
[2020-04-16T18:00:19.972+0900][gc,cpu        ] GC(19) User=0.05s Sys=0.01s Real=0.01s
[2020-04-16T18:30:04.561+0900][gc,start      ] GC(20) Pause Young (Normal) (G1 Evacuation Pause)
[2020-04-16T18:30:04.561+0900][gc,task       ] GC(20) Using 10 workers of 10 for evacuation
[2020-04-16T18:30:04.568+0900][gc,phases     ] GC(20)   Pre Evacuate Collection Set: 0.0ms
[2020-04-16T18:30:04.568+0900][gc,phases     ] GC(20)   Evacuate Collection Set: 5.7ms
[2020-04-16T18:30:04.568+0900][gc,phases     ] GC(20)   Post Evacuate Collection Set: 1.6ms
[2020-04-16T18:30:04.568+0900][gc,phases     ] GC(20)   Other: 0.4ms
[2020-04-16T18:30:04.568+0900][gc,heap       ] GC(20) Eden regions: 611->0(611)
[2020-04-16T18:30:04.568+0900][gc,heap       ] GC(20) Survivor regions: 3->3(77)
[2020-04-16T18:30:04.568+0900][gc,heap       ] GC(20) Old regions: 11->12
[2020-04-16T18:30:04.568+0900][gc,heap       ] GC(20) Humongous regions: 129->129
[2020-04-16T18:30:04.568+0900][gc,metaspace  ] GC(20) Metaspace: 33998K->33998K(1079296K)
[2020-04-16T18:30:04.569+0900][gc            ] GC(20) Pause Young (Normal) (G1 Evacuation Pause) 753M->142M(1024M) 8.000ms
[2020-04-16T18:30:04.569+0900][gc,cpu        ] GC(20) User=0.06s Sys=0.00s Real=0.01s
[2020-04-16T19:00:40.998+0900][gc,start      ] GC(21) Pause Young (Normal) (G1 Evacuation Pause)
[2020-04-16T19:00:40.998+0900][gc,task       ] GC(21) Using 10 workers of 10 for evacuation
[2020-04-16T19:00:41.003+0900][gc,phases     ] GC(21)   Pre Evacuate Collection Set: 0.0ms
[2020-04-16T19:00:41.003+0900][gc,phases     ] GC(21)   Evacuate Collection Set: 3.9ms
[2020-04-16T19:00:41.003+0900][gc,phases     ] GC(21)   Post Evacuate Collection Set: 1.3ms
[2020-04-16T19:00:41.003+0900][gc,phases     ] GC(21)   Other: 0.5ms
[2020-04-16T19:00:41.003+0900][gc,heap       ] GC(21) Eden regions: 611->0(611)
[2020-04-16T19:00:41.003+0900][gc,heap       ] GC(21) Survivor regions: 3->3(77)
[2020-04-16T19:00:41.003+0900][gc,heap       ] GC(21) Old regions: 12->12
[2020-04-16T19:00:41.003+0900][gc,heap       ] GC(21) Humongous regions: 129->129
[2020-04-16T19:00:41.003+0900][gc,metaspace  ] GC(21) Metaspace: 34017K->34017K(1079296K)
[2020-04-16T19:00:41.004+0900][gc            ] GC(21) Pause Young (Normal) (G1 Evacuation Pause) 753M->142M(1024M) 5.985ms
[2020-04-16T19:00:41.004+0900][gc,cpu        ] GC(21) User=0.04s Sys=0.01s Real=0.01s
[2020-04-16T19:29:37.154+0900][gc,start      ] GC(22) Pause Young (Normal) (G1 Evacuation Pause)
[2020-04-16T19:29:37.154+0900][gc,task       ] GC(22) Using 10 workers of 10 for evacuation
[2020-04-16T19:29:37.160+0900][gc,phases     ] GC(22)   Pre Evacuate Collection Set: 0.0ms
[2020-04-16T19:29:37.160+0900][gc,phases     ] GC(22)   Evacuate Collection Set: 3.9ms
[2020-04-16T19:29:37.160+0900][gc,phases     ] GC(22)   Post Evacuate Collection Set: 1.5ms
[2020-04-16T19:29:37.160+0900][gc,phases     ] GC(22)   Other: 0.5ms
[2020-04-16T19:29:37.160+0900][gc,heap       ] GC(22) Eden regions: 611->0(611)
[2020-04-16T19:29:37.160+0900][gc,heap       ] GC(22) Survivor regions: 3->3(77)
[2020-04-16T19:29:37.160+0900][gc,heap       ] GC(22) Old regions: 12->12
[2020-04-16T19:29:37.160+0900][gc,heap       ] GC(22) Humongous regions: 129->129
[2020-04-16T19:29:37.160+0900][gc,metaspace  ] GC(22) Metaspace: 34061K->34061K(1079296K)
[2020-04-16T19:29:37.160+0900][gc            ] GC(22) Pause Young (Normal) (G1 Evacuation Pause) 753M->142M(1024M) 6.200ms
[2020-04-16T19:29:37.160+0900][gc,cpu        ] GC(22) User=0.04s Sys=0.00s Real=0.01s
[2020-04-16T19:58:08.075+0900][gc,start      ] GC(23) Pause Young (Normal) (G1 Evacuation Pause)
[2020-04-16T19:58:08.075+0900][gc,task       ] GC(23) Using 10 workers of 10 for evacuation
[2020-04-16T19:58:08.080+0900][gc,phases     ] GC(23)   Pre Evacuate Collection Set: 0.0ms
[2020-04-16T19:58:08.081+0900][gc,phases     ] GC(23)   Evacuate Collection Set: 3.4ms
[2020-04-16T19:58:08.081+0900][gc,phases     ] GC(23)   Post Evacuate Collection Set: 1.2ms
[2020-04-16T19:58:08.081+0900][gc,phases     ] GC(23)   Other: 0.5ms
[2020-04-16T19:58:08.081+0900][gc,heap       ] GC(23) Eden regions: 611->0(611)
[2020-04-16T19:58:08.081+0900][gc,heap       ] GC(23) Survivor regions: 3->3(77)
[2020-04-16T19:58:08.081+0900][gc,heap       ] GC(23) Old regions: 12->12
[2020-04-16T19:58:08.081+0900][gc,heap       ] GC(23) Humongous regions: 129->129
[2020-04-16T19:58:08.081+0900][gc,metaspace  ] GC(23) Metaspace: 34068K->34068K(1079296K)
[2020-04-16T19:58:08.081+0900][gc            ] GC(23) Pause Young (Normal) (G1 Evacuation Pause) 753M->142M(1024M) 5.463ms
[2020-04-16T19:58:08.081+0900][gc,cpu        ] GC(23) User=0.04s Sys=0.00s Real=0.01s
[2020-04-16T20:26:29.668+0900][gc,start      ] GC(24) Pause Young (Normal) (G1 Evacuation Pause)
[2020-04-16T20:26:29.669+0900][gc,task       ] GC(24) Using 10 workers of 10 for evacuation
[2020-04-16T20:26:29.674+0900][gc,phases     ] GC(24)   Pre Evacuate Collection Set: 0.0ms
[2020-04-16T20:26:29.674+0900][gc,phases     ] GC(24)   Evacuate Collection Set: 3.9ms
[2020-04-16T20:26:29.674+0900][gc,phases     ] GC(24)   Post Evacuate Collection Set: 1.2ms
[2020-04-16T20:26:29.674+0900][gc,phases     ] GC(24)   Other: 0.5ms
[2020-04-16T20:26:29.674+0900][gc,heap       ] GC(24) Eden regions: 611->0(611)
[2020-04-16T20:26:29.674+0900][gc,heap       ] GC(24) Survivor regions: 3->3(77)
[2020-04-16T20:26:29.674+0900][gc,heap       ] GC(24) Old regions: 12->12
[2020-04-16T20:26:29.674+0900][gc,heap       ] GC(24) Humongous regions: 129->129
[2020-04-16T20:26:29.674+0900][gc,metaspace  ] GC(24) Metaspace: 34076K->34076K(1079296K)
[2020-04-16T20:26:29.674+0900][gc            ] GC(24) Pause Young (Normal) (G1 Evacuation Pause) 753M->143M(1024M) 5.857ms
[2020-04-16T20:26:29.674+0900][gc,cpu        ] GC(24) User=0.05s Sys=0.00s Real=0.00s
[2020-04-16T20:55:04.564+0900][gc,start      ] GC(25) Pause Young (Normal) (G1 Evacuation Pause)
[2020-04-16T20:55:04.564+0900][gc,task       ] GC(25) Using 10 workers of 10 for evacuation
[2020-04-16T20:55:04.569+0900][gc,phases     ] GC(25)   Pre Evacuate Collection Set: 0.0ms
[2020-04-16T20:55:04.569+0900][gc,phases     ] GC(25)   Evacuate Collection Set: 3.5ms
[2020-04-16T20:55:04.569+0900][gc,phases     ] GC(25)   Post Evacuate Collection Set: 1.2ms
[2020-04-16T20:55:04.569+0900][gc,phases     ] GC(25)   Other: 0.5ms
[2020-04-16T20:55:04.569+0900][gc,heap       ] GC(25) Eden regions: 611->0(611)
[2020-04-16T20:55:04.569+0900][gc,heap       ] GC(25) Survivor regions: 3->3(77)
[2020-04-16T20:55:04.569+0900][gc,heap       ] GC(25) Old regions: 12->12
[2020-04-16T20:55:04.569+0900][gc,heap       ] GC(25) Humongous regions: 129->129
[2020-04-16T20:55:04.569+0900][gc,metaspace  ] GC(25) Metaspace: 34089K->34089K(1079296K)
[2020-04-16T20:55:04.570+0900][gc            ] GC(25) Pause Young (Normal) (G1 Evacuation Pause) 754M->142M(1024M) 5.545ms
[2020-04-16T20:55:04.570+0900][gc,cpu        ] GC(25) User=0.04s Sys=0.00s Real=0.01s
[2020-04-16T21:03:59.611+0900][gc,heap,exit  ] Heap
[2020-04-16T21:03:59.611+0900][gc,heap,exit  ]  garbage-first heap   total 1048576K, used 340739K [0x00000000c0000000, 0x0000000100000000)
[2020-04-16T21:03:59.611+0900][gc,heap,exit  ]   region size 1024K, 195 young (199680K), 3 survivors (3072K)
[2020-04-16T21:03:59.611+0900][gc,heap,exit  ]  Metaspace       used 34695K, capacity 36986K, committed 37168K, reserved 1081344K
[2020-04-16T21:03:59.611+0900][gc,heap,exit  ]   class space    used 4946K, capacity 5995K, committed 6016K, reserved 1048576K
