[2020-04-14T15:13:33.915+0900][gc,heap] Heap region size: 1M
[2020-04-14T15:13:33.929+0900][gc     ] Using G1
[2020-04-14T15:13:33.929+0900][gc,heap,coops] Heap address: 0x00000000c0000000, size: 1024 MB, Compressed Oops mode: 32-bit
[2020-04-14T15:13:35.274+0900][gc,start     ] GC(0) Pause Young (Normal) (G1 Evacuation Pause)
[2020-04-14T15:13:35.275+0900][gc,task      ] GC(0) Using 10 workers of 10 for evacuation
[2020-04-14T15:13:35.284+0900][gc,phases    ] GC(0)   Pre Evacuate Collection Set: 0.0ms
[2020-04-14T15:13:35.284+0900][gc,phases    ] GC(0)   Evacuate Collection Set: 7.3ms
[2020-04-14T15:13:35.284+0900][gc,phases    ] GC(0)   Post Evacuate Collection Set: 1.0ms
[2020-04-14T15:13:35.284+0900][gc,phases    ] GC(0)   Other: 2.1ms
[2020-04-14T15:13:35.284+0900][gc,heap      ] GC(0) Eden regions: 51->0(44)
[2020-04-14T15:13:35.284+0900][gc,heap      ] GC(0) Survivor regions: 0->7(7)
[2020-04-14T15:13:35.284+0900][gc,heap      ] GC(0) Old regions: 0->0
[2020-04-14T15:13:35.284+0900][gc,heap      ] GC(0) Humongous regions: 0->0
[2020-04-14T15:13:35.284+0900][gc,metaspace ] GC(0) Metaspace: 17086K->17086K(1064960K)
[2020-04-14T15:13:35.284+0900][gc           ] GC(0) Pause Young (Normal) (G1 Evacuation Pause) 51M->6M(1024M) 10.598ms
[2020-04-14T15:13:35.284+0900][gc,cpu       ] GC(0) User=0.07s Sys=0.01s Real=0.01s
[2020-04-14T15:13:35.573+0900][gc,start     ] GC(1) Pause Young (Concurrent Start) (Metadata GC Threshold)
[2020-04-14T15:13:35.573+0900][gc,task      ] GC(1) Using 10 workers of 10 for evacuation
[2020-04-14T15:13:35.584+0900][gc,phases    ] GC(1)   Pre Evacuate Collection Set: 0.1ms
[2020-04-14T15:13:35.584+0900][gc,phases    ] GC(1)   Evacuate Collection Set: 10.2ms
[2020-04-14T15:13:35.584+0900][gc,phases    ] GC(1)   Post Evacuate Collection Set: 0.8ms
[2020-04-14T15:13:35.585+0900][gc,phases    ] GC(1)   Other: 0.5ms
[2020-04-14T15:13:35.585+0900][gc,heap      ] GC(1) Eden regions: 14->0(49)
[2020-04-14T15:13:35.585+0900][gc,heap      ] GC(1) Survivor regions: 7->2(7)
[2020-04-14T15:13:35.585+0900][gc,heap      ] GC(1) Old regions: 0->7
[2020-04-14T15:13:35.585+0900][gc,heap      ] GC(1) Humongous regions: 0->0
[2020-04-14T15:13:35.585+0900][gc,metaspace ] GC(1) Metaspace: 20534K->20534K(1067008K)
[2020-04-14T15:13:35.585+0900][gc           ] GC(1) Pause Young (Concurrent Start) (Metadata GC Threshold) 20M->7M(1024M) 11.840ms
[2020-04-14T15:13:35.585+0900][gc,cpu       ] GC(1) User=0.03s Sys=0.03s Real=0.01s
[2020-04-14T15:13:35.585+0900][gc           ] GC(2) Concurrent Cycle
[2020-04-14T15:13:35.585+0900][gc,marking   ] GC(2) Concurrent Clear Claimed Marks
[2020-04-14T15:13:35.585+0900][gc,marking   ] GC(2) Concurrent Clear Claimed Marks 0.030ms
[2020-04-14T15:13:35.585+0900][gc,marking   ] GC(2) Concurrent Scan Root Regions
[2020-04-14T15:13:35.587+0900][gc,marking   ] GC(2) Concurrent Scan Root Regions 1.668ms
[2020-04-14T15:13:35.587+0900][gc,marking   ] GC(2) Concurrent Mark (1.677s)
[2020-04-14T15:13:35.587+0900][gc,marking   ] GC(2) Concurrent Mark From Roots
[2020-04-14T15:13:35.587+0900][gc,task      ] GC(2) Using 3 workers of 3 for marking
[2020-04-14T15:13:35.595+0900][gc,marking   ] GC(2) Concurrent Mark From Roots 8.543ms
[2020-04-14T15:13:35.595+0900][gc,marking   ] GC(2) Concurrent Preclean
[2020-04-14T15:13:35.595+0900][gc,marking   ] GC(2) Concurrent Preclean 0.314ms
[2020-04-14T15:13:35.595+0900][gc,marking   ] GC(2) Concurrent Mark (1.677s, 1.686s) 8.934ms
[2020-04-14T15:13:35.596+0900][gc,start     ] GC(2) Pause Remark
[2020-04-14T15:13:35.598+0900][gc,stringtable] GC(2) Cleaned string and symbol table, strings: 8975 processed, 0 removed, symbols: 49697 processed, 51 removed
[2020-04-14T15:13:35.598+0900][gc            ] GC(2) Pause Remark 8M->8M(1024M) 2.579ms
[2020-04-14T15:13:35.598+0900][gc,cpu        ] GC(2) User=0.01s Sys=0.01s Real=0.00s
[2020-04-14T15:13:35.598+0900][gc,marking    ] GC(2) Concurrent Rebuild Remembered Sets
[2020-04-14T15:13:35.602+0900][gc,marking    ] GC(2) Concurrent Rebuild Remembered Sets 3.707ms
[2020-04-14T15:13:35.602+0900][gc,start      ] GC(2) Pause Cleanup
[2020-04-14T15:13:35.603+0900][gc            ] GC(2) Pause Cleanup 8M->8M(1024M) 0.758ms
[2020-04-14T15:13:35.603+0900][gc,cpu        ] GC(2) User=0.01s Sys=0.00s Real=0.00s
[2020-04-14T15:13:35.603+0900][gc,marking    ] GC(2) Concurrent Cleanup for Next Mark
[2020-04-14T15:13:35.608+0900][gc,marking    ] GC(2) Concurrent Cleanup for Next Mark 4.219ms
[2020-04-14T15:13:35.608+0900][gc            ] GC(2) Concurrent Cycle 22.856ms
[2020-04-14T15:13:39.985+0900][gc,start      ] GC(3) Pause Young (Normal) (G1 Evacuation Pause)
[2020-04-14T15:13:39.985+0900][gc,task       ] GC(3) Using 10 workers of 10 for evacuation
[2020-04-14T15:13:39.993+0900][gc,phases     ] GC(3)   Pre Evacuate Collection Set: 0.0ms
[2020-04-14T15:13:39.993+0900][gc,phases     ] GC(3)   Evacuate Collection Set: 6.4ms
[2020-04-14T15:13:39.993+0900][gc,phases     ] GC(3)   Post Evacuate Collection Set: 1.1ms
[2020-04-14T15:13:39.993+0900][gc,phases     ] GC(3)   Other: 0.3ms
[2020-04-14T15:13:39.993+0900][gc,heap       ] GC(3) Eden regions: 49->0(46)
[2020-04-14T15:13:39.993+0900][gc,heap       ] GC(3) Survivor regions: 2->5(7)
[2020-04-14T15:13:39.993+0900][gc,heap       ] GC(3) Old regions: 7->7
[2020-04-14T15:13:39.993+0900][gc,heap       ] GC(3) Humongous regions: 129->129
[2020-04-14T15:13:39.993+0900][gc,metaspace  ] GC(3) Metaspace: 29946K->29946K(1075200K)
[2020-04-14T15:13:39.993+0900][gc            ] GC(3) Pause Young (Normal) (G1 Evacuation Pause) 185M->139M(1024M) 8.062ms
[2020-04-14T15:13:39.993+0900][gc,cpu        ] GC(3) User=0.06s Sys=0.00s Real=0.01s
[2020-04-14T15:16:04.434+0900][gc,start      ] GC(4) Pause Young (Normal) (G1 Evacuation Pause)
[2020-04-14T15:16:04.434+0900][gc,task       ] GC(4) Using 10 workers of 10 for evacuation
[2020-04-14T15:16:04.442+0900][gc,phases     ] GC(4)   Pre Evacuate Collection Set: 0.0ms
[2020-04-14T15:16:04.442+0900][gc,phases     ] GC(4)   Evacuate Collection Set: 6.4ms
[2020-04-14T15:16:04.442+0900][gc,phases     ] GC(4)   Post Evacuate Collection Set: 1.0ms
[2020-04-14T15:16:04.442+0900][gc,phases     ] GC(4)   Other: 0.4ms
[2020-04-14T15:16:04.442+0900][gc,heap       ] GC(4) Eden regions: 46->0(49)
[2020-04-14T15:16:04.442+0900][gc,heap       ] GC(4) Survivor regions: 5->2(7)
[2020-04-14T15:16:04.442+0900][gc,heap       ] GC(4) Old regions: 7->11
[2020-04-14T15:16:04.442+0900][gc,heap       ] GC(4) Humongous regions: 129->129
[2020-04-14T15:16:04.442+0900][gc,metaspace  ] GC(4) Metaspace: 32475K->32475K(1079296K)
[2020-04-14T15:16:04.442+0900][gc            ] GC(4) Pause Young (Normal) (G1 Evacuation Pause) 185M->141M(1024M) 8.064ms
[2020-04-14T15:16:04.442+0900][gc,cpu        ] GC(4) User=0.06s Sys=0.01s Real=0.01s
[2020-04-14T15:17:38.500+0900][gc,heap,exit  ] Heap
[2020-04-14T15:17:38.500+0900][gc,heap,exit  ]  garbage-first heap   total 1048576K, used 180329K [0x00000000c0000000, 0x0000000100000000)
[2020-04-14T15:17:38.500+0900][gc,heap,exit  ]   region size 1024K, 39 young (39936K), 2 survivors (2048K)
[2020-04-14T15:17:38.500+0900][gc,heap,exit  ]  Metaspace       used 33618K, capacity 35857K, committed 35920K, reserved 1079296K
[2020-04-14T15:17:38.500+0900][gc,heap,exit  ]   class space    used 4923K, capacity 5980K, committed 6016K, reserved 1048576K
