[2020-04-14T16:43:54.783+0900][gc,heap] Heap region size: 1M
[2020-04-14T16:43:54.797+0900][gc     ] Using G1
[2020-04-14T16:43:54.797+0900][gc,heap,coops] Heap address: 0x00000000c0000000, size: 1024 MB, Compressed Oops mode: 32-bit
[2020-04-14T16:43:56.121+0900][gc,start     ] GC(0) Pause Young (Normal) (G1 Evacuation Pause)
[2020-04-14T16:43:56.123+0900][gc,task      ] GC(0) Using 10 workers of 10 for evacuation
[2020-04-14T16:43:56.134+0900][gc,phases    ] GC(0)   Pre Evacuate Collection Set: 0.0ms
[2020-04-14T16:43:56.134+0900][gc,phases    ] GC(0)   Evacuate Collection Set: 10.0ms
[2020-04-14T16:43:56.134+0900][gc,phases    ] GC(0)   Post Evacuate Collection Set: 0.8ms
[2020-04-14T16:43:56.134+0900][gc,phases    ] GC(0)   Other: 2.0ms
[2020-04-14T16:43:56.134+0900][gc,heap      ] GC(0) Eden regions: 51->0(44)
[2020-04-14T16:43:56.134+0900][gc,heap      ] GC(0) Survivor regions: 0->7(7)
[2020-04-14T16:43:56.134+0900][gc,heap      ] GC(0) Old regions: 0->0
[2020-04-14T16:43:56.134+0900][gc,heap      ] GC(0) Humongous regions: 0->0
[2020-04-14T16:43:56.134+0900][gc,metaspace ] GC(0) Metaspace: 17073K->17073K(1064960K)
[2020-04-14T16:43:56.134+0900][gc           ] GC(0) Pause Young (Normal) (G1 Evacuation Pause) 51M->6M(1024M) 12.916ms
[2020-04-14T16:43:56.134+0900][gc,cpu       ] GC(0) User=0.09s Sys=0.01s Real=0.01s
[2020-04-14T16:43:56.424+0900][gc,start     ] GC(1) Pause Young (Concurrent Start) (Metadata GC Threshold)
[2020-04-14T16:43:56.424+0900][gc,task      ] GC(1) Using 10 workers of 10 for evacuation
[2020-04-14T16:43:56.439+0900][gc,phases    ] GC(1)   Pre Evacuate Collection Set: 0.1ms
[2020-04-14T16:43:56.439+0900][gc,phases    ] GC(1)   Evacuate Collection Set: 13.8ms
[2020-04-14T16:43:56.439+0900][gc,phases    ] GC(1)   Post Evacuate Collection Set: 0.5ms
[2020-04-14T16:43:56.439+0900][gc,phases    ] GC(1)   Other: 0.5ms
[2020-04-14T16:43:56.439+0900][gc,heap      ] GC(1) Eden regions: 14->0(49)
[2020-04-14T16:43:56.439+0900][gc,heap      ] GC(1) Survivor regions: 7->2(7)
[2020-04-14T16:43:56.439+0900][gc,heap      ] GC(1) Old regions: 0->7
[2020-04-14T16:43:56.439+0900][gc,heap      ] GC(1) Humongous regions: 0->0
[2020-04-14T16:43:56.439+0900][gc,metaspace ] GC(1) Metaspace: 20549K->20549K(1067008K)
[2020-04-14T16:43:56.439+0900][gc           ] GC(1) Pause Young (Concurrent Start) (Metadata GC Threshold) 20M->7M(1024M) 14.963ms
[2020-04-14T16:43:56.439+0900][gc,cpu       ] GC(1) User=0.06s Sys=0.00s Real=0.02s
[2020-04-14T16:43:56.439+0900][gc           ] GC(2) Concurrent Cycle
[2020-04-14T16:43:56.439+0900][gc,marking   ] GC(2) Concurrent Clear Claimed Marks
[2020-04-14T16:43:56.439+0900][gc,marking   ] GC(2) Concurrent Clear Claimed Marks 0.031ms
[2020-04-14T16:43:56.439+0900][gc,marking   ] GC(2) Concurrent Scan Root Regions
[2020-04-14T16:43:56.441+0900][gc,marking   ] GC(2) Concurrent Scan Root Regions 2.037ms
[2020-04-14T16:43:56.441+0900][gc,marking   ] GC(2) Concurrent Mark (1.665s)
[2020-04-14T16:43:56.441+0900][gc,marking   ] GC(2) Concurrent Mark From Roots
[2020-04-14T16:43:56.441+0900][gc,task      ] GC(2) Using 3 workers of 3 for marking
[2020-04-14T16:43:56.449+0900][gc,marking   ] GC(2) Concurrent Mark From Roots 7.617ms
[2020-04-14T16:43:56.449+0900][gc,marking   ] GC(2) Concurrent Preclean
[2020-04-14T16:43:56.449+0900][gc,marking   ] GC(2) Concurrent Preclean 0.284ms
[2020-04-14T16:43:56.449+0900][gc,marking   ] GC(2) Concurrent Mark (1.665s, 1.673s) 7.976ms
[2020-04-14T16:43:56.449+0900][gc,start     ] GC(2) Pause Remark
[2020-04-14T16:43:56.451+0900][gc,stringtable] GC(2) Cleaned string and symbol table, strings: 9002 processed, 0 removed, symbols: 49695 processed, 51 removed
[2020-04-14T16:43:56.451+0900][gc            ] GC(2) Pause Remark 8M->8M(1024M) 1.786ms
[2020-04-14T16:43:56.451+0900][gc,cpu        ] GC(2) User=0.01s Sys=0.00s Real=0.00s
[2020-04-14T16:43:56.451+0900][gc,marking    ] GC(2) Concurrent Rebuild Remembered Sets
[2020-04-14T16:43:56.454+0900][gc,marking    ] GC(2) Concurrent Rebuild Remembered Sets 3.170ms
[2020-04-14T16:43:56.455+0900][gc,start      ] GC(2) Pause Cleanup
[2020-04-14T16:43:56.455+0900][gc            ] GC(2) Pause Cleanup 8M->8M(1024M) 0.239ms
[2020-04-14T16:43:56.455+0900][gc,cpu        ] GC(2) User=0.00s Sys=0.00s Real=0.00s
[2020-04-14T16:43:56.455+0900][gc,marking    ] GC(2) Concurrent Cleanup for Next Mark
[2020-04-14T16:43:56.459+0900][gc,marking    ] GC(2) Concurrent Cleanup for Next Mark 4.058ms
[2020-04-14T16:43:56.459+0900][gc            ] GC(2) Concurrent Cycle 20.012ms
[2020-04-14T16:43:57.282+0900][gc,start      ] GC(3) Pause Young (Normal) (G1 Evacuation Pause)
[2020-04-14T16:43:57.282+0900][gc,task       ] GC(3) Using 10 workers of 10 for evacuation
[2020-04-14T16:43:57.288+0900][gc,phases     ] GC(3)   Pre Evacuate Collection Set: 0.0ms
[2020-04-14T16:43:57.288+0900][gc,phases     ] GC(3)   Evacuate Collection Set: 4.3ms
[2020-04-14T16:43:57.288+0900][gc,phases     ] GC(3)   Post Evacuate Collection Set: 1.0ms
[2020-04-14T16:43:57.288+0900][gc,phases     ] GC(3)   Other: 0.4ms
[2020-04-14T16:43:57.288+0900][gc,heap       ] GC(3) Eden regions: 49->0(46)
[2020-04-14T16:43:57.288+0900][gc,heap       ] GC(3) Survivor regions: 2->5(7)
[2020-04-14T16:43:57.288+0900][gc,heap       ] GC(3) Old regions: 7->7
[2020-04-14T16:43:57.288+0900][gc,heap       ] GC(3) Humongous regions: 129->129
[2020-04-14T16:43:57.288+0900][gc,metaspace  ] GC(3) Metaspace: 29964K->29964K(1075200K)
[2020-04-14T16:43:57.288+0900][gc            ] GC(3) Pause Young (Normal) (G1 Evacuation Pause) 185M->139M(1024M) 5.886ms
[2020-04-14T16:43:57.288+0900][gc,cpu        ] GC(3) User=0.06s Sys=0.00s Real=0.01s
[2020-04-14T16:46:42.264+0900][gc,start      ] GC(4) Pause Young (Normal) (G1 Evacuation Pause)
[2020-04-14T16:46:42.264+0900][gc,task       ] GC(4) Using 10 workers of 10 for evacuation
[2020-04-14T16:46:42.272+0900][gc,phases     ] GC(4)   Pre Evacuate Collection Set: 0.0ms
[2020-04-14T16:46:42.272+0900][gc,phases     ] GC(4)   Evacuate Collection Set: 6.2ms
[2020-04-14T16:46:42.272+0900][gc,phases     ] GC(4)   Post Evacuate Collection Set: 1.0ms
[2020-04-14T16:46:42.272+0900][gc,phases     ] GC(4)   Other: 0.4ms
[2020-04-14T16:46:42.272+0900][gc,heap       ] GC(4) Eden regions: 46->0(49)
[2020-04-14T16:46:42.272+0900][gc,heap       ] GC(4) Survivor regions: 5->2(7)
[2020-04-14T16:46:42.272+0900][gc,heap       ] GC(4) Old regions: 7->11
[2020-04-14T16:46:42.272+0900][gc,heap       ] GC(4) Humongous regions: 129->129
[2020-04-14T16:46:42.272+0900][gc,metaspace  ] GC(4) Metaspace: 32681K->32681K(1079296K)
[2020-04-14T16:46:42.272+0900][gc            ] GC(4) Pause Young (Normal) (G1 Evacuation Pause) 185M->141M(1024M) 7.903ms
[2020-04-14T16:46:42.272+0900][gc,cpu        ] GC(4) User=0.07s Sys=0.00s Real=0.01s
[2020-04-14T16:49:46.504+0900][gc,start      ] GC(5) Pause Young (Normal) (G1 Evacuation Pause)
[2020-04-14T16:49:46.504+0900][gc,task       ] GC(5) Using 10 workers of 10 for evacuation
[2020-04-14T16:49:46.508+0900][gc,phases     ] GC(5)   Pre Evacuate Collection Set: 0.0ms
[2020-04-14T16:49:46.508+0900][gc,phases     ] GC(5)   Evacuate Collection Set: 3.0ms
[2020-04-14T16:49:46.508+0900][gc,phases     ] GC(5)   Post Evacuate Collection Set: 0.8ms
[2020-04-14T16:49:46.508+0900][gc,phases     ] GC(5)   Other: 0.4ms
[2020-04-14T16:49:46.508+0900][gc,heap       ] GC(5) Eden regions: 49->0(49)
[2020-04-14T16:49:46.508+0900][gc,heap       ] GC(5) Survivor regions: 2->2(7)
[2020-04-14T16:49:46.508+0900][gc,heap       ] GC(5) Old regions: 11->11
[2020-04-14T16:49:46.509+0900][gc,heap       ] GC(5) Humongous regions: 129->129
[2020-04-14T16:49:46.509+0900][gc,metaspace  ] GC(5) Metaspace: 32858K->32858K(1079296K)
[2020-04-14T16:49:46.509+0900][gc            ] GC(5) Pause Young (Normal) (G1 Evacuation Pause) 190M->141M(1024M) 4.493ms
[2020-04-14T16:49:46.509+0900][gc,cpu        ] GC(5) User=0.03s Sys=0.00s Real=0.01s
[2020-04-14T16:52:52.297+0900][gc,start      ] GC(6) Pause Young (Normal) (G1 Evacuation Pause)
[2020-04-14T16:52:52.297+0900][gc,task       ] GC(6) Using 10 workers of 10 for evacuation
[2020-04-14T16:52:52.303+0900][gc,phases     ] GC(6)   Pre Evacuate Collection Set: 0.0ms
[2020-04-14T16:52:52.303+0900][gc,phases     ] GC(6)   Evacuate Collection Set: 4.6ms
[2020-04-14T16:52:52.303+0900][gc,phases     ] GC(6)   Post Evacuate Collection Set: 0.8ms
[2020-04-14T16:52:52.303+0900][gc,phases     ] GC(6)   Other: 0.4ms
[2020-04-14T16:52:52.303+0900][gc,heap       ] GC(6) Eden regions: 49->0(49)
[2020-04-14T16:52:52.303+0900][gc,heap       ] GC(6) Survivor regions: 2->2(7)
[2020-04-14T16:52:52.303+0900][gc,heap       ] GC(6) Old regions: 11->11
[2020-04-14T16:52:52.303+0900][gc,heap       ] GC(6) Humongous regions: 129->129
[2020-04-14T16:52:52.303+0900][gc,metaspace  ] GC(6) Metaspace: 32890K->32890K(1079296K)
[2020-04-14T16:52:52.303+0900][gc            ] GC(6) Pause Young (Normal) (G1 Evacuation Pause) 190M->141M(1024M) 6.004ms
[2020-04-14T16:52:52.303+0900][gc,cpu        ] GC(6) User=0.05s Sys=0.00s Real=0.01s
[2020-04-14T16:55:56.629+0900][gc,start      ] GC(7) Pause Young (Normal) (G1 Evacuation Pause)
[2020-04-14T16:55:56.629+0900][gc,task       ] GC(7) Using 10 workers of 10 for evacuation
[2020-04-14T16:55:56.632+0900][gc,phases     ] GC(7)   Pre Evacuate Collection Set: 0.0ms
[2020-04-14T16:55:56.632+0900][gc,phases     ] GC(7)   Evacuate Collection Set: 2.5ms
[2020-04-14T16:55:56.632+0900][gc,phases     ] GC(7)   Post Evacuate Collection Set: 0.6ms
[2020-04-14T16:55:56.632+0900][gc,phases     ] GC(7)   Other: 0.3ms
[2020-04-14T16:55:56.632+0900][gc,heap       ] GC(7) Eden regions: 49->0(51)
[2020-04-14T16:55:56.632+0900][gc,heap       ] GC(7) Survivor regions: 2->2(7)
[2020-04-14T16:55:56.632+0900][gc,heap       ] GC(7) Old regions: 11->11
[2020-04-14T16:55:56.632+0900][gc,heap       ] GC(7) Humongous regions: 129->129
[2020-04-14T16:55:56.632+0900][gc,metaspace  ] GC(7) Metaspace: 32953K->32953K(1079296K)
[2020-04-14T16:55:56.632+0900][gc            ] GC(7) Pause Young (Normal) (G1 Evacuation Pause) 190M->141M(1024M) 3.648ms
[2020-04-14T16:55:56.632+0900][gc,cpu        ] GC(7) User=0.02s Sys=0.00s Real=0.00s
[2020-04-14T16:59:11.354+0900][gc,start      ] GC(8) Pause Young (Normal) (G1 Evacuation Pause)
[2020-04-14T16:59:11.354+0900][gc,task       ] GC(8) Using 10 workers of 10 for evacuation
[2020-04-14T16:59:11.358+0900][gc,phases     ] GC(8)   Pre Evacuate Collection Set: 0.0ms
[2020-04-14T16:59:11.358+0900][gc,phases     ] GC(8)   Evacuate Collection Set: 3.6ms
[2020-04-14T16:59:11.358+0900][gc,phases     ] GC(8)   Post Evacuate Collection Set: 0.5ms
[2020-04-14T16:59:11.358+0900][gc,phases     ] GC(8)   Other: 0.2ms
[2020-04-14T16:59:11.358+0900][gc,heap       ] GC(8) Eden regions: 51->0(62)
[2020-04-14T16:59:11.358+0900][gc,heap       ] GC(8) Survivor regions: 2->2(7)
[2020-04-14T16:59:11.358+0900][gc,heap       ] GC(8) Old regions: 11->11
[2020-04-14T16:59:11.358+0900][gc,heap       ] GC(8) Humongous regions: 129->129
[2020-04-14T16:59:11.358+0900][gc,metaspace  ] GC(8) Metaspace: 32979K->32979K(1079296K)
[2020-04-14T16:59:11.358+0900][gc            ] GC(8) Pause Young (Normal) (G1 Evacuation Pause) 192M->141M(1024M) 4.474ms
[2020-04-14T16:59:11.358+0900][gc,cpu        ] GC(8) User=0.04s Sys=0.00s Real=0.00s
[2020-04-14T17:03:07.820+0900][gc,start      ] GC(9) Pause Young (Normal) (G1 Evacuation Pause)
[2020-04-14T17:03:07.820+0900][gc,task       ] GC(9) Using 10 workers of 10 for evacuation
[2020-04-14T17:03:07.826+0900][gc,phases     ] GC(9)   Pre Evacuate Collection Set: 0.1ms
[2020-04-14T17:03:07.826+0900][gc,phases     ] GC(9)   Evacuate Collection Set: 5.0ms
[2020-04-14T17:03:07.826+0900][gc,phases     ] GC(9)   Post Evacuate Collection Set: 1.0ms
[2020-04-14T17:03:07.826+0900][gc,phases     ] GC(9)   Other: 0.4ms
[2020-04-14T17:03:07.826+0900][gc,heap       ] GC(9) Eden regions: 62->0(83)
[2020-04-14T17:03:07.826+0900][gc,heap       ] GC(9) Survivor regions: 2->2(8)
[2020-04-14T17:03:07.826+0900][gc,heap       ] GC(9) Old regions: 11->11
[2020-04-14T17:03:07.826+0900][gc,heap       ] GC(9) Humongous regions: 129->129
[2020-04-14T17:03:07.826+0900][gc,metaspace  ] GC(9) Metaspace: 33026K->33026K(1079296K)
[2020-04-14T17:03:07.826+0900][gc            ] GC(9) Pause Young (Normal) (G1 Evacuation Pause) 203M->141M(1024M) 6.729ms
[2020-04-14T17:03:07.826+0900][gc,cpu        ] GC(9) User=0.05s Sys=0.01s Real=0.00s
[2020-04-14T17:08:24.025+0900][gc,start      ] GC(10) Pause Young (Normal) (G1 Evacuation Pause)
[2020-04-14T17:08:24.025+0900][gc,task       ] GC(10) Using 10 workers of 10 for evacuation
[2020-04-14T17:08:24.032+0900][gc,phases     ] GC(10)   Pre Evacuate Collection Set: 0.0ms
[2020-04-14T17:08:24.032+0900][gc,phases     ] GC(10)   Evacuate Collection Set: 5.3ms
[2020-04-14T17:08:24.032+0900][gc,phases     ] GC(10)   Post Evacuate Collection Set: 1.0ms
[2020-04-14T17:08:24.032+0900][gc,phases     ] GC(10)   Other: 0.4ms
[2020-04-14T17:08:24.032+0900][gc,heap       ] GC(10) Eden regions: 83->0(137)
[2020-04-14T17:08:24.032+0900][gc,heap       ] GC(10) Survivor regions: 2->2(11)
[2020-04-14T17:08:24.032+0900][gc,heap       ] GC(10) Old regions: 11->11
[2020-04-14T17:08:24.032+0900][gc,heap       ] GC(10) Humongous regions: 129->129
[2020-04-14T17:08:24.032+0900][gc,metaspace  ] GC(10) Metaspace: 33062K->33062K(1079296K)
[2020-04-14T17:08:24.032+0900][gc            ] GC(10) Pause Young (Normal) (G1 Evacuation Pause) 224M->141M(1024M) 6.971ms
[2020-04-14T17:08:24.032+0900][gc,cpu        ] GC(10) User=0.06s Sys=0.00s Real=0.01s
[2020-04-14T17:17:11.396+0900][gc,start      ] GC(11) Pause Young (Normal) (G1 Evacuation Pause)
[2020-04-14T17:17:11.396+0900][gc,task       ] GC(11) Using 10 workers of 10 for evacuation
[2020-04-14T17:17:11.403+0900][gc,phases     ] GC(11)   Pre Evacuate Collection Set: 0.0ms
[2020-04-14T17:17:11.403+0900][gc,phases     ] GC(11)   Evacuate Collection Set: 5.6ms
[2020-04-14T17:17:11.403+0900][gc,phases     ] GC(11)   Post Evacuate Collection Set: 1.1ms
[2020-04-14T17:17:11.403+0900][gc,phases     ] GC(11)   Other: 0.4ms
[2020-04-14T17:17:11.404+0900][gc,heap       ] GC(11) Eden regions: 137->0(198)
[2020-04-14T17:17:11.404+0900][gc,heap       ] GC(11) Survivor regions: 2->2(18)
[2020-04-14T17:17:11.404+0900][gc,heap       ] GC(11) Old regions: 11->11
[2020-04-14T17:17:11.404+0900][gc,heap       ] GC(11) Humongous regions: 129->129
[2020-04-14T17:17:11.404+0900][gc,metaspace  ] GC(11) Metaspace: 33138K->33138K(1079296K)
[2020-04-14T17:17:11.404+0900][gc            ] GC(11) Pause Young (Normal) (G1 Evacuation Pause) 278M->141M(1024M) 7.332ms
[2020-04-14T17:17:11.404+0900][gc,cpu        ] GC(11) User=0.05s Sys=0.00s Real=0.01s
[2020-04-14T17:29:51.732+0900][gc,start      ] GC(12) Pause Young (Normal) (G1 Evacuation Pause)
[2020-04-14T17:29:51.732+0900][gc,task       ] GC(12) Using 10 workers of 10 for evacuation
[2020-04-14T17:29:51.737+0900][gc,phases     ] GC(12)   Pre Evacuate Collection Set: 0.0ms
[2020-04-14T17:29:51.737+0900][gc,phases     ] GC(12)   Evacuate Collection Set: 3.4ms
[2020-04-14T17:29:51.737+0900][gc,phases     ] GC(12)   Post Evacuate Collection Set: 0.9ms
[2020-04-14T17:29:51.737+0900][gc,phases     ] GC(12)   Other: 0.5ms
[2020-04-14T17:29:51.737+0900][gc,heap       ] GC(12) Eden regions: 198->0(236)
[2020-04-14T17:29:51.737+0900][gc,heap       ] GC(12) Survivor regions: 2->2(25)
[2020-04-14T17:29:51.737+0900][gc,heap       ] GC(12) Old regions: 11->11
[2020-04-14T17:29:51.737+0900][gc,heap       ] GC(12) Humongous regions: 129->129
[2020-04-14T17:29:51.737+0900][gc,metaspace  ] GC(12) Metaspace: 33217K->33217K(1079296K)
[2020-04-14T17:29:51.737+0900][gc            ] GC(12) Pause Young (Normal) (G1 Evacuation Pause) 339M->141M(1024M) 4.890ms
[2020-04-14T17:29:51.737+0900][gc,cpu        ] GC(12) User=0.03s Sys=0.00s Real=0.00s
[2020-04-14T17:45:04.293+0900][gc,start      ] GC(13) Pause Young (Normal) (G1 Evacuation Pause)
[2020-04-14T17:45:04.293+0900][gc,task       ] GC(13) Using 10 workers of 10 for evacuation
[2020-04-14T17:45:04.298+0900][gc,phases     ] GC(13)   Pre Evacuate Collection Set: 0.0ms
[2020-04-14T17:45:04.298+0900][gc,phases     ] GC(13)   Evacuate Collection Set: 3.1ms
[2020-04-14T17:45:04.298+0900][gc,phases     ] GC(13)   Post Evacuate Collection Set: 0.9ms
[2020-04-14T17:45:04.298+0900][gc,phases     ] GC(13)   Other: 0.4ms
[2020-04-14T17:45:04.298+0900][gc,heap       ] GC(13) Eden regions: 236->0(258)
[2020-04-14T17:45:04.298+0900][gc,heap       ] GC(13) Survivor regions: 2->2(30)
[2020-04-14T17:45:04.298+0900][gc,heap       ] GC(13) Old regions: 11->11
[2020-04-14T17:45:04.298+0900][gc,heap       ] GC(13) Humongous regions: 129->129
[2020-04-14T17:45:04.298+0900][gc,metaspace  ] GC(13) Metaspace: 33444K->33444K(1079296K)
[2020-04-14T17:45:04.298+0900][gc            ] GC(13) Pause Young (Normal) (G1 Evacuation Pause) 377M->141M(1024M) 4.600ms
[2020-04-14T17:45:04.298+0900][gc,cpu        ] GC(13) User=0.03s Sys=0.00s Real=0.00s
[2020-04-14T18:01:52.266+0900][gc,start      ] GC(14) Pause Young (Normal) (G1 Evacuation Pause)
[2020-04-14T18:01:52.266+0900][gc,task       ] GC(14) Using 10 workers of 10 for evacuation
[2020-04-14T18:01:52.273+0900][gc,phases     ] GC(14)   Pre Evacuate Collection Set: 0.1ms
[2020-04-14T18:01:52.273+0900][gc,phases     ] GC(14)   Evacuate Collection Set: 5.4ms
[2020-04-14T18:01:52.273+0900][gc,phases     ] GC(14)   Post Evacuate Collection Set: 1.2ms
[2020-04-14T18:01:52.273+0900][gc,phases     ] GC(14)   Other: 0.5ms
[2020-04-14T18:01:52.273+0900][gc,heap       ] GC(14) Eden regions: 258->0(285)
[2020-04-14T18:01:52.273+0900][gc,heap       ] GC(14) Survivor regions: 2->2(33)
[2020-04-14T18:01:52.273+0900][gc,heap       ] GC(14) Old regions: 11->11
[2020-04-14T18:01:52.273+0900][gc,heap       ] GC(14) Humongous regions: 129->129
[2020-04-14T18:01:52.273+0900][gc,metaspace  ] GC(14) Metaspace: 33503K->33503K(1079296K)
[2020-04-14T18:01:52.273+0900][gc            ] GC(14) Pause Young (Normal) (G1 Evacuation Pause) 399M->141M(1024M) 7.405ms
[2020-04-14T18:01:52.273+0900][gc,cpu        ] GC(14) User=0.06s Sys=0.00s Real=0.01s
[2020-04-14T18:21:01.842+0900][gc,start      ] GC(15) Pause Young (Normal) (G1 Evacuation Pause)
[2020-04-14T18:21:01.842+0900][gc,task       ] GC(15) Using 10 workers of 10 for evacuation
[2020-04-14T18:21:01.846+0900][gc,phases     ] GC(15)   Pre Evacuate Collection Set: 0.0ms
[2020-04-14T18:21:01.846+0900][gc,phases     ] GC(15)   Evacuate Collection Set: 3.1ms
[2020-04-14T18:21:01.846+0900][gc,phases     ] GC(15)   Post Evacuate Collection Set: 0.7ms
[2020-04-14T18:21:01.846+0900][gc,phases     ] GC(15)   Other: 0.3ms
[2020-04-14T18:21:01.846+0900][gc,heap       ] GC(15) Eden regions: 285->0(307)
[2020-04-14T18:21:01.846+0900][gc,heap       ] GC(15) Survivor regions: 2->2(36)
[2020-04-14T18:21:01.846+0900][gc,heap       ] GC(15) Old regions: 11->11
[2020-04-14T18:21:01.846+0900][gc,heap       ] GC(15) Humongous regions: 129->129
[2020-04-14T18:21:01.846+0900][gc,metaspace  ] GC(15) Metaspace: 33532K->33532K(1079296K)
[2020-04-14T18:21:01.846+0900][gc            ] GC(15) Pause Young (Normal) (G1 Evacuation Pause) 426M->141M(1024M) 4.268ms
[2020-04-14T18:21:01.846+0900][gc,cpu        ] GC(15) User=0.03s Sys=0.00s Real=0.00s
[2020-04-14T18:42:15.360+0900][gc,start      ] GC(16) Pause Young (Normal) (G1 Evacuation Pause)
[2020-04-14T18:42:15.360+0900][gc,task       ] GC(16) Using 10 workers of 10 for evacuation
[2020-04-14T18:42:15.365+0900][gc,phases     ] GC(16)   Pre Evacuate Collection Set: 0.0ms
[2020-04-14T18:42:15.365+0900][gc,phases     ] GC(16)   Evacuate Collection Set: 3.7ms
[2020-04-14T18:42:15.365+0900][gc,phases     ] GC(16)   Post Evacuate Collection Set: 1.2ms
[2020-04-14T18:42:15.365+0900][gc,phases     ] GC(16)   Other: 0.5ms
[2020-04-14T18:42:15.365+0900][gc,heap       ] GC(16) Eden regions: 307->0(333)
[2020-04-14T18:42:15.365+0900][gc,heap       ] GC(16) Survivor regions: 2->2(39)
[2020-04-14T18:42:15.365+0900][gc,heap       ] GC(16) Old regions: 11->11
[2020-04-14T18:42:15.365+0900][gc,heap       ] GC(16) Humongous regions: 129->129
[2020-04-14T18:42:15.365+0900][gc,metaspace  ] GC(16) Metaspace: 33542K->33542K(1079296K)
[2020-04-14T18:42:15.365+0900][gc            ] GC(16) Pause Young (Normal) (G1 Evacuation Pause) 448M->141M(1024M) 5.715ms
[2020-04-14T18:42:15.365+0900][gc,cpu        ] GC(16) User=0.04s Sys=0.00s Real=0.00s
[2020-04-14T19:05:30.529+0900][gc,start      ] GC(17) Pause Young (Normal) (G1 Evacuation Pause)
[2020-04-14T19:05:30.529+0900][gc,task       ] GC(17) Using 10 workers of 10 for evacuation
[2020-04-14T19:05:30.534+0900][gc,phases     ] GC(17)   Pre Evacuate Collection Set: 0.0ms
[2020-04-14T19:05:30.534+0900][gc,phases     ] GC(17)   Evacuate Collection Set: 3.0ms
[2020-04-14T19:05:30.534+0900][gc,phases     ] GC(17)   Post Evacuate Collection Set: 1.1ms
[2020-04-14T19:05:30.534+0900][gc,phases     ] GC(17)   Other: 0.5ms
[2020-04-14T19:05:30.534+0900][gc,heap       ] GC(17) Eden regions: 333->0(361)
[2020-04-14T19:05:30.534+0900][gc,heap       ] GC(17) Survivor regions: 2->2(42)
[2020-04-14T19:05:30.534+0900][gc,heap       ] GC(17) Old regions: 11->11
[2020-04-14T19:05:30.534+0900][gc,heap       ] GC(17) Humongous regions: 129->129
[2020-04-14T19:05:30.534+0900][gc,metaspace  ] GC(17) Metaspace: 33596K->33596K(1079296K)
[2020-04-14T19:05:30.534+0900][gc            ] GC(17) Pause Young (Normal) (G1 Evacuation Pause) 474M->141M(1024M) 4.846ms
[2020-04-14T19:05:30.534+0900][gc,cpu        ] GC(17) User=0.04s Sys=0.00s Real=0.00s
[2020-04-14T19:31:01.338+0900][gc,start      ] GC(18) Pause Young (Normal) (G1 Evacuation Pause)
[2020-04-14T19:31:01.338+0900][gc,task       ] GC(18) Using 10 workers of 10 for evacuation
[2020-04-14T19:31:01.343+0900][gc,phases     ] GC(18)   Pre Evacuate Collection Set: 0.0ms
[2020-04-14T19:31:01.343+0900][gc,phases     ] GC(18)   Evacuate Collection Set: 2.8ms
[2020-04-14T19:31:01.343+0900][gc,phases     ] GC(18)   Post Evacuate Collection Set: 1.3ms
[2020-04-14T19:31:01.343+0900][gc,phases     ] GC(18)   Other: 0.5ms
[2020-04-14T19:31:01.343+0900][gc,heap       ] GC(18) Eden regions: 361->0(414)
[2020-04-14T19:31:01.343+0900][gc,heap       ] GC(18) Survivor regions: 2->2(46)
[2020-04-14T19:31:01.343+0900][gc,heap       ] GC(18) Old regions: 11->11
[2020-04-14T19:31:01.343+0900][gc,heap       ] GC(18) Humongous regions: 129->129
[2020-04-14T19:31:01.343+0900][gc,metaspace  ] GC(18) Metaspace: 33610K->33610K(1079296K)
[2020-04-14T19:31:01.343+0900][gc            ] GC(18) Pause Young (Normal) (G1 Evacuation Pause) 502M->141M(1024M) 4.861ms
[2020-04-14T19:31:01.343+0900][gc,cpu        ] GC(18) User=0.03s Sys=0.01s Real=0.01s
[2020-04-14T19:59:58.924+0900][gc,start      ] GC(19) Pause Young (Normal) (G1 Evacuation Pause)
[2020-04-14T19:59:58.924+0900][gc,task       ] GC(19) Using 10 workers of 10 for evacuation
[2020-04-14T19:59:58.930+0900][gc,phases     ] GC(19)   Pre Evacuate Collection Set: 0.0ms
[2020-04-14T19:59:58.930+0900][gc,phases     ] GC(19)   Evacuate Collection Set: 3.8ms
[2020-04-14T19:59:58.930+0900][gc,phases     ] GC(19)   Post Evacuate Collection Set: 1.3ms
[2020-04-14T19:59:58.930+0900][gc,phases     ] GC(19)   Other: 0.5ms
[2020-04-14T19:59:58.930+0900][gc,heap       ] GC(19) Eden regions: 414->0(438)
[2020-04-14T19:59:58.930+0900][gc,heap       ] GC(19) Survivor regions: 2->2(52)
[2020-04-14T19:59:58.930+0900][gc,heap       ] GC(19) Old regions: 11->12
[2020-04-14T19:59:58.930+0900][gc,heap       ] GC(19) Humongous regions: 129->129
[2020-04-14T19:59:58.930+0900][gc,metaspace  ] GC(19) Metaspace: 33661K->33661K(1079296K)
[2020-04-14T19:59:58.930+0900][gc            ] GC(19) Pause Young (Normal) (G1 Evacuation Pause) 555M->141M(1024M) 5.858ms
[2020-04-14T19:59:58.930+0900][gc,cpu        ] GC(19) User=0.04s Sys=0.00s Real=0.01s
[2020-04-14T20:05:28.692+0900][gc,start      ] GC(20) Pause Young (Concurrent Start) (Metadata GC Threshold)
[2020-04-14T20:05:28.692+0900][gc,task       ] GC(20) Using 10 workers of 10 for evacuation
[2020-04-14T20:05:28.697+0900][gc,phases     ] GC(20)   Pre Evacuate Collection Set: 0.2ms
[2020-04-14T20:05:28.697+0900][gc,phases     ] GC(20)   Evacuate Collection Set: 2.8ms
[2020-04-14T20:05:28.697+0900][gc,phases     ] GC(20)   Post Evacuate Collection Set: 0.9ms
[2020-04-14T20:05:28.697+0900][gc,phases     ] GC(20)   Other: 0.5ms
[2020-04-14T20:05:28.697+0900][gc,heap       ] GC(20) Eden regions: 79->0(454)
[2020-04-14T20:05:28.697+0900][gc,heap       ] GC(20) Survivor regions: 2->2(55)
[2020-04-14T20:05:28.697+0900][gc,heap       ] GC(20) Old regions: 12->12
[2020-04-14T20:05:28.697+0900][gc,heap       ] GC(20) Humongous regions: 129->129
[2020-04-14T20:05:28.697+0900][gc,metaspace  ] GC(20) Metaspace: 33741K->33741K(1079296K)
[2020-04-14T20:05:28.697+0900][gc            ] GC(20) Pause Young (Concurrent Start) (Metadata GC Threshold) 219M->141M(1024M) 4.711ms
[2020-04-14T20:05:28.697+0900][gc,cpu        ] GC(20) User=0.03s Sys=0.00s Real=0.00s
[2020-04-14T20:05:28.697+0900][gc            ] GC(21) Concurrent Cycle
[2020-04-14T20:05:28.697+0900][gc,marking    ] GC(21) Concurrent Clear Claimed Marks
[2020-04-14T20:05:28.697+0900][gc,marking    ] GC(21) Concurrent Clear Claimed Marks 0.132ms
[2020-04-14T20:05:28.697+0900][gc,marking    ] GC(21) Concurrent Scan Root Regions
[2020-04-14T20:05:28.700+0900][gc,marking    ] GC(21) Concurrent Scan Root Regions 2.214ms
[2020-04-14T20:05:28.700+0900][gc,marking    ] GC(21) Concurrent Mark (12093.924s)
[2020-04-14T20:05:28.700+0900][gc,marking    ] GC(21) Concurrent Mark From Roots
[2020-04-14T20:05:28.700+0900][gc,task       ] GC(21) Using 3 workers of 3 for marking
[2020-04-14T20:05:28.712+0900][gc,marking    ] GC(21) Concurrent Mark From Roots 12.580ms
[2020-04-14T20:05:28.712+0900][gc,marking    ] GC(21) Concurrent Preclean
[2020-04-14T20:05:28.713+0900][gc,marking    ] GC(21) Concurrent Preclean 0.888ms
[2020-04-14T20:05:28.713+0900][gc,marking    ] GC(21) Concurrent Mark (12093.924s, 12093.937s) 13.617ms
[2020-04-14T20:05:28.713+0900][gc,start      ] GC(21) Pause Remark
[2020-04-14T20:05:28.719+0900][gc,stringtable] GC(21) Cleaned string and symbol table, strings: 13917 processed, 829 removed, symbols: 71045 processed, 14 removed
[2020-04-14T20:05:28.719+0900][gc            ] GC(21) Pause Remark 142M->142M(1024M) 6.022ms
[2020-04-14T20:05:28.720+0900][gc,cpu        ] GC(21) User=0.04s Sys=0.00s Real=0.01s
[2020-04-14T20:05:28.720+0900][gc,marking    ] GC(21) Concurrent Rebuild Remembered Sets
[2020-04-14T20:05:28.727+0900][gc,marking    ] GC(21) Concurrent Rebuild Remembered Sets 7.202ms
[2020-04-14T20:05:28.727+0900][gc,start      ] GC(21) Pause Cleanup
[2020-04-14T20:05:28.727+0900][gc            ] GC(21) Pause Cleanup 142M->142M(1024M) 0.187ms
[2020-04-14T20:05:28.727+0900][gc,cpu        ] GC(21) User=0.01s Sys=0.00s Real=0.00s
[2020-04-14T20:05:28.727+0900][gc,marking    ] GC(21) Concurrent Cleanup for Next Mark
[2020-04-14T20:05:28.732+0900][gc,marking    ] GC(21) Concurrent Cleanup for Next Mark 4.413ms
[2020-04-14T20:05:28.732+0900][gc            ] GC(21) Concurrent Cycle 34.861ms
[2020-04-14T20:05:29.909+0900][gc,heap,exit  ] Heap
[2020-04-14T20:05:29.909+0900][gc,heap,exit  ]  garbage-first heap   total 1048576K, used 154254K [0x00000000c0000000, 0x0000000100000000)
[2020-04-14T20:05:29.909+0900][gc,heap,exit  ]   region size 1024K, 12 young (12288K), 2 survivors (2048K)
[2020-04-14T20:05:29.909+0900][gc,heap,exit  ]  Metaspace       used 34183K, capacity 36326K, committed 36380K, reserved 1079296K
[2020-04-14T20:05:29.909+0900][gc,heap,exit  ]   class space    used 4912K, capacity 5948K, committed 5996K, reserved 1048576K
