[2020-04-14T15:35:56.792+0900][gc,heap] Heap region size: 1M
[2020-04-14T15:35:56.808+0900][gc     ] Using G1
[2020-04-14T15:35:56.808+0900][gc,heap,coops] Heap address: 0x00000000c0000000, size: 1024 MB, Compressed Oops mode: 32-bit
[2020-04-14T15:35:58.142+0900][gc,start     ] GC(0) Pause Young (Normal) (G1 Evacuation Pause)
[2020-04-14T15:35:58.144+0900][gc,task      ] GC(0) Using 10 workers of 10 for evacuation
[2020-04-14T15:35:58.153+0900][gc,phases    ] GC(0)   Pre Evacuate Collection Set: 0.0ms
[2020-04-14T15:35:58.153+0900][gc,phases    ] GC(0)   Evacuate Collection Set: 6.9ms
[2020-04-14T15:35:58.153+0900][gc,phases    ] GC(0)   Post Evacuate Collection Set: 1.0ms
[2020-04-14T15:35:58.153+0900][gc,phases    ] GC(0)   Other: 2.2ms
[2020-04-14T15:35:58.153+0900][gc,heap      ] GC(0) Eden regions: 51->0(44)
[2020-04-14T15:35:58.153+0900][gc,heap      ] GC(0) Survivor regions: 0->7(7)
[2020-04-14T15:35:58.153+0900][gc,heap      ] GC(0) Old regions: 0->0
[2020-04-14T15:35:58.153+0900][gc,heap      ] GC(0) Humongous regions: 0->0
[2020-04-14T15:35:58.153+0900][gc,metaspace ] GC(0) Metaspace: 17070K->17070K(1064960K)
[2020-04-14T15:35:58.153+0900][gc           ] GC(0) Pause Young (Normal) (G1 Evacuation Pause) 51M->6M(1024M) 10.403ms
[2020-04-14T15:35:58.153+0900][gc,cpu       ] GC(0) User=0.06s Sys=0.01s Real=0.01s
[2020-04-14T15:35:58.439+0900][gc,start     ] GC(1) Pause Young (Concurrent Start) (Metadata GC Threshold)
[2020-04-14T15:35:58.439+0900][gc,task      ] GC(1) Using 10 workers of 10 for evacuation
[2020-04-14T15:35:58.457+0900][gc,phases    ] GC(1)   Pre Evacuate Collection Set: 0.1ms
[2020-04-14T15:35:58.457+0900][gc,phases    ] GC(1)   Evacuate Collection Set: 16.4ms
[2020-04-14T15:35:58.457+0900][gc,phases    ] GC(1)   Post Evacuate Collection Set: 0.5ms
[2020-04-14T15:35:58.457+0900][gc,phases    ] GC(1)   Other: 0.4ms
[2020-04-14T15:35:58.457+0900][gc,heap      ] GC(1) Eden regions: 14->0(50)
[2020-04-14T15:35:58.457+0900][gc,heap      ] GC(1) Survivor regions: 7->1(7)
[2020-04-14T15:35:58.457+0900][gc,heap      ] GC(1) Old regions: 0->7
[2020-04-14T15:35:58.457+0900][gc,heap      ] GC(1) Humongous regions: 0->0
[2020-04-14T15:35:58.457+0900][gc,metaspace ] GC(1) Metaspace: 20536K->20536K(1067008K)
[2020-04-14T15:35:58.457+0900][gc           ] GC(1) Pause Young (Concurrent Start) (Metadata GC Threshold) 19M->7M(1024M) 17.416ms
[2020-04-14T15:35:58.457+0900][gc,cpu       ] GC(1) User=0.06s Sys=0.01s Real=0.01s
[2020-04-14T15:35:58.457+0900][gc           ] GC(2) Concurrent Cycle
[2020-04-14T15:35:58.457+0900][gc,marking   ] GC(2) Concurrent Clear Claimed Marks
[2020-04-14T15:35:58.457+0900][gc,marking   ] GC(2) Concurrent Clear Claimed Marks 0.040ms
[2020-04-14T15:35:58.457+0900][gc,marking   ] GC(2) Concurrent Scan Root Regions
[2020-04-14T15:35:58.459+0900][gc,marking   ] GC(2) Concurrent Scan Root Regions 1.771ms
[2020-04-14T15:35:58.459+0900][gc,marking   ] GC(2) Concurrent Mark (1.672s)
[2020-04-14T15:35:58.459+0900][gc,marking   ] GC(2) Concurrent Mark From Roots
[2020-04-14T15:35:58.459+0900][gc,task      ] GC(2) Using 3 workers of 3 for marking
[2020-04-14T15:35:58.468+0900][gc,marking   ] GC(2) Concurrent Mark From Roots 9.604ms
[2020-04-14T15:35:58.469+0900][gc,marking   ] GC(2) Concurrent Preclean
[2020-04-14T15:35:58.469+0900][gc,marking   ] GC(2) Concurrent Preclean 0.369ms
[2020-04-14T15:35:58.469+0900][gc,marking   ] GC(2) Concurrent Mark (1.672s, 1.682s) 10.065ms
[2020-04-14T15:35:58.469+0900][gc,start     ] GC(2) Pause Remark
[2020-04-14T15:35:58.471+0900][gc,stringtable] GC(2) Cleaned string and symbol table, strings: 8969 processed, 0 removed, symbols: 49686 processed, 52 removed
[2020-04-14T15:35:58.471+0900][gc            ] GC(2) Pause Remark 8M->8M(1024M) 1.793ms
[2020-04-14T15:35:58.471+0900][gc,cpu        ] GC(2) User=0.01s Sys=0.00s Real=0.00s
[2020-04-14T15:35:58.471+0900][gc,marking    ] GC(2) Concurrent Rebuild Remembered Sets
[2020-04-14T15:35:58.475+0900][gc,marking    ] GC(2) Concurrent Rebuild Remembered Sets 4.267ms
[2020-04-14T15:35:58.475+0900][gc,start      ] GC(2) Pause Cleanup
[2020-04-14T15:35:58.476+0900][gc            ] GC(2) Pause Cleanup 8M->8M(1024M) 0.278ms
[2020-04-14T15:35:58.476+0900][gc,cpu        ] GC(2) User=0.01s Sys=0.00s Real=0.00s
[2020-04-14T15:35:58.476+0900][gc,marking    ] GC(2) Concurrent Cleanup for Next Mark
[2020-04-14T15:35:58.480+0900][gc,marking    ] GC(2) Concurrent Cleanup for Next Mark 4.111ms
[2020-04-14T15:35:58.480+0900][gc            ] GC(2) Concurrent Cycle 23.010ms
[2020-04-14T15:36:04.225+0900][gc,start      ] GC(3) Pause Young (Normal) (G1 Evacuation Pause)
[2020-04-14T15:36:04.225+0900][gc,task       ] GC(3) Using 10 workers of 10 for evacuation
[2020-04-14T15:36:04.233+0900][gc,phases     ] GC(3)   Pre Evacuate Collection Set: 0.0ms
[2020-04-14T15:36:04.233+0900][gc,phases     ] GC(3)   Evacuate Collection Set: 6.4ms
[2020-04-14T15:36:04.233+0900][gc,phases     ] GC(3)   Post Evacuate Collection Set: 1.2ms
[2020-04-14T15:36:04.233+0900][gc,phases     ] GC(3)   Other: 0.3ms
[2020-04-14T15:36:04.233+0900][gc,heap       ] GC(3) Eden regions: 50->0(46)
[2020-04-14T15:36:04.233+0900][gc,heap       ] GC(3) Survivor regions: 1->5(7)
[2020-04-14T15:36:04.233+0900][gc,heap       ] GC(3) Old regions: 7->7
[2020-04-14T15:36:04.233+0900][gc,heap       ] GC(3) Humongous regions: 129->129
[2020-04-14T15:36:04.233+0900][gc,metaspace  ] GC(3) Metaspace: 30053K->30053K(1077248K)
[2020-04-14T15:36:04.233+0900][gc            ] GC(3) Pause Young (Normal) (G1 Evacuation Pause) 186M->140M(1024M) 8.184ms
[2020-04-14T15:36:04.233+0900][gc,cpu        ] GC(3) User=0.06s Sys=0.00s Real=0.01s
[2020-04-14T15:38:28.753+0900][gc,start      ] GC(4) Pause Young (Normal) (G1 Evacuation Pause)
[2020-04-14T15:38:28.753+0900][gc,task       ] GC(4) Using 10 workers of 10 for evacuation
[2020-04-14T15:38:28.762+0900][gc,phases     ] GC(4)   Pre Evacuate Collection Set: 0.0ms
[2020-04-14T15:38:28.762+0900][gc,phases     ] GC(4)   Evacuate Collection Set: 6.8ms
[2020-04-14T15:38:28.762+0900][gc,phases     ] GC(4)   Post Evacuate Collection Set: 1.0ms
[2020-04-14T15:38:28.762+0900][gc,phases     ] GC(4)   Other: 0.4ms
[2020-04-14T15:38:28.762+0900][gc,heap       ] GC(4) Eden regions: 46->0(49)
[2020-04-14T15:38:28.762+0900][gc,heap       ] GC(4) Survivor regions: 5->2(7)
[2020-04-14T15:38:28.762+0900][gc,heap       ] GC(4) Old regions: 7->11
[2020-04-14T15:38:28.762+0900][gc,heap       ] GC(4) Humongous regions: 129->129
[2020-04-14T15:38:28.762+0900][gc,metaspace  ] GC(4) Metaspace: 32676K->32676K(1079296K)
[2020-04-14T15:38:28.762+0900][gc            ] GC(4) Pause Young (Normal) (G1 Evacuation Pause) 186M->141M(1024M) 8.443ms
[2020-04-14T15:38:28.762+0900][gc,cpu        ] GC(4) User=0.07s Sys=0.00s Real=0.01s
[2020-04-14T15:39:56.361+0900][gc,heap,exit  ] Heap
[2020-04-14T15:39:56.361+0900][gc,heap,exit  ]  garbage-first heap   total 1048576K, used 175362K [0x00000000c0000000, 0x0000000100000000)
[2020-04-14T15:39:56.361+0900][gc,heap,exit  ]   region size 1024K, 34 young (34816K), 2 survivors (2048K)
[2020-04-14T15:39:56.362+0900][gc,heap,exit  ]  Metaspace       used 33597K, capacity 35801K, committed 35888K, reserved 1079296K
[2020-04-14T15:39:56.362+0900][gc,heap,exit  ]   class space    used 4922K, capacity 5979K, committed 6016K, reserved 1048576K
