[2020-04-16T21:58:09.450+0900][gc,heap] Heap region size: 1M
[2020-04-16T21:58:09.464+0900][gc     ] Using G1
[2020-04-16T21:58:09.464+0900][gc,heap,coops] Heap address: 0x00000000c0000000, size: 1024 MB, Compressed Oops mode: 32-bit
[2020-04-16T21:58:10.792+0900][gc,start     ] GC(0) Pause Young (Normal) (G1 Evacuation Pause)
[2020-04-16T21:58:10.794+0900][gc,task      ] GC(0) Using 10 workers of 10 for evacuation
[2020-04-16T21:58:10.803+0900][gc,phases    ] GC(0)   Pre Evacuate Collection Set: 0.0ms
[2020-04-16T21:58:10.804+0900][gc,phases    ] GC(0)   Evacuate Collection Set: 8.6ms
[2020-04-16T21:58:10.804+0900][gc,phases    ] GC(0)   Post Evacuate Collection Set: 1.1ms
[2020-04-16T21:58:10.804+0900][gc,phases    ] GC(0)   Other: 2.1ms
[2020-04-16T21:58:10.804+0900][gc,heap      ] GC(0) Eden regions: 51->0(44)
[2020-04-16T21:58:10.804+0900][gc,heap      ] GC(0) Survivor regions: 0->7(7)
[2020-04-16T21:58:10.804+0900][gc,heap      ] GC(0) Old regions: 0->0
[2020-04-16T21:58:10.804+0900][gc,heap      ] GC(0) Humongous regions: 0->0
[2020-04-16T21:58:10.804+0900][gc,metaspace ] GC(0) Metaspace: 17064K->17064K(1064960K)
[2020-04-16T21:58:10.804+0900][gc           ] GC(0) Pause Young (Normal) (G1 Evacuation Pause) 51M->6M(1024M) 11.984ms
[2020-04-16T21:58:10.804+0900][gc,cpu       ] GC(0) User=0.08s Sys=0.01s Real=0.01s
[2020-04-16T21:58:11.074+0900][gc,start     ] GC(1) Pause Young (Concurrent Start) (Metadata GC Threshold)
[2020-04-16T21:58:11.074+0900][gc,task      ] GC(1) Using 10 workers of 10 for evacuation
[2020-04-16T21:58:11.091+0900][gc,phases    ] GC(1)   Pre Evacuate Collection Set: 0.1ms
[2020-04-16T21:58:11.091+0900][gc,phases    ] GC(1)   Evacuate Collection Set: 15.2ms
[2020-04-16T21:58:11.091+0900][gc,phases    ] GC(1)   Post Evacuate Collection Set: 0.5ms
[2020-04-16T21:58:11.091+0900][gc,phases    ] GC(1)   Other: 0.5ms
[2020-04-16T21:58:11.091+0900][gc,heap      ] GC(1) Eden regions: 13->0(50)
[2020-04-16T21:58:11.091+0900][gc,heap      ] GC(1) Survivor regions: 7->1(7)
[2020-04-16T21:58:11.091+0900][gc,heap      ] GC(1) Old regions: 0->7
[2020-04-16T21:58:11.091+0900][gc,heap      ] GC(1) Humongous regions: 0->0
[2020-04-16T21:58:11.091+0900][gc,metaspace ] GC(1) Metaspace: 20403K->20403K(1067008K)
[2020-04-16T21:58:11.091+0900][gc           ] GC(1) Pause Young (Concurrent Start) (Metadata GC Threshold) 19M->7M(1024M) 16.400ms
[2020-04-16T21:58:11.091+0900][gc,cpu       ] GC(1) User=0.06s Sys=0.00s Real=0.02s
[2020-04-16T21:58:11.091+0900][gc           ] GC(2) Concurrent Cycle
[2020-04-16T21:58:11.091+0900][gc,marking   ] GC(2) Concurrent Clear Claimed Marks
[2020-04-16T21:58:11.091+0900][gc,marking   ] GC(2) Concurrent Clear Claimed Marks 0.041ms
[2020-04-16T21:58:11.091+0900][gc,marking   ] GC(2) Concurrent Scan Root Regions
[2020-04-16T21:58:11.092+0900][gc,marking   ] GC(2) Concurrent Scan Root Regions 0.828ms
[2020-04-16T21:58:11.092+0900][gc,marking   ] GC(2) Concurrent Mark (1.651s)
[2020-04-16T21:58:11.092+0900][gc,marking   ] GC(2) Concurrent Mark From Roots
[2020-04-16T21:58:11.092+0900][gc,task      ] GC(2) Using 3 workers of 3 for marking
[2020-04-16T21:58:11.103+0900][gc,marking   ] GC(2) Concurrent Mark From Roots 10.916ms
[2020-04-16T21:58:11.103+0900][gc,marking   ] GC(2) Concurrent Preclean
[2020-04-16T21:58:11.103+0900][gc,marking   ] GC(2) Concurrent Preclean 0.305ms
[2020-04-16T21:58:11.103+0900][gc,marking   ] GC(2) Concurrent Mark (1.651s, 1.662s) 11.308ms
[2020-04-16T21:58:11.103+0900][gc,start     ] GC(2) Pause Remark
[2020-04-16T21:58:11.105+0900][gc,stringtable] GC(2) Cleaned string and symbol table, strings: 8884 processed, 0 removed, symbols: 49620 processed, 52 removed
[2020-04-16T21:58:11.105+0900][gc            ] GC(2) Pause Remark 7M->7M(1024M) 1.643ms
[2020-04-16T21:58:11.105+0900][gc,cpu        ] GC(2) User=0.00s Sys=0.00s Real=0.00s
[2020-04-16T21:58:11.105+0900][gc,marking    ] GC(2) Concurrent Rebuild Remembered Sets
[2020-04-16T21:58:11.108+0900][gc,marking    ] GC(2) Concurrent Rebuild Remembered Sets 3.373ms
[2020-04-16T21:58:11.108+0900][gc,start      ] GC(2) Pause Cleanup
[2020-04-16T21:58:11.109+0900][gc            ] GC(2) Pause Cleanup 7M->7M(1024M) 0.260ms
[2020-04-16T21:58:11.109+0900][gc,cpu        ] GC(2) User=0.00s Sys=0.00s Real=0.00s
[2020-04-16T21:58:11.109+0900][gc,marking    ] GC(2) Concurrent Cleanup for Next Mark
[2020-04-16T21:58:11.113+0900][gc,marking    ] GC(2) Concurrent Cleanup for Next Mark 3.966ms
[2020-04-16T21:58:11.113+0900][gc            ] GC(2) Concurrent Cycle 22.046ms
[2020-04-16T21:58:41.202+0900][gc,start      ] GC(3) Pause Young (Normal) (GCLocker Initiated GC)
[2020-04-16T21:58:41.203+0900][gc,task       ] GC(3) Using 10 workers of 10 for evacuation
[2020-04-16T21:58:41.209+0900][gc,phases     ] GC(3)   Pre Evacuate Collection Set: 0.0ms
[2020-04-16T21:58:41.209+0900][gc,phases     ] GC(3)   Evacuate Collection Set: 5.2ms
[2020-04-16T21:58:41.209+0900][gc,phases     ] GC(3)   Post Evacuate Collection Set: 1.1ms
[2020-04-16T21:58:41.209+0900][gc,phases     ] GC(3)   Other: 0.4ms
[2020-04-16T21:58:41.209+0900][gc,heap       ] GC(3) Eden regions: 51->0(46)
[2020-04-16T21:58:41.209+0900][gc,heap       ] GC(3) Survivor regions: 1->5(7)
[2020-04-16T21:58:41.209+0900][gc,heap       ] GC(3) Old regions: 7->7
[2020-04-16T21:58:41.209+0900][gc,heap       ] GC(3) Humongous regions: 129->129
[2020-04-16T21:58:41.209+0900][gc,metaspace  ] GC(3) Metaspace: 30352K->30352K(1077248K)
[2020-04-16T21:58:41.209+0900][gc            ] GC(3) Pause Young (Normal) (GCLocker Initiated GC) 186M->140M(1024M) 6.960ms
[2020-04-16T21:58:41.209+0900][gc,cpu        ] GC(3) User=0.05s Sys=0.01s Real=0.01s
[2020-04-16T22:01:21.955+0900][gc,start      ] GC(4) Pause Young (Normal) (G1 Evacuation Pause)
[2020-04-16T22:01:21.955+0900][gc,task       ] GC(4) Using 10 workers of 10 for evacuation
[2020-04-16T22:01:21.964+0900][gc,phases     ] GC(4)   Pre Evacuate Collection Set: 0.0ms
[2020-04-16T22:01:21.964+0900][gc,phases     ] GC(4)   Evacuate Collection Set: 7.7ms
[2020-04-16T22:01:21.965+0900][gc,phases     ] GC(4)   Post Evacuate Collection Set: 1.0ms
[2020-04-16T22:01:21.965+0900][gc,phases     ] GC(4)   Other: 0.4ms
[2020-04-16T22:01:21.965+0900][gc,heap       ] GC(4) Eden regions: 46->0(49)
[2020-04-16T22:01:21.965+0900][gc,heap       ] GC(4) Survivor regions: 5->2(7)
[2020-04-16T22:01:21.965+0900][gc,heap       ] GC(4) Old regions: 7->12
[2020-04-16T22:01:21.965+0900][gc,heap       ] GC(4) Humongous regions: 129->129
[2020-04-16T22:01:21.965+0900][gc,metaspace  ] GC(4) Metaspace: 32375K->32375K(1079296K)
[2020-04-16T22:01:21.965+0900][gc            ] GC(4) Pause Young (Normal) (G1 Evacuation Pause) 186M->141M(1024M) 9.410ms
[2020-04-16T22:01:21.965+0900][gc,cpu        ] GC(4) User=0.07s Sys=0.01s Real=0.01s
[2020-04-16T22:03:43.934+0900][gc,start      ] GC(5) Pause Young (Normal) (G1 Evacuation Pause)
[2020-04-16T22:03:43.934+0900][gc,task       ] GC(5) Using 10 workers of 10 for evacuation
[2020-04-16T22:03:43.939+0900][gc,phases     ] GC(5)   Pre Evacuate Collection Set: 0.0ms
[2020-04-16T22:03:43.939+0900][gc,phases     ] GC(5)   Evacuate Collection Set: 3.7ms
[2020-04-16T22:03:43.939+0900][gc,phases     ] GC(5)   Post Evacuate Collection Set: 0.8ms
[2020-04-16T22:03:43.939+0900][gc,phases     ] GC(5)   Other: 0.4ms
[2020-04-16T22:03:43.939+0900][gc,heap       ] GC(5) Eden regions: 49->0(49)
[2020-04-16T22:03:43.939+0900][gc,heap       ] GC(5) Survivor regions: 2->2(7)
[2020-04-16T22:03:43.939+0900][gc,heap       ] GC(5) Old regions: 12->12
[2020-04-16T22:03:43.939+0900][gc,heap       ] GC(5) Humongous regions: 129->129
[2020-04-16T22:03:43.939+0900][gc,metaspace  ] GC(5) Metaspace: 33205K->33205K(1079296K)
[2020-04-16T22:03:43.939+0900][gc            ] GC(5) Pause Young (Normal) (G1 Evacuation Pause) 190M->141M(1024M) 5.184ms
[2020-04-16T22:03:43.939+0900][gc,cpu        ] GC(5) User=0.03s Sys=0.00s Real=0.01s
[2020-04-16T22:06:13.154+0900][gc,start      ] GC(6) Pause Young (Normal) (G1 Evacuation Pause)
[2020-04-16T22:06:13.154+0900][gc,task       ] GC(6) Using 10 workers of 10 for evacuation
[2020-04-16T22:06:13.161+0900][gc,phases     ] GC(6)   Pre Evacuate Collection Set: 0.0ms
[2020-04-16T22:06:13.161+0900][gc,phases     ] GC(6)   Evacuate Collection Set: 6.3ms
[2020-04-16T22:06:13.161+0900][gc,phases     ] GC(6)   Post Evacuate Collection Set: 0.7ms
[2020-04-16T22:06:13.161+0900][gc,phases     ] GC(6)   Other: 0.4ms
[2020-04-16T22:06:13.161+0900][gc,heap       ] GC(6) Eden regions: 49->0(48)
[2020-04-16T22:06:13.161+0900][gc,heap       ] GC(6) Survivor regions: 2->3(7)
[2020-04-16T22:06:13.161+0900][gc,heap       ] GC(6) Old regions: 12->12
[2020-04-16T22:06:13.161+0900][gc,heap       ] GC(6) Humongous regions: 129->129
[2020-04-16T22:06:13.161+0900][gc,metaspace  ] GC(6) Metaspace: 33384K->33384K(1079296K)
[2020-04-16T22:06:13.161+0900][gc            ] GC(6) Pause Young (Normal) (G1 Evacuation Pause) 190M->142M(1024M) 7.730ms
[2020-04-16T22:06:13.161+0900][gc,cpu        ] GC(6) User=0.06s Sys=0.00s Real=0.01s
[2020-04-16T22:08:31.972+0900][gc,start      ] GC(7) Pause Young (Normal) (G1 Evacuation Pause)
[2020-04-16T22:08:31.972+0900][gc,task       ] GC(7) Using 10 workers of 10 for evacuation
[2020-04-16T22:08:31.978+0900][gc,phases     ] GC(7)   Pre Evacuate Collection Set: 0.0ms
[2020-04-16T22:08:31.978+0900][gc,phases     ] GC(7)   Evacuate Collection Set: 5.4ms
[2020-04-16T22:08:31.978+0900][gc,phases     ] GC(7)   Post Evacuate Collection Set: 0.6ms
[2020-04-16T22:08:31.978+0900][gc,phases     ] GC(7)   Other: 0.4ms
[2020-04-16T22:08:31.978+0900][gc,heap       ] GC(7) Eden regions: 48->0(48)
[2020-04-16T22:08:31.978+0900][gc,heap       ] GC(7) Survivor regions: 3->3(7)
[2020-04-16T22:08:31.978+0900][gc,heap       ] GC(7) Old regions: 12->12
[2020-04-16T22:08:31.979+0900][gc,heap       ] GC(7) Humongous regions: 129->129
[2020-04-16T22:08:31.979+0900][gc,metaspace  ] GC(7) Metaspace: 33421K->33421K(1079296K)
[2020-04-16T22:08:31.979+0900][gc            ] GC(7) Pause Young (Normal) (G1 Evacuation Pause) 190M->142M(1024M) 6.606ms
[2020-04-16T22:08:31.979+0900][gc,cpu        ] GC(7) User=0.06s Sys=0.00s Real=0.01s
[2020-04-16T22:10:52.661+0900][gc,start      ] GC(8) Pause Young (Normal) (G1 Evacuation Pause)
[2020-04-16T22:10:52.661+0900][gc,task       ] GC(8) Using 10 workers of 10 for evacuation
[2020-04-16T22:10:52.669+0900][gc,phases     ] GC(8)   Pre Evacuate Collection Set: 0.0ms
[2020-04-16T22:10:52.669+0900][gc,phases     ] GC(8)   Evacuate Collection Set: 6.3ms
[2020-04-16T22:10:52.669+0900][gc,phases     ] GC(8)   Post Evacuate Collection Set: 0.7ms
[2020-04-16T22:10:52.669+0900][gc,phases     ] GC(8)   Other: 0.4ms
[2020-04-16T22:10:52.669+0900][gc,heap       ] GC(8) Eden regions: 48->0(52)
[2020-04-16T22:10:52.669+0900][gc,heap       ] GC(8) Survivor regions: 3->3(7)
[2020-04-16T22:10:52.669+0900][gc,heap       ] GC(8) Old regions: 12->12
[2020-04-16T22:10:52.669+0900][gc,heap       ] GC(8) Humongous regions: 129->129
[2020-04-16T22:10:52.669+0900][gc,metaspace  ] GC(8) Metaspace: 33437K->33437K(1079296K)
[2020-04-16T22:10:52.669+0900][gc            ] GC(8) Pause Young (Normal) (G1 Evacuation Pause) 190M->142M(1024M) 7.573ms
[2020-04-16T22:10:52.669+0900][gc,cpu        ] GC(8) User=0.07s Sys=0.00s Real=0.01s
[2020-04-16T22:13:23.014+0900][gc,start      ] GC(9) Pause Young (Normal) (G1 Evacuation Pause)
[2020-04-16T22:13:23.014+0900][gc,task       ] GC(9) Using 10 workers of 10 for evacuation
[2020-04-16T22:13:23.021+0900][gc,phases     ] GC(9)   Pre Evacuate Collection Set: 0.1ms
[2020-04-16T22:13:23.021+0900][gc,phases     ] GC(9)   Evacuate Collection Set: 5.9ms
[2020-04-16T22:13:23.021+0900][gc,phases     ] GC(9)   Post Evacuate Collection Set: 0.9ms
[2020-04-16T22:13:23.021+0900][gc,phases     ] GC(9)   Other: 0.4ms
[2020-04-16T22:13:23.021+0900][gc,heap       ] GC(9) Eden regions: 52->0(104)
[2020-04-16T22:13:23.021+0900][gc,heap       ] GC(9) Survivor regions: 3->3(7)
[2020-04-16T22:13:23.021+0900][gc,heap       ] GC(9) Old regions: 12->12
[2020-04-16T22:13:23.021+0900][gc,heap       ] GC(9) Humongous regions: 129->129
[2020-04-16T22:13:23.021+0900][gc,metaspace  ] GC(9) Metaspace: 33459K->33459K(1079296K)
[2020-04-16T22:13:23.021+0900][gc            ] GC(9) Pause Young (Normal) (G1 Evacuation Pause) 194M->142M(1024M) 7.491ms
[2020-04-16T22:13:23.021+0900][gc,cpu        ] GC(9) User=0.06s Sys=0.01s Real=0.01s
[2020-04-16T22:19:15.076+0900][gc,start      ] GC(10) Pause Young (Normal) (G1 Evacuation Pause)
[2020-04-16T22:19:15.076+0900][gc,task       ] GC(10) Using 10 workers of 10 for evacuation
[2020-04-16T22:19:15.083+0900][gc,phases     ] GC(10)   Pre Evacuate Collection Set: 0.0ms
[2020-04-16T22:19:15.083+0900][gc,phases     ] GC(10)   Evacuate Collection Set: 5.3ms
[2020-04-16T22:19:15.083+0900][gc,phases     ] GC(10)   Post Evacuate Collection Set: 0.9ms
[2020-04-16T22:19:15.083+0900][gc,phases     ] GC(10)   Other: 0.5ms
[2020-04-16T22:19:15.083+0900][gc,heap       ] GC(10) Eden regions: 104->0(114)
[2020-04-16T22:19:15.083+0900][gc,heap       ] GC(10) Survivor regions: 3->3(14)
[2020-04-16T22:19:15.083+0900][gc,heap       ] GC(10) Old regions: 12->12
[2020-04-16T22:19:15.083+0900][gc,heap       ] GC(10) Humongous regions: 129->129
[2020-04-16T22:19:15.083+0900][gc,metaspace  ] GC(10) Metaspace: 33513K->33513K(1079296K)
[2020-04-16T22:19:15.083+0900][gc            ] GC(10) Pause Young (Normal) (G1 Evacuation Pause) 246M->142M(1024M) 6.865ms
[2020-04-16T22:19:15.083+0900][gc,cpu        ] GC(10) User=0.05s Sys=0.00s Real=0.01s
[2020-04-16T22:26:34.643+0900][gc,start      ] GC(11) Pause Young (Normal) (G1 Evacuation Pause)
[2020-04-16T22:26:34.643+0900][gc,task       ] GC(11) Using 10 workers of 10 for evacuation
[2020-04-16T22:26:34.648+0900][gc,phases     ] GC(11)   Pre Evacuate Collection Set: 0.0ms
[2020-04-16T22:26:34.648+0900][gc,phases     ] GC(11)   Evacuate Collection Set: 4.1ms
[2020-04-16T22:26:34.648+0900][gc,phases     ] GC(11)   Post Evacuate Collection Set: 1.1ms
[2020-04-16T22:26:34.648+0900][gc,phases     ] GC(11)   Other: 0.4ms
[2020-04-16T22:26:34.648+0900][gc,heap       ] GC(11) Eden regions: 114->0(133)
[2020-04-16T22:26:34.648+0900][gc,heap       ] GC(11) Survivor regions: 3->3(15)
[2020-04-16T22:26:34.648+0900][gc,heap       ] GC(11) Old regions: 12->12
[2020-04-16T22:26:34.648+0900][gc,heap       ] GC(11) Humongous regions: 129->129
[2020-04-16T22:26:34.648+0900][gc,metaspace  ] GC(11) Metaspace: 33567K->33567K(1079296K)
[2020-04-16T22:26:34.649+0900][gc            ] GC(11) Pause Young (Normal) (G1 Evacuation Pause) 256M->142M(1024M) 5.892ms
[2020-04-16T22:26:34.649+0900][gc,cpu        ] GC(11) User=0.03s Sys=0.01s Real=0.01s
[2020-04-16T22:33:52.199+0900][gc,start      ] GC(12) Pause Young (Normal) (G1 Evacuation Pause)
[2020-04-16T22:33:52.200+0900][gc,task       ] GC(12) Using 10 workers of 10 for evacuation
[2020-04-16T22:33:52.205+0900][gc,phases     ] GC(12)   Pre Evacuate Collection Set: 0.0ms
[2020-04-16T22:33:52.205+0900][gc,phases     ] GC(12)   Evacuate Collection Set: 4.3ms
[2020-04-16T22:33:52.205+0900][gc,phases     ] GC(12)   Post Evacuate Collection Set: 1.0ms
[2020-04-16T22:33:52.205+0900][gc,phases     ] GC(12)   Other: 0.4ms
[2020-04-16T22:33:52.205+0900][gc,heap       ] GC(12) Eden regions: 133->0(611)
[2020-04-16T22:33:52.205+0900][gc,heap       ] GC(12) Survivor regions: 3->3(17)
[2020-04-16T22:33:52.205+0900][gc,heap       ] GC(12) Old regions: 12->12
[2020-04-16T22:33:52.205+0900][gc,heap       ] GC(12) Humongous regions: 129->129
[2020-04-16T22:33:52.205+0900][gc,metaspace  ] GC(12) Metaspace: 33592K->33592K(1079296K)
[2020-04-16T22:33:52.205+0900][gc            ] GC(12) Pause Young (Normal) (G1 Evacuation Pause) 275M->142M(1024M) 6.000ms
[2020-04-16T22:33:52.206+0900][gc,cpu        ] GC(12) User=0.04s Sys=0.00s Real=0.00s
[2020-04-16T22:50:46.898+0900][gc,start      ] GC(13) Pause Young (Concurrent Start) (Metadata GC Threshold)
[2020-04-16T22:50:46.898+0900][gc,task       ] GC(13) Using 10 workers of 10 for evacuation
[2020-04-16T22:50:46.903+0900][gc,phases     ] GC(13)   Pre Evacuate Collection Set: 0.2ms
[2020-04-16T22:50:46.903+0900][gc,phases     ] GC(13)   Evacuate Collection Set: 4.2ms
[2020-04-16T22:50:46.903+0900][gc,phases     ] GC(13)   Post Evacuate Collection Set: 0.8ms
[2020-04-16T22:50:46.904+0900][gc,phases     ] GC(13)   Other: 0.6ms
[2020-04-16T22:50:46.904+0900][gc,heap       ] GC(13) Eden regions: 308->0(408)
[2020-04-16T22:50:46.904+0900][gc,heap       ] GC(13) Survivor regions: 3->3(77)
[2020-04-16T22:50:46.904+0900][gc,heap       ] GC(13) Old regions: 12->12
[2020-04-16T22:50:46.904+0900][gc,heap       ] GC(13) Humongous regions: 129->129
[2020-04-16T22:50:46.904+0900][gc,metaspace  ] GC(13) Metaspace: 33795K->33795K(1079296K)
[2020-04-16T22:50:46.904+0900][gc            ] GC(13) Pause Young (Concurrent Start) (Metadata GC Threshold) 450M->142M(1024M) 5.856ms
[2020-04-16T22:50:46.904+0900][gc,cpu        ] GC(13) User=0.05s Sys=0.00s Real=0.01s
[2020-04-16T22:50:46.904+0900][gc            ] GC(14) Concurrent Cycle
[2020-04-16T22:50:46.904+0900][gc,marking    ] GC(14) Concurrent Clear Claimed Marks
[2020-04-16T22:50:46.904+0900][gc,marking    ] GC(14) Concurrent Clear Claimed Marks 0.157ms
[2020-04-16T22:50:46.904+0900][gc,marking    ] GC(14) Concurrent Scan Root Regions
[2020-04-16T22:50:46.906+0900][gc,marking    ] GC(14) Concurrent Scan Root Regions 1.947ms
[2020-04-16T22:50:46.906+0900][gc,marking    ] GC(14) Concurrent Mark (3157.465s)
[2020-04-16T22:50:46.906+0900][gc,marking    ] GC(14) Concurrent Mark From Roots
[2020-04-16T22:50:46.906+0900][gc,task       ] GC(14) Using 3 workers of 3 for marking
[2020-04-16T22:50:46.918+0900][gc,marking    ] GC(14) Concurrent Mark From Roots 11.696ms
[2020-04-16T22:50:46.918+0900][gc,marking    ] GC(14) Concurrent Preclean
[2020-04-16T22:50:46.918+0900][gc,marking    ] GC(14) Concurrent Preclean 0.439ms
[2020-04-16T22:50:46.918+0900][gc,marking    ] GC(14) Concurrent Mark (3157.465s, 3157.477s) 12.214ms
[2020-04-16T22:50:46.918+0900][gc,start      ] GC(14) Pause Remark
[2020-04-16T22:50:46.924+0900][gc,stringtable] GC(14) Cleaned string and symbol table, strings: 13905 processed, 291 removed, symbols: 71072 processed, 14 removed
[2020-04-16T22:50:46.925+0900][gc            ] GC(14) Pause Remark 142M->142M(1024M) 6.450ms
[2020-04-16T22:50:46.925+0900][gc,cpu        ] GC(14) User=0.06s Sys=0.00s Real=0.01s
[2020-04-16T22:50:46.925+0900][gc,marking    ] GC(14) Concurrent Rebuild Remembered Sets
[2020-04-16T22:50:46.931+0900][gc,marking    ] GC(14) Concurrent Rebuild Remembered Sets 6.144ms
[2020-04-16T22:50:46.931+0900][gc,start      ] GC(14) Pause Cleanup
[2020-04-16T22:50:46.931+0900][gc            ] GC(14) Pause Cleanup 142M->142M(1024M) 0.215ms
[2020-04-16T22:50:46.931+0900][gc,cpu        ] GC(14) User=0.00s Sys=0.00s Real=0.00s
[2020-04-16T22:50:46.931+0900][gc,marking    ] GC(14) Concurrent Cleanup for Next Mark
[2020-04-16T22:50:46.936+0900][gc,marking    ] GC(14) Concurrent Cleanup for Next Mark 4.235ms
[2020-04-16T22:50:46.936+0900][gc            ] GC(14) Concurrent Cycle 32.090ms
[2020-04-16T23:10:09.951+0900][gc,start      ] GC(15) Pause Young (Normal) (G1 Evacuation Pause)
[2020-04-16T23:10:09.951+0900][gc,task       ] GC(15) Using 10 workers of 10 for evacuation
[2020-04-16T23:10:09.961+0900][gc,phases     ] GC(15)   Pre Evacuate Collection Set: 0.0ms
[2020-04-16T23:10:09.961+0900][gc,phases     ] GC(15)   Evacuate Collection Set: 8.4ms
[2020-04-16T23:10:09.961+0900][gc,phases     ] GC(15)   Post Evacuate Collection Set: 1.3ms
[2020-04-16T23:10:09.961+0900][gc,phases     ] GC(15)   Other: 0.6ms
[2020-04-16T23:10:09.961+0900][gc,heap       ] GC(15) Eden regions: 374->0(545)
[2020-04-16T23:10:09.961+0900][gc,heap       ] GC(15) Survivor regions: 3->3(48)
[2020-04-16T23:10:09.961+0900][gc,heap       ] GC(15) Old regions: 12->12
[2020-04-16T23:10:09.961+0900][gc,heap       ] GC(15) Humongous regions: 129->129
[2020-04-16T23:10:09.961+0900][gc,metaspace  ] GC(15) Metaspace: 33786K->33786K(1079296K)
[2020-04-16T23:10:09.961+0900][gc            ] GC(15) Pause Young (Normal) (G1 Evacuation Pause) 516M->142M(1024M) 10.593ms
[2020-04-16T23:10:09.961+0900][gc,cpu        ] GC(15) User=0.09s Sys=0.00s Real=0.01s
[2020-04-16T23:39:01.955+0900][gc,start      ] GC(16) Pause Young (Normal) (G1 Evacuation Pause)
[2020-04-16T23:39:01.955+0900][gc,task       ] GC(16) Using 10 workers of 10 for evacuation
[2020-04-16T23:39:01.963+0900][gc,phases     ] GC(16)   Pre Evacuate Collection Set: 0.0ms
[2020-04-16T23:39:01.963+0900][gc,phases     ] GC(16)   Evacuate Collection Set: 6.0ms
[2020-04-16T23:39:01.963+0900][gc,phases     ] GC(16)   Post Evacuate Collection Set: 1.5ms
[2020-04-16T23:39:01.963+0900][gc,phases     ] GC(16)   Other: 0.6ms
[2020-04-16T23:39:01.963+0900][gc,heap       ] GC(16) Eden regions: 545->0(611)
[2020-04-16T23:39:01.963+0900][gc,heap       ] GC(16) Survivor regions: 3->3(69)
[2020-04-16T23:39:01.963+0900][gc,heap       ] GC(16) Old regions: 12->12
[2020-04-16T23:39:01.963+0900][gc,heap       ] GC(16) Humongous regions: 129->129
[2020-04-16T23:39:01.963+0900][gc,metaspace  ] GC(16) Metaspace: 33826K->33826K(1079296K)
[2020-04-16T23:39:01.963+0900][gc            ] GC(16) Pause Young (Normal) (G1 Evacuation Pause) 687M->142M(1024M) 8.417ms
[2020-04-16T23:39:01.963+0900][gc,cpu        ] GC(16) User=0.05s Sys=0.01s Real=0.01s
[2020-04-17T00:11:11.571+0900][gc,start      ] GC(17) Pause Young (Normal) (G1 Evacuation Pause)
[2020-04-17T00:11:11.571+0900][gc,task       ] GC(17) Using 10 workers of 10 for evacuation
[2020-04-17T00:11:11.579+0900][gc,phases     ] GC(17)   Pre Evacuate Collection Set: 0.0ms
[2020-04-17T00:11:11.579+0900][gc,phases     ] GC(17)   Evacuate Collection Set: 5.4ms
[2020-04-17T00:11:11.579+0900][gc,phases     ] GC(17)   Post Evacuate Collection Set: 1.6ms
[2020-04-17T00:11:11.579+0900][gc,phases     ] GC(17)   Other: 0.6ms
[2020-04-17T00:11:11.579+0900][gc,heap       ] GC(17) Eden regions: 611->0(611)
[2020-04-17T00:11:11.579+0900][gc,heap       ] GC(17) Survivor regions: 3->3(77)
[2020-04-17T00:11:11.579+0900][gc,heap       ] GC(17) Old regions: 12->12
[2020-04-17T00:11:11.579+0900][gc,heap       ] GC(17) Humongous regions: 129->129
[2020-04-17T00:11:11.579+0900][gc,metaspace  ] GC(17) Metaspace: 33884K->33884K(1079296K)
[2020-04-17T00:11:11.579+0900][gc            ] GC(17) Pause Young (Normal) (G1 Evacuation Pause) 753M->142M(1024M) 7.877ms
[2020-04-17T00:11:11.579+0900][gc,cpu        ] GC(17) User=0.05s Sys=0.00s Real=0.01s
[2020-04-17T00:43:03.309+0900][gc,start      ] GC(18) Pause Young (Normal) (G1 Evacuation Pause)
[2020-04-17T00:43:03.309+0900][gc,task       ] GC(18) Using 10 workers of 10 for evacuation
[2020-04-17T00:43:03.318+0900][gc,phases     ] GC(18)   Pre Evacuate Collection Set: 0.0ms
[2020-04-17T00:43:03.319+0900][gc,phases     ] GC(18)   Evacuate Collection Set: 7.5ms
[2020-04-17T00:43:03.319+0900][gc,phases     ] GC(18)   Post Evacuate Collection Set: 1.6ms
[2020-04-17T00:43:03.319+0900][gc,phases     ] GC(18)   Other: 0.4ms
[2020-04-17T00:43:03.319+0900][gc,heap       ] GC(18) Eden regions: 611->0(611)
[2020-04-17T00:43:03.319+0900][gc,heap       ] GC(18) Survivor regions: 3->3(77)
[2020-04-17T00:43:03.319+0900][gc,heap       ] GC(18) Old regions: 12->12
[2020-04-17T00:43:03.319+0900][gc,heap       ] GC(18) Humongous regions: 129->129
[2020-04-17T00:43:03.319+0900][gc,metaspace  ] GC(18) Metaspace: 33906K->33906K(1079296K)
[2020-04-17T00:43:03.319+0900][gc            ] GC(18) Pause Young (Normal) (G1 Evacuation Pause) 753M->142M(1024M) 9.714ms
[2020-04-17T00:43:03.319+0900][gc,cpu        ] GC(18) User=0.07s Sys=0.00s Real=0.01s
[2020-04-17T01:14:26.582+0900][gc,start      ] GC(19) Pause Young (Normal) (G1 Evacuation Pause)
[2020-04-17T01:14:26.582+0900][gc,task       ] GC(19) Using 10 workers of 10 for evacuation
[2020-04-17T01:14:26.589+0900][gc,phases     ] GC(19)   Pre Evacuate Collection Set: 0.0ms
[2020-04-17T01:14:26.589+0900][gc,phases     ] GC(19)   Evacuate Collection Set: 5.3ms
[2020-04-17T01:14:26.589+0900][gc,phases     ] GC(19)   Post Evacuate Collection Set: 1.4ms
[2020-04-17T01:14:26.589+0900][gc,phases     ] GC(19)   Other: 0.5ms
[2020-04-17T01:14:26.589+0900][gc,heap       ] GC(19) Eden regions: 611->0(611)
[2020-04-17T01:14:26.589+0900][gc,heap       ] GC(19) Survivor regions: 3->3(77)
[2020-04-17T01:14:26.589+0900][gc,heap       ] GC(19) Old regions: 12->12
[2020-04-17T01:14:26.589+0900][gc,heap       ] GC(19) Humongous regions: 129->129
[2020-04-17T01:14:26.589+0900][gc,metaspace  ] GC(19) Metaspace: 33971K->33971K(1079296K)
[2020-04-17T01:14:26.589+0900][gc            ] GC(19) Pause Young (Normal) (G1 Evacuation Pause) 753M->142M(1024M) 7.373ms
[2020-04-17T01:14:26.589+0900][gc,cpu        ] GC(19) User=0.06s Sys=0.00s Real=0.01s
[2020-04-17T01:45:58.689+0900][gc,start      ] GC(20) Pause Young (Normal) (G1 Evacuation Pause)
[2020-04-17T01:45:58.689+0900][gc,task       ] GC(20) Using 10 workers of 10 for evacuation
[2020-04-17T01:45:58.696+0900][gc,phases     ] GC(20)   Pre Evacuate Collection Set: 0.0ms
[2020-04-17T01:45:58.696+0900][gc,phases     ] GC(20)   Evacuate Collection Set: 4.6ms
[2020-04-17T01:45:58.696+0900][gc,phases     ] GC(20)   Post Evacuate Collection Set: 1.3ms
[2020-04-17T01:45:58.696+0900][gc,phases     ] GC(20)   Other: 0.4ms
[2020-04-17T01:45:58.696+0900][gc,heap       ] GC(20) Eden regions: 611->0(611)
[2020-04-17T01:45:58.696+0900][gc,heap       ] GC(20) Survivor regions: 3->3(77)
[2020-04-17T01:45:58.696+0900][gc,heap       ] GC(20) Old regions: 12->12
[2020-04-17T01:45:58.696+0900][gc,heap       ] GC(20) Humongous regions: 129->129
[2020-04-17T01:45:58.696+0900][gc,metaspace  ] GC(20) Metaspace: 33990K->33990K(1079296K)
[2020-04-17T01:45:58.696+0900][gc            ] GC(20) Pause Young (Normal) (G1 Evacuation Pause) 753M->142M(1024M) 6.606ms
[2020-04-17T01:45:58.696+0900][gc,cpu        ] GC(20) User=0.04s Sys=0.00s Real=0.00s
[2020-04-17T02:17:14.723+0900][gc,start      ] GC(21) Pause Young (Normal) (G1 Evacuation Pause)
[2020-04-17T02:17:14.723+0900][gc,task       ] GC(21) Using 10 workers of 10 for evacuation
[2020-04-17T02:17:14.729+0900][gc,phases     ] GC(21)   Pre Evacuate Collection Set: 0.0ms
[2020-04-17T02:17:14.729+0900][gc,phases     ] GC(21)   Evacuate Collection Set: 4.2ms
[2020-04-17T02:17:14.729+0900][gc,phases     ] GC(21)   Post Evacuate Collection Set: 1.3ms
[2020-04-17T02:17:14.729+0900][gc,phases     ] GC(21)   Other: 0.6ms
[2020-04-17T02:17:14.729+0900][gc,heap       ] GC(21) Eden regions: 611->0(611)
[2020-04-17T02:17:14.729+0900][gc,heap       ] GC(21) Survivor regions: 3->3(77)
[2020-04-17T02:17:14.729+0900][gc,heap       ] GC(21) Old regions: 12->12
[2020-04-17T02:17:14.729+0900][gc,heap       ] GC(21) Humongous regions: 129->129
[2020-04-17T02:17:14.729+0900][gc,metaspace  ] GC(21) Metaspace: 34037K->34037K(1079296K)
[2020-04-17T02:17:14.729+0900][gc            ] GC(21) Pause Young (Normal) (G1 Evacuation Pause) 753M->142M(1024M) 6.401ms
[2020-04-17T02:17:14.729+0900][gc,cpu        ] GC(21) User=0.05s Sys=0.00s Real=0.01s
[2020-04-17T02:48:38.116+0900][gc,start      ] GC(22) Pause Young (Normal) (G1 Evacuation Pause)
[2020-04-17T02:48:38.116+0900][gc,task       ] GC(22) Using 10 workers of 10 for evacuation
[2020-04-17T02:48:38.121+0900][gc,phases     ] GC(22)   Pre Evacuate Collection Set: 0.0ms
[2020-04-17T02:48:38.121+0900][gc,phases     ] GC(22)   Evacuate Collection Set: 3.3ms
[2020-04-17T02:48:38.121+0900][gc,phases     ] GC(22)   Post Evacuate Collection Set: 1.3ms
[2020-04-17T02:48:38.121+0900][gc,phases     ] GC(22)   Other: 0.5ms
[2020-04-17T02:48:38.121+0900][gc,heap       ] GC(22) Eden regions: 611->0(611)
[2020-04-17T02:48:38.121+0900][gc,heap       ] GC(22) Survivor regions: 3->3(77)
[2020-04-17T02:48:38.121+0900][gc,heap       ] GC(22) Old regions: 12->12
[2020-04-17T02:48:38.121+0900][gc,heap       ] GC(22) Humongous regions: 129->129
[2020-04-17T02:48:38.121+0900][gc,metaspace  ] GC(22) Metaspace: 34038K->34038K(1079296K)
[2020-04-17T02:48:38.122+0900][gc            ] GC(22) Pause Young (Normal) (G1 Evacuation Pause) 753M->142M(1024M) 5.398ms
[2020-04-17T02:48:38.122+0900][gc,cpu        ] GC(22) User=0.03s Sys=0.00s Real=0.01s
[2020-04-17T03:20:00.931+0900][gc,start      ] GC(23) Pause Young (Normal) (G1 Evacuation Pause)
[2020-04-17T03:20:00.932+0900][gc,task       ] GC(23) Using 10 workers of 10 for evacuation
[2020-04-17T03:20:00.937+0900][gc,phases     ] GC(23)   Pre Evacuate Collection Set: 0.0ms
[2020-04-17T03:20:00.937+0900][gc,phases     ] GC(23)   Evacuate Collection Set: 3.5ms
[2020-04-17T03:20:00.937+0900][gc,phases     ] GC(23)   Post Evacuate Collection Set: 1.2ms
[2020-04-17T03:20:00.937+0900][gc,phases     ] GC(23)   Other: 0.5ms
[2020-04-17T03:20:00.937+0900][gc,heap       ] GC(23) Eden regions: 611->0(611)
[2020-04-17T03:20:00.937+0900][gc,heap       ] GC(23) Survivor regions: 3->3(77)
[2020-04-17T03:20:00.937+0900][gc,heap       ] GC(23) Old regions: 12->12
[2020-04-17T03:20:00.937+0900][gc,heap       ] GC(23) Humongous regions: 129->129
[2020-04-17T03:20:00.937+0900][gc,metaspace  ] GC(23) Metaspace: 34054K->34054K(1079296K)
[2020-04-17T03:20:00.937+0900][gc            ] GC(23) Pause Young (Normal) (G1 Evacuation Pause) 753M->143M(1024M) 5.590ms
[2020-04-17T03:20:00.937+0900][gc,cpu        ] GC(23) User=0.04s Sys=0.00s Real=0.00s
[2020-04-17T03:51:34.210+0900][gc,start      ] GC(24) Pause Young (Normal) (G1 Evacuation Pause)
[2020-04-17T03:51:34.211+0900][gc,task       ] GC(24) Using 10 workers of 10 for evacuation
[2020-04-17T03:51:34.216+0900][gc,phases     ] GC(24)   Pre Evacuate Collection Set: 0.0ms
[2020-04-17T03:51:34.216+0900][gc,phases     ] GC(24)   Evacuate Collection Set: 3.4ms
[2020-04-17T03:51:34.216+0900][gc,phases     ] GC(24)   Post Evacuate Collection Set: 1.5ms
[2020-04-17T03:51:34.216+0900][gc,phases     ] GC(24)   Other: 0.6ms
[2020-04-17T03:51:34.216+0900][gc,heap       ] GC(24) Eden regions: 611->0(611)
[2020-04-17T03:51:34.216+0900][gc,heap       ] GC(24) Survivor regions: 3->3(77)
[2020-04-17T03:51:34.216+0900][gc,heap       ] GC(24) Old regions: 12->12
[2020-04-17T03:51:34.216+0900][gc,heap       ] GC(24) Humongous regions: 129->129
[2020-04-17T03:51:34.216+0900][gc,metaspace  ] GC(24) Metaspace: 34056K->34056K(1079296K)
[2020-04-17T03:51:34.216+0900][gc            ] GC(24) Pause Young (Normal) (G1 Evacuation Pause) 754M->142M(1024M) 5.816ms
[2020-04-17T03:51:34.216+0900][gc,cpu        ] GC(24) User=0.02s Sys=0.01s Real=0.00s
[2020-04-17T04:22:51.448+0900][gc,start      ] GC(25) Pause Young (Normal) (G1 Evacuation Pause)
[2020-04-17T04:22:51.448+0900][gc,task       ] GC(25) Using 10 workers of 10 for evacuation
[2020-04-17T04:22:51.453+0900][gc,phases     ] GC(25)   Pre Evacuate Collection Set: 0.0ms
[2020-04-17T04:22:51.454+0900][gc,phases     ] GC(25)   Evacuate Collection Set: 3.4ms
[2020-04-17T04:22:51.454+0900][gc,phases     ] GC(25)   Post Evacuate Collection Set: 1.3ms
[2020-04-17T04:22:51.454+0900][gc,phases     ] GC(25)   Other: 0.5ms
[2020-04-17T04:22:51.454+0900][gc,heap       ] GC(25) Eden regions: 611->0(611)
[2020-04-17T04:22:51.454+0900][gc,heap       ] GC(25) Survivor regions: 3->3(77)
[2020-04-17T04:22:51.454+0900][gc,heap       ] GC(25) Old regions: 12->12
[2020-04-17T04:22:51.454+0900][gc,heap       ] GC(25) Humongous regions: 129->129
[2020-04-17T04:22:51.454+0900][gc,metaspace  ] GC(25) Metaspace: 34068K->34068K(1079296K)
[2020-04-17T04:22:51.454+0900][gc            ] GC(25) Pause Young (Normal) (G1 Evacuation Pause) 753M->142M(1024M) 5.556ms
[2020-04-17T04:22:51.454+0900][gc,cpu        ] GC(25) User=0.04s Sys=0.00s Real=0.00s
[2020-04-17T04:54:21.955+0900][gc,start      ] GC(26) Pause Young (Normal) (G1 Evacuation Pause)
[2020-04-17T04:54:21.955+0900][gc,task       ] GC(26) Using 10 workers of 10 for evacuation
[2020-04-17T04:54:21.961+0900][gc,phases     ] GC(26)   Pre Evacuate Collection Set: 0.0ms
[2020-04-17T04:54:21.961+0900][gc,phases     ] GC(26)   Evacuate Collection Set: 3.6ms
[2020-04-17T04:54:21.961+0900][gc,phases     ] GC(26)   Post Evacuate Collection Set: 1.5ms
[2020-04-17T04:54:21.961+0900][gc,phases     ] GC(26)   Other: 0.6ms
[2020-04-17T04:54:21.961+0900][gc,heap       ] GC(26) Eden regions: 611->0(611)
[2020-04-17T04:54:21.961+0900][gc,heap       ] GC(26) Survivor regions: 3->3(77)
[2020-04-17T04:54:21.961+0900][gc,heap       ] GC(26) Old regions: 12->12
[2020-04-17T04:54:21.961+0900][gc,heap       ] GC(26) Humongous regions: 129->129
[2020-04-17T04:54:21.961+0900][gc,metaspace  ] GC(26) Metaspace: 34107K->34107K(1079296K)
[2020-04-17T04:54:21.961+0900][gc            ] GC(26) Pause Young (Normal) (G1 Evacuation Pause) 753M->142M(1024M) 5.941ms
[2020-04-17T04:54:21.961+0900][gc,cpu        ] GC(26) User=0.04s Sys=0.00s Real=0.01s
[2020-04-17T05:25:40.622+0900][gc,start      ] GC(27) Pause Young (Normal) (G1 Evacuation Pause)
[2020-04-17T05:25:40.622+0900][gc,task       ] GC(27) Using 10 workers of 10 for evacuation
[2020-04-17T05:25:40.627+0900][gc,phases     ] GC(27)   Pre Evacuate Collection Set: 0.0ms
[2020-04-17T05:25:40.627+0900][gc,phases     ] GC(27)   Evacuate Collection Set: 3.0ms
[2020-04-17T05:25:40.627+0900][gc,phases     ] GC(27)   Post Evacuate Collection Set: 1.4ms
[2020-04-17T05:25:40.627+0900][gc,phases     ] GC(27)   Other: 0.5ms
[2020-04-17T05:25:40.627+0900][gc,heap       ] GC(27) Eden regions: 611->0(611)
[2020-04-17T05:25:40.627+0900][gc,heap       ] GC(27) Survivor regions: 3->3(77)
[2020-04-17T05:25:40.627+0900][gc,heap       ] GC(27) Old regions: 12->12
[2020-04-17T05:25:40.627+0900][gc,heap       ] GC(27) Humongous regions: 129->129
[2020-04-17T05:25:40.627+0900][gc,metaspace  ] GC(27) Metaspace: 34114K->34114K(1079296K)
[2020-04-17T05:25:40.627+0900][gc            ] GC(27) Pause Young (Normal) (G1 Evacuation Pause) 753M->142M(1024M) 5.186ms
[2020-04-17T05:25:40.627+0900][gc,cpu        ] GC(27) User=0.03s Sys=0.00s Real=0.01s
[2020-04-17T05:57:01.522+0900][gc,start      ] GC(28) Pause Young (Normal) (G1 Evacuation Pause)
[2020-04-17T05:57:01.522+0900][gc,task       ] GC(28) Using 10 workers of 10 for evacuation
[2020-04-17T05:57:01.527+0900][gc,phases     ] GC(28)   Pre Evacuate Collection Set: 0.0ms
[2020-04-17T05:57:01.527+0900][gc,phases     ] GC(28)   Evacuate Collection Set: 3.0ms
[2020-04-17T05:57:01.527+0900][gc,phases     ] GC(28)   Post Evacuate Collection Set: 1.4ms
[2020-04-17T05:57:01.527+0900][gc,phases     ] GC(28)   Other: 0.5ms
[2020-04-17T05:57:01.527+0900][gc,heap       ] GC(28) Eden regions: 611->0(611)
[2020-04-17T05:57:01.527+0900][gc,heap       ] GC(28) Survivor regions: 3->3(77)
[2020-04-17T05:57:01.527+0900][gc,heap       ] GC(28) Old regions: 12->12
[2020-04-17T05:57:01.527+0900][gc,heap       ] GC(28) Humongous regions: 129->129
[2020-04-17T05:57:01.527+0900][gc,metaspace  ] GC(28) Metaspace: 34119K->34119K(1079296K)
[2020-04-17T05:57:01.527+0900][gc            ] GC(28) Pause Young (Normal) (G1 Evacuation Pause) 753M->142M(1024M) 5.259ms
[2020-04-17T05:57:01.527+0900][gc,cpu        ] GC(28) User=0.03s Sys=0.00s Real=0.01s
[2020-04-17T06:28:11.641+0900][gc,start      ] GC(29) Pause Young (Normal) (G1 Evacuation Pause)
[2020-04-17T06:28:11.641+0900][gc,task       ] GC(29) Using 10 workers of 10 for evacuation
[2020-04-17T06:28:11.646+0900][gc,phases     ] GC(29)   Pre Evacuate Collection Set: 0.0ms
[2020-04-17T06:28:11.646+0900][gc,phases     ] GC(29)   Evacuate Collection Set: 3.5ms
[2020-04-17T06:28:11.646+0900][gc,phases     ] GC(29)   Post Evacuate Collection Set: 1.1ms
[2020-04-17T06:28:11.646+0900][gc,phases     ] GC(29)   Other: 0.5ms
[2020-04-17T06:28:11.646+0900][gc,heap       ] GC(29) Eden regions: 611->0(611)
[2020-04-17T06:28:11.646+0900][gc,heap       ] GC(29) Survivor regions: 3->3(77)
[2020-04-17T06:28:11.646+0900][gc,heap       ] GC(29) Old regions: 12->12
[2020-04-17T06:28:11.646+0900][gc,heap       ] GC(29) Humongous regions: 129->129
[2020-04-17T06:28:11.646+0900][gc,metaspace  ] GC(29) Metaspace: 34137K->34137K(1079296K)
[2020-04-17T06:28:11.646+0900][gc            ] GC(29) Pause Young (Normal) (G1 Evacuation Pause) 753M->142M(1024M) 5.391ms
[2020-04-17T06:28:11.646+0900][gc,cpu        ] GC(29) User=0.04s Sys=0.00s Real=0.00s
[2020-04-17T06:59:09.402+0900][gc,start      ] GC(30) Pause Young (Normal) (G1 Evacuation Pause)
[2020-04-17T06:59:09.402+0900][gc,task       ] GC(30) Using 10 workers of 10 for evacuation
[2020-04-17T06:59:09.406+0900][gc,phases     ] GC(30)   Pre Evacuate Collection Set: 0.0ms
[2020-04-17T06:59:09.407+0900][gc,phases     ] GC(30)   Evacuate Collection Set: 2.9ms
[2020-04-17T06:59:09.407+0900][gc,phases     ] GC(30)   Post Evacuate Collection Set: 1.5ms
[2020-04-17T06:59:09.407+0900][gc,phases     ] GC(30)   Other: 0.5ms
[2020-04-17T06:59:09.407+0900][gc,heap       ] GC(30) Eden regions: 611->0(612)
[2020-04-17T06:59:09.407+0900][gc,heap       ] GC(30) Survivor regions: 3->2(77)
[2020-04-17T06:59:09.407+0900][gc,heap       ] GC(30) Old regions: 12->12
[2020-04-17T06:59:09.407+0900][gc,heap       ] GC(30) Humongous regions: 129->129
[2020-04-17T06:59:09.407+0900][gc,metaspace  ] GC(30) Metaspace: 34176K->34176K(1079296K)
[2020-04-17T06:59:09.407+0900][gc            ] GC(30) Pause Young (Normal) (G1 Evacuation Pause) 753M->142M(1024M) 5.188ms
[2020-04-17T06:59:09.407+0900][gc,cpu        ] GC(30) User=0.04s Sys=0.00s Real=0.01s
[2020-04-17T07:29:56.681+0900][gc,start      ] GC(31) Pause Young (Normal) (G1 Evacuation Pause)
[2020-04-17T07:29:56.681+0900][gc,task       ] GC(31) Using 10 workers of 10 for evacuation
[2020-04-17T07:29:56.686+0900][gc,phases     ] GC(31)   Pre Evacuate Collection Set: 0.0ms
[2020-04-17T07:29:56.686+0900][gc,phases     ] GC(31)   Evacuate Collection Set: 3.1ms
[2020-04-17T07:29:56.686+0900][gc,phases     ] GC(31)   Post Evacuate Collection Set: 1.1ms
[2020-04-17T07:29:56.686+0900][gc,phases     ] GC(31)   Other: 0.6ms
[2020-04-17T07:29:56.686+0900][gc,heap       ] GC(31) Eden regions: 612->0(611)
[2020-04-17T07:29:56.686+0900][gc,heap       ] GC(31) Survivor regions: 2->3(77)
[2020-04-17T07:29:56.686+0900][gc,heap       ] GC(31) Old regions: 12->12
[2020-04-17T07:29:56.686+0900][gc,heap       ] GC(31) Humongous regions: 129->129
[2020-04-17T07:29:56.686+0900][gc,metaspace  ] GC(31) Metaspace: 34178K->34178K(1079296K)
[2020-04-17T07:29:56.686+0900][gc            ] GC(31) Pause Young (Normal) (G1 Evacuation Pause) 754M->142M(1024M) 5.119ms
[2020-04-17T07:29:56.687+0900][gc,cpu        ] GC(31) User=0.04s Sys=0.00s Real=0.00s
[2020-04-17T08:00:25.769+0900][gc,start      ] GC(32) Pause Young (Normal) (G1 Evacuation Pause)
[2020-04-17T08:00:25.769+0900][gc,task       ] GC(32) Using 10 workers of 10 for evacuation
[2020-04-17T08:00:25.774+0900][gc,phases     ] GC(32)   Pre Evacuate Collection Set: 0.0ms
[2020-04-17T08:00:25.774+0900][gc,phases     ] GC(32)   Evacuate Collection Set: 3.1ms
[2020-04-17T08:00:25.774+0900][gc,phases     ] GC(32)   Post Evacuate Collection Set: 1.5ms
[2020-04-17T08:00:25.775+0900][gc,phases     ] GC(32)   Other: 0.5ms
[2020-04-17T08:00:25.775+0900][gc,heap       ] GC(32) Eden regions: 611->0(611)
[2020-04-17T08:00:25.775+0900][gc,heap       ] GC(32) Survivor regions: 3->3(77)
[2020-04-17T08:00:25.775+0900][gc,heap       ] GC(32) Old regions: 12->12
[2020-04-17T08:00:25.775+0900][gc,heap       ] GC(32) Humongous regions: 129->129
[2020-04-17T08:00:25.775+0900][gc,metaspace  ] GC(32) Metaspace: 34192K->34192K(1081344K)
[2020-04-17T08:00:25.775+0900][gc            ] GC(32) Pause Young (Normal) (G1 Evacuation Pause) 753M->143M(1024M) 5.433ms
[2020-04-17T08:00:25.775+0900][gc,cpu        ] GC(32) User=0.04s Sys=0.00s Real=0.00s
[2020-04-17T08:30:59.042+0900][gc,start      ] GC(33) Pause Young (Normal) (G1 Evacuation Pause)
[2020-04-17T08:30:59.042+0900][gc,task       ] GC(33) Using 10 workers of 10 for evacuation
[2020-04-17T08:30:59.046+0900][gc,phases     ] GC(33)   Pre Evacuate Collection Set: 0.0ms
[2020-04-17T08:30:59.046+0900][gc,phases     ] GC(33)   Evacuate Collection Set: 3.0ms
[2020-04-17T08:30:59.046+0900][gc,phases     ] GC(33)   Post Evacuate Collection Set: 1.0ms
[2020-04-17T08:30:59.046+0900][gc,phases     ] GC(33)   Other: 0.5ms
[2020-04-17T08:30:59.046+0900][gc,heap       ] GC(33) Eden regions: 611->0(611)
[2020-04-17T08:30:59.046+0900][gc,heap       ] GC(33) Survivor regions: 3->3(77)
[2020-04-17T08:30:59.046+0900][gc,heap       ] GC(33) Old regions: 12->12
[2020-04-17T08:30:59.046+0900][gc,heap       ] GC(33) Humongous regions: 129->129
[2020-04-17T08:30:59.046+0900][gc,metaspace  ] GC(33) Metaspace: 34209K->34209K(1081344K)
[2020-04-17T08:30:59.047+0900][gc            ] GC(33) Pause Young (Normal) (G1 Evacuation Pause) 754M->142M(1024M) 4.623ms
[2020-04-17T08:30:59.047+0900][gc,cpu        ] GC(33) User=0.03s Sys=0.00s Real=0.01s
[2020-04-17T09:01:08.720+0900][gc,start      ] GC(34) Pause Young (Normal) (G1 Evacuation Pause)
[2020-04-17T09:01:08.721+0900][gc,task       ] GC(34) Using 10 workers of 10 for evacuation
[2020-04-17T09:01:08.726+0900][gc,phases     ] GC(34)   Pre Evacuate Collection Set: 0.0ms
[2020-04-17T09:01:08.726+0900][gc,phases     ] GC(34)   Evacuate Collection Set: 3.4ms
[2020-04-17T09:01:08.726+0900][gc,phases     ] GC(34)   Post Evacuate Collection Set: 1.4ms
[2020-04-17T09:01:08.726+0900][gc,phases     ] GC(34)   Other: 0.6ms
[2020-04-17T09:01:08.726+0900][gc,heap       ] GC(34) Eden regions: 611->0(611)
[2020-04-17T09:01:08.726+0900][gc,heap       ] GC(34) Survivor regions: 3->3(77)
[2020-04-17T09:01:08.726+0900][gc,heap       ] GC(34) Old regions: 12->12
[2020-04-17T09:01:08.726+0900][gc,heap       ] GC(34) Humongous regions: 129->129
[2020-04-17T09:01:08.726+0900][gc,metaspace  ] GC(34) Metaspace: 34220K->34220K(1081344K)
[2020-04-17T09:01:08.726+0900][gc            ] GC(34) Pause Young (Normal) (G1 Evacuation Pause) 753M->143M(1024M) 5.601ms
[2020-04-17T09:01:08.726+0900][gc,cpu        ] GC(34) User=0.04s Sys=0.00s Real=0.00s
[2020-04-17T09:31:31.351+0900][gc,start      ] GC(35) Pause Young (Normal) (G1 Evacuation Pause)
[2020-04-17T09:31:31.351+0900][gc,task       ] GC(35) Using 10 workers of 10 for evacuation
[2020-04-17T09:31:31.356+0900][gc,phases     ] GC(35)   Pre Evacuate Collection Set: 0.0ms
[2020-04-17T09:31:31.356+0900][gc,phases     ] GC(35)   Evacuate Collection Set: 3.0ms
[2020-04-17T09:31:31.356+0900][gc,phases     ] GC(35)   Post Evacuate Collection Set: 1.3ms
[2020-04-17T09:31:31.356+0900][gc,phases     ] GC(35)   Other: 0.6ms
[2020-04-17T09:31:31.356+0900][gc,heap       ] GC(35) Eden regions: 611->0(611)
[2020-04-17T09:31:31.356+0900][gc,heap       ] GC(35) Survivor regions: 3->3(77)
[2020-04-17T09:31:31.356+0900][gc,heap       ] GC(35) Old regions: 12->12
[2020-04-17T09:31:31.356+0900][gc,heap       ] GC(35) Humongous regions: 129->129
[2020-04-17T09:31:31.357+0900][gc,metaspace  ] GC(35) Metaspace: 34220K->34220K(1081344K)
[2020-04-17T09:31:31.357+0900][gc            ] GC(35) Pause Young (Normal) (G1 Evacuation Pause) 753M->143M(1024M) 5.195ms
[2020-04-17T09:31:31.357+0900][gc,cpu        ] GC(35) User=0.03s Sys=0.00s Real=0.00s
[2020-04-17T10:01:51.955+0900][gc,start      ] GC(36) Pause Young (Normal) (G1 Evacuation Pause)
[2020-04-17T10:01:51.955+0900][gc,task       ] GC(36) Using 10 workers of 10 for evacuation
[2020-04-17T10:01:51.960+0900][gc,phases     ] GC(36)   Pre Evacuate Collection Set: 0.0ms
[2020-04-17T10:01:51.960+0900][gc,phases     ] GC(36)   Evacuate Collection Set: 3.5ms
[2020-04-17T10:01:51.961+0900][gc,phases     ] GC(36)   Post Evacuate Collection Set: 1.4ms
[2020-04-17T10:01:51.961+0900][gc,phases     ] GC(36)   Other: 0.7ms
[2020-04-17T10:01:51.961+0900][gc,heap       ] GC(36) Eden regions: 611->0(611)
[2020-04-17T10:01:51.961+0900][gc,heap       ] GC(36) Survivor regions: 3->3(77)
[2020-04-17T10:01:51.961+0900][gc,heap       ] GC(36) Old regions: 12->12
[2020-04-17T10:01:51.961+0900][gc,heap       ] GC(36) Humongous regions: 129->129
[2020-04-17T10:01:51.961+0900][gc,metaspace  ] GC(36) Metaspace: 34221K->34221K(1081344K)
[2020-04-17T10:01:51.961+0900][gc            ] GC(36) Pause Young (Normal) (G1 Evacuation Pause) 754M->143M(1024M) 5.955ms
[2020-04-17T10:01:51.961+0900][gc,cpu        ] GC(36) User=0.04s Sys=0.00s Real=0.01s
[2020-04-17T10:33:48.463+0900][gc,start      ] GC(37) Pause Young (Normal) (G1 Evacuation Pause)
[2020-04-17T10:33:48.463+0900][gc,task       ] GC(37) Using 10 workers of 10 for evacuation
[2020-04-17T10:33:48.468+0900][gc,phases     ] GC(37)   Pre Evacuate Collection Set: 0.0ms
[2020-04-17T10:33:48.468+0900][gc,phases     ] GC(37)   Evacuate Collection Set: 3.2ms
[2020-04-17T10:33:48.468+0900][gc,phases     ] GC(37)   Post Evacuate Collection Set: 1.3ms
[2020-04-17T10:33:48.468+0900][gc,phases     ] GC(37)   Other: 0.6ms
[2020-04-17T10:33:48.468+0900][gc,heap       ] GC(37) Eden regions: 611->0(611)
[2020-04-17T10:33:48.468+0900][gc,heap       ] GC(37) Survivor regions: 3->3(77)
[2020-04-17T10:33:48.468+0900][gc,heap       ] GC(37) Old regions: 12->12
[2020-04-17T10:33:48.468+0900][gc,heap       ] GC(37) Humongous regions: 129->129
[2020-04-17T10:33:48.468+0900][gc,metaspace  ] GC(37) Metaspace: 34226K->34226K(1081344K)
[2020-04-17T10:33:48.468+0900][gc            ] GC(37) Pause Young (Normal) (G1 Evacuation Pause) 754M->142M(1024M) 5.299ms
[2020-04-17T10:33:48.468+0900][gc,cpu        ] GC(37) User=0.03s Sys=0.01s Real=0.01s
[2020-04-17T11:08:54.000+0900][gc,start      ] GC(38) Pause Young (Normal) (G1 Evacuation Pause)
[2020-04-17T11:08:54.000+0900][gc,task       ] GC(38) Using 10 workers of 10 for evacuation
[2020-04-17T11:08:54.005+0900][gc,phases     ] GC(38)   Pre Evacuate Collection Set: 0.0ms
[2020-04-17T11:08:54.005+0900][gc,phases     ] GC(38)   Evacuate Collection Set: 3.3ms
[2020-04-17T11:08:54.005+0900][gc,phases     ] GC(38)   Post Evacuate Collection Set: 1.4ms
[2020-04-17T11:08:54.005+0900][gc,phases     ] GC(38)   Other: 0.5ms
[2020-04-17T11:08:54.005+0900][gc,heap       ] GC(38) Eden regions: 611->0(612)
[2020-04-17T11:08:54.005+0900][gc,heap       ] GC(38) Survivor regions: 3->2(77)
[2020-04-17T11:08:54.005+0900][gc,heap       ] GC(38) Old regions: 12->12
[2020-04-17T11:08:54.005+0900][gc,heap       ] GC(38) Humongous regions: 129->129
[2020-04-17T11:08:54.005+0900][gc,metaspace  ] GC(38) Metaspace: 34235K->34235K(1081344K)
[2020-04-17T11:08:54.005+0900][gc            ] GC(38) Pause Young (Normal) (G1 Evacuation Pause) 753M->142M(1024M) 5.509ms
[2020-04-17T11:08:54.005+0900][gc,cpu        ] GC(38) User=0.04s Sys=0.00s Real=0.00s
[2020-04-17T11:42:03.215+0900][gc,start      ] GC(39) Pause Young (Normal) (G1 Evacuation Pause)
[2020-04-17T11:42:03.215+0900][gc,task       ] GC(39) Using 10 workers of 10 for evacuation
[2020-04-17T11:42:03.219+0900][gc,phases     ] GC(39)   Pre Evacuate Collection Set: 0.0ms
[2020-04-17T11:42:03.220+0900][gc,phases     ] GC(39)   Evacuate Collection Set: 3.0ms
[2020-04-17T11:42:03.220+0900][gc,phases     ] GC(39)   Post Evacuate Collection Set: 1.4ms
[2020-04-17T11:42:03.220+0900][gc,phases     ] GC(39)   Other: 0.6ms
[2020-04-17T11:42:03.220+0900][gc,heap       ] GC(39) Eden regions: 612->0(611)
[2020-04-17T11:42:03.220+0900][gc,heap       ] GC(39) Survivor regions: 2->3(77)
[2020-04-17T11:42:03.220+0900][gc,heap       ] GC(39) Old regions: 12->12
[2020-04-17T11:42:03.220+0900][gc,heap       ] GC(39) Humongous regions: 129->129
[2020-04-17T11:42:03.220+0900][gc,metaspace  ] GC(39) Metaspace: 34240K->34240K(1081344K)
[2020-04-17T11:42:03.220+0900][gc            ] GC(39) Pause Young (Normal) (G1 Evacuation Pause) 754M->143M(1024M) 5.238ms
[2020-04-17T11:42:03.220+0900][gc,cpu        ] GC(39) User=0.02s Sys=0.01s Real=0.01s
[2020-04-17T12:12:44.118+0900][gc,start      ] GC(40) Pause Young (Normal) (G1 Evacuation Pause)
[2020-04-17T12:12:44.118+0900][gc,task       ] GC(40) Using 10 workers of 10 for evacuation
[2020-04-17T12:12:44.123+0900][gc,phases     ] GC(40)   Pre Evacuate Collection Set: 0.0ms
[2020-04-17T12:12:44.123+0900][gc,phases     ] GC(40)   Evacuate Collection Set: 3.1ms
[2020-04-17T12:12:44.123+0900][gc,phases     ] GC(40)   Post Evacuate Collection Set: 1.4ms
[2020-04-17T12:12:44.123+0900][gc,phases     ] GC(40)   Other: 0.4ms
[2020-04-17T12:12:44.123+0900][gc,heap       ] GC(40) Eden regions: 611->0(611)
[2020-04-17T12:12:44.123+0900][gc,heap       ] GC(40) Survivor regions: 3->3(77)
[2020-04-17T12:12:44.123+0900][gc,heap       ] GC(40) Old regions: 12->12
[2020-04-17T12:12:44.123+0900][gc,heap       ] GC(40) Humongous regions: 129->129
[2020-04-17T12:12:44.123+0900][gc,metaspace  ] GC(40) Metaspace: 34258K->34258K(1081344K)
[2020-04-17T12:12:44.123+0900][gc            ] GC(40) Pause Young (Normal) (G1 Evacuation Pause) 754M->143M(1024M) 5.088ms
[2020-04-17T12:12:44.123+0900][gc,cpu        ] GC(40) User=0.03s Sys=0.00s Real=0.01s
[2020-04-17T12:45:46.955+0900][gc,start      ] GC(41) Pause Young (Normal) (G1 Evacuation Pause)
[2020-04-17T12:45:46.955+0900][gc,task       ] GC(41) Using 10 workers of 10 for evacuation
[2020-04-17T12:45:46.960+0900][gc,phases     ] GC(41)   Pre Evacuate Collection Set: 0.0ms
[2020-04-17T12:45:46.960+0900][gc,phases     ] GC(41)   Evacuate Collection Set: 2.9ms
[2020-04-17T12:45:46.960+0900][gc,phases     ] GC(41)   Post Evacuate Collection Set: 1.4ms
[2020-04-17T12:45:46.960+0900][gc,phases     ] GC(41)   Other: 0.5ms
[2020-04-17T12:45:46.960+0900][gc,heap       ] GC(41) Eden regions: 611->0(611)
[2020-04-17T12:45:46.960+0900][gc,heap       ] GC(41) Survivor regions: 3->3(77)
[2020-04-17T12:45:46.960+0900][gc,heap       ] GC(41) Old regions: 12->12
[2020-04-17T12:45:46.960+0900][gc,heap       ] GC(41) Humongous regions: 129->129
[2020-04-17T12:45:46.960+0900][gc,metaspace  ] GC(41) Metaspace: 34259K->34259K(1081344K)
[2020-04-17T12:45:46.960+0900][gc            ] GC(41) Pause Young (Normal) (G1 Evacuation Pause) 754M->143M(1024M) 5.229ms
[2020-04-17T12:45:46.960+0900][gc,cpu        ] GC(41) User=0.03s Sys=0.01s Real=0.01s
[2020-04-17T13:17:17.264+0900][gc,start      ] GC(42) Pause Young (Normal) (G1 Evacuation Pause)
[2020-04-17T13:17:17.264+0900][gc,task       ] GC(42) Using 10 workers of 10 for evacuation
[2020-04-17T13:17:17.269+0900][gc,phases     ] GC(42)   Pre Evacuate Collection Set: 0.0ms
[2020-04-17T13:17:17.269+0900][gc,phases     ] GC(42)   Evacuate Collection Set: 3.1ms
[2020-04-17T13:17:17.269+0900][gc,phases     ] GC(42)   Post Evacuate Collection Set: 1.2ms
[2020-04-17T13:17:17.269+0900][gc,phases     ] GC(42)   Other: 0.5ms
[2020-04-17T13:17:17.269+0900][gc,heap       ] GC(42) Eden regions: 611->0(611)
[2020-04-17T13:17:17.269+0900][gc,heap       ] GC(42) Survivor regions: 3->3(77)
[2020-04-17T13:17:17.269+0900][gc,heap       ] GC(42) Old regions: 12->12
[2020-04-17T13:17:17.269+0900][gc,heap       ] GC(42) Humongous regions: 129->129
[2020-04-17T13:17:17.269+0900][gc,metaspace  ] GC(42) Metaspace: 34261K->34261K(1081344K)
[2020-04-17T13:17:17.269+0900][gc            ] GC(42) Pause Young (Normal) (G1 Evacuation Pause) 754M->143M(1024M) 5.114ms
[2020-04-17T13:17:17.269+0900][gc,cpu        ] GC(42) User=0.04s Sys=0.00s Real=0.01s
[2020-04-17T13:48:15.773+0900][gc,start      ] GC(43) Pause Young (Normal) (G1 Evacuation Pause)
[2020-04-17T13:48:15.773+0900][gc,task       ] GC(43) Using 10 workers of 10 for evacuation
[2020-04-17T13:48:15.778+0900][gc,phases     ] GC(43)   Pre Evacuate Collection Set: 0.0ms
[2020-04-17T13:48:15.778+0900][gc,phases     ] GC(43)   Evacuate Collection Set: 2.9ms
[2020-04-17T13:48:15.778+0900][gc,phases     ] GC(43)   Post Evacuate Collection Set: 1.3ms
[2020-04-17T13:48:15.778+0900][gc,phases     ] GC(43)   Other: 0.4ms
[2020-04-17T13:48:15.778+0900][gc,heap       ] GC(43) Eden regions: 611->0(611)
[2020-04-17T13:48:15.778+0900][gc,heap       ] GC(43) Survivor regions: 3->3(77)
[2020-04-17T13:48:15.778+0900][gc,heap       ] GC(43) Old regions: 12->13
[2020-04-17T13:48:15.778+0900][gc,heap       ] GC(43) Humongous regions: 129->129
[2020-04-17T13:48:15.778+0900][gc,metaspace  ] GC(43) Metaspace: 34275K->34275K(1081344K)
[2020-04-17T13:48:15.778+0900][gc            ] GC(43) Pause Young (Normal) (G1 Evacuation Pause) 754M->143M(1024M) 4.924ms
[2020-04-17T13:48:15.778+0900][gc,cpu        ] GC(43) User=0.03s Sys=0.00s Real=0.00s
[2020-04-17T14:16:56.496+0900][gc,start      ] GC(44) Pause Young (Normal) (G1 Evacuation Pause)
[2020-04-17T14:16:56.496+0900][gc,task       ] GC(44) Using 10 workers of 10 for evacuation
[2020-04-17T14:16:56.501+0900][gc,phases     ] GC(44)   Pre Evacuate Collection Set: 0.0ms
[2020-04-17T14:16:56.501+0900][gc,phases     ] GC(44)   Evacuate Collection Set: 2.9ms
[2020-04-17T14:16:56.501+0900][gc,phases     ] GC(44)   Post Evacuate Collection Set: 1.5ms
[2020-04-17T14:16:56.501+0900][gc,phases     ] GC(44)   Other: 0.6ms
[2020-04-17T14:16:56.501+0900][gc,heap       ] GC(44) Eden regions: 611->0(611)
[2020-04-17T14:16:56.501+0900][gc,heap       ] GC(44) Survivor regions: 3->3(77)
[2020-04-17T14:16:56.501+0900][gc,heap       ] GC(44) Old regions: 13->13
[2020-04-17T14:16:56.501+0900][gc,heap       ] GC(44) Humongous regions: 129->129
[2020-04-17T14:16:56.501+0900][gc,metaspace  ] GC(44) Metaspace: 34289K->34289K(1081344K)
[2020-04-17T14:16:56.501+0900][gc            ] GC(44) Pause Young (Normal) (G1 Evacuation Pause) 754M->143M(1024M) 5.178ms
[2020-04-17T14:16:56.501+0900][gc,cpu        ] GC(44) User=0.03s Sys=0.00s Real=0.01s
[2020-04-17T14:46:34.866+0900][gc,start      ] GC(45) Pause Young (Normal) (G1 Evacuation Pause)
[2020-04-17T14:46:34.866+0900][gc,task       ] GC(45) Using 10 workers of 10 for evacuation
[2020-04-17T14:46:34.871+0900][gc,phases     ] GC(45)   Pre Evacuate Collection Set: 0.0ms
[2020-04-17T14:46:34.871+0900][gc,phases     ] GC(45)   Evacuate Collection Set: 3.1ms
[2020-04-17T14:46:34.871+0900][gc,phases     ] GC(45)   Post Evacuate Collection Set: 1.4ms
[2020-04-17T14:46:34.871+0900][gc,phases     ] GC(45)   Other: 0.6ms
[2020-04-17T14:46:34.871+0900][gc,heap       ] GC(45) Eden regions: 611->0(611)
[2020-04-17T14:46:34.871+0900][gc,heap       ] GC(45) Survivor regions: 3->3(77)
[2020-04-17T14:46:34.871+0900][gc,heap       ] GC(45) Old regions: 13->13
[2020-04-17T14:46:34.871+0900][gc,heap       ] GC(45) Humongous regions: 129->129
[2020-04-17T14:46:34.871+0900][gc,metaspace  ] GC(45) Metaspace: 34289K->34289K(1081344K)
[2020-04-17T14:46:34.871+0900][gc            ] GC(45) Pause Young (Normal) (G1 Evacuation Pause) 754M->143M(1024M) 5.353ms
[2020-04-17T14:46:34.871+0900][gc,cpu        ] GC(45) User=0.04s Sys=0.00s Real=0.01s
[2020-04-17T15:15:16.698+0900][gc,start      ] GC(46) Pause Young (Normal) (G1 Evacuation Pause)
[2020-04-17T15:15:16.698+0900][gc,task       ] GC(46) Using 10 workers of 10 for evacuation
[2020-04-17T15:15:16.703+0900][gc,phases     ] GC(46)   Pre Evacuate Collection Set: 0.1ms
[2020-04-17T15:15:16.703+0900][gc,phases     ] GC(46)   Evacuate Collection Set: 2.9ms
[2020-04-17T15:15:16.703+0900][gc,phases     ] GC(46)   Post Evacuate Collection Set: 1.3ms
[2020-04-17T15:15:16.703+0900][gc,phases     ] GC(46)   Other: 0.6ms
[2020-04-17T15:15:16.703+0900][gc,heap       ] GC(46) Eden regions: 611->0(611)
[2020-04-17T15:15:16.703+0900][gc,heap       ] GC(46) Survivor regions: 3->3(77)
[2020-04-17T15:15:16.703+0900][gc,heap       ] GC(46) Old regions: 13->13
[2020-04-17T15:15:16.703+0900][gc,heap       ] GC(46) Humongous regions: 129->129
[2020-04-17T15:15:16.703+0900][gc,metaspace  ] GC(46) Metaspace: 34290K->34290K(1081344K)
[2020-04-17T15:15:16.703+0900][gc            ] GC(46) Pause Young (Normal) (G1 Evacuation Pause) 754M->143M(1024M) 5.108ms
[2020-04-17T15:15:16.703+0900][gc,cpu        ] GC(46) User=0.02s Sys=0.00s Real=0.01s
[2020-04-17T15:43:54.610+0900][gc,start      ] GC(47) Pause Young (Normal) (G1 Evacuation Pause)
[2020-04-17T15:43:54.610+0900][gc,task       ] GC(47) Using 10 workers of 10 for evacuation
[2020-04-17T15:43:54.615+0900][gc,phases     ] GC(47)   Pre Evacuate Collection Set: 0.0ms
[2020-04-17T15:43:54.615+0900][gc,phases     ] GC(47)   Evacuate Collection Set: 3.6ms
[2020-04-17T15:43:54.615+0900][gc,phases     ] GC(47)   Post Evacuate Collection Set: 1.4ms
[2020-04-17T15:43:54.616+0900][gc,phases     ] GC(47)   Other: 0.6ms
[2020-04-17T15:43:54.616+0900][gc,heap       ] GC(47) Eden regions: 611->0(611)
[2020-04-17T15:43:54.616+0900][gc,heap       ] GC(47) Survivor regions: 3->3(77)
[2020-04-17T15:43:54.616+0900][gc,heap       ] GC(47) Old regions: 13->13
[2020-04-17T15:43:54.616+0900][gc,heap       ] GC(47) Humongous regions: 129->129
[2020-04-17T15:43:54.616+0900][gc,metaspace  ] GC(47) Metaspace: 34293K->34293K(1081344K)
[2020-04-17T15:43:54.616+0900][gc            ] GC(47) Pause Young (Normal) (G1 Evacuation Pause) 754M->143M(1024M) 5.894ms
[2020-04-17T15:43:54.616+0900][gc,cpu        ] GC(47) User=0.04s Sys=0.00s Real=0.00s
[2020-04-17T16:12:38.215+0900][gc,start      ] GC(48) Pause Young (Normal) (G1 Evacuation Pause)
[2020-04-17T16:12:38.215+0900][gc,task       ] GC(48) Using 10 workers of 10 for evacuation
[2020-04-17T16:12:38.220+0900][gc,phases     ] GC(48)   Pre Evacuate Collection Set: 0.0ms
[2020-04-17T16:12:38.220+0900][gc,phases     ] GC(48)   Evacuate Collection Set: 3.1ms
[2020-04-17T16:12:38.220+0900][gc,phases     ] GC(48)   Post Evacuate Collection Set: 1.2ms
[2020-04-17T16:12:38.220+0900][gc,phases     ] GC(48)   Other: 0.5ms
[2020-04-17T16:12:38.220+0900][gc,heap       ] GC(48) Eden regions: 611->0(611)
[2020-04-17T16:12:38.220+0900][gc,heap       ] GC(48) Survivor regions: 3->3(77)
[2020-04-17T16:12:38.220+0900][gc,heap       ] GC(48) Old regions: 13->13
[2020-04-17T16:12:38.220+0900][gc,heap       ] GC(48) Humongous regions: 129->129
[2020-04-17T16:12:38.220+0900][gc,metaspace  ] GC(48) Metaspace: 34297K->34297K(1081344K)
[2020-04-17T16:12:38.220+0900][gc            ] GC(48) Pause Young (Normal) (G1 Evacuation Pause) 754M->143M(1024M) 5.093ms
[2020-04-17T16:12:38.220+0900][gc,cpu        ] GC(48) User=0.03s Sys=0.01s Real=0.01s
[2020-04-17T16:43:17.158+0900][gc,start      ] GC(49) Pause Young (Normal) (G1 Evacuation Pause)
[2020-04-17T16:43:17.159+0900][gc,task       ] GC(49) Using 10 workers of 10 for evacuation
[2020-04-17T16:43:17.164+0900][gc,phases     ] GC(49)   Pre Evacuate Collection Set: 0.0ms
[2020-04-17T16:43:17.164+0900][gc,phases     ] GC(49)   Evacuate Collection Set: 3.5ms
[2020-04-17T16:43:17.164+0900][gc,phases     ] GC(49)   Post Evacuate Collection Set: 1.4ms
[2020-04-17T16:43:17.164+0900][gc,phases     ] GC(49)   Other: 0.6ms
[2020-04-17T16:43:17.164+0900][gc,heap       ] GC(49) Eden regions: 611->0(611)
[2020-04-17T16:43:17.164+0900][gc,heap       ] GC(49) Survivor regions: 3->3(77)
[2020-04-17T16:43:17.164+0900][gc,heap       ] GC(49) Old regions: 13->13
[2020-04-17T16:43:17.164+0900][gc,heap       ] GC(49) Humongous regions: 129->129
[2020-04-17T16:43:17.164+0900][gc,metaspace  ] GC(49) Metaspace: 34297K->34297K(1081344K)
[2020-04-17T16:43:17.164+0900][gc            ] GC(49) Pause Young (Normal) (G1 Evacuation Pause) 754M->143M(1024M) 5.792ms
[2020-04-17T16:43:17.164+0900][gc,cpu        ] GC(49) User=0.03s Sys=0.01s Real=0.01s
[2020-04-17T17:13:38.457+0900][gc,start      ] GC(50) Pause Young (Normal) (G1 Evacuation Pause)
[2020-04-17T17:13:38.457+0900][gc,task       ] GC(50) Using 10 workers of 10 for evacuation
[2020-04-17T17:13:38.462+0900][gc,phases     ] GC(50)   Pre Evacuate Collection Set: 0.0ms
[2020-04-17T17:13:38.462+0900][gc,phases     ] GC(50)   Evacuate Collection Set: 3.3ms
[2020-04-17T17:13:38.462+0900][gc,phases     ] GC(50)   Post Evacuate Collection Set: 1.2ms
[2020-04-17T17:13:38.462+0900][gc,phases     ] GC(50)   Other: 0.5ms
[2020-04-17T17:13:38.462+0900][gc,heap       ] GC(50) Eden regions: 611->0(611)
[2020-04-17T17:13:38.462+0900][gc,heap       ] GC(50) Survivor regions: 3->3(77)
[2020-04-17T17:13:38.462+0900][gc,heap       ] GC(50) Old regions: 13->13
[2020-04-17T17:13:38.462+0900][gc,heap       ] GC(50) Humongous regions: 129->129
[2020-04-17T17:13:38.462+0900][gc,metaspace  ] GC(50) Metaspace: 34300K->34300K(1081344K)
[2020-04-17T17:13:38.462+0900][gc            ] GC(50) Pause Young (Normal) (G1 Evacuation Pause) 754M->143M(1024M) 5.311ms
[2020-04-17T17:13:38.462+0900][gc,cpu        ] GC(50) User=0.03s Sys=0.00s Real=0.01s
[2020-04-17T17:44:41.622+0900][gc,start      ] GC(51) Pause Young (Normal) (G1 Evacuation Pause)
[2020-04-17T17:44:41.622+0900][gc,task       ] GC(51) Using 10 workers of 10 for evacuation
[2020-04-17T17:44:41.627+0900][gc,phases     ] GC(51)   Pre Evacuate Collection Set: 0.0ms
[2020-04-17T17:44:41.627+0900][gc,phases     ] GC(51)   Evacuate Collection Set: 3.1ms
[2020-04-17T17:44:41.627+0900][gc,phases     ] GC(51)   Post Evacuate Collection Set: 1.3ms
[2020-04-17T17:44:41.627+0900][gc,phases     ] GC(51)   Other: 0.5ms
[2020-04-17T17:44:41.627+0900][gc,heap       ] GC(51) Eden regions: 611->0(611)
[2020-04-17T17:44:41.627+0900][gc,heap       ] GC(51) Survivor regions: 3->3(77)
[2020-04-17T17:44:41.627+0900][gc,heap       ] GC(51) Old regions: 13->13
[2020-04-17T17:44:41.627+0900][gc,heap       ] GC(51) Humongous regions: 129->129
[2020-04-17T17:44:41.627+0900][gc,metaspace  ] GC(51) Metaspace: 34303K->34303K(1081344K)
[2020-04-17T17:44:41.627+0900][gc            ] GC(51) Pause Young (Normal) (G1 Evacuation Pause) 754M->143M(1024M) 5.206ms
[2020-04-17T17:44:41.627+0900][gc,cpu        ] GC(51) User=0.03s Sys=0.00s Real=0.01s
[2020-04-17T18:14:53.906+0900][gc,start      ] GC(52) Pause Young (Normal) (G1 Evacuation Pause)
[2020-04-17T18:14:53.906+0900][gc,task       ] GC(52) Using 10 workers of 10 for evacuation
[2020-04-17T18:14:53.911+0900][gc,phases     ] GC(52)   Pre Evacuate Collection Set: 0.0ms
[2020-04-17T18:14:53.911+0900][gc,phases     ] GC(52)   Evacuate Collection Set: 3.0ms
[2020-04-17T18:14:53.911+0900][gc,phases     ] GC(52)   Post Evacuate Collection Set: 1.4ms
[2020-04-17T18:14:53.911+0900][gc,phases     ] GC(52)   Other: 0.5ms
[2020-04-17T18:14:53.911+0900][gc,heap       ] GC(52) Eden regions: 611->0(611)
[2020-04-17T18:14:53.911+0900][gc,heap       ] GC(52) Survivor regions: 3->3(77)
[2020-04-17T18:14:53.911+0900][gc,heap       ] GC(52) Old regions: 13->13
[2020-04-17T18:14:53.911+0900][gc,heap       ] GC(52) Humongous regions: 129->129
[2020-04-17T18:14:53.911+0900][gc,metaspace  ] GC(52) Metaspace: 34307K->34307K(1081344K)
[2020-04-17T18:14:53.911+0900][gc            ] GC(52) Pause Young (Normal) (G1 Evacuation Pause) 754M->143M(1024M) 5.225ms
[2020-04-17T18:14:53.911+0900][gc,cpu        ] GC(52) User=0.04s Sys=0.00s Real=0.01s
[2020-04-17T18:45:12.667+0900][gc,start      ] GC(53) Pause Young (Normal) (G1 Evacuation Pause)
[2020-04-17T18:45:12.667+0900][gc,task       ] GC(53) Using 10 workers of 10 for evacuation
[2020-04-17T18:45:12.672+0900][gc,phases     ] GC(53)   Pre Evacuate Collection Set: 0.0ms
[2020-04-17T18:45:12.672+0900][gc,phases     ] GC(53)   Evacuate Collection Set: 3.0ms
[2020-04-17T18:45:12.672+0900][gc,phases     ] GC(53)   Post Evacuate Collection Set: 1.4ms
[2020-04-17T18:45:12.672+0900][gc,phases     ] GC(53)   Other: 0.5ms
[2020-04-17T18:45:12.672+0900][gc,heap       ] GC(53) Eden regions: 611->0(611)
[2020-04-17T18:45:12.672+0900][gc,heap       ] GC(53) Survivor regions: 3->3(77)
[2020-04-17T18:45:12.672+0900][gc,heap       ] GC(53) Old regions: 13->13
[2020-04-17T18:45:12.672+0900][gc,heap       ] GC(53) Humongous regions: 129->129
[2020-04-17T18:45:12.672+0900][gc,metaspace  ] GC(53) Metaspace: 34315K->34315K(1081344K)
[2020-04-17T18:45:12.672+0900][gc            ] GC(53) Pause Young (Normal) (G1 Evacuation Pause) 754M->143M(1024M) 5.285ms
[2020-04-17T18:45:12.672+0900][gc,cpu        ] GC(53) User=0.03s Sys=0.00s Real=0.00s
[2020-04-17T19:13:59.151+0900][gc,start      ] GC(54) Pause Young (Normal) (G1 Evacuation Pause)
[2020-04-17T19:13:59.151+0900][gc,task       ] GC(54) Using 10 workers of 10 for evacuation
[2020-04-17T19:13:59.155+0900][gc,phases     ] GC(54)   Pre Evacuate Collection Set: 0.0ms
[2020-04-17T19:13:59.155+0900][gc,phases     ] GC(54)   Evacuate Collection Set: 3.1ms
[2020-04-17T19:13:59.155+0900][gc,phases     ] GC(54)   Post Evacuate Collection Set: 1.0ms
[2020-04-17T19:13:59.155+0900][gc,phases     ] GC(54)   Other: 0.5ms
[2020-04-17T19:13:59.155+0900][gc,heap       ] GC(54) Eden regions: 611->0(611)
[2020-04-17T19:13:59.155+0900][gc,heap       ] GC(54) Survivor regions: 3->3(77)
[2020-04-17T19:13:59.155+0900][gc,heap       ] GC(54) Old regions: 13->13
[2020-04-17T19:13:59.155+0900][gc,heap       ] GC(54) Humongous regions: 129->129
[2020-04-17T19:13:59.155+0900][gc,metaspace  ] GC(54) Metaspace: 34371K->34371K(1081344K)
[2020-04-17T19:13:59.155+0900][gc            ] GC(54) Pause Young (Normal) (G1 Evacuation Pause) 754M->143M(1024M) 4.638ms
[2020-04-17T19:13:59.155+0900][gc,cpu        ] GC(54) User=0.04s Sys=0.00s Real=0.00s
[2020-04-17T19:43:56.511+0900][gc,start      ] GC(55) Pause Young (Normal) (G1 Evacuation Pause)
[2020-04-17T19:43:56.511+0900][gc,task       ] GC(55) Using 10 workers of 10 for evacuation
[2020-04-17T19:43:56.516+0900][gc,phases     ] GC(55)   Pre Evacuate Collection Set: 0.0ms
[2020-04-17T19:43:56.516+0900][gc,phases     ] GC(55)   Evacuate Collection Set: 2.8ms
[2020-04-17T19:43:56.516+0900][gc,phases     ] GC(55)   Post Evacuate Collection Set: 1.6ms
[2020-04-17T19:43:56.516+0900][gc,phases     ] GC(55)   Other: 0.6ms
[2020-04-17T19:43:56.516+0900][gc,heap       ] GC(55) Eden regions: 611->0(611)
[2020-04-17T19:43:56.516+0900][gc,heap       ] GC(55) Survivor regions: 3->3(77)
[2020-04-17T19:43:56.516+0900][gc,heap       ] GC(55) Old regions: 13->13
[2020-04-17T19:43:56.516+0900][gc,heap       ] GC(55) Humongous regions: 129->129
[2020-04-17T19:43:56.516+0900][gc,metaspace  ] GC(55) Metaspace: 34371K->34371K(1081344K)
[2020-04-17T19:43:56.516+0900][gc            ] GC(55) Pause Young (Normal) (G1 Evacuation Pause) 754M->143M(1024M) 5.343ms
[2020-04-17T19:43:56.516+0900][gc,cpu        ] GC(55) User=0.02s Sys=0.01s Real=0.00s
[2020-04-17T20:13:48.016+0900][gc,start      ] GC(56) Pause Young (Normal) (G1 Evacuation Pause)
[2020-04-17T20:13:48.016+0900][gc,task       ] GC(56) Using 10 workers of 10 for evacuation
[2020-04-17T20:13:48.022+0900][gc,phases     ] GC(56)   Pre Evacuate Collection Set: 0.0ms
[2020-04-17T20:13:48.022+0900][gc,phases     ] GC(56)   Evacuate Collection Set: 4.0ms
[2020-04-17T20:13:48.022+0900][gc,phases     ] GC(56)   Post Evacuate Collection Set: 1.1ms
[2020-04-17T20:13:48.022+0900][gc,phases     ] GC(56)   Other: 0.5ms
[2020-04-17T20:13:48.022+0900][gc,heap       ] GC(56) Eden regions: 611->0(611)
[2020-04-17T20:13:48.022+0900][gc,heap       ] GC(56) Survivor regions: 3->3(77)
[2020-04-17T20:13:48.022+0900][gc,heap       ] GC(56) Old regions: 13->13
[2020-04-17T20:13:48.022+0900][gc,heap       ] GC(56) Humongous regions: 129->129
[2020-04-17T20:13:48.022+0900][gc,metaspace  ] GC(56) Metaspace: 34374K->34374K(1081344K)
[2020-04-17T20:13:48.022+0900][gc            ] GC(56) Pause Young (Normal) (G1 Evacuation Pause) 754M->143M(1024M) 5.791ms
[2020-04-17T20:13:48.022+0900][gc,cpu        ] GC(56) User=0.04s Sys=0.00s Real=0.01s
[2020-04-17T20:43:51.535+0900][gc,start      ] GC(57) Pause Young (Normal) (G1 Evacuation Pause)
[2020-04-17T20:43:51.535+0900][gc,task       ] GC(57) Using 10 workers of 10 for evacuation
[2020-04-17T20:43:51.540+0900][gc,phases     ] GC(57)   Pre Evacuate Collection Set: 0.0ms
[2020-04-17T20:43:51.540+0900][gc,phases     ] GC(57)   Evacuate Collection Set: 3.1ms
[2020-04-17T20:43:51.540+0900][gc,phases     ] GC(57)   Post Evacuate Collection Set: 1.6ms
[2020-04-17T20:43:51.540+0900][gc,phases     ] GC(57)   Other: 0.5ms
[2020-04-17T20:43:51.540+0900][gc,heap       ] GC(57) Eden regions: 611->0(611)
[2020-04-17T20:43:51.540+0900][gc,heap       ] GC(57) Survivor regions: 3->3(77)
[2020-04-17T20:43:51.540+0900][gc,heap       ] GC(57) Old regions: 13->13
[2020-04-17T20:43:51.540+0900][gc,heap       ] GC(57) Humongous regions: 129->129
[2020-04-17T20:43:51.540+0900][gc,metaspace  ] GC(57) Metaspace: 34374K->34374K(1081344K)
[2020-04-17T20:43:51.540+0900][gc            ] GC(57) Pause Young (Normal) (G1 Evacuation Pause) 754M->143M(1024M) 5.504ms
[2020-04-17T20:43:51.540+0900][gc,cpu        ] GC(57) User=0.03s Sys=0.01s Real=0.01s
[2020-04-17T21:13:42.790+0900][gc,start      ] GC(58) Pause Young (Normal) (G1 Evacuation Pause)
[2020-04-17T21:13:42.790+0900][gc,task       ] GC(58) Using 10 workers of 10 for evacuation
[2020-04-17T21:13:42.795+0900][gc,phases     ] GC(58)   Pre Evacuate Collection Set: 0.0ms
[2020-04-17T21:13:42.795+0900][gc,phases     ] GC(58)   Evacuate Collection Set: 2.9ms
[2020-04-17T21:13:42.795+0900][gc,phases     ] GC(58)   Post Evacuate Collection Set: 1.2ms
[2020-04-17T21:13:42.795+0900][gc,phases     ] GC(58)   Other: 0.6ms
[2020-04-17T21:13:42.795+0900][gc,heap       ] GC(58) Eden regions: 611->0(611)
[2020-04-17T21:13:42.795+0900][gc,heap       ] GC(58) Survivor regions: 3->3(77)
[2020-04-17T21:13:42.795+0900][gc,heap       ] GC(58) Old regions: 13->13
[2020-04-17T21:13:42.795+0900][gc,heap       ] GC(58) Humongous regions: 129->129
[2020-04-17T21:13:42.795+0900][gc,metaspace  ] GC(58) Metaspace: 34374K->34374K(1081344K)
[2020-04-17T21:13:42.795+0900][gc            ] GC(58) Pause Young (Normal) (G1 Evacuation Pause) 754M->143M(1024M) 5.004ms
[2020-04-17T21:13:42.795+0900][gc,cpu        ] GC(58) User=0.04s Sys=0.00s Real=0.00s
[2020-04-17T21:43:41.183+0900][gc,start      ] GC(59) Pause Young (Normal) (G1 Evacuation Pause)
[2020-04-17T21:43:41.183+0900][gc,task       ] GC(59) Using 10 workers of 10 for evacuation
[2020-04-17T21:43:41.188+0900][gc,phases     ] GC(59)   Pre Evacuate Collection Set: 0.1ms
[2020-04-17T21:43:41.188+0900][gc,phases     ] GC(59)   Evacuate Collection Set: 3.4ms
[2020-04-17T21:43:41.188+0900][gc,phases     ] GC(59)   Post Evacuate Collection Set: 1.5ms
[2020-04-17T21:43:41.188+0900][gc,phases     ] GC(59)   Other: 0.6ms
[2020-04-17T21:43:41.188+0900][gc,heap       ] GC(59) Eden regions: 611->0(611)
[2020-04-17T21:43:41.188+0900][gc,heap       ] GC(59) Survivor regions: 3->3(77)
[2020-04-17T21:43:41.188+0900][gc,heap       ] GC(59) Old regions: 13->13
[2020-04-17T21:43:41.188+0900][gc,heap       ] GC(59) Humongous regions: 129->129
[2020-04-17T21:43:41.188+0900][gc,metaspace  ] GC(59) Metaspace: 34374K->34374K(1081344K)
[2020-04-17T21:43:41.188+0900][gc            ] GC(59) Pause Young (Normal) (G1 Evacuation Pause) 754M->143M(1024M) 5.755ms
[2020-04-17T21:43:41.188+0900][gc,cpu        ] GC(59) User=0.03s Sys=0.01s Real=0.01s
[2020-04-17T22:13:39.730+0900][gc,start      ] GC(60) Pause Young (Normal) (G1 Evacuation Pause)
[2020-04-17T22:13:39.730+0900][gc,task       ] GC(60) Using 10 workers of 10 for evacuation
[2020-04-17T22:13:39.735+0900][gc,phases     ] GC(60)   Pre Evacuate Collection Set: 0.0ms
[2020-04-17T22:13:39.735+0900][gc,phases     ] GC(60)   Evacuate Collection Set: 2.9ms
[2020-04-17T22:13:39.735+0900][gc,phases     ] GC(60)   Post Evacuate Collection Set: 1.1ms
[2020-04-17T22:13:39.735+0900][gc,phases     ] GC(60)   Other: 0.5ms
[2020-04-17T22:13:39.735+0900][gc,heap       ] GC(60) Eden regions: 611->0(611)
[2020-04-17T22:13:39.735+0900][gc,heap       ] GC(60) Survivor regions: 3->3(77)
[2020-04-17T22:13:39.735+0900][gc,heap       ] GC(60) Old regions: 13->13
[2020-04-17T22:13:39.735+0900][gc,heap       ] GC(60) Humongous regions: 129->129
[2020-04-17T22:13:39.735+0900][gc,metaspace  ] GC(60) Metaspace: 34374K->34374K(1081344K)
[2020-04-17T22:13:39.735+0900][gc            ] GC(60) Pause Young (Normal) (G1 Evacuation Pause) 754M->143M(1024M) 4.857ms
[2020-04-17T22:13:39.735+0900][gc,cpu        ] GC(60) User=0.03s Sys=0.00s Real=0.00s
[2020-04-17T22:43:51.638+0900][gc,start      ] GC(61) Pause Young (Normal) (G1 Evacuation Pause)
[2020-04-17T22:43:51.638+0900][gc,task       ] GC(61) Using 10 workers of 10 for evacuation
[2020-04-17T22:43:51.643+0900][gc,phases     ] GC(61)   Pre Evacuate Collection Set: 0.0ms
[2020-04-17T22:43:51.643+0900][gc,phases     ] GC(61)   Evacuate Collection Set: 3.1ms
[2020-04-17T22:43:51.643+0900][gc,phases     ] GC(61)   Post Evacuate Collection Set: 1.2ms
[2020-04-17T22:43:51.643+0900][gc,phases     ] GC(61)   Other: 0.5ms
[2020-04-17T22:43:51.643+0900][gc,heap       ] GC(61) Eden regions: 611->0(611)
[2020-04-17T22:43:51.643+0900][gc,heap       ] GC(61) Survivor regions: 3->3(77)
[2020-04-17T22:43:51.643+0900][gc,heap       ] GC(61) Old regions: 13->13
[2020-04-17T22:43:51.643+0900][gc,heap       ] GC(61) Humongous regions: 129->129
[2020-04-17T22:43:51.643+0900][gc,metaspace  ] GC(61) Metaspace: 34374K->34374K(1081344K)
[2020-04-17T22:43:51.643+0900][gc            ] GC(61) Pause Young (Normal) (G1 Evacuation Pause) 754M->143M(1024M) 5.038ms
[2020-04-17T22:43:51.643+0900][gc,cpu        ] GC(61) User=0.02s Sys=0.01s Real=0.01s
[2020-04-17T23:13:38.609+0900][gc,start      ] GC(62) Pause Young (Normal) (G1 Evacuation Pause)
[2020-04-17T23:13:38.609+0900][gc,task       ] GC(62) Using 10 workers of 10 for evacuation
[2020-04-17T23:13:38.614+0900][gc,phases     ] GC(62)   Pre Evacuate Collection Set: 0.0ms
[2020-04-17T23:13:38.614+0900][gc,phases     ] GC(62)   Evacuate Collection Set: 2.8ms
[2020-04-17T23:13:38.614+0900][gc,phases     ] GC(62)   Post Evacuate Collection Set: 1.4ms
[2020-04-17T23:13:38.614+0900][gc,phases     ] GC(62)   Other: 0.5ms
[2020-04-17T23:13:38.614+0900][gc,heap       ] GC(62) Eden regions: 611->0(611)
[2020-04-17T23:13:38.614+0900][gc,heap       ] GC(62) Survivor regions: 3->3(77)
[2020-04-17T23:13:38.614+0900][gc,heap       ] GC(62) Old regions: 13->13
[2020-04-17T23:13:38.614+0900][gc,heap       ] GC(62) Humongous regions: 129->129
[2020-04-17T23:13:38.614+0900][gc,metaspace  ] GC(62) Metaspace: 34374K->34374K(1081344K)
[2020-04-17T23:13:38.614+0900][gc            ] GC(62) Pause Young (Normal) (G1 Evacuation Pause) 754M->143M(1024M) 5.085ms
[2020-04-17T23:13:38.614+0900][gc,cpu        ] GC(62) User=0.03s Sys=0.00s Real=0.00s
[2020-04-17T23:43:41.955+0900][gc,start      ] GC(63) Pause Young (Normal) (G1 Evacuation Pause)
[2020-04-17T23:43:41.955+0900][gc,task       ] GC(63) Using 10 workers of 10 for evacuation
[2020-04-17T23:43:41.960+0900][gc,phases     ] GC(63)   Pre Evacuate Collection Set: 0.0ms
[2020-04-17T23:43:41.960+0900][gc,phases     ] GC(63)   Evacuate Collection Set: 3.4ms
[2020-04-17T23:43:41.960+0900][gc,phases     ] GC(63)   Post Evacuate Collection Set: 1.4ms
[2020-04-17T23:43:41.960+0900][gc,phases     ] GC(63)   Other: 0.5ms
[2020-04-17T23:43:41.960+0900][gc,heap       ] GC(63) Eden regions: 611->0(611)
[2020-04-17T23:43:41.960+0900][gc,heap       ] GC(63) Survivor regions: 3->3(77)
[2020-04-17T23:43:41.960+0900][gc,heap       ] GC(63) Old regions: 13->13
[2020-04-17T23:43:41.960+0900][gc,heap       ] GC(63) Humongous regions: 129->129
[2020-04-17T23:43:41.960+0900][gc,metaspace  ] GC(63) Metaspace: 34374K->34374K(1081344K)
[2020-04-17T23:43:41.960+0900][gc            ] GC(63) Pause Young (Normal) (G1 Evacuation Pause) 754M->143M(1024M) 5.603ms
[2020-04-17T23:43:41.960+0900][gc,cpu        ] GC(63) User=0.04s Sys=0.00s Real=0.01s
[2020-04-18T00:13:29.304+0900][gc,start      ] GC(64) Pause Young (Normal) (G1 Evacuation Pause)
[2020-04-18T00:13:29.304+0900][gc,task       ] GC(64) Using 10 workers of 10 for evacuation
[2020-04-18T00:13:29.309+0900][gc,phases     ] GC(64)   Pre Evacuate Collection Set: 0.0ms
[2020-04-18T00:13:29.309+0900][gc,phases     ] GC(64)   Evacuate Collection Set: 3.2ms
[2020-04-18T00:13:29.309+0900][gc,phases     ] GC(64)   Post Evacuate Collection Set: 1.4ms
[2020-04-18T00:13:29.309+0900][gc,phases     ] GC(64)   Other: 0.6ms
[2020-04-18T00:13:29.309+0900][gc,heap       ] GC(64) Eden regions: 611->0(612)
[2020-04-18T00:13:29.309+0900][gc,heap       ] GC(64) Survivor regions: 3->2(77)
[2020-04-18T00:13:29.309+0900][gc,heap       ] GC(64) Old regions: 13->13
[2020-04-18T00:13:29.309+0900][gc,heap       ] GC(64) Humongous regions: 129->129
[2020-04-18T00:13:29.309+0900][gc,metaspace  ] GC(64) Metaspace: 34375K->34375K(1081344K)
[2020-04-18T00:13:29.309+0900][gc            ] GC(64) Pause Young (Normal) (G1 Evacuation Pause) 754M->143M(1024M) 5.378ms
[2020-04-18T00:13:29.309+0900][gc,cpu        ] GC(64) User=0.04s Sys=0.00s Real=0.01s
[2020-04-18T00:43:31.583+0900][gc,start      ] GC(65) Pause Young (Normal) (G1 Evacuation Pause)
[2020-04-18T00:43:31.583+0900][gc,task       ] GC(65) Using 10 workers of 10 for evacuation
[2020-04-18T00:43:31.588+0900][gc,phases     ] GC(65)   Pre Evacuate Collection Set: 0.0ms
[2020-04-18T00:43:31.589+0900][gc,phases     ] GC(65)   Evacuate Collection Set: 3.8ms
[2020-04-18T00:43:31.589+0900][gc,phases     ] GC(65)   Post Evacuate Collection Set: 1.6ms
[2020-04-18T00:43:31.589+0900][gc,phases     ] GC(65)   Other: 0.5ms
[2020-04-18T00:43:31.589+0900][gc,heap       ] GC(65) Eden regions: 612->0(612)
[2020-04-18T00:43:31.589+0900][gc,heap       ] GC(65) Survivor regions: 2->2(77)
[2020-04-18T00:43:31.589+0900][gc,heap       ] GC(65) Old regions: 13->13
[2020-04-18T00:43:31.589+0900][gc,heap       ] GC(65) Humongous regions: 129->129
[2020-04-18T00:43:31.589+0900][gc,metaspace  ] GC(65) Metaspace: 34376K->34376K(1081344K)
[2020-04-18T00:43:31.589+0900][gc            ] GC(65) Pause Young (Normal) (G1 Evacuation Pause) 755M->143M(1024M) 6.146ms
[2020-04-18T00:43:31.589+0900][gc,cpu        ] GC(65) User=0.04s Sys=0.00s Real=0.01s
[2020-04-18T01:13:28.035+0900][gc,start      ] GC(66) Pause Young (Normal) (G1 Evacuation Pause)
[2020-04-18T01:13:28.035+0900][gc,task       ] GC(66) Using 10 workers of 10 for evacuation
[2020-04-18T01:13:28.040+0900][gc,phases     ] GC(66)   Pre Evacuate Collection Set: 0.0ms
[2020-04-18T01:13:28.040+0900][gc,phases     ] GC(66)   Evacuate Collection Set: 3.2ms
[2020-04-18T01:13:28.040+0900][gc,phases     ] GC(66)   Post Evacuate Collection Set: 1.1ms
[2020-04-18T01:13:28.040+0900][gc,phases     ] GC(66)   Other: 0.5ms
[2020-04-18T01:13:28.040+0900][gc,heap       ] GC(66) Eden regions: 612->0(612)
[2020-04-18T01:13:28.040+0900][gc,heap       ] GC(66) Survivor regions: 2->2(77)
[2020-04-18T01:13:28.040+0900][gc,heap       ] GC(66) Old regions: 13->13
[2020-04-18T01:13:28.040+0900][gc,heap       ] GC(66) Humongous regions: 129->129
[2020-04-18T01:13:28.040+0900][gc,metaspace  ] GC(66) Metaspace: 34377K->34377K(1081344K)
[2020-04-18T01:13:28.040+0900][gc            ] GC(66) Pause Young (Normal) (G1 Evacuation Pause) 755M->143M(1024M) 5.090ms
[2020-04-18T01:13:28.040+0900][gc,cpu        ] GC(66) User=0.04s Sys=0.00s Real=0.01s
[2020-04-18T01:43:31.694+0900][gc,start      ] GC(67) Pause Young (Normal) (G1 Evacuation Pause)
[2020-04-18T01:43:31.694+0900][gc,task       ] GC(67) Using 10 workers of 10 for evacuation
[2020-04-18T01:43:31.699+0900][gc,phases     ] GC(67)   Pre Evacuate Collection Set: 0.0ms
[2020-04-18T01:43:31.699+0900][gc,phases     ] GC(67)   Evacuate Collection Set: 3.0ms
[2020-04-18T01:43:31.699+0900][gc,phases     ] GC(67)   Post Evacuate Collection Set: 1.2ms
[2020-04-18T01:43:31.699+0900][gc,phases     ] GC(67)   Other: 0.5ms
[2020-04-18T01:43:31.699+0900][gc,heap       ] GC(67) Eden regions: 612->0(611)
[2020-04-18T01:43:31.699+0900][gc,heap       ] GC(67) Survivor regions: 2->3(77)
[2020-04-18T01:43:31.699+0900][gc,heap       ] GC(67) Old regions: 13->13
[2020-04-18T01:43:31.699+0900][gc,heap       ] GC(67) Humongous regions: 129->129
[2020-04-18T01:43:31.699+0900][gc,metaspace  ] GC(67) Metaspace: 34377K->34377K(1081344K)
[2020-04-18T01:43:31.699+0900][gc            ] GC(67) Pause Young (Normal) (G1 Evacuation Pause) 755M->143M(1024M) 5.011ms
[2020-04-18T01:43:31.699+0900][gc,cpu        ] GC(67) User=0.03s Sys=0.01s Real=0.01s
[2020-04-18T02:13:21.200+0900][gc,start      ] GC(68) Pause Young (Normal) (G1 Evacuation Pause)
[2020-04-18T02:13:21.200+0900][gc,task       ] GC(68) Using 10 workers of 10 for evacuation
[2020-04-18T02:13:21.205+0900][gc,phases     ] GC(68)   Pre Evacuate Collection Set: 0.0ms
[2020-04-18T02:13:21.205+0900][gc,phases     ] GC(68)   Evacuate Collection Set: 3.5ms
[2020-04-18T02:13:21.205+0900][gc,phases     ] GC(68)   Post Evacuate Collection Set: 1.3ms
[2020-04-18T02:13:21.205+0900][gc,phases     ] GC(68)   Other: 0.6ms
[2020-04-18T02:13:21.205+0900][gc,heap       ] GC(68) Eden regions: 611->0(611)
[2020-04-18T02:13:21.205+0900][gc,heap       ] GC(68) Survivor regions: 3->3(77)
[2020-04-18T02:13:21.205+0900][gc,heap       ] GC(68) Old regions: 13->13
[2020-04-18T02:13:21.205+0900][gc,heap       ] GC(68) Humongous regions: 129->129
[2020-04-18T02:13:21.205+0900][gc,metaspace  ] GC(68) Metaspace: 34377K->34377K(1081344K)
[2020-04-18T02:13:21.206+0900][gc            ] GC(68) Pause Young (Normal) (G1 Evacuation Pause) 754M->143M(1024M) 5.623ms
[2020-04-18T02:13:21.206+0900][gc,cpu        ] GC(68) User=0.04s Sys=0.00s Real=0.00s
[2020-04-18T02:43:19.833+0900][gc,start      ] GC(69) Pause Young (Normal) (G1 Evacuation Pause)
[2020-04-18T02:43:19.833+0900][gc,task       ] GC(69) Using 10 workers of 10 for evacuation
[2020-04-18T02:43:19.838+0900][gc,phases     ] GC(69)   Pre Evacuate Collection Set: 0.0ms
[2020-04-18T02:43:19.838+0900][gc,phases     ] GC(69)   Evacuate Collection Set: 3.1ms
[2020-04-18T02:43:19.838+0900][gc,phases     ] GC(69)   Post Evacuate Collection Set: 1.4ms
[2020-04-18T02:43:19.838+0900][gc,phases     ] GC(69)   Other: 0.5ms
[2020-04-18T02:43:19.838+0900][gc,heap       ] GC(69) Eden regions: 611->0(611)
[2020-04-18T02:43:19.838+0900][gc,heap       ] GC(69) Survivor regions: 3->3(77)
[2020-04-18T02:43:19.838+0900][gc,heap       ] GC(69) Old regions: 13->13
[2020-04-18T02:43:19.838+0900][gc,heap       ] GC(69) Humongous regions: 129->129
[2020-04-18T02:43:19.838+0900][gc,metaspace  ] GC(69) Metaspace: 34380K->34380K(1081344K)
[2020-04-18T02:43:19.839+0900][gc            ] GC(69) Pause Young (Normal) (G1 Evacuation Pause) 754M->143M(1024M) 5.394ms
[2020-04-18T02:43:19.839+0900][gc,cpu        ] GC(69) User=0.04s Sys=0.00s Real=0.01s
[2020-04-18T03:13:03.927+0900][gc,start      ] GC(70) Pause Young (Normal) (G1 Evacuation Pause)
[2020-04-18T03:13:03.928+0900][gc,task       ] GC(70) Using 10 workers of 10 for evacuation
[2020-04-18T03:13:03.932+0900][gc,phases     ] GC(70)   Pre Evacuate Collection Set: 0.0ms
[2020-04-18T03:13:03.932+0900][gc,phases     ] GC(70)   Evacuate Collection Set: 3.0ms
[2020-04-18T03:13:03.932+0900][gc,phases     ] GC(70)   Post Evacuate Collection Set: 1.3ms
[2020-04-18T03:13:03.932+0900][gc,phases     ] GC(70)   Other: 0.5ms
[2020-04-18T03:13:03.932+0900][gc,heap       ] GC(70) Eden regions: 611->0(611)
[2020-04-18T03:13:03.932+0900][gc,heap       ] GC(70) Survivor regions: 3->3(77)
[2020-04-18T03:13:03.933+0900][gc,heap       ] GC(70) Old regions: 13->13
[2020-04-18T03:13:03.933+0900][gc,heap       ] GC(70) Humongous regions: 129->129
[2020-04-18T03:13:03.933+0900][gc,metaspace  ] GC(70) Metaspace: 34380K->34380K(1081344K)
[2020-04-18T03:13:03.933+0900][gc            ] GC(70) Pause Young (Normal) (G1 Evacuation Pause) 754M->143M(1024M) 5.146ms
[2020-04-18T03:13:03.933+0900][gc,cpu        ] GC(70) User=0.04s Sys=0.00s Real=0.00s
[2020-04-18T03:43:06.375+0900][gc,start      ] GC(71) Pause Young (Normal) (G1 Evacuation Pause)
[2020-04-18T03:43:06.375+0900][gc,task       ] GC(71) Using 10 workers of 10 for evacuation
[2020-04-18T03:43:06.380+0900][gc,phases     ] GC(71)   Pre Evacuate Collection Set: 0.0ms
[2020-04-18T03:43:06.380+0900][gc,phases     ] GC(71)   Evacuate Collection Set: 3.4ms
[2020-04-18T03:43:06.380+0900][gc,phases     ] GC(71)   Post Evacuate Collection Set: 1.6ms
[2020-04-18T03:43:06.380+0900][gc,phases     ] GC(71)   Other: 0.5ms
[2020-04-18T03:43:06.380+0900][gc,heap       ] GC(71) Eden regions: 611->0(611)
[2020-04-18T03:43:06.380+0900][gc,heap       ] GC(71) Survivor regions: 3->3(77)
[2020-04-18T03:43:06.380+0900][gc,heap       ] GC(71) Old regions: 13->13
[2020-04-18T03:43:06.380+0900][gc,heap       ] GC(71) Humongous regions: 129->129
[2020-04-18T03:43:06.380+0900][gc,metaspace  ] GC(71) Metaspace: 34380K->34380K(1081344K)
[2020-04-18T03:43:06.380+0900][gc            ] GC(71) Pause Young (Normal) (G1 Evacuation Pause) 754M->143M(1024M) 5.814ms
[2020-04-18T03:43:06.381+0900][gc,cpu        ] GC(71) User=0.02s Sys=0.02s Real=0.01s
[2020-04-18T04:12:53.967+0900][gc,start      ] GC(72) Pause Young (Normal) (G1 Evacuation Pause)
[2020-04-18T04:12:53.967+0900][gc,task       ] GC(72) Using 10 workers of 10 for evacuation
[2020-04-18T04:12:53.972+0900][gc,phases     ] GC(72)   Pre Evacuate Collection Set: 0.0ms
[2020-04-18T04:12:53.972+0900][gc,phases     ] GC(72)   Evacuate Collection Set: 3.0ms
[2020-04-18T04:12:53.972+0900][gc,phases     ] GC(72)   Post Evacuate Collection Set: 1.1ms
[2020-04-18T04:12:53.972+0900][gc,phases     ] GC(72)   Other: 0.3ms
[2020-04-18T04:12:53.972+0900][gc,heap       ] GC(72) Eden regions: 611->0(611)
[2020-04-18T04:12:53.972+0900][gc,heap       ] GC(72) Survivor regions: 3->3(77)
[2020-04-18T04:12:53.972+0900][gc,heap       ] GC(72) Old regions: 13->13
[2020-04-18T04:12:53.972+0900][gc,heap       ] GC(72) Humongous regions: 129->129
[2020-04-18T04:12:53.972+0900][gc,metaspace  ] GC(72) Metaspace: 34385K->34385K(1081344K)
[2020-04-18T04:12:53.972+0900][gc            ] GC(72) Pause Young (Normal) (G1 Evacuation Pause) 754M->143M(1024M) 4.606ms
[2020-04-18T04:12:53.972+0900][gc,cpu        ] GC(72) User=0.02s Sys=0.01s Real=0.00s
[2020-04-18T04:42:52.633+0900][gc,start      ] GC(73) Pause Young (Normal) (G1 Evacuation Pause)
[2020-04-18T04:42:52.633+0900][gc,task       ] GC(73) Using 10 workers of 10 for evacuation
[2020-04-18T04:42:52.639+0900][gc,phases     ] GC(73)   Pre Evacuate Collection Set: 0.3ms
[2020-04-18T04:42:52.639+0900][gc,phases     ] GC(73)   Evacuate Collection Set: 3.6ms
[2020-04-18T04:42:52.639+0900][gc,phases     ] GC(73)   Post Evacuate Collection Set: 1.8ms
[2020-04-18T04:42:52.640+0900][gc,phases     ] GC(73)   Other: 0.5ms
[2020-04-18T04:42:52.640+0900][gc,heap       ] GC(73) Eden regions: 611->0(611)
[2020-04-18T04:42:52.640+0900][gc,heap       ] GC(73) Survivor regions: 3->3(77)
[2020-04-18T04:42:52.640+0900][gc,heap       ] GC(73) Old regions: 13->13
[2020-04-18T04:42:52.640+0900][gc,heap       ] GC(73) Humongous regions: 129->129
[2020-04-18T04:42:52.640+0900][gc,metaspace  ] GC(73) Metaspace: 34385K->34385K(1081344K)
[2020-04-18T04:42:52.640+0900][gc            ] GC(73) Pause Young (Normal) (G1 Evacuation Pause) 754M->143M(1024M) 6.457ms
[2020-04-18T04:42:52.640+0900][gc,cpu        ] GC(73) User=0.04s Sys=0.00s Real=0.01s
[2020-04-18T05:12:41.183+0900][gc,start      ] GC(74) Pause Young (Normal) (G1 Evacuation Pause)
[2020-04-18T05:12:41.183+0900][gc,task       ] GC(74) Using 10 workers of 10 for evacuation
[2020-04-18T05:12:41.188+0900][gc,phases     ] GC(74)   Pre Evacuate Collection Set: 0.0ms
[2020-04-18T05:12:41.188+0900][gc,phases     ] GC(74)   Evacuate Collection Set: 3.6ms
[2020-04-18T05:12:41.188+0900][gc,phases     ] GC(74)   Post Evacuate Collection Set: 1.3ms
[2020-04-18T05:12:41.188+0900][gc,phases     ] GC(74)   Other: 0.5ms
[2020-04-18T05:12:41.188+0900][gc,heap       ] GC(74) Eden regions: 611->0(611)
[2020-04-18T05:12:41.188+0900][gc,heap       ] GC(74) Survivor regions: 3->3(77)
[2020-04-18T05:12:41.188+0900][gc,heap       ] GC(74) Old regions: 13->13
[2020-04-18T05:12:41.188+0900][gc,heap       ] GC(74) Humongous regions: 129->129
[2020-04-18T05:12:41.188+0900][gc,metaspace  ] GC(74) Metaspace: 34394K->34394K(1081344K)
[2020-04-18T05:12:41.188+0900][gc            ] GC(74) Pause Young (Normal) (G1 Evacuation Pause) 754M->143M(1024M) 5.720ms
[2020-04-18T05:12:41.188+0900][gc,cpu        ] GC(74) User=0.04s Sys=0.00s Real=0.01s
[2020-04-18T05:42:41.955+0900][gc,start      ] GC(75) Pause Young (Normal) (G1 Evacuation Pause)
[2020-04-18T05:42:41.955+0900][gc,task       ] GC(75) Using 10 workers of 10 for evacuation
[2020-04-18T05:42:41.960+0900][gc,phases     ] GC(75)   Pre Evacuate Collection Set: 0.0ms
[2020-04-18T05:42:41.960+0900][gc,phases     ] GC(75)   Evacuate Collection Set: 3.4ms
[2020-04-18T05:42:41.960+0900][gc,phases     ] GC(75)   Post Evacuate Collection Set: 1.3ms
[2020-04-18T05:42:41.960+0900][gc,phases     ] GC(75)   Other: 0.4ms
[2020-04-18T05:42:41.960+0900][gc,heap       ] GC(75) Eden regions: 611->0(611)
[2020-04-18T05:42:41.960+0900][gc,heap       ] GC(75) Survivor regions: 3->3(77)
[2020-04-18T05:42:41.960+0900][gc,heap       ] GC(75) Old regions: 13->13
[2020-04-18T05:42:41.960+0900][gc,heap       ] GC(75) Humongous regions: 129->129
[2020-04-18T05:42:41.960+0900][gc,metaspace  ] GC(75) Metaspace: 34397K->34397K(1081344K)
[2020-04-18T05:42:41.960+0900][gc            ] GC(75) Pause Young (Normal) (G1 Evacuation Pause) 754M->143M(1024M) 5.385ms
[2020-04-18T05:42:41.960+0900][gc,cpu        ] GC(75) User=0.04s Sys=0.00s Real=0.01s
[2020-04-18T06:12:04.890+0900][gc,start      ] GC(76) Pause Young (Normal) (G1 Evacuation Pause)
[2020-04-18T06:12:04.890+0900][gc,task       ] GC(76) Using 10 workers of 10 for evacuation
[2020-04-18T06:12:04.895+0900][gc,phases     ] GC(76)   Pre Evacuate Collection Set: 0.0ms
[2020-04-18T06:12:04.895+0900][gc,phases     ] GC(76)   Evacuate Collection Set: 3.0ms
[2020-04-18T06:12:04.895+0900][gc,phases     ] GC(76)   Post Evacuate Collection Set: 1.5ms
[2020-04-18T06:12:04.895+0900][gc,phases     ] GC(76)   Other: 0.5ms
[2020-04-18T06:12:04.895+0900][gc,heap       ] GC(76) Eden regions: 611->0(611)
[2020-04-18T06:12:04.895+0900][gc,heap       ] GC(76) Survivor regions: 3->3(77)
[2020-04-18T06:12:04.895+0900][gc,heap       ] GC(76) Old regions: 13->13
[2020-04-18T06:12:04.895+0900][gc,heap       ] GC(76) Humongous regions: 129->129
[2020-04-18T06:12:04.895+0900][gc,metaspace  ] GC(76) Metaspace: 34417K->34417K(1081344K)
[2020-04-18T06:12:04.895+0900][gc            ] GC(76) Pause Young (Normal) (G1 Evacuation Pause) 754M->143M(1024M) 5.367ms
[2020-04-18T06:12:04.895+0900][gc,cpu        ] GC(76) User=0.04s Sys=0.00s Real=0.00s
[2020-04-18T06:40:39.013+0900][gc,start      ] GC(77) Pause Young (Normal) (G1 Evacuation Pause)
[2020-04-18T06:40:39.013+0900][gc,task       ] GC(77) Using 10 workers of 10 for evacuation
[2020-04-18T06:40:39.017+0900][gc,phases     ] GC(77)   Pre Evacuate Collection Set: 0.0ms
[2020-04-18T06:40:39.017+0900][gc,phases     ] GC(77)   Evacuate Collection Set: 3.0ms
[2020-04-18T06:40:39.017+0900][gc,phases     ] GC(77)   Post Evacuate Collection Set: 1.3ms
[2020-04-18T06:40:39.018+0900][gc,phases     ] GC(77)   Other: 0.5ms
[2020-04-18T06:40:39.018+0900][gc,heap       ] GC(77) Eden regions: 611->0(611)
[2020-04-18T06:40:39.018+0900][gc,heap       ] GC(77) Survivor regions: 3->3(77)
[2020-04-18T06:40:39.018+0900][gc,heap       ] GC(77) Old regions: 13->13
[2020-04-18T06:40:39.018+0900][gc,heap       ] GC(77) Humongous regions: 129->129
[2020-04-18T06:40:39.018+0900][gc,metaspace  ] GC(77) Metaspace: 34417K->34417K(1081344K)
[2020-04-18T06:40:39.018+0900][gc            ] GC(77) Pause Young (Normal) (G1 Evacuation Pause) 754M->143M(1024M) 5.099ms
[2020-04-18T06:40:39.018+0900][gc,cpu        ] GC(77) User=0.03s Sys=0.00s Real=0.00s
[2020-04-18T07:09:16.691+0900][gc,start      ] GC(78) Pause Young (Normal) (G1 Evacuation Pause)
[2020-04-18T07:09:16.691+0900][gc,task       ] GC(78) Using 10 workers of 10 for evacuation
[2020-04-18T07:09:16.697+0900][gc,phases     ] GC(78)   Pre Evacuate Collection Set: 0.0ms
[2020-04-18T07:09:16.697+0900][gc,phases     ] GC(78)   Evacuate Collection Set: 3.4ms
[2020-04-18T07:09:16.697+0900][gc,phases     ] GC(78)   Post Evacuate Collection Set: 1.4ms
[2020-04-18T07:09:16.697+0900][gc,phases     ] GC(78)   Other: 0.5ms
[2020-04-18T07:09:16.697+0900][gc,heap       ] GC(78) Eden regions: 611->0(611)
[2020-04-18T07:09:16.697+0900][gc,heap       ] GC(78) Survivor regions: 3->3(77)
[2020-04-18T07:09:16.697+0900][gc,heap       ] GC(78) Old regions: 13->13
[2020-04-18T07:09:16.697+0900][gc,heap       ] GC(78) Humongous regions: 129->129
[2020-04-18T07:09:16.697+0900][gc,metaspace  ] GC(78) Metaspace: 34417K->34417K(1081344K)
[2020-04-18T07:09:16.697+0900][gc            ] GC(78) Pause Young (Normal) (G1 Evacuation Pause) 754M->143M(1024M) 5.694ms
[2020-04-18T07:09:16.697+0900][gc,cpu        ] GC(78) User=0.04s Sys=0.00s Real=0.00s
[2020-04-18T07:39:03.973+0900][gc,start      ] GC(79) Pause Young (Normal) (G1 Evacuation Pause)
[2020-04-18T07:39:03.973+0900][gc,task       ] GC(79) Using 10 workers of 10 for evacuation
[2020-04-18T07:39:03.978+0900][gc,phases     ] GC(79)   Pre Evacuate Collection Set: 0.0ms
[2020-04-18T07:39:03.978+0900][gc,phases     ] GC(79)   Evacuate Collection Set: 3.4ms
[2020-04-18T07:39:03.978+0900][gc,phases     ] GC(79)   Post Evacuate Collection Set: 1.3ms
[2020-04-18T07:39:03.978+0900][gc,phases     ] GC(79)   Other: 0.5ms
[2020-04-18T07:39:03.978+0900][gc,heap       ] GC(79) Eden regions: 611->0(611)
[2020-04-18T07:39:03.978+0900][gc,heap       ] GC(79) Survivor regions: 3->3(77)
[2020-04-18T07:39:03.978+0900][gc,heap       ] GC(79) Old regions: 13->13
[2020-04-18T07:39:03.978+0900][gc,heap       ] GC(79) Humongous regions: 129->129
[2020-04-18T07:39:03.978+0900][gc,metaspace  ] GC(79) Metaspace: 34417K->34417K(1081344K)
[2020-04-18T07:39:03.978+0900][gc            ] GC(79) Pause Young (Normal) (G1 Evacuation Pause) 754M->143M(1024M) 5.417ms
[2020-04-18T07:39:03.978+0900][gc,cpu        ] GC(79) User=0.04s Sys=0.00s Real=0.00s
[2020-04-18T08:09:17.398+0900][gc,start      ] GC(80) Pause Young (Normal) (G1 Evacuation Pause)
[2020-04-18T08:09:17.398+0900][gc,task       ] GC(80) Using 10 workers of 10 for evacuation
[2020-04-18T08:09:17.402+0900][gc,phases     ] GC(80)   Pre Evacuate Collection Set: 0.0ms
[2020-04-18T08:09:17.402+0900][gc,phases     ] GC(80)   Evacuate Collection Set: 2.9ms
[2020-04-18T08:09:17.403+0900][gc,phases     ] GC(80)   Post Evacuate Collection Set: 1.2ms
[2020-04-18T08:09:17.403+0900][gc,phases     ] GC(80)   Other: 0.6ms
[2020-04-18T08:09:17.403+0900][gc,heap       ] GC(80) Eden regions: 611->0(611)
[2020-04-18T08:09:17.403+0900][gc,heap       ] GC(80) Survivor regions: 3->3(77)
[2020-04-18T08:09:17.403+0900][gc,heap       ] GC(80) Old regions: 13->13
[2020-04-18T08:09:17.403+0900][gc,heap       ] GC(80) Humongous regions: 129->129
[2020-04-18T08:09:17.403+0900][gc,metaspace  ] GC(80) Metaspace: 34417K->34417K(1081344K)
[2020-04-18T08:09:17.403+0900][gc            ] GC(80) Pause Young (Normal) (G1 Evacuation Pause) 754M->143M(1024M) 4.990ms
[2020-04-18T08:09:17.403+0900][gc,cpu        ] GC(80) User=0.03s Sys=0.01s Real=0.01s
[2020-04-18T08:39:55.762+0900][gc,start      ] GC(81) Pause Young (Normal) (G1 Evacuation Pause)
[2020-04-18T08:39:55.762+0900][gc,task       ] GC(81) Using 10 workers of 10 for evacuation
[2020-04-18T08:39:55.767+0900][gc,phases     ] GC(81)   Pre Evacuate Collection Set: 0.0ms
[2020-04-18T08:39:55.767+0900][gc,phases     ] GC(81)   Evacuate Collection Set: 3.0ms
[2020-04-18T08:39:55.767+0900][gc,phases     ] GC(81)   Post Evacuate Collection Set: 1.4ms
[2020-04-18T08:39:55.767+0900][gc,phases     ] GC(81)   Other: 0.6ms
[2020-04-18T08:39:55.767+0900][gc,heap       ] GC(81) Eden regions: 611->0(611)
[2020-04-18T08:39:55.767+0900][gc,heap       ] GC(81) Survivor regions: 3->3(77)
[2020-04-18T08:39:55.767+0900][gc,heap       ] GC(81) Old regions: 13->13
[2020-04-18T08:39:55.767+0900][gc,heap       ] GC(81) Humongous regions: 129->129
[2020-04-18T08:39:55.767+0900][gc,metaspace  ] GC(81) Metaspace: 34417K->34417K(1081344K)
[2020-04-18T08:39:55.767+0900][gc            ] GC(81) Pause Young (Normal) (G1 Evacuation Pause) 754M->143M(1024M) 5.255ms
[2020-04-18T08:39:55.767+0900][gc,cpu        ] GC(81) User=0.03s Sys=0.00s Real=0.01s
[2020-04-18T09:10:41.183+0900][gc,start      ] GC(82) Pause Young (Normal) (G1 Evacuation Pause)
[2020-04-18T09:10:41.183+0900][gc,task       ] GC(82) Using 10 workers of 10 for evacuation
[2020-04-18T09:10:41.188+0900][gc,phases     ] GC(82)   Pre Evacuate Collection Set: 0.0ms
[2020-04-18T09:10:41.188+0900][gc,phases     ] GC(82)   Evacuate Collection Set: 3.2ms
[2020-04-18T09:10:41.188+0900][gc,phases     ] GC(82)   Post Evacuate Collection Set: 1.1ms
[2020-04-18T09:10:41.188+0900][gc,phases     ] GC(82)   Other: 0.5ms
[2020-04-18T09:10:41.188+0900][gc,heap       ] GC(82) Eden regions: 611->0(611)
[2020-04-18T09:10:41.188+0900][gc,heap       ] GC(82) Survivor regions: 3->3(77)
[2020-04-18T09:10:41.188+0900][gc,heap       ] GC(82) Old regions: 13->13
[2020-04-18T09:10:41.188+0900][gc,heap       ] GC(82) Humongous regions: 129->129
[2020-04-18T09:10:41.188+0900][gc,metaspace  ] GC(82) Metaspace: 34417K->34417K(1081344K)
[2020-04-18T09:10:41.188+0900][gc            ] GC(82) Pause Young (Normal) (G1 Evacuation Pause) 754M->143M(1024M) 5.176ms
[2020-04-18T09:10:41.188+0900][gc,cpu        ] GC(82) User=0.03s Sys=0.01s Real=0.01s
[2020-04-18T09:41:32.746+0900][gc,start      ] GC(83) Pause Young (Normal) (G1 Evacuation Pause)
[2020-04-18T09:41:32.746+0900][gc,task       ] GC(83) Using 10 workers of 10 for evacuation
[2020-04-18T09:41:32.751+0900][gc,phases     ] GC(83)   Pre Evacuate Collection Set: 0.0ms
[2020-04-18T09:41:32.751+0900][gc,phases     ] GC(83)   Evacuate Collection Set: 3.0ms
[2020-04-18T09:41:32.751+0900][gc,phases     ] GC(83)   Post Evacuate Collection Set: 1.4ms
[2020-04-18T09:41:32.752+0900][gc,phases     ] GC(83)   Other: 0.6ms
[2020-04-18T09:41:32.752+0900][gc,heap       ] GC(83) Eden regions: 611->0(611)
[2020-04-18T09:41:32.752+0900][gc,heap       ] GC(83) Survivor regions: 3->3(77)
[2020-04-18T09:41:32.752+0900][gc,heap       ] GC(83) Old regions: 13->13
[2020-04-18T09:41:32.752+0900][gc,heap       ] GC(83) Humongous regions: 129->129
[2020-04-18T09:41:32.752+0900][gc,metaspace  ] GC(83) Metaspace: 34431K->34431K(1081344K)
[2020-04-18T09:41:32.752+0900][gc            ] GC(83) Pause Young (Normal) (G1 Evacuation Pause) 754M->143M(1024M) 5.239ms
[2020-04-18T09:41:32.752+0900][gc,cpu        ] GC(83) User=0.02s Sys=0.01s Real=0.01s
[2020-04-18T10:12:13.198+0900][gc,start      ] GC(84) Pause Young (Normal) (G1 Evacuation Pause)
[2020-04-18T10:12:13.198+0900][gc,task       ] GC(84) Using 10 workers of 10 for evacuation
[2020-04-18T10:12:13.203+0900][gc,phases     ] GC(84)   Pre Evacuate Collection Set: 0.1ms
[2020-04-18T10:12:13.203+0900][gc,phases     ] GC(84)   Evacuate Collection Set: 3.1ms
[2020-04-18T10:12:13.203+0900][gc,phases     ] GC(84)   Post Evacuate Collection Set: 1.3ms
[2020-04-18T10:12:13.203+0900][gc,phases     ] GC(84)   Other: 0.6ms
[2020-04-18T10:12:13.203+0900][gc,heap       ] GC(84) Eden regions: 611->0(611)
[2020-04-18T10:12:13.203+0900][gc,heap       ] GC(84) Survivor regions: 3->3(77)
[2020-04-18T10:12:13.203+0900][gc,heap       ] GC(84) Old regions: 13->13
[2020-04-18T10:12:13.203+0900][gc,heap       ] GC(84) Humongous regions: 129->129
[2020-04-18T10:12:13.203+0900][gc,metaspace  ] GC(84) Metaspace: 34431K->34431K(1081344K)
[2020-04-18T10:12:13.203+0900][gc            ] GC(84) Pause Young (Normal) (G1 Evacuation Pause) 754M->143M(1024M) 5.323ms
[2020-04-18T10:12:13.204+0900][gc,cpu        ] GC(84) User=0.03s Sys=0.01s Real=0.01s
[2020-04-18T10:42:32.502+0900][gc,start      ] GC(85) Pause Young (Normal) (G1 Evacuation Pause)
[2020-04-18T10:42:32.502+0900][gc,task       ] GC(85) Using 10 workers of 10 for evacuation
[2020-04-18T10:42:32.507+0900][gc,phases     ] GC(85)   Pre Evacuate Collection Set: 0.0ms
[2020-04-18T10:42:32.507+0900][gc,phases     ] GC(85)   Evacuate Collection Set: 3.6ms
[2020-04-18T10:42:32.507+0900][gc,phases     ] GC(85)   Post Evacuate Collection Set: 1.4ms
[2020-04-18T10:42:32.507+0900][gc,phases     ] GC(85)   Other: 0.5ms
[2020-04-18T10:42:32.507+0900][gc,heap       ] GC(85) Eden regions: 611->0(611)
[2020-04-18T10:42:32.507+0900][gc,heap       ] GC(85) Survivor regions: 3->3(77)
[2020-04-18T10:42:32.507+0900][gc,heap       ] GC(85) Old regions: 13->13
[2020-04-18T10:42:32.507+0900][gc,heap       ] GC(85) Humongous regions: 129->129
[2020-04-18T10:42:32.507+0900][gc,metaspace  ] GC(85) Metaspace: 34431K->34431K(1081344K)
[2020-04-18T10:42:32.507+0900][gc            ] GC(85) Pause Young (Normal) (G1 Evacuation Pause) 754M->143M(1024M) 5.772ms
[2020-04-18T10:42:32.507+0900][gc,cpu        ] GC(85) User=0.04s Sys=0.00s Real=0.01s
[2020-04-18T11:12:42.564+0900][gc,start      ] GC(86) Pause Young (Normal) (G1 Evacuation Pause)
[2020-04-18T11:12:42.564+0900][gc,task       ] GC(86) Using 10 workers of 10 for evacuation
[2020-04-18T11:12:42.570+0900][gc,phases     ] GC(86)   Pre Evacuate Collection Set: 0.0ms
[2020-04-18T11:12:42.570+0900][gc,phases     ] GC(86)   Evacuate Collection Set: 3.4ms
[2020-04-18T11:12:42.570+0900][gc,phases     ] GC(86)   Post Evacuate Collection Set: 1.5ms
[2020-04-18T11:12:42.570+0900][gc,phases     ] GC(86)   Other: 0.5ms
[2020-04-18T11:12:42.570+0900][gc,heap       ] GC(86) Eden regions: 611->0(611)
[2020-04-18T11:12:42.570+0900][gc,heap       ] GC(86) Survivor regions: 3->3(77)
[2020-04-18T11:12:42.570+0900][gc,heap       ] GC(86) Old regions: 13->13
[2020-04-18T11:12:42.570+0900][gc,heap       ] GC(86) Humongous regions: 129->129
[2020-04-18T11:12:42.570+0900][gc,metaspace  ] GC(86) Metaspace: 34431K->34431K(1081344K)
[2020-04-18T11:12:42.570+0900][gc            ] GC(86) Pause Young (Normal) (G1 Evacuation Pause) 754M->143M(1024M) 5.681ms
[2020-04-18T11:12:42.570+0900][gc,cpu        ] GC(86) User=0.04s Sys=0.00s Real=0.01s
[2020-04-18T11:43:11.402+0900][gc,start      ] GC(87) Pause Young (Normal) (G1 Evacuation Pause)
[2020-04-18T11:43:11.402+0900][gc,task       ] GC(87) Using 10 workers of 10 for evacuation
[2020-04-18T11:43:11.407+0900][gc,phases     ] GC(87)   Pre Evacuate Collection Set: 0.0ms
[2020-04-18T11:43:11.407+0900][gc,phases     ] GC(87)   Evacuate Collection Set: 3.0ms
[2020-04-18T11:43:11.407+0900][gc,phases     ] GC(87)   Post Evacuate Collection Set: 1.3ms
[2020-04-18T11:43:11.407+0900][gc,phases     ] GC(87)   Other: 0.5ms
[2020-04-18T11:43:11.407+0900][gc,heap       ] GC(87) Eden regions: 611->0(611)
[2020-04-18T11:43:11.407+0900][gc,heap       ] GC(87) Survivor regions: 3->3(77)
[2020-04-18T11:43:11.407+0900][gc,heap       ] GC(87) Old regions: 13->13
[2020-04-18T11:43:11.407+0900][gc,heap       ] GC(87) Humongous regions: 129->129
[2020-04-18T11:43:11.407+0900][gc,metaspace  ] GC(87) Metaspace: 34431K->34431K(1081344K)
