[2020-04-12T02:25:09.993+0900][gc,heap] Heap region size: 1M
[2020-04-12T02:25:10.009+0900][gc     ] Using G1
[2020-04-12T02:25:10.010+0900][gc,heap,coops] Heap address: 0x00000000c0000000, size: 1024 MB, Compressed Oops mode: 32-bit
[2020-04-12T02:25:11.362+0900][gc,start     ] GC(0) Pause Young (Normal) (G1 Evacuation Pause)
[2020-04-12T02:25:11.363+0900][gc,task      ] GC(0) Using 10 workers of 10 for evacuation
[2020-04-12T02:25:11.373+0900][gc,phases    ] GC(0)   Pre Evacuate Collection Set: 0.0ms
[2020-04-12T02:25:11.373+0900][gc,phases    ] GC(0)   Evacuate Collection Set: 8.1ms
[2020-04-12T02:25:11.373+0900][gc,phases    ] GC(0)   Post Evacuate Collection Set: 1.0ms
[2020-04-12T02:25:11.373+0900][gc,phases    ] GC(0)   Other: 2.3ms
[2020-04-12T02:25:11.373+0900][gc,heap      ] GC(0) Eden regions: 51->0(44)
[2020-04-12T02:25:11.373+0900][gc,heap      ] GC(0) Survivor regions: 0->7(7)
[2020-04-12T02:25:11.373+0900][gc,heap      ] GC(0) Old regions: 0->0
[2020-04-12T02:25:11.373+0900][gc,heap      ] GC(0) Humongous regions: 0->0
[2020-04-12T02:25:11.373+0900][gc,metaspace ] GC(0) Metaspace: 17102K->17102K(1064960K)
[2020-04-12T02:25:11.373+0900][gc           ] GC(0) Pause Young (Normal) (G1 Evacuation Pause) 51M->6M(1024M) 11.617ms
[2020-04-12T02:25:11.373+0900][gc,cpu       ] GC(0) User=0.07s Sys=0.01s Real=0.01s
[2020-04-12T02:25:11.655+0900][gc,start     ] GC(1) Pause Young (Concurrent Start) (Metadata GC Threshold)
[2020-04-12T02:25:11.655+0900][gc,task      ] GC(1) Using 10 workers of 10 for evacuation
[2020-04-12T02:25:11.668+0900][gc,phases    ] GC(1)   Pre Evacuate Collection Set: 0.1ms
[2020-04-12T02:25:11.668+0900][gc,phases    ] GC(1)   Evacuate Collection Set: 11.9ms
[2020-04-12T02:25:11.668+0900][gc,phases    ] GC(1)   Post Evacuate Collection Set: 0.5ms
[2020-04-12T02:25:11.668+0900][gc,phases    ] GC(1)   Other: 0.4ms
[2020-04-12T02:25:11.668+0900][gc,heap      ] GC(1) Eden regions: 14->0(49)
[2020-04-12T02:25:11.668+0900][gc,heap      ] GC(1) Survivor regions: 7->2(7)
[2020-04-12T02:25:11.668+0900][gc,heap      ] GC(1) Old regions: 0->7
[2020-04-12T02:25:11.668+0900][gc,heap      ] GC(1) Humongous regions: 0->0
[2020-04-12T02:25:11.668+0900][gc,metaspace ] GC(1) Metaspace: 20511K->20511K(1067008K)
[2020-04-12T02:25:11.668+0900][gc           ] GC(1) Pause Young (Concurrent Start) (Metadata GC Threshold) 19M->7M(1024M) 12.951ms
[2020-04-12T02:25:11.668+0900][gc,cpu       ] GC(1) User=0.06s Sys=0.00s Real=0.02s
[2020-04-12T02:25:11.668+0900][gc           ] GC(2) Concurrent Cycle
[2020-04-12T02:25:11.668+0900][gc,marking   ] GC(2) Concurrent Clear Claimed Marks
[2020-04-12T02:25:11.668+0900][gc,marking   ] GC(2) Concurrent Clear Claimed Marks 0.031ms
[2020-04-12T02:25:11.668+0900][gc,marking   ] GC(2) Concurrent Scan Root Regions
[2020-04-12T02:25:11.670+0900][gc,marking   ] GC(2) Concurrent Scan Root Regions 1.796ms
[2020-04-12T02:25:11.670+0900][gc,marking   ] GC(2) Concurrent Mark (1.686s)
[2020-04-12T02:25:11.670+0900][gc,marking   ] GC(2) Concurrent Mark From Roots
[2020-04-12T02:25:11.670+0900][gc,task      ] GC(2) Using 3 workers of 3 for marking
[2020-04-12T02:25:11.678+0900][gc,marking   ] GC(2) Concurrent Mark From Roots 8.423ms
[2020-04-12T02:25:11.678+0900][gc,marking   ] GC(2) Concurrent Preclean
[2020-04-12T02:25:11.679+0900][gc,marking   ] GC(2) Concurrent Preclean 0.304ms
[2020-04-12T02:25:11.679+0900][gc,marking   ] GC(2) Concurrent Mark (1.686s, 1.695s) 8.815ms
[2020-04-12T02:25:11.679+0900][gc,start     ] GC(2) Pause Remark
[2020-04-12T02:25:11.681+0900][gc,stringtable] GC(2) Cleaned string and symbol table, strings: 8985 processed, 0 removed, symbols: 49695 processed, 51 removed
[2020-04-12T02:25:11.681+0900][gc            ] GC(2) Pause Remark 8M->8M(1024M) 1.882ms
[2020-04-12T02:25:11.681+0900][gc,cpu        ] GC(2) User=0.01s Sys=0.00s Real=0.00s
[2020-04-12T02:25:11.681+0900][gc,marking    ] GC(2) Concurrent Rebuild Remembered Sets
[2020-04-12T02:25:11.685+0900][gc,marking    ] GC(2) Concurrent Rebuild Remembered Sets 4.312ms
[2020-04-12T02:25:11.685+0900][gc,start      ] GC(2) Pause Cleanup
[2020-04-12T02:25:11.686+0900][gc            ] GC(2) Pause Cleanup 8M->8M(1024M) 0.441ms
[2020-04-12T02:25:11.686+0900][gc,cpu        ] GC(2) User=0.00s Sys=0.00s Real=0.00s
[2020-04-12T02:25:11.686+0900][gc,marking    ] GC(2) Concurrent Cleanup for Next Mark
[2020-04-12T02:25:11.690+0900][gc,marking    ] GC(2) Concurrent Cleanup for Next Mark 4.072ms
[2020-04-12T02:25:11.690+0900][gc            ] GC(2) Concurrent Cycle 21.997ms
[2020-04-12T02:25:16.072+0900][gc,start      ] GC(3) Pause Young (Normal) (G1 Evacuation Pause)
[2020-04-12T02:25:16.072+0900][gc,task       ] GC(3) Using 10 workers of 10 for evacuation
[2020-04-12T02:25:16.081+0900][gc,phases     ] GC(3)   Pre Evacuate Collection Set: 0.0ms
[2020-04-12T02:25:16.081+0900][gc,phases     ] GC(3)   Evacuate Collection Set: 6.8ms
[2020-04-12T02:25:16.081+0900][gc,phases     ] GC(3)   Post Evacuate Collection Set: 1.2ms
[2020-04-12T02:25:16.081+0900][gc,phases     ] GC(3)   Other: 0.3ms
[2020-04-12T02:25:16.081+0900][gc,heap       ] GC(3) Eden regions: 49->0(46)
[2020-04-12T02:25:16.081+0900][gc,heap       ] GC(3) Survivor regions: 2->5(7)
[2020-04-12T02:25:16.081+0900][gc,heap       ] GC(3) Old regions: 7->7
[2020-04-12T02:25:16.081+0900][gc,heap       ] GC(3) Humongous regions: 129->129
[2020-04-12T02:25:16.081+0900][gc,metaspace  ] GC(3) Metaspace: 29999K->29999K(1075200K)
[2020-04-12T02:25:16.081+0900][gc            ] GC(3) Pause Young (Normal) (G1 Evacuation Pause) 185M->139M(1024M) 8.617ms
[2020-04-12T02:25:16.081+0900][gc,cpu        ] GC(3) User=0.07s Sys=0.00s Real=0.01s
[2020-04-12T02:27:59.347+0900][gc,start      ] GC(4) Pause Young (Normal) (G1 Evacuation Pause)
[2020-04-12T02:27:59.348+0900][gc,task       ] GC(4) Using 10 workers of 10 for evacuation
[2020-04-12T02:27:59.356+0900][gc,phases     ] GC(4)   Pre Evacuate Collection Set: 0.0ms
[2020-04-12T02:27:59.356+0900][gc,phases     ] GC(4)   Evacuate Collection Set: 7.2ms
[2020-04-12T02:27:59.356+0900][gc,phases     ] GC(4)   Post Evacuate Collection Set: 0.7ms
[2020-04-12T02:27:59.356+0900][gc,phases     ] GC(4)   Other: 0.4ms
[2020-04-12T02:27:59.356+0900][gc,heap       ] GC(4) Eden regions: 46->0(49)
[2020-04-12T02:27:59.356+0900][gc,heap       ] GC(4) Survivor regions: 5->2(7)
[2020-04-12T02:27:59.356+0900][gc,heap       ] GC(4) Old regions: 7->11
[2020-04-12T02:27:59.356+0900][gc,heap       ] GC(4) Humongous regions: 129->129
[2020-04-12T02:27:59.356+0900][gc,metaspace  ] GC(4) Metaspace: 32263K->32263K(1079296K)
[2020-04-12T02:27:59.356+0900][gc            ] GC(4) Pause Young (Normal) (G1 Evacuation Pause) 185M->140M(1024M) 8.443ms
[2020-04-12T02:27:59.356+0900][gc,cpu        ] GC(4) User=0.08s Sys=0.00s Real=0.00s
[2020-04-12T02:30:37.538+0900][gc,start      ] GC(5) Pause Young (Normal) (G1 Evacuation Pause)
[2020-04-12T02:30:37.539+0900][gc,task       ] GC(5) Using 10 workers of 10 for evacuation
[2020-04-12T02:30:37.544+0900][gc,phases     ] GC(5)   Pre Evacuate Collection Set: 0.0ms
[2020-04-12T02:30:37.544+0900][gc,phases     ] GC(5)   Evacuate Collection Set: 4.4ms
[2020-04-12T02:30:37.544+0900][gc,phases     ] GC(5)   Post Evacuate Collection Set: 0.9ms
[2020-04-12T02:30:37.544+0900][gc,phases     ] GC(5)   Other: 0.4ms
[2020-04-12T02:30:37.544+0900][gc,heap       ] GC(5) Eden regions: 49->0(49)
[2020-04-12T02:30:37.544+0900][gc,heap       ] GC(5) Survivor regions: 2->2(7)
[2020-04-12T02:30:37.544+0900][gc,heap       ] GC(5) Old regions: 11->11
[2020-04-12T02:30:37.544+0900][gc,heap       ] GC(5) Humongous regions: 129->129
[2020-04-12T02:30:37.544+0900][gc,metaspace  ] GC(5) Metaspace: 32833K->32833K(1079296K)
[2020-04-12T02:30:37.544+0900][gc            ] GC(5) Pause Young (Normal) (G1 Evacuation Pause) 189M->141M(1024M) 5.981ms
[2020-04-12T02:30:37.544+0900][gc,cpu        ] GC(5) User=0.04s Sys=0.01s Real=0.01s
[2020-04-12T02:33:22.967+0900][gc,start      ] GC(6) Pause Young (Normal) (G1 Evacuation Pause)
[2020-04-12T02:33:22.967+0900][gc,task       ] GC(6) Using 10 workers of 10 for evacuation
[2020-04-12T02:33:22.972+0900][gc,phases     ] GC(6)   Pre Evacuate Collection Set: 0.0ms
[2020-04-12T02:33:22.972+0900][gc,phases     ] GC(6)   Evacuate Collection Set: 4.2ms
[2020-04-12T02:33:22.972+0900][gc,phases     ] GC(6)   Post Evacuate Collection Set: 0.7ms
[2020-04-12T02:33:22.972+0900][gc,phases     ] GC(6)   Other: 0.4ms
[2020-04-12T02:33:22.972+0900][gc,heap       ] GC(6) Eden regions: 49->0(49)
[2020-04-12T02:33:22.972+0900][gc,heap       ] GC(6) Survivor regions: 2->2(7)
[2020-04-12T02:33:22.972+0900][gc,heap       ] GC(6) Old regions: 11->11
[2020-04-12T02:33:22.972+0900][gc,heap       ] GC(6) Humongous regions: 129->129
[2020-04-12T02:33:22.972+0900][gc,metaspace  ] GC(6) Metaspace: 32866K->32866K(1079296K)
[2020-04-12T02:33:22.972+0900][gc            ] GC(6) Pause Young (Normal) (G1 Evacuation Pause) 189M->141M(1024M) 5.609ms
[2020-04-12T02:33:22.973+0900][gc,cpu        ] GC(6) User=0.04s Sys=0.00s Real=0.00s
[2020-04-12T02:36:03.286+0900][gc,start      ] GC(7) Pause Young (Normal) (G1 Evacuation Pause)
[2020-04-12T02:36:03.286+0900][gc,task       ] GC(7) Using 10 workers of 10 for evacuation
[2020-04-12T02:36:03.291+0900][gc,phases     ] GC(7)   Pre Evacuate Collection Set: 0.0ms
[2020-04-12T02:36:03.291+0900][gc,phases     ] GC(7)   Evacuate Collection Set: 3.5ms
[2020-04-12T02:36:03.291+0900][gc,phases     ] GC(7)   Post Evacuate Collection Set: 0.8ms
[2020-04-12T02:36:03.291+0900][gc,phases     ] GC(7)   Other: 0.4ms
[2020-04-12T02:36:03.291+0900][gc,heap       ] GC(7) Eden regions: 49->0(54)
[2020-04-12T02:36:03.291+0900][gc,heap       ] GC(7) Survivor regions: 2->2(7)
[2020-04-12T02:36:03.291+0900][gc,heap       ] GC(7) Old regions: 11->11
[2020-04-12T02:36:03.291+0900][gc,heap       ] GC(7) Humongous regions: 129->129
[2020-04-12T02:36:03.291+0900][gc,metaspace  ] GC(7) Metaspace: 33061K->33061K(1079296K)
[2020-04-12T02:36:03.291+0900][gc            ] GC(7) Pause Young (Normal) (G1 Evacuation Pause) 189M->141M(1024M) 4.922ms
[2020-04-12T02:36:03.291+0900][gc,cpu        ] GC(7) User=0.03s Sys=0.00s Real=0.01s
[2020-04-12T02:39:02.478+0900][gc,start      ] GC(8) Pause Young (Normal) (G1 Evacuation Pause)
[2020-04-12T02:39:02.478+0900][gc,task       ] GC(8) Using 10 workers of 10 for evacuation
[2020-04-12T02:39:02.482+0900][gc,phases     ] GC(8)   Pre Evacuate Collection Set: 0.0ms
[2020-04-12T02:39:02.482+0900][gc,phases     ] GC(8)   Evacuate Collection Set: 3.4ms
[2020-04-12T02:39:02.482+0900][gc,phases     ] GC(8)   Post Evacuate Collection Set: 0.8ms
[2020-04-12T02:39:02.482+0900][gc,phases     ] GC(8)   Other: 0.4ms
[2020-04-12T02:39:02.482+0900][gc,heap       ] GC(8) Eden regions: 54->0(68)
[2020-04-12T02:39:02.482+0900][gc,heap       ] GC(8) Survivor regions: 2->2(7)
[2020-04-12T02:39:02.482+0900][gc,heap       ] GC(8) Old regions: 11->11
[2020-04-12T02:39:02.482+0900][gc,heap       ] GC(8) Humongous regions: 129->129
[2020-04-12T02:39:02.482+0900][gc,metaspace  ] GC(8) Metaspace: 33089K->33089K(1079296K)
[2020-04-12T02:39:02.482+0900][gc            ] GC(8) Pause Young (Normal) (G1 Evacuation Pause) 195M->141M(1024M) 4.835ms
[2020-04-12T02:39:02.482+0900][gc,cpu        ] GC(8) User=0.03s Sys=0.00s Real=0.01s
[2020-04-12T02:49:57.538+0900][gc,start      ] GC(9) Pause Young (Normal) (G1 Evacuation Pause)
[2020-04-12T02:49:57.538+0900][gc,task       ] GC(9) Using 10 workers of 10 for evacuation
[2020-04-12T02:49:57.545+0900][gc,phases     ] GC(9)   Pre Evacuate Collection Set: 0.1ms
[2020-04-12T02:49:57.545+0900][gc,phases     ] GC(9)   Evacuate Collection Set: 5.6ms
[2020-04-12T02:49:57.545+0900][gc,phases     ] GC(9)   Post Evacuate Collection Set: 0.9ms
[2020-04-12T02:49:57.545+0900][gc,phases     ] GC(9)   Other: 0.5ms
[2020-04-12T02:49:57.545+0900][gc,heap       ] GC(9) Eden regions: 68->0(84)
[2020-04-12T02:49:57.545+0900][gc,heap       ] GC(9) Survivor regions: 2->2(9)
[2020-04-12T02:49:57.545+0900][gc,heap       ] GC(9) Old regions: 11->11
[2020-04-12T02:49:57.546+0900][gc,heap       ] GC(9) Humongous regions: 129->129
[2020-04-12T02:49:57.546+0900][gc,metaspace  ] GC(9) Metaspace: 33447K->33447K(1079296K)
[2020-04-12T02:49:57.546+0900][gc            ] GC(9) Pause Young (Normal) (G1 Evacuation Pause) 209M->141M(1024M) 7.334ms
[2020-04-12T02:49:57.546+0900][gc,cpu        ] GC(9) User=0.06s Sys=0.00s Real=0.01s
[2020-04-12T03:47:41.750+0900][gc,start      ] GC(10) Pause Young (Normal) (G1 Evacuation Pause)
[2020-04-12T03:47:41.751+0900][gc,task       ] GC(10) Using 10 workers of 10 for evacuation
[2020-04-12T03:47:41.757+0900][gc,phases     ] GC(10)   Pre Evacuate Collection Set: 0.0ms
[2020-04-12T03:47:41.757+0900][gc,phases     ] GC(10)   Evacuate Collection Set: 4.8ms
[2020-04-12T03:47:41.757+0900][gc,phases     ] GC(10)   Post Evacuate Collection Set: 1.0ms
[2020-04-12T03:47:41.757+0900][gc,phases     ] GC(10)   Other: 0.5ms
[2020-04-12T03:47:41.757+0900][gc,heap       ] GC(10) Eden regions: 84->0(92)
[2020-04-12T03:47:41.757+0900][gc,heap       ] GC(10) Survivor regions: 2->2(11)
[2020-04-12T03:47:41.757+0900][gc,heap       ] GC(10) Old regions: 11->11
[2020-04-12T03:47:41.757+0900][gc,heap       ] GC(10) Humongous regions: 129->129
[2020-04-12T03:47:41.757+0900][gc,metaspace  ] GC(10) Metaspace: 33722K->33722K(1079296K)
[2020-04-12T03:47:41.757+0900][gc            ] GC(10) Pause Young (Normal) (G1 Evacuation Pause) 225M->141M(1024M) 6.590ms
[2020-04-12T03:47:41.757+0900][gc,cpu        ] GC(10) User=0.05s Sys=0.00s Real=0.00s
[2020-04-12T04:46:41.786+0900][gc,start      ] GC(11) Pause Young (Concurrent Start) (Metadata GC Threshold)
[2020-04-12T04:46:41.787+0900][gc,task       ] GC(11) Using 10 workers of 10 for evacuation
[2020-04-12T04:46:41.795+0900][gc,phases     ] GC(11)   Pre Evacuate Collection Set: 0.2ms
[2020-04-12T04:46:41.795+0900][gc,phases     ] GC(11)   Evacuate Collection Set: 7.0ms
[2020-04-12T04:46:41.795+0900][gc,phases     ] GC(11)   Post Evacuate Collection Set: 1.1ms
[2020-04-12T04:46:41.795+0900][gc,phases     ] GC(11)   Other: 0.5ms
[2020-04-12T04:46:41.795+0900][gc,heap       ] GC(11) Eden regions: 86->0(93)
[2020-04-12T04:46:41.795+0900][gc,heap       ] GC(11) Survivor regions: 2->2(12)
[2020-04-12T04:46:41.795+0900][gc,heap       ] GC(11) Old regions: 11->11
[2020-04-12T04:46:41.796+0900][gc,heap       ] GC(11) Humongous regions: 129->129
[2020-04-12T04:46:41.796+0900][gc,metaspace  ] GC(11) Metaspace: 33811K->33811K(1079296K)
[2020-04-12T04:46:41.796+0900][gc            ] GC(11) Pause Young (Concurrent Start) (Metadata GC Threshold) 226M->141M(1024M) 9.115ms
[2020-04-12T04:46:41.796+0900][gc,cpu        ] GC(11) User=0.05s Sys=0.01s Real=0.01s
[2020-04-12T04:46:41.796+0900][gc            ] GC(12) Concurrent Cycle
[2020-04-12T04:46:41.796+0900][gc,marking    ] GC(12) Concurrent Clear Claimed Marks
[2020-04-12T04:46:41.796+0900][gc,marking    ] GC(12) Concurrent Clear Claimed Marks 0.145ms
[2020-04-12T04:46:41.796+0900][gc,marking    ] GC(12) Concurrent Scan Root Regions
[2020-04-12T04:46:41.798+0900][gc,marking    ] GC(12) Concurrent Scan Root Regions 2.489ms
[2020-04-12T04:46:41.799+0900][gc,marking    ] GC(12) Concurrent Mark (8491.814s)
[2020-04-12T04:46:41.799+0900][gc,marking    ] GC(12) Concurrent Mark From Roots
[2020-04-12T04:46:41.799+0900][gc,task       ] GC(12) Using 3 workers of 3 for marking
[2020-04-12T04:46:41.810+0900][gc,marking    ] GC(12) Concurrent Mark From Roots 11.633ms
[2020-04-12T04:46:41.810+0900][gc,marking    ] GC(12) Concurrent Preclean
[2020-04-12T04:46:41.811+0900][gc,marking    ] GC(12) Concurrent Preclean 0.617ms
[2020-04-12T04:46:41.811+0900][gc,marking    ] GC(12) Concurrent Mark (8491.814s, 8491.827s) 12.391ms
[2020-04-12T04:46:41.811+0900][gc,start      ] GC(12) Pause Remark
[2020-04-12T04:46:41.818+0900][gc,stringtable] GC(12) Cleaned string and symbol table, strings: 13376 processed, 804 removed, symbols: 71011 processed, 14 removed
[2020-04-12T04:46:41.819+0900][gc            ] GC(12) Pause Remark 141M->141M(1024M) 7.665ms
[2020-04-12T04:46:41.819+0900][gc,cpu        ] GC(12) User=0.05s Sys=0.01s Real=0.01s
[2020-04-12T04:46:41.819+0900][gc,marking    ] GC(12) Concurrent Rebuild Remembered Sets
[2020-04-12T04:46:41.826+0900][gc,marking    ] GC(12) Concurrent Rebuild Remembered Sets 6.881ms
[2020-04-12T04:46:41.826+0900][gc,start      ] GC(12) Pause Cleanup
[2020-04-12T04:46:41.827+0900][gc            ] GC(12) Pause Cleanup 141M->141M(1024M) 0.303ms
[2020-04-12T04:46:41.827+0900][gc,cpu        ] GC(12) User=0.00s Sys=0.00s Real=0.01s
[2020-04-12T04:46:41.827+0900][gc,marking    ] GC(12) Concurrent Cleanup for Next Mark
[2020-04-12T04:46:41.831+0900][gc,marking    ] GC(12) Concurrent Cleanup for Next Mark 4.391ms
[2020-04-12T04:46:41.831+0900][gc            ] GC(12) Concurrent Cycle 35.475ms
[2020-04-12T05:49:57.434+0900][gc,start      ] GC(13) Pause Young (Normal) (G1 Evacuation Pause)
[2020-04-12T05:49:57.434+0900][gc,task       ] GC(13) Using 10 workers of 10 for evacuation
[2020-04-12T05:49:57.442+0900][gc,phases     ] GC(13)   Pre Evacuate Collection Set: 0.0ms
[2020-04-12T05:49:57.442+0900][gc,phases     ] GC(13)   Evacuate Collection Set: 6.3ms
[2020-04-12T05:49:57.442+0900][gc,phases     ] GC(13)   Post Evacuate Collection Set: 1.0ms
[2020-04-12T05:49:57.442+0900][gc,phases     ] GC(13)   Other: 0.5ms
[2020-04-12T05:49:57.442+0900][gc,heap       ] GC(13) Eden regions: 90->0(99)
[2020-04-12T05:49:57.442+0900][gc,heap       ] GC(13) Survivor regions: 2->2(12)
[2020-04-12T05:49:57.442+0900][gc,heap       ] GC(13) Old regions: 11->11
[2020-04-12T05:49:57.442+0900][gc,heap       ] GC(13) Humongous regions: 129->129
[2020-04-12T05:49:57.442+0900][gc,metaspace  ] GC(13) Metaspace: 33710K->33710K(1079296K)
[2020-04-12T05:49:57.442+0900][gc            ] GC(13) Pause Young (Normal) (G1 Evacuation Pause) 231M->141M(1024M) 8.103ms
[2020-04-12T05:49:57.442+0900][gc,cpu        ] GC(13) User=0.07s Sys=0.01s Real=0.01s
[2020-04-12T07:00:43.901+0900][gc,start      ] GC(14) Pause Young (Normal) (G1 Evacuation Pause)
[2020-04-12T07:00:43.901+0900][gc,task       ] GC(14) Using 10 workers of 10 for evacuation
[2020-04-12T07:00:43.909+0900][gc,phases     ] GC(14)   Pre Evacuate Collection Set: 0.0ms
[2020-04-12T07:00:43.909+0900][gc,phases     ] GC(14)   Evacuate Collection Set: 6.3ms
[2020-04-12T07:00:43.909+0900][gc,phases     ] GC(14)   Post Evacuate Collection Set: 1.0ms
[2020-04-12T07:00:43.909+0900][gc,phases     ] GC(14)   Other: 0.4ms
[2020-04-12T07:00:43.909+0900][gc,heap       ] GC(14) Eden regions: 99->0(110)
[2020-04-12T07:00:43.909+0900][gc,heap       ] GC(14) Survivor regions: 2->2(13)
[2020-04-12T07:00:43.909+0900][gc,heap       ] GC(14) Old regions: 11->11
[2020-04-12T07:00:43.909+0900][gc,heap       ] GC(14) Humongous regions: 129->129
[2020-04-12T07:00:43.909+0900][gc,metaspace  ] GC(14) Metaspace: 33755K->33755K(1079296K)
[2020-04-12T07:00:43.909+0900][gc            ] GC(14) Pause Young (Normal) (G1 Evacuation Pause) 240M->141M(1024M) 8.036ms
[2020-04-12T07:00:43.909+0900][gc,cpu        ] GC(14) User=0.06s Sys=0.00s Real=0.01s
[2020-04-12T08:18:42.538+0900][gc,start      ] GC(15) Pause Young (Normal) (G1 Evacuation Pause)
[2020-04-12T08:18:42.538+0900][gc,task       ] GC(15) Using 10 workers of 10 for evacuation
[2020-04-12T08:18:42.546+0900][gc,phases     ] GC(15)   Pre Evacuate Collection Set: 0.0ms
[2020-04-12T08:18:42.546+0900][gc,phases     ] GC(15)   Evacuate Collection Set: 6.2ms
[2020-04-12T08:18:42.546+0900][gc,phases     ] GC(15)   Post Evacuate Collection Set: 1.0ms
[2020-04-12T08:18:42.546+0900][gc,phases     ] GC(15)   Other: 0.4ms
[2020-04-12T08:18:42.546+0900][gc,heap       ] GC(15) Eden regions: 110->0(122)
[2020-04-12T08:18:42.546+0900][gc,heap       ] GC(15) Survivor regions: 2->2(14)
[2020-04-12T08:18:42.546+0900][gc,heap       ] GC(15) Old regions: 11->11
[2020-04-12T08:18:42.546+0900][gc,heap       ] GC(15) Humongous regions: 129->129
[2020-04-12T08:18:42.546+0900][gc,metaspace  ] GC(15) Metaspace: 33759K->33759K(1079296K)
[2020-04-12T08:18:42.546+0900][gc            ] GC(15) Pause Young (Normal) (G1 Evacuation Pause) 251M->141M(1024M) 7.901ms
[2020-04-12T08:18:42.546+0900][gc,cpu        ] GC(15) User=0.06s Sys=0.00s Real=0.01s
[2020-04-12T09:46:32.154+0900][gc,start      ] GC(16) Pause Young (Normal) (G1 Evacuation Pause)
[2020-04-12T09:46:32.154+0900][gc,task       ] GC(16) Using 10 workers of 10 for evacuation
[2020-04-12T09:46:32.161+0900][gc,phases     ] GC(16)   Pre Evacuate Collection Set: 0.0ms
[2020-04-12T09:46:32.161+0900][gc,phases     ] GC(16)   Evacuate Collection Set: 4.9ms
[2020-04-12T09:46:32.161+0900][gc,phases     ] GC(16)   Post Evacuate Collection Set: 1.0ms
[2020-04-12T09:46:32.161+0900][gc,phases     ] GC(16)   Other: 0.5ms
[2020-04-12T09:46:32.161+0900][gc,heap       ] GC(16) Eden regions: 122->0(134)
[2020-04-12T09:46:32.161+0900][gc,heap       ] GC(16) Survivor regions: 2->2(16)
[2020-04-12T09:46:32.161+0900][gc,heap       ] GC(16) Old regions: 11->11
[2020-04-12T09:46:32.161+0900][gc,heap       ] GC(16) Humongous regions: 129->129
[2020-04-12T09:46:32.161+0900][gc,metaspace  ] GC(16) Metaspace: 33785K->33785K(1079296K)
[2020-04-12T09:46:32.161+0900][gc            ] GC(16) Pause Young (Normal) (G1 Evacuation Pause) 263M->141M(1024M) 6.666ms
[2020-04-12T09:46:32.161+0900][gc,cpu        ] GC(16) User=0.05s Sys=0.00s Real=0.01s
[2020-04-12T11:23:02.538+0900][gc,start      ] GC(17) Pause Young (Normal) (G1 Evacuation Pause)
[2020-04-12T11:23:02.538+0900][gc,task       ] GC(17) Using 10 workers of 10 for evacuation
[2020-04-12T11:23:02.544+0900][gc,phases     ] GC(17)   Pre Evacuate Collection Set: 0.0ms
[2020-04-12T11:23:02.545+0900][gc,phases     ] GC(17)   Evacuate Collection Set: 5.0ms
[2020-04-12T11:23:02.545+0900][gc,phases     ] GC(17)   Post Evacuate Collection Set: 1.1ms
[2020-04-12T11:23:02.545+0900][gc,phases     ] GC(17)   Other: 0.4ms
[2020-04-12T11:23:02.545+0900][gc,heap       ] GC(17) Eden regions: 134->0(148)
[2020-04-12T11:23:02.545+0900][gc,heap       ] GC(17) Survivor regions: 2->2(17)
[2020-04-12T11:23:02.545+0900][gc,heap       ] GC(17) Old regions: 11->11
[2020-04-12T11:23:02.545+0900][gc,heap       ] GC(17) Humongous regions: 129->129
[2020-04-12T11:23:02.545+0900][gc,metaspace  ] GC(17) Metaspace: 33826K->33826K(1079296K)
[2020-04-12T11:23:02.545+0900][gc            ] GC(17) Pause Young (Normal) (G1 Evacuation Pause) 275M->141M(1024M) 6.759ms
[2020-04-12T11:23:02.545+0900][gc,cpu        ] GC(17) User=0.05s Sys=0.00s Real=0.01s
[2020-04-12T13:09:37.538+0900][gc,start      ] GC(18) Pause Young (Normal) (G1 Evacuation Pause)
[2020-04-12T13:09:37.538+0900][gc,task       ] GC(18) Using 10 workers of 10 for evacuation
[2020-04-12T13:09:37.544+0900][gc,phases     ] GC(18)   Pre Evacuate Collection Set: 0.0ms
[2020-04-12T13:09:37.545+0900][gc,phases     ] GC(18)   Evacuate Collection Set: 5.2ms
[2020-04-12T13:09:37.545+0900][gc,phases     ] GC(18)   Post Evacuate Collection Set: 1.0ms
[2020-04-12T13:09:37.545+0900][gc,phases     ] GC(18)   Other: 0.4ms
[2020-04-12T13:09:37.545+0900][gc,heap       ] GC(18) Eden regions: 148->0(163)
[2020-04-12T13:09:37.545+0900][gc,heap       ] GC(18) Survivor regions: 2->2(19)
[2020-04-12T13:09:37.545+0900][gc,heap       ] GC(18) Old regions: 11->11
[2020-04-12T13:09:37.545+0900][gc,heap       ] GC(18) Humongous regions: 129->129
[2020-04-12T13:09:37.545+0900][gc,metaspace  ] GC(18) Metaspace: 33839K->33839K(1079296K)
[2020-04-12T13:09:37.545+0900][gc            ] GC(18) Pause Young (Normal) (G1 Evacuation Pause) 289M->141M(1024M) 6.862ms
[2020-04-12T13:09:37.545+0900][gc,cpu        ] GC(18) User=0.06s Sys=0.00s Real=0.01s
[2020-04-12T14:09:35.985+0900][gc,heap,exit  ] Heap
[2020-04-12T14:09:35.985+0900][gc,heap,exit  ]  garbage-first heap   total 1048576K, used 235778K [0x00000000c0000000, 0x0000000100000000)
[2020-04-12T14:09:35.985+0900][gc,heap,exit  ]   region size 1024K, 93 young (95232K), 2 survivors (2048K)
[2020-04-12T14:09:35.985+0900][gc,heap,exit  ]  Metaspace       used 34488K, capacity 36702K, committed 36912K, reserved 1081344K
[2020-04-12T14:09:35.985+0900][gc,heap,exit  ]   class space    used 4920K, capacity 5952K, committed 6016K, reserved 1048576K
