[2020-04-14T20:06:40.185+0900][gc,heap] Heap region size: 1M
[2020-04-14T20:06:40.200+0900][gc     ] Using G1
[2020-04-14T20:06:40.200+0900][gc,heap,coops] Heap address: 0x00000000c0000000, size: 1024 MB, Compressed Oops mode: 32-bit
[2020-04-14T20:06:41.534+0900][gc,start     ] GC(0) Pause Young (Normal) (G1 Evacuation Pause)
[2020-04-14T20:06:41.536+0900][gc,task      ] GC(0) Using 10 workers of 10 for evacuation
[2020-04-14T20:06:41.545+0900][gc,phases    ] GC(0)   Pre Evacuate Collection Set: 0.0ms
[2020-04-14T20:06:41.545+0900][gc,phases    ] GC(0)   Evacuate Collection Set: 7.8ms
[2020-04-14T20:06:41.545+0900][gc,phases    ] GC(0)   Post Evacuate Collection Set: 1.1ms
[2020-04-14T20:06:41.545+0900][gc,phases    ] GC(0)   Other: 2.3ms
[2020-04-14T20:06:41.545+0900][gc,heap      ] GC(0) Eden regions: 51->0(44)
[2020-04-14T20:06:41.545+0900][gc,heap      ] GC(0) Survivor regions: 0->7(7)
[2020-04-14T20:06:41.545+0900][gc,heap      ] GC(0) Old regions: 0->0
[2020-04-14T20:06:41.545+0900][gc,heap      ] GC(0) Humongous regions: 0->0
[2020-04-14T20:06:41.545+0900][gc,metaspace ] GC(0) Metaspace: 17083K->17083K(1064960K)
[2020-04-14T20:06:41.545+0900][gc           ] GC(0) Pause Young (Normal) (G1 Evacuation Pause) 51M->6M(1024M) 11.416ms
[2020-04-14T20:06:41.545+0900][gc,cpu       ] GC(0) User=0.06s Sys=0.02s Real=0.01s
[2020-04-14T20:06:41.824+0900][gc,start     ] GC(1) Pause Young (Concurrent Start) (Metadata GC Threshold)
[2020-04-14T20:06:41.824+0900][gc,task      ] GC(1) Using 10 workers of 10 for evacuation
[2020-04-14T20:06:41.838+0900][gc,phases    ] GC(1)   Pre Evacuate Collection Set: 0.1ms
[2020-04-14T20:06:41.838+0900][gc,phases    ] GC(1)   Evacuate Collection Set: 12.8ms
[2020-04-14T20:06:41.838+0900][gc,phases    ] GC(1)   Post Evacuate Collection Set: 0.6ms
[2020-04-14T20:06:41.838+0900][gc,phases    ] GC(1)   Other: 0.4ms
[2020-04-14T20:06:41.838+0900][gc,heap      ] GC(1) Eden regions: 14->0(49)
[2020-04-14T20:06:41.838+0900][gc,heap      ] GC(1) Survivor regions: 7->2(7)
[2020-04-14T20:06:41.838+0900][gc,heap      ] GC(1) Old regions: 0->7
[2020-04-14T20:06:41.838+0900][gc,heap      ] GC(1) Humongous regions: 0->0
[2020-04-14T20:06:41.838+0900][gc,metaspace ] GC(1) Metaspace: 20430K->20430K(1067008K)
[2020-04-14T20:06:41.838+0900][gc           ] GC(1) Pause Young (Concurrent Start) (Metadata GC Threshold) 19M->7M(1024M) 14.054ms
[2020-04-14T20:06:41.838+0900][gc,cpu       ] GC(1) User=0.06s Sys=0.01s Real=0.01s
[2020-04-14T20:06:41.838+0900][gc           ] GC(2) Concurrent Cycle
[2020-04-14T20:06:41.838+0900][gc,marking   ] GC(2) Concurrent Clear Claimed Marks
[2020-04-14T20:06:41.838+0900][gc,marking   ] GC(2) Concurrent Clear Claimed Marks 0.027ms
[2020-04-14T20:06:41.838+0900][gc,marking   ] GC(2) Concurrent Scan Root Regions
[2020-04-14T20:06:41.839+0900][gc,marking   ] GC(2) Concurrent Scan Root Regions 0.940ms
[2020-04-14T20:06:41.839+0900][gc,marking   ] GC(2) Concurrent Mark (1.660s)
[2020-04-14T20:06:41.839+0900][gc,marking   ] GC(2) Concurrent Mark From Roots
[2020-04-14T20:06:41.839+0900][gc,task      ] GC(2) Using 3 workers of 3 for marking
[2020-04-14T20:06:41.850+0900][gc,marking   ] GC(2) Concurrent Mark From Roots 11.033ms
[2020-04-14T20:06:41.850+0900][gc,marking   ] GC(2) Concurrent Preclean
[2020-04-14T20:06:41.851+0900][gc,marking   ] GC(2) Concurrent Preclean 0.306ms
[2020-04-14T20:06:41.851+0900][gc,marking   ] GC(2) Concurrent Mark (1.660s, 1.671s) 11.425ms
[2020-04-14T20:06:41.851+0900][gc,start     ] GC(2) Pause Remark
[2020-04-14T20:06:41.853+0900][gc,stringtable] GC(2) Cleaned string and symbol table, strings: 8998 processed, 0 removed, symbols: 49625 processed, 52 removed
[2020-04-14T20:06:41.853+0900][gc            ] GC(2) Pause Remark 7M->7M(1024M) 2.015ms
[2020-04-14T20:06:41.853+0900][gc,cpu        ] GC(2) User=0.01s Sys=0.01s Real=0.00s
[2020-04-14T20:06:41.853+0900][gc,marking    ] GC(2) Concurrent Rebuild Remembered Sets
[2020-04-14T20:06:41.856+0900][gc,marking    ] GC(2) Concurrent Rebuild Remembered Sets 3.345ms
[2020-04-14T20:06:41.856+0900][gc,start      ] GC(2) Pause Cleanup
[2020-04-14T20:06:41.857+0900][gc            ] GC(2) Pause Cleanup 7M->7M(1024M) 0.286ms
[2020-04-14T20:06:41.857+0900][gc,cpu        ] GC(2) User=0.00s Sys=0.00s Real=0.00s
[2020-04-14T20:06:41.857+0900][gc,marking    ] GC(2) Concurrent Cleanup for Next Mark
[2020-04-14T20:06:41.861+0900][gc,marking    ] GC(2) Concurrent Cleanup for Next Mark 3.806ms
[2020-04-14T20:06:41.861+0900][gc            ] GC(2) Concurrent Cycle 22.384ms
[2020-04-14T20:06:47.661+0900][gc,start      ] GC(3) Pause Young (Normal) (G1 Evacuation Pause)
[2020-04-14T20:06:47.661+0900][gc,task       ] GC(3) Using 10 workers of 10 for evacuation
[2020-04-14T20:06:47.668+0900][gc,phases     ] GC(3)   Pre Evacuate Collection Set: 0.0ms
[2020-04-14T20:06:47.668+0900][gc,phases     ] GC(3)   Evacuate Collection Set: 6.3ms
[2020-04-14T20:06:47.668+0900][gc,phases     ] GC(3)   Post Evacuate Collection Set: 1.1ms
[2020-04-14T20:06:47.668+0900][gc,phases     ] GC(3)   Other: 0.3ms
[2020-04-14T20:06:47.668+0900][gc,heap       ] GC(3) Eden regions: 49->0(46)
[2020-04-14T20:06:47.668+0900][gc,heap       ] GC(3) Survivor regions: 2->5(7)
[2020-04-14T20:06:47.669+0900][gc,heap       ] GC(3) Old regions: 7->7
[2020-04-14T20:06:47.669+0900][gc,heap       ] GC(3) Humongous regions: 129->129
[2020-04-14T20:06:47.669+0900][gc,metaspace  ] GC(3) Metaspace: 30063K->30063K(1077248K)
[2020-04-14T20:06:47.669+0900][gc            ] GC(3) Pause Young (Normal) (G1 Evacuation Pause) 185M->140M(1024M) 8.082ms
[2020-04-14T20:06:47.669+0900][gc,cpu        ] GC(3) User=0.06s Sys=0.00s Real=0.01s
[2020-04-14T20:09:49.227+0900][gc,start      ] GC(4) Pause Young (Normal) (G1 Evacuation Pause)
[2020-04-14T20:09:49.227+0900][gc,task       ] GC(4) Using 10 workers of 10 for evacuation
[2020-04-14T20:09:49.235+0900][gc,phases     ] GC(4)   Pre Evacuate Collection Set: 0.0ms
[2020-04-14T20:09:49.235+0900][gc,phases     ] GC(4)   Evacuate Collection Set: 6.4ms
[2020-04-14T20:09:49.235+0900][gc,phases     ] GC(4)   Post Evacuate Collection Set: 1.0ms
[2020-04-14T20:09:49.235+0900][gc,phases     ] GC(4)   Other: 0.5ms
[2020-04-14T20:09:49.235+0900][gc,heap       ] GC(4) Eden regions: 46->0(49)
[2020-04-14T20:09:49.235+0900][gc,heap       ] GC(4) Survivor regions: 5->2(7)
[2020-04-14T20:09:49.235+0900][gc,heap       ] GC(4) Old regions: 7->11
[2020-04-14T20:09:49.235+0900][gc,heap       ] GC(4) Humongous regions: 129->129
[2020-04-14T20:09:49.235+0900][gc,metaspace  ] GC(4) Metaspace: 32349K->32349K(1079296K)
[2020-04-14T20:09:49.235+0900][gc            ] GC(4) Pause Young (Normal) (G1 Evacuation Pause) 186M->140M(1024M) 8.120ms
[2020-04-14T20:09:49.235+0900][gc,cpu        ] GC(4) User=0.06s Sys=0.01s Real=0.00s
[2020-04-14T20:13:04.958+0900][gc,start      ] GC(5) Pause Young (Normal) (G1 Evacuation Pause)
[2020-04-14T20:13:04.958+0900][gc,task       ] GC(5) Using 10 workers of 10 for evacuation
[2020-04-14T20:13:04.962+0900][gc,phases     ] GC(5)   Pre Evacuate Collection Set: 0.0ms
[2020-04-14T20:13:04.962+0900][gc,phases     ] GC(5)   Evacuate Collection Set: 3.7ms
[2020-04-14T20:13:04.962+0900][gc,phases     ] GC(5)   Post Evacuate Collection Set: 0.5ms
[2020-04-14T20:13:04.962+0900][gc,phases     ] GC(5)   Other: 0.2ms
[2020-04-14T20:13:04.962+0900][gc,heap       ] GC(5) Eden regions: 49->0(49)
[2020-04-14T20:13:04.962+0900][gc,heap       ] GC(5) Survivor regions: 2->2(7)
[2020-04-14T20:13:04.962+0900][gc,heap       ] GC(5) Old regions: 11->11
[2020-04-14T20:13:04.962+0900][gc,heap       ] GC(5) Humongous regions: 129->129
[2020-04-14T20:13:04.962+0900][gc,metaspace  ] GC(5) Metaspace: 32437K->32437K(1079296K)
[2020-04-14T20:13:04.962+0900][gc            ] GC(5) Pause Young (Normal) (G1 Evacuation Pause) 189M->141M(1024M) 4.569ms
[2020-04-14T20:13:04.962+0900][gc,cpu        ] GC(5) User=0.04s Sys=0.00s Real=0.01s
[2020-04-14T20:16:16.110+0900][gc,start      ] GC(6) Pause Young (Normal) (G1 Evacuation Pause)
[2020-04-14T20:16:16.110+0900][gc,task       ] GC(6) Using 10 workers of 10 for evacuation
[2020-04-14T20:16:16.114+0900][gc,phases     ] GC(6)   Pre Evacuate Collection Set: 0.0ms
[2020-04-14T20:16:16.114+0900][gc,phases     ] GC(6)   Evacuate Collection Set: 2.5ms
[2020-04-14T20:16:16.114+0900][gc,phases     ] GC(6)   Post Evacuate Collection Set: 0.8ms
[2020-04-14T20:16:16.114+0900][gc,phases     ] GC(6)   Other: 0.4ms
[2020-04-14T20:16:16.114+0900][gc,heap       ] GC(6) Eden regions: 49->0(49)
[2020-04-14T20:16:16.114+0900][gc,heap       ] GC(6) Survivor regions: 2->2(7)
[2020-04-14T20:16:16.114+0900][gc,heap       ] GC(6) Old regions: 11->11
[2020-04-14T20:16:16.114+0900][gc,heap       ] GC(6) Humongous regions: 129->129
[2020-04-14T20:16:16.114+0900][gc,metaspace  ] GC(6) Metaspace: 32890K->32890K(1079296K)
[2020-04-14T20:16:16.114+0900][gc            ] GC(6) Pause Young (Normal) (G1 Evacuation Pause) 190M->141M(1024M) 4.036ms
[2020-04-14T20:16:16.114+0900][gc,cpu        ] GC(6) User=0.02s Sys=0.00s Real=0.00s
[2020-04-14T20:19:35.738+0900][gc,start      ] GC(7) Pause Young (Normal) (G1 Evacuation Pause)
[2020-04-14T20:19:35.738+0900][gc,task       ] GC(7) Using 10 workers of 10 for evacuation
[2020-04-14T20:19:35.743+0900][gc,phases     ] GC(7)   Pre Evacuate Collection Set: 0.0ms
[2020-04-14T20:19:35.743+0900][gc,phases     ] GC(7)   Evacuate Collection Set: 3.9ms
[2020-04-14T20:19:35.743+0900][gc,phases     ] GC(7)   Post Evacuate Collection Set: 0.6ms
[2020-04-14T20:19:35.743+0900][gc,phases     ] GC(7)   Other: 0.3ms
[2020-04-14T20:19:35.743+0900][gc,heap       ] GC(7) Eden regions: 49->0(54)
[2020-04-14T20:19:35.743+0900][gc,heap       ] GC(7) Survivor regions: 2->2(7)
[2020-04-14T20:19:35.743+0900][gc,heap       ] GC(7) Old regions: 11->11
[2020-04-14T20:19:35.743+0900][gc,heap       ] GC(7) Humongous regions: 129->129
[2020-04-14T20:19:35.743+0900][gc,metaspace  ] GC(7) Metaspace: 32933K->32933K(1079296K)
[2020-04-14T20:19:35.743+0900][gc            ] GC(7) Pause Young (Normal) (G1 Evacuation Pause) 190M->141M(1024M) 4.816ms
[2020-04-14T20:19:35.743+0900][gc,cpu        ] GC(7) User=0.04s Sys=0.00s Real=0.01s
[2020-04-14T20:22:45.173+0900][gc,start      ] GC(8) Pause Young (Normal) (G1 Evacuation Pause)
[2020-04-14T20:22:45.173+0900][gc,task       ] GC(8) Using 10 workers of 10 for evacuation
[2020-04-14T20:22:45.178+0900][gc,phases     ] GC(8)   Pre Evacuate Collection Set: 0.0ms
[2020-04-14T20:22:45.178+0900][gc,phases     ] GC(8)   Evacuate Collection Set: 4.4ms
[2020-04-14T20:22:45.178+0900][gc,phases     ] GC(8)   Post Evacuate Collection Set: 0.8ms
[2020-04-14T20:22:45.179+0900][gc,phases     ] GC(8)   Other: 0.3ms
[2020-04-14T20:22:45.179+0900][gc,heap       ] GC(8) Eden regions: 50->0(64)
[2020-04-14T20:22:45.179+0900][gc,heap       ] GC(8) Survivor regions: 2->2(7)
[2020-04-14T20:22:45.179+0900][gc,heap       ] GC(8) Old regions: 11->11
[2020-04-14T20:22:45.179+0900][gc,heap       ] GC(8) Humongous regions: 129->129
[2020-04-14T20:22:45.179+0900][gc,metaspace  ] GC(8) Metaspace: 33413K->33413K(1079296K)
[2020-04-14T20:22:45.179+0900][gc            ] GC(8) Pause Young (Normal) (G1 Evacuation Pause) 191M->141M(1024M) 5.829ms
[2020-04-14T20:22:45.179+0900][gc,cpu        ] GC(8) User=0.05s Sys=0.01s Real=0.01s
[2020-04-14T20:22:45.192+0900][gc,start      ] GC(9) Pause Young (Concurrent Start) (Metadata GC Threshold)
[2020-04-14T20:22:45.192+0900][gc,task       ] GC(9) Using 10 workers of 10 for evacuation
[2020-04-14T20:22:45.195+0900][gc,phases     ] GC(9)   Pre Evacuate Collection Set: 0.2ms
[2020-04-14T20:22:45.195+0900][gc,phases     ] GC(9)   Evacuate Collection Set: 2.4ms
[2020-04-14T20:22:45.195+0900][gc,phases     ] GC(9)   Post Evacuate Collection Set: 0.7ms
[2020-04-14T20:22:45.195+0900][gc,phases     ] GC(9)   Other: 0.3ms
[2020-04-14T20:22:45.195+0900][gc,heap       ] GC(9) Eden regions: 1->0(50)
[2020-04-14T20:22:45.195+0900][gc,heap       ] GC(9) Survivor regions: 2->2(9)
[2020-04-14T20:22:45.195+0900][gc,heap       ] GC(9) Old regions: 11->11
[2020-04-14T20:22:45.195+0900][gc,heap       ] GC(9) Humongous regions: 129->129
[2020-04-14T20:22:45.195+0900][gc,metaspace  ] GC(9) Metaspace: 33488K->33488K(1079296K)
[2020-04-14T20:22:45.195+0900][gc            ] GC(9) Pause Young (Concurrent Start) (Metadata GC Threshold) 141M->141M(1024M) 3.874ms
[2020-04-14T20:22:45.195+0900][gc,cpu        ] GC(9) User=0.03s Sys=0.00s Real=0.00s
[2020-04-14T20:22:45.196+0900][gc            ] GC(10) Concurrent Cycle
[2020-04-14T20:22:45.196+0900][gc,marking    ] GC(10) Concurrent Clear Claimed Marks
[2020-04-14T20:22:45.196+0900][gc,marking    ] GC(10) Concurrent Clear Claimed Marks 0.092ms
[2020-04-14T20:22:45.196+0900][gc,marking    ] GC(10) Concurrent Scan Root Regions
[2020-04-14T20:22:45.199+0900][gc,marking    ] GC(10) Concurrent Scan Root Regions 3.144ms
[2020-04-14T20:22:45.199+0900][gc,marking    ] GC(10) Concurrent Mark (965.019s)
[2020-04-14T20:22:45.199+0900][gc,marking    ] GC(10) Concurrent Mark From Roots
[2020-04-14T20:22:45.199+0900][gc,task       ] GC(10) Using 3 workers of 3 for marking
[2020-04-14T20:22:45.217+0900][gc,marking    ] GC(10) Concurrent Mark From Roots 18.078ms
[2020-04-14T20:22:45.217+0900][gc,marking    ] GC(10) Concurrent Preclean
[2020-04-14T20:22:45.217+0900][gc,marking    ] GC(10) Concurrent Preclean 0.417ms
[2020-04-14T20:22:45.217+0900][gc,marking    ] GC(10) Concurrent Mark (965.019s, 965.038s) 18.565ms
[2020-04-14T20:22:45.218+0900][gc,start      ] GC(10) Pause Remark
[2020-04-14T20:22:45.223+0900][gc,stringtable] GC(10) Cleaned string and symbol table, strings: 13189 processed, 801 removed, symbols: 71143 processed, 14 removed
[2020-04-14T20:22:45.223+0900][gc            ] GC(10) Pause Remark 141M->12M(1024M) 5.581ms
[2020-04-14T20:22:45.223+0900][gc,cpu        ] GC(10) User=0.03s Sys=0.00s Real=0.01s
[2020-04-14T20:22:45.223+0900][gc,marking    ] GC(10) Concurrent Rebuild Remembered Sets
[2020-04-14T20:22:45.229+0900][gc,marking    ] GC(10) Concurrent Rebuild Remembered Sets 5.740ms
[2020-04-14T20:22:45.229+0900][gc,start      ] GC(10) Pause Cleanup
[2020-04-14T20:22:45.229+0900][gc            ] GC(10) Pause Cleanup 12M->12M(1024M) 0.179ms
[2020-04-14T20:22:45.229+0900][gc,cpu        ] GC(10) User=0.00s Sys=0.00s Real=0.00s
[2020-04-14T20:22:45.229+0900][gc,marking    ] GC(10) Concurrent Cleanup for Next Mark
[2020-04-14T20:22:45.234+0900][gc,marking    ] GC(10) Concurrent Cleanup for Next Mark 4.255ms
[2020-04-14T20:22:45.234+0900][gc            ] GC(10) Concurrent Cycle 38.146ms
[2020-04-14T20:22:46.845+0900][gc,heap,exit  ] Heap
[2020-04-14T20:22:46.845+0900][gc,heap,exit  ]  garbage-first heap   total 1048576K, used 16620K [0x00000000c0000000, 0x0000000100000000)
[2020-04-14T20:22:46.845+0900][gc,heap,exit  ]   region size 1024K, 7 young (7168K), 2 survivors (2048K)
[2020-04-14T20:22:46.845+0900][gc,heap,exit  ]  Metaspace       used 33583K, capacity 35728K, committed 36144K, reserved 1079296K
[2020-04-14T20:22:46.845+0900][gc,heap,exit  ]   class space    used 4888K, capacity 5911K, committed 6016K, reserved 1048576K
