[2020-04-13T20:35:57.596+0900][gc,heap] Heap region size: 1M
[2020-04-13T20:35:57.610+0900][gc     ] Using G1
[2020-04-13T20:35:57.610+0900][gc,heap,coops] Heap address: 0x00000000c0000000, size: 1024 MB, Compressed Oops mode: 32-bit
[2020-04-13T20:35:58.924+0900][gc,start     ] GC(0) Pause Young (Normal) (G1 Evacuation Pause)
[2020-04-13T20:35:58.926+0900][gc,task      ] GC(0) Using 10 workers of 10 for evacuation
[2020-04-13T20:35:58.937+0900][gc,phases    ] GC(0)   Pre Evacuate Collection Set: 0.0ms
[2020-04-13T20:35:58.937+0900][gc,phases    ] GC(0)   Evacuate Collection Set: 9.2ms
[2020-04-13T20:35:58.937+0900][gc,phases    ] GC(0)   Post Evacuate Collection Set: 0.6ms
[2020-04-13T20:35:58.937+0900][gc,phases    ] GC(0)   Other: 2.3ms
[2020-04-13T20:35:58.937+0900][gc,heap      ] GC(0) Eden regions: 51->0(44)
[2020-04-13T20:35:58.937+0900][gc,heap      ] GC(0) Survivor regions: 0->7(7)
[2020-04-13T20:35:58.937+0900][gc,heap      ] GC(0) Old regions: 0->0
[2020-04-13T20:35:58.937+0900][gc,heap      ] GC(0) Humongous regions: 0->0
[2020-04-13T20:35:58.937+0900][gc,metaspace ] GC(0) Metaspace: 17090K->17090K(1064960K)
[2020-04-13T20:35:58.937+0900][gc           ] GC(0) Pause Young (Normal) (G1 Evacuation Pause) 51M->6M(1024M) 12.267ms
[2020-04-13T20:35:58.937+0900][gc,cpu       ] GC(0) User=0.10s Sys=0.00s Real=0.01s
[2020-04-13T20:35:59.221+0900][gc,start     ] GC(1) Pause Young (Concurrent Start) (Metadata GC Threshold)
[2020-04-13T20:35:59.221+0900][gc,task      ] GC(1) Using 10 workers of 10 for evacuation
[2020-04-13T20:35:59.232+0900][gc,phases    ] GC(1)   Pre Evacuate Collection Set: 0.1ms
[2020-04-13T20:35:59.232+0900][gc,phases    ] GC(1)   Evacuate Collection Set: 10.2ms
[2020-04-13T20:35:59.232+0900][gc,phases    ] GC(1)   Post Evacuate Collection Set: 0.6ms
[2020-04-13T20:35:59.232+0900][gc,phases    ] GC(1)   Other: 0.4ms
[2020-04-13T20:35:59.232+0900][gc,heap      ] GC(1) Eden regions: 14->0(49)
[2020-04-13T20:35:59.232+0900][gc,heap      ] GC(1) Survivor regions: 7->2(7)
[2020-04-13T20:35:59.232+0900][gc,heap      ] GC(1) Old regions: 0->7
[2020-04-13T20:35:59.232+0900][gc,heap      ] GC(1) Humongous regions: 0->0
[2020-04-13T20:35:59.232+0900][gc,metaspace ] GC(1) Metaspace: 20528K->20528K(1067008K)
[2020-04-13T20:35:59.232+0900][gc           ] GC(1) Pause Young (Concurrent Start) (Metadata GC Threshold) 20M->7M(1024M) 11.432ms
[2020-04-13T20:35:59.232+0900][gc,cpu       ] GC(1) User=0.04s Sys=0.00s Real=0.01s
[2020-04-13T20:35:59.232+0900][gc           ] GC(2) Concurrent Cycle
[2020-04-13T20:35:59.233+0900][gc,marking   ] GC(2) Concurrent Clear Claimed Marks
[2020-04-13T20:35:59.233+0900][gc,marking   ] GC(2) Concurrent Clear Claimed Marks 0.025ms
[2020-04-13T20:35:59.233+0900][gc,marking   ] GC(2) Concurrent Scan Root Regions
[2020-04-13T20:35:59.234+0900][gc,marking   ] GC(2) Concurrent Scan Root Regions 1.888ms
[2020-04-13T20:35:59.234+0900][gc,marking   ] GC(2) Concurrent Mark (1.645s)
[2020-04-13T20:35:59.234+0900][gc,marking   ] GC(2) Concurrent Mark From Roots
[2020-04-13T20:35:59.235+0900][gc,task      ] GC(2) Using 3 workers of 3 for marking
[2020-04-13T20:35:59.246+0900][gc,marking   ] GC(2) Concurrent Mark From Roots 11.588ms
[2020-04-13T20:35:59.246+0900][gc,marking   ] GC(2) Concurrent Preclean
[2020-04-13T20:35:59.246+0900][gc,marking   ] GC(2) Concurrent Preclean 0.315ms
[2020-04-13T20:35:59.246+0900][gc,marking   ] GC(2) Concurrent Mark (1.645s, 1.657s) 11.976ms
[2020-04-13T20:35:59.247+0900][gc,start     ] GC(2) Pause Remark
[2020-04-13T20:35:59.248+0900][gc,stringtable] GC(2) Cleaned string and symbol table, strings: 9010 processed, 0 removed, symbols: 49874 processed, 51 removed
[2020-04-13T20:35:59.249+0900][gc            ] GC(2) Pause Remark 8M->8M(1024M) 2.007ms
[2020-04-13T20:35:59.249+0900][gc,cpu        ] GC(2) User=0.01s Sys=0.00s Real=0.00s
[2020-04-13T20:35:59.249+0900][gc,marking    ] GC(2) Concurrent Rebuild Remembered Sets
[2020-04-13T20:35:59.252+0900][gc,marking    ] GC(2) Concurrent Rebuild Remembered Sets 3.663ms
[2020-04-13T20:35:59.253+0900][gc,start      ] GC(2) Pause Cleanup
[2020-04-13T20:35:59.253+0900][gc            ] GC(2) Pause Cleanup 8M->8M(1024M) 0.385ms
[2020-04-13T20:35:59.253+0900][gc,cpu        ] GC(2) User=0.00s Sys=0.00s Real=0.00s
[2020-04-13T20:35:59.253+0900][gc,marking    ] GC(2) Concurrent Cleanup for Next Mark
[2020-04-13T20:35:59.257+0900][gc,marking    ] GC(2) Concurrent Cleanup for Next Mark 4.361ms
[2020-04-13T20:35:59.258+0900][gc            ] GC(2) Concurrent Cycle 25.067ms
[2020-04-13T20:36:03.661+0900][gc,start      ] GC(3) Pause Young (Normal) (G1 Evacuation Pause)
[2020-04-13T20:36:03.661+0900][gc,task       ] GC(3) Using 10 workers of 10 for evacuation
[2020-04-13T20:36:03.669+0900][gc,phases     ] GC(3)   Pre Evacuate Collection Set: 0.0ms
[2020-04-13T20:36:03.670+0900][gc,phases     ] GC(3)   Evacuate Collection Set: 6.9ms
[2020-04-13T20:36:03.670+0900][gc,phases     ] GC(3)   Post Evacuate Collection Set: 1.2ms
[2020-04-13T20:36:03.670+0900][gc,phases     ] GC(3)   Other: 0.4ms
[2020-04-13T20:36:03.670+0900][gc,heap       ] GC(3) Eden regions: 49->0(46)
[2020-04-13T20:36:03.670+0900][gc,heap       ] GC(3) Survivor regions: 2->5(7)
[2020-04-13T20:36:03.670+0900][gc,heap       ] GC(3) Old regions: 7->7
[2020-04-13T20:36:03.670+0900][gc,heap       ] GC(3) Humongous regions: 129->129
[2020-04-13T20:36:03.670+0900][gc,metaspace  ] GC(3) Metaspace: 30009K->30009K(1077248K)
[2020-04-13T20:36:03.670+0900][gc            ] GC(3) Pause Young (Normal) (G1 Evacuation Pause) 185M->139M(1024M) 8.725ms
[2020-04-13T20:36:03.670+0900][gc,cpu        ] GC(3) User=0.06s Sys=0.00s Real=0.01s
[2020-04-13T20:38:33.172+0900][gc,start      ] GC(4) Pause Young (Normal) (G1 Evacuation Pause)
[2020-04-13T20:38:33.172+0900][gc,task       ] GC(4) Using 10 workers of 10 for evacuation
[2020-04-13T20:38:33.181+0900][gc,phases     ] GC(4)   Pre Evacuate Collection Set: 0.0ms
[2020-04-13T20:38:33.181+0900][gc,phases     ] GC(4)   Evacuate Collection Set: 7.3ms
[2020-04-13T20:38:33.181+0900][gc,phases     ] GC(4)   Post Evacuate Collection Set: 0.7ms
[2020-04-13T20:38:33.181+0900][gc,phases     ] GC(4)   Other: 0.4ms
[2020-04-13T20:38:33.181+0900][gc,heap       ] GC(4) Eden regions: 46->0(49)
[2020-04-13T20:38:33.181+0900][gc,heap       ] GC(4) Survivor regions: 5->2(7)
[2020-04-13T20:38:33.181+0900][gc,heap       ] GC(4) Old regions: 7->11
[2020-04-13T20:38:33.181+0900][gc,heap       ] GC(4) Humongous regions: 129->129
[2020-04-13T20:38:33.181+0900][gc,metaspace  ] GC(4) Metaspace: 32353K->32353K(1079296K)
[2020-04-13T20:38:33.181+0900][gc            ] GC(4) Pause Young (Normal) (G1 Evacuation Pause) 185M->141M(1024M) 8.487ms
[2020-04-13T20:38:33.181+0900][gc,cpu        ] GC(4) User=0.07s Sys=0.00s Real=0.01s
[2020-04-13T20:41:11.561+0900][gc,start      ] GC(5) Pause Young (Normal) (G1 Evacuation Pause)
[2020-04-13T20:41:11.561+0900][gc,task       ] GC(5) Using 10 workers of 10 for evacuation
[2020-04-13T20:41:11.564+0900][gc,phases     ] GC(5)   Pre Evacuate Collection Set: 0.0ms
[2020-04-13T20:41:11.564+0900][gc,phases     ] GC(5)   Evacuate Collection Set: 2.5ms
[2020-04-13T20:41:11.564+0900][gc,phases     ] GC(5)   Post Evacuate Collection Set: 0.8ms
[2020-04-13T20:41:11.564+0900][gc,phases     ] GC(5)   Other: 0.4ms
[2020-04-13T20:41:11.564+0900][gc,heap       ] GC(5) Eden regions: 49->0(49)
[2020-04-13T20:41:11.564+0900][gc,heap       ] GC(5) Survivor regions: 2->2(7)
[2020-04-13T20:41:11.564+0900][gc,heap       ] GC(5) Old regions: 11->11
[2020-04-13T20:41:11.564+0900][gc,heap       ] GC(5) Humongous regions: 129->129
[2020-04-13T20:41:11.564+0900][gc,metaspace  ] GC(5) Metaspace: 32756K->32756K(1079296K)
[2020-04-13T20:41:11.565+0900][gc            ] GC(5) Pause Young (Normal) (G1 Evacuation Pause) 190M->141M(1024M) 3.929ms
[2020-04-13T20:41:11.565+0900][gc,cpu        ] GC(5) User=0.03s Sys=0.00s Real=0.00s
[2020-04-13T20:42:35.131+0900][gc,start      ] GC(6) Pause Young (Concurrent Start) (Metadata GC Threshold)
[2020-04-13T20:42:35.131+0900][gc,task       ] GC(6) Using 10 workers of 10 for evacuation
[2020-04-13T20:42:35.136+0900][gc,phases     ] GC(6)   Pre Evacuate Collection Set: 0.2ms
[2020-04-13T20:42:35.136+0900][gc,phases     ] GC(6)   Evacuate Collection Set: 4.1ms
[2020-04-13T20:42:35.136+0900][gc,phases     ] GC(6)   Post Evacuate Collection Set: 0.8ms
[2020-04-13T20:42:35.137+0900][gc,phases     ] GC(6)   Other: 0.4ms
[2020-04-13T20:42:35.137+0900][gc,heap       ] GC(6) Eden regions: 31->0(49)
[2020-04-13T20:42:35.137+0900][gc,heap       ] GC(6) Survivor regions: 2->2(7)
[2020-04-13T20:42:35.137+0900][gc,heap       ] GC(6) Old regions: 11->11
[2020-04-13T20:42:35.137+0900][gc,heap       ] GC(6) Humongous regions: 129->129
[2020-04-13T20:42:35.137+0900][gc,metaspace  ] GC(6) Metaspace: 33530K->33530K(1079296K)
[2020-04-13T20:42:35.137+0900][gc            ] GC(6) Pause Young (Concurrent Start) (Metadata GC Threshold) 171M->141M(1024M) 5.839ms
[2020-04-13T20:42:35.137+0900][gc,cpu        ] GC(6) User=0.04s Sys=0.00s Real=0.00s
[2020-04-13T20:42:35.137+0900][gc            ] GC(7) Concurrent Cycle
[2020-04-13T20:42:35.137+0900][gc,marking    ] GC(7) Concurrent Clear Claimed Marks
[2020-04-13T20:42:35.137+0900][gc,marking    ] GC(7) Concurrent Clear Claimed Marks 0.216ms
[2020-04-13T20:42:35.137+0900][gc,marking    ] GC(7) Concurrent Scan Root Regions
[2020-04-13T20:42:35.140+0900][gc,marking    ] GC(7) Concurrent Scan Root Regions 2.515ms
[2020-04-13T20:42:35.140+0900][gc,marking    ] GC(7) Concurrent Mark (397.550s)
[2020-04-13T20:42:35.140+0900][gc,marking    ] GC(7) Concurrent Mark From Roots
[2020-04-13T20:42:35.140+0900][gc,task       ] GC(7) Using 3 workers of 3 for marking
[2020-04-13T20:42:35.158+0900][gc,marking    ] GC(7) Concurrent Mark From Roots 18.030ms
[2020-04-13T20:42:35.158+0900][gc,marking    ] GC(7) Concurrent Preclean
[2020-04-13T20:42:35.159+0900][gc,marking    ] GC(7) Concurrent Preclean 0.829ms
[2020-04-13T20:42:35.159+0900][gc,marking    ] GC(7) Concurrent Mark (397.550s, 397.569s) 19.044ms
[2020-04-13T20:42:35.159+0900][gc,start      ] GC(7) Pause Remark
[2020-04-13T20:42:35.165+0900][gc,stringtable] GC(7) Cleaned string and symbol table, strings: 12762 processed, 517 removed, symbols: 71148 processed, 14 removed
[2020-04-13T20:42:35.165+0900][gc            ] GC(7) Pause Remark 142M->13M(1024M) 6.022ms
[2020-04-13T20:42:35.165+0900][gc,cpu        ] GC(7) User=0.05s Sys=0.00s Real=0.00s
[2020-04-13T20:42:35.165+0900][gc,marking    ] GC(7) Concurrent Rebuild Remembered Sets
[2020-04-13T20:42:35.171+0900][gc,marking    ] GC(7) Concurrent Rebuild Remembered Sets 6.298ms
[2020-04-13T20:42:35.172+0900][gc,start      ] GC(7) Pause Cleanup
[2020-04-13T20:42:35.172+0900][gc            ] GC(7) Pause Cleanup 14M->14M(1024M) 0.201ms
[2020-04-13T20:42:35.172+0900][gc,cpu        ] GC(7) User=0.00s Sys=0.00s Real=0.00s
[2020-04-13T20:42:35.172+0900][gc,marking    ] GC(7) Concurrent Cleanup for Next Mark
[2020-04-13T20:42:35.176+0900][gc,marking    ] GC(7) Concurrent Cleanup for Next Mark 4.219ms
[2020-04-13T20:42:35.176+0900][gc            ] GC(7) Concurrent Cycle 39.271ms
[2020-04-13T20:42:35.176+0900][gc,heap,exit  ] Heap
[2020-04-13T20:42:35.176+0900][gc,heap,exit  ]  garbage-first heap   total 1048576K, used 14447K [0x00000000c0000000, 0x0000000100000000)
[2020-04-13T20:42:35.176+0900][gc,heap,exit  ]   region size 1024K, 5 young (5120K), 2 survivors (2048K)
[2020-04-13T20:42:35.176+0900][gc,heap,exit  ]  Metaspace       used 33562K, capacity 35768K, committed 36144K, reserved 1079296K
[2020-04-13T20:42:35.176+0900][gc,heap,exit  ]   class space    used 4901K, capacity 5919K, committed 6016K, reserved 1048576K
