[2020-04-14T15:19:26.823+0900][gc,heap] Heap region size: 1M
[2020-04-14T15:19:26.837+0900][gc     ] Using G1
[2020-04-14T15:19:26.837+0900][gc,heap,coops] Heap address: 0x00000000c0000000, size: 1024 MB, Compressed Oops mode: 32-bit
[2020-04-14T15:19:28.173+0900][gc,start     ] GC(0) Pause Young (Normal) (G1 Evacuation Pause)
[2020-04-14T15:19:28.175+0900][gc,task      ] GC(0) Using 10 workers of 10 for evacuation
[2020-04-14T15:19:28.184+0900][gc,phases    ] GC(0)   Pre Evacuate Collection Set: 0.0ms
[2020-04-14T15:19:28.184+0900][gc,phases    ] GC(0)   Evacuate Collection Set: 8.1ms
[2020-04-14T15:19:28.184+0900][gc,phases    ] GC(0)   Post Evacuate Collection Set: 1.0ms
[2020-04-14T15:19:28.184+0900][gc,phases    ] GC(0)   Other: 2.3ms
[2020-04-14T15:19:28.184+0900][gc,heap      ] GC(0) Eden regions: 51->0(44)
[2020-04-14T15:19:28.184+0900][gc,heap      ] GC(0) Survivor regions: 0->7(7)
[2020-04-14T15:19:28.184+0900][gc,heap      ] GC(0) Old regions: 0->0
[2020-04-14T15:19:28.184+0900][gc,heap      ] GC(0) Humongous regions: 0->0
[2020-04-14T15:19:28.184+0900][gc,metaspace ] GC(0) Metaspace: 17088K->17088K(1064960K)
[2020-04-14T15:19:28.184+0900][gc           ] GC(0) Pause Young (Normal) (G1 Evacuation Pause) 51M->6M(1024M) 11.699ms
[2020-04-14T15:19:28.184+0900][gc,cpu       ] GC(0) User=0.08s Sys=0.01s Real=0.01s
[2020-04-14T15:19:28.471+0900][gc,start     ] GC(1) Pause Young (Concurrent Start) (Metadata GC Threshold)
[2020-04-14T15:19:28.471+0900][gc,task      ] GC(1) Using 10 workers of 10 for evacuation
[2020-04-14T15:19:28.486+0900][gc,phases    ] GC(1)   Pre Evacuate Collection Set: 0.1ms
[2020-04-14T15:19:28.486+0900][gc,phases    ] GC(1)   Evacuate Collection Set: 14.4ms
[2020-04-14T15:19:28.486+0900][gc,phases    ] GC(1)   Post Evacuate Collection Set: 0.5ms
[2020-04-14T15:19:28.486+0900][gc,phases    ] GC(1)   Other: 0.5ms
[2020-04-14T15:19:28.486+0900][gc,heap      ] GC(1) Eden regions: 14->0(50)
[2020-04-14T15:19:28.486+0900][gc,heap      ] GC(1) Survivor regions: 7->1(7)
[2020-04-14T15:19:28.486+0900][gc,heap      ] GC(1) Old regions: 0->7
[2020-04-14T15:19:28.486+0900][gc,heap      ] GC(1) Humongous regions: 0->0
[2020-04-14T15:19:28.486+0900][gc,metaspace ] GC(1) Metaspace: 20563K->20563K(1067008K)
[2020-04-14T15:19:28.487+0900][gc           ] GC(1) Pause Young (Concurrent Start) (Metadata GC Threshold) 20M->7M(1024M) 15.528ms
[2020-04-14T15:19:28.487+0900][gc,cpu       ] GC(1) User=0.06s Sys=0.00s Real=0.01s
[2020-04-14T15:19:28.487+0900][gc           ] GC(2) Concurrent Cycle
[2020-04-14T15:19:28.487+0900][gc,marking   ] GC(2) Concurrent Clear Claimed Marks
[2020-04-14T15:19:28.487+0900][gc,marking   ] GC(2) Concurrent Clear Claimed Marks 0.047ms
[2020-04-14T15:19:28.487+0900][gc,marking   ] GC(2) Concurrent Scan Root Regions
[2020-04-14T15:19:28.488+0900][gc,marking   ] GC(2) Concurrent Scan Root Regions 1.173ms
[2020-04-14T15:19:28.488+0900][gc,marking   ] GC(2) Concurrent Mark (1.673s)
[2020-04-14T15:19:28.488+0900][gc,marking   ] GC(2) Concurrent Mark From Roots
[2020-04-14T15:19:28.488+0900][gc,task      ] GC(2) Using 3 workers of 3 for marking
[2020-04-14T15:19:28.495+0900][gc,marking   ] GC(2) Concurrent Mark From Roots 7.102ms
[2020-04-14T15:19:28.495+0900][gc,marking   ] GC(2) Concurrent Preclean
[2020-04-14T15:19:28.495+0900][gc,marking   ] GC(2) Concurrent Preclean 0.219ms
[2020-04-14T15:19:28.495+0900][gc,marking   ] GC(2) Concurrent Mark (1.673s, 1.681s) 7.373ms
[2020-04-14T15:19:28.496+0900][gc,start     ] GC(2) Pause Remark
[2020-04-14T15:19:28.497+0900][gc,stringtable] GC(2) Cleaned string and symbol table, strings: 8973 processed, 0 removed, symbols: 49691 processed, 52 removed
[2020-04-14T15:19:28.498+0900][gc            ] GC(2) Pause Remark 8M->8M(1024M) 1.942ms
[2020-04-14T15:19:28.498+0900][gc,cpu        ] GC(2) User=0.01s Sys=0.00s Real=0.00s
[2020-04-14T15:19:28.498+0900][gc,marking    ] GC(2) Concurrent Rebuild Remembered Sets
[2020-04-14T15:19:28.501+0900][gc,marking    ] GC(2) Concurrent Rebuild Remembered Sets 3.644ms
[2020-04-14T15:19:28.501+0900][gc,start      ] GC(2) Pause Cleanup
[2020-04-14T15:19:28.502+0900][gc            ] GC(2) Pause Cleanup 8M->8M(1024M) 0.365ms
[2020-04-14T15:19:28.502+0900][gc,cpu        ] GC(2) User=0.00s Sys=0.00s Real=0.00s
[2020-04-14T15:19:28.502+0900][gc,marking    ] GC(2) Concurrent Cleanup for Next Mark
[2020-04-14T15:19:28.506+0900][gc,marking    ] GC(2) Concurrent Cleanup for Next Mark 3.874ms
[2020-04-14T15:19:28.506+0900][gc            ] GC(2) Concurrent Cycle 19.206ms
[2020-04-14T15:19:33.378+0900][gc,start      ] GC(3) Pause Young (Normal) (G1 Evacuation Pause)
[2020-04-14T15:19:33.378+0900][gc,task       ] GC(3) Using 10 workers of 10 for evacuation
[2020-04-14T15:19:33.384+0900][gc,phases     ] GC(3)   Pre Evacuate Collection Set: 0.0ms
[2020-04-14T15:19:33.384+0900][gc,phases     ] GC(3)   Evacuate Collection Set: 5.5ms
[2020-04-14T15:19:33.384+0900][gc,phases     ] GC(3)   Post Evacuate Collection Set: 0.8ms
[2020-04-14T15:19:33.384+0900][gc,phases     ] GC(3)   Other: 0.3ms
[2020-04-14T15:19:33.384+0900][gc,heap       ] GC(3) Eden regions: 50->0(46)
[2020-04-14T15:19:33.384+0900][gc,heap       ] GC(3) Survivor regions: 1->5(7)
[2020-04-14T15:19:33.384+0900][gc,heap       ] GC(3) Old regions: 7->7
[2020-04-14T15:19:33.384+0900][gc,heap       ] GC(3) Humongous regions: 129->129
[2020-04-14T15:19:33.384+0900][gc,metaspace  ] GC(3) Metaspace: 30086K->30086K(1077248K)
[2020-04-14T15:19:33.384+0900][gc            ] GC(3) Pause Young (Normal) (G1 Evacuation Pause) 186M->140M(1024M) 6.868ms
[2020-04-14T15:19:33.384+0900][gc,cpu        ] GC(3) User=0.05s Sys=0.00s Real=0.01s
[2020-04-14T15:21:39.122+0900][gc,start      ] GC(4) Pause Young (Normal) (G1 Evacuation Pause)
[2020-04-14T15:21:39.122+0900][gc,task       ] GC(4) Using 10 workers of 10 for evacuation
[2020-04-14T15:21:39.130+0900][gc,phases     ] GC(4)   Pre Evacuate Collection Set: 0.0ms
[2020-04-14T15:21:39.130+0900][gc,phases     ] GC(4)   Evacuate Collection Set: 7.0ms
[2020-04-14T15:21:39.130+0900][gc,phases     ] GC(4)   Post Evacuate Collection Set: 0.9ms
[2020-04-14T15:21:39.130+0900][gc,phases     ] GC(4)   Other: 0.4ms
[2020-04-14T15:21:39.130+0900][gc,heap       ] GC(4) Eden regions: 46->0(49)
[2020-04-14T15:21:39.130+0900][gc,heap       ] GC(4) Survivor regions: 5->2(7)
[2020-04-14T15:21:39.130+0900][gc,heap       ] GC(4) Old regions: 7->12
[2020-04-14T15:21:39.130+0900][gc,heap       ] GC(4) Humongous regions: 129->129
[2020-04-14T15:21:39.130+0900][gc,metaspace  ] GC(4) Metaspace: 32577K->32577K(1079296K)
[2020-04-14T15:21:39.130+0900][gc            ] GC(4) Pause Young (Normal) (G1 Evacuation Pause) 186M->141M(1024M) 8.572ms
[2020-04-14T15:21:39.130+0900][gc,cpu        ] GC(4) User=0.07s Sys=0.00s Real=0.01s
[2020-04-14T15:24:23.457+0900][gc,start      ] GC(5) Pause Young (Normal) (G1 Evacuation Pause)
[2020-04-14T15:24:23.457+0900][gc,task       ] GC(5) Using 10 workers of 10 for evacuation
[2020-04-14T15:24:23.462+0900][gc,phases     ] GC(5)   Pre Evacuate Collection Set: 0.0ms
[2020-04-14T15:24:23.462+0900][gc,phases     ] GC(5)   Evacuate Collection Set: 3.5ms
[2020-04-14T15:24:23.462+0900][gc,phases     ] GC(5)   Post Evacuate Collection Set: 0.8ms
[2020-04-14T15:24:23.462+0900][gc,phases     ] GC(5)   Other: 0.4ms
[2020-04-14T15:24:23.462+0900][gc,heap       ] GC(5) Eden regions: 49->0(49)
[2020-04-14T15:24:23.462+0900][gc,heap       ] GC(5) Survivor regions: 2->2(7)
[2020-04-14T15:24:23.462+0900][gc,heap       ] GC(5) Old regions: 12->12
[2020-04-14T15:24:23.462+0900][gc,heap       ] GC(5) Humongous regions: 129->129
[2020-04-14T15:24:23.462+0900][gc,metaspace  ] GC(5) Metaspace: 32854K->32854K(1079296K)
[2020-04-14T15:24:23.462+0900][gc            ] GC(5) Pause Young (Normal) (G1 Evacuation Pause) 190M->141M(1024M) 5.002ms
[2020-04-14T15:24:23.462+0900][gc,cpu        ] GC(5) User=0.04s Sys=0.00s Real=0.01s
[2020-04-14T15:27:16.566+0900][gc,start      ] GC(6) Pause Young (Normal) (G1 Evacuation Pause)
[2020-04-14T15:27:16.566+0900][gc,task       ] GC(6) Using 10 workers of 10 for evacuation
[2020-04-14T15:27:16.569+0900][gc,phases     ] GC(6)   Pre Evacuate Collection Set: 0.1ms
[2020-04-14T15:27:16.569+0900][gc,phases     ] GC(6)   Evacuate Collection Set: 2.5ms
[2020-04-14T15:27:16.569+0900][gc,phases     ] GC(6)   Post Evacuate Collection Set: 0.8ms
[2020-04-14T15:27:16.569+0900][gc,phases     ] GC(6)   Other: 0.4ms
[2020-04-14T15:27:16.569+0900][gc,heap       ] GC(6) Eden regions: 49->0(49)
[2020-04-14T15:27:16.569+0900][gc,heap       ] GC(6) Survivor regions: 2->2(7)
[2020-04-14T15:27:16.569+0900][gc,heap       ] GC(6) Old regions: 12->12
[2020-04-14T15:27:16.569+0900][gc,heap       ] GC(6) Humongous regions: 129->129
[2020-04-14T15:27:16.569+0900][gc,metaspace  ] GC(6) Metaspace: 32908K->32908K(1079296K)
[2020-04-14T15:27:16.570+0900][gc            ] GC(6) Pause Young (Normal) (G1 Evacuation Pause) 190M->141M(1024M) 4.008ms
[2020-04-14T15:27:16.570+0900][gc,cpu        ] GC(6) User=0.03s Sys=0.00s Real=0.01s
[2020-04-14T15:30:17.700+0900][gc,start      ] GC(7) Pause Young (Normal) (G1 Evacuation Pause)
[2020-04-14T15:30:17.700+0900][gc,task       ] GC(7) Using 10 workers of 10 for evacuation
[2020-04-14T15:30:17.705+0900][gc,phases     ] GC(7)   Pre Evacuate Collection Set: 0.0ms
[2020-04-14T15:30:17.705+0900][gc,phases     ] GC(7)   Evacuate Collection Set: 3.6ms
[2020-04-14T15:30:17.705+0900][gc,phases     ] GC(7)   Post Evacuate Collection Set: 0.8ms
[2020-04-14T15:30:17.705+0900][gc,phases     ] GC(7)   Other: 0.4ms
[2020-04-14T15:30:17.705+0900][gc,heap       ] GC(7) Eden regions: 49->0(50)
[2020-04-14T15:30:17.705+0900][gc,heap       ] GC(7) Survivor regions: 2->2(7)
[2020-04-14T15:30:17.705+0900][gc,heap       ] GC(7) Old regions: 12->12
[2020-04-14T15:30:17.705+0900][gc,heap       ] GC(7) Humongous regions: 129->129
[2020-04-14T15:30:17.705+0900][gc,metaspace  ] GC(7) Metaspace: 32963K->32963K(1079296K)
[2020-04-14T15:30:17.705+0900][gc            ] GC(7) Pause Young (Normal) (G1 Evacuation Pause) 190M->141M(1024M) 4.998ms
[2020-04-14T15:30:17.705+0900][gc,cpu        ] GC(7) User=0.04s Sys=0.00s Real=0.00s
[2020-04-14T15:31:52.950+0900][gc,start      ] GC(8) Pause Young (Concurrent Start) (Metadata GC Threshold)
[2020-04-14T15:31:52.950+0900][gc,task       ] GC(8) Using 10 workers of 10 for evacuation
[2020-04-14T15:31:52.955+0900][gc,phases     ] GC(8)   Pre Evacuate Collection Set: 0.2ms
[2020-04-14T15:31:52.955+0900][gc,phases     ] GC(8)   Evacuate Collection Set: 3.9ms
[2020-04-14T15:31:52.955+0900][gc,phases     ] GC(8)   Post Evacuate Collection Set: 0.5ms
[2020-04-14T15:31:52.955+0900][gc,phases     ] GC(8)   Other: 0.3ms
[2020-04-14T15:31:52.955+0900][gc,heap       ] GC(8) Eden regions: 29->0(50)
[2020-04-14T15:31:52.955+0900][gc,heap       ] GC(8) Survivor regions: 2->2(7)
[2020-04-14T15:31:52.955+0900][gc,heap       ] GC(8) Old regions: 12->12
[2020-04-14T15:31:52.955+0900][gc,heap       ] GC(8) Humongous regions: 129->129
[2020-04-14T15:31:52.955+0900][gc,metaspace  ] GC(8) Metaspace: 33597K->33597K(1079296K)
[2020-04-14T15:31:52.955+0900][gc            ] GC(8) Pause Young (Concurrent Start) (Metadata GC Threshold) 169M->141M(1024M) 4.998ms
[2020-04-14T15:31:52.955+0900][gc,cpu        ] GC(8) User=0.03s Sys=0.00s Real=0.00s
[2020-04-14T15:31:52.955+0900][gc            ] GC(9) Concurrent Cycle
[2020-04-14T15:31:52.956+0900][gc,marking    ] GC(9) Concurrent Clear Claimed Marks
[2020-04-14T15:31:52.956+0900][gc,marking    ] GC(9) Concurrent Clear Claimed Marks 0.165ms
[2020-04-14T15:31:52.956+0900][gc,marking    ] GC(9) Concurrent Scan Root Regions
[2020-04-14T15:31:52.958+0900][gc,marking    ] GC(9) Concurrent Scan Root Regions 1.774ms
[2020-04-14T15:31:52.958+0900][gc,marking    ] GC(9) Concurrent Mark (746.143s)
[2020-04-14T15:31:52.958+0900][gc,marking    ] GC(9) Concurrent Mark From Roots
[2020-04-14T15:31:52.958+0900][gc,task       ] GC(9) Using 3 workers of 3 for marking
[2020-04-14T15:31:52.971+0900][gc,marking    ] GC(9) Concurrent Mark From Roots 12.948ms
[2020-04-14T15:31:52.971+0900][gc,marking    ] GC(9) Concurrent Preclean
[2020-04-14T15:31:52.971+0900][gc,marking    ] GC(9) Concurrent Preclean 0.255ms
[2020-04-14T15:31:52.971+0900][gc,marking    ] GC(9) Concurrent Mark (746.143s, 746.156s) 13.278ms
[2020-04-14T15:31:52.971+0900][gc,start      ] GC(9) Pause Remark
[2020-04-14T15:31:52.976+0900][gc,stringtable] GC(9) Cleaned string and symbol table, strings: 13185 processed, 516 removed, symbols: 71175 processed, 14 removed
[2020-04-14T15:31:52.976+0900][gc            ] GC(9) Pause Remark 142M->13M(1024M) 5.217ms
[2020-04-14T15:31:52.976+0900][gc,cpu        ] GC(9) User=0.05s Sys=0.00s Real=0.00s
[2020-04-14T15:31:52.976+0900][gc,marking    ] GC(9) Concurrent Rebuild Remembered Sets
[2020-04-14T15:31:52.982+0900][gc,marking    ] GC(9) Concurrent Rebuild Remembered Sets 5.387ms
[2020-04-14T15:31:52.982+0900][gc,start      ] GC(9) Pause Cleanup
[2020-04-14T15:31:52.982+0900][gc            ] GC(9) Pause Cleanup 13M->13M(1024M) 0.139ms
[2020-04-14T15:31:52.982+0900][gc,cpu        ] GC(9) User=0.00s Sys=0.00s Real=0.00s
[2020-04-14T15:31:52.982+0900][gc,marking    ] GC(9) Concurrent Cleanup for Next Mark
[2020-04-14T15:31:52.986+0900][gc,marking    ] GC(9) Concurrent Cleanup for Next Mark 3.932ms
[2020-04-14T15:31:52.986+0900][gc            ] GC(9) Concurrent Cycle 30.512ms
[2020-04-14T15:31:54.487+0900][gc,heap,exit  ] Heap
[2020-04-14T15:31:54.487+0900][gc,heap,exit  ]  garbage-first heap   total 1048576K, used 16964K [0x00000000c0000000, 0x0000000100000000)
[2020-04-14T15:31:54.487+0900][gc,heap,exit  ]   region size 1024K, 7 young (7168K), 2 survivors (2048K)
[2020-04-14T15:31:54.487+0900][gc,heap,exit  ]  Metaspace       used 33717K, capacity 35909K, committed 36048K, reserved 1079296K
[2020-04-14T15:31:54.487+0900][gc,heap,exit  ]   class space    used 4913K, capacity 5949K, committed 6016K, reserved 1048576K
