[2020-04-16T13:12:33.442+0900][gc,heap] Heap region size: 1M
[2020-04-16T13:12:33.458+0900][gc     ] Using G1
[2020-04-16T13:12:33.458+0900][gc,heap,coops] Heap address: 0x00000000c0000000, size: 1024 MB, Compressed Oops mode: 32-bit
[2020-04-16T13:12:34.779+0900][gc,start     ] GC(0) Pause Young (Normal) (G1 Evacuation Pause)
[2020-04-16T13:12:34.781+0900][gc,task      ] GC(0) Using 10 workers of 10 for evacuation
[2020-04-16T13:12:34.790+0900][gc,phases    ] GC(0)   Pre Evacuate Collection Set: 0.0ms
[2020-04-16T13:12:34.790+0900][gc,phases    ] GC(0)   Evacuate Collection Set: 7.6ms
[2020-04-16T13:12:34.790+0900][gc,phases    ] GC(0)   Post Evacuate Collection Set: 0.8ms
[2020-04-16T13:12:34.790+0900][gc,phases    ] GC(0)   Other: 2.1ms
[2020-04-16T13:12:34.790+0900][gc,heap      ] GC(0) Eden regions: 51->0(44)
[2020-04-16T13:12:34.790+0900][gc,heap      ] GC(0) Survivor regions: 0->7(7)
[2020-04-16T13:12:34.790+0900][gc,heap      ] GC(0) Old regions: 0->0
[2020-04-16T13:12:34.790+0900][gc,heap      ] GC(0) Humongous regions: 0->0
[2020-04-16T13:12:34.790+0900][gc,metaspace ] GC(0) Metaspace: 17087K->17087K(1064960K)
[2020-04-16T13:12:34.790+0900][gc           ] GC(0) Pause Young (Normal) (G1 Evacuation Pause) 51M->6M(1024M) 10.667ms
[2020-04-16T13:12:34.790+0900][gc,cpu       ] GC(0) User=0.07s Sys=0.01s Real=0.01s
[2020-04-16T13:12:35.076+0900][gc,start     ] GC(1) Pause Young (Concurrent Start) (Metadata GC Threshold)
[2020-04-16T13:12:35.076+0900][gc,task      ] GC(1) Using 10 workers of 10 for evacuation
[2020-04-16T13:12:35.086+0900][gc,phases    ] GC(1)   Pre Evacuate Collection Set: 0.1ms
[2020-04-16T13:12:35.086+0900][gc,phases    ] GC(1)   Evacuate Collection Set: 8.9ms
[2020-04-16T13:12:35.086+0900][gc,phases    ] GC(1)   Post Evacuate Collection Set: 0.5ms
[2020-04-16T13:12:35.086+0900][gc,phases    ] GC(1)   Other: 0.5ms
[2020-04-16T13:12:35.086+0900][gc,heap      ] GC(1) Eden regions: 14->0(49)
[2020-04-16T13:12:35.086+0900][gc,heap      ] GC(1) Survivor regions: 7->2(7)
[2020-04-16T13:12:35.086+0900][gc,heap      ] GC(1) Old regions: 0->7
[2020-04-16T13:12:35.086+0900][gc,heap      ] GC(1) Humongous regions: 0->0
[2020-04-16T13:12:35.086+0900][gc,metaspace ] GC(1) Metaspace: 20554K->20554K(1067008K)
[2020-04-16T13:12:35.086+0900][gc           ] GC(1) Pause Young (Concurrent Start) (Metadata GC Threshold) 20M->7M(1024M) 9.988ms
[2020-04-16T13:12:35.086+0900][gc,cpu       ] GC(1) User=0.05s Sys=0.00s Real=0.01s
[2020-04-16T13:12:35.086+0900][gc           ] GC(2) Concurrent Cycle
[2020-04-16T13:12:35.086+0900][gc,marking   ] GC(2) Concurrent Clear Claimed Marks
[2020-04-16T13:12:35.086+0900][gc,marking   ] GC(2) Concurrent Clear Claimed Marks 0.063ms
[2020-04-16T13:12:35.086+0900][gc,marking   ] GC(2) Concurrent Scan Root Regions
[2020-04-16T13:12:35.088+0900][gc,marking   ] GC(2) Concurrent Scan Root Regions 1.128ms
[2020-04-16T13:12:35.088+0900][gc,marking   ] GC(2) Concurrent Mark (1.651s)
[2020-04-16T13:12:35.088+0900][gc,marking   ] GC(2) Concurrent Mark From Roots
[2020-04-16T13:12:35.088+0900][gc,task      ] GC(2) Using 3 workers of 3 for marking
[2020-04-16T13:12:35.096+0900][gc,marking   ] GC(2) Concurrent Mark From Roots 8.682ms
[2020-04-16T13:12:35.096+0900][gc,marking   ] GC(2) Concurrent Preclean
[2020-04-16T13:12:35.097+0900][gc,marking   ] GC(2) Concurrent Preclean 0.378ms
[2020-04-16T13:12:35.097+0900][gc,marking   ] GC(2) Concurrent Mark (1.651s, 1.660s) 9.137ms
[2020-04-16T13:12:35.097+0900][gc,start     ] GC(2) Pause Remark
[2020-04-16T13:12:35.099+0900][gc,stringtable] GC(2) Cleaned string and symbol table, strings: 8984 processed, 0 removed, symbols: 49696 processed, 51 removed
[2020-04-16T13:12:35.099+0900][gc            ] GC(2) Pause Remark 8M->8M(1024M) 2.203ms
[2020-04-16T13:12:35.099+0900][gc,cpu        ] GC(2) User=0.01s Sys=0.00s Real=0.01s
[2020-04-16T13:12:35.099+0900][gc,marking    ] GC(2) Concurrent Rebuild Remembered Sets
[2020-04-16T13:12:35.105+0900][gc,marking    ] GC(2) Concurrent Rebuild Remembered Sets 5.343ms
[2020-04-16T13:12:35.105+0900][gc,start      ] GC(2) Pause Cleanup
[2020-04-16T13:12:35.105+0900][gc            ] GC(2) Pause Cleanup 8M->8M(1024M) 0.391ms
[2020-04-16T13:12:35.105+0900][gc,cpu        ] GC(2) User=0.01s Sys=0.00s Real=0.00s
[2020-04-16T13:12:35.105+0900][gc,marking    ] GC(2) Concurrent Cleanup for Next Mark
[2020-04-16T13:12:35.109+0900][gc,marking    ] GC(2) Concurrent Cleanup for Next Mark 4.069ms
[2020-04-16T13:12:35.109+0900][gc            ] GC(2) Concurrent Cycle 22.993ms
[2020-04-16T13:12:39.497+0900][gc,start      ] GC(3) Pause Young (Normal) (G1 Evacuation Pause)
[2020-04-16T13:12:39.497+0900][gc,task       ] GC(3) Using 10 workers of 10 for evacuation
[2020-04-16T13:12:39.506+0900][gc,phases     ] GC(3)   Pre Evacuate Collection Set: 0.0ms
[2020-04-16T13:12:39.506+0900][gc,phases     ] GC(3)   Evacuate Collection Set: 6.7ms
[2020-04-16T13:12:39.506+0900][gc,phases     ] GC(3)   Post Evacuate Collection Set: 1.2ms
[2020-04-16T13:12:39.506+0900][gc,phases     ] GC(3)   Other: 0.3ms
[2020-04-16T13:12:39.506+0900][gc,heap       ] GC(3) Eden regions: 49->0(46)
[2020-04-16T13:12:39.506+0900][gc,heap       ] GC(3) Survivor regions: 2->5(7)
[2020-04-16T13:12:39.506+0900][gc,heap       ] GC(3) Old regions: 7->7
[2020-04-16T13:12:39.506+0900][gc,heap       ] GC(3) Humongous regions: 129->129
[2020-04-16T13:12:39.506+0900][gc,metaspace  ] GC(3) Metaspace: 30010K->30010K(1077248K)
[2020-04-16T13:12:39.506+0900][gc            ] GC(3) Pause Young (Normal) (G1 Evacuation Pause) 185M->140M(1024M) 8.505ms
[2020-04-16T13:12:39.506+0900][gc,cpu        ] GC(3) User=0.07s Sys=0.00s Real=0.01s
[2020-04-16T13:15:09.007+0900][gc,start      ] GC(4) Pause Young (Normal) (G1 Evacuation Pause)
[2020-04-16T13:15:09.007+0900][gc,task       ] GC(4) Using 10 workers of 10 for evacuation
[2020-04-16T13:15:09.015+0900][gc,phases     ] GC(4)   Pre Evacuate Collection Set: 0.1ms
[2020-04-16T13:15:09.015+0900][gc,phases     ] GC(4)   Evacuate Collection Set: 6.4ms
[2020-04-16T13:15:09.015+0900][gc,phases     ] GC(4)   Post Evacuate Collection Set: 1.3ms
[2020-04-16T13:15:09.015+0900][gc,phases     ] GC(4)   Other: 0.5ms
[2020-04-16T13:15:09.015+0900][gc,heap       ] GC(4) Eden regions: 46->0(49)
[2020-04-16T13:15:09.015+0900][gc,heap       ] GC(4) Survivor regions: 5->2(7)
[2020-04-16T13:15:09.015+0900][gc,heap       ] GC(4) Old regions: 7->11
[2020-04-16T13:15:09.015+0900][gc,heap       ] GC(4) Humongous regions: 129->129
[2020-04-16T13:15:09.015+0900][gc,metaspace  ] GC(4) Metaspace: 32934K->32934K(1079296K)
[2020-04-16T13:15:09.015+0900][gc            ] GC(4) Pause Young (Normal) (G1 Evacuation Pause) 186M->141M(1024M) 8.447ms
[2020-04-16T13:15:09.015+0900][gc,cpu        ] GC(4) User=0.07s Sys=0.01s Real=0.00s
[2020-04-16T13:18:02.415+0900][gc,start      ] GC(5) Pause Young (Normal) (G1 Evacuation Pause)
[2020-04-16T13:18:02.415+0900][gc,task       ] GC(5) Using 10 workers of 10 for evacuation
[2020-04-16T13:18:02.419+0900][gc,phases     ] GC(5)   Pre Evacuate Collection Set: 0.0ms
[2020-04-16T13:18:02.419+0900][gc,phases     ] GC(5)   Evacuate Collection Set: 3.0ms
[2020-04-16T13:18:02.419+0900][gc,phases     ] GC(5)   Post Evacuate Collection Set: 0.8ms
[2020-04-16T13:18:02.419+0900][gc,phases     ] GC(5)   Other: 0.4ms
[2020-04-16T13:18:02.419+0900][gc,heap       ] GC(5) Eden regions: 49->0(49)
[2020-04-16T13:18:02.419+0900][gc,heap       ] GC(5) Survivor regions: 2->2(7)
[2020-04-16T13:18:02.419+0900][gc,heap       ] GC(5) Old regions: 11->11
[2020-04-16T13:18:02.419+0900][gc,heap       ] GC(5) Humongous regions: 129->129
[2020-04-16T13:18:02.419+0900][gc,metaspace  ] GC(5) Metaspace: 33134K->33134K(1079296K)
[2020-04-16T13:18:02.419+0900][gc            ] GC(5) Pause Young (Normal) (G1 Evacuation Pause) 190M->141M(1024M) 4.506ms
[2020-04-16T13:18:02.419+0900][gc,cpu        ] GC(5) User=0.02s Sys=0.00s Real=0.01s
[2020-04-16T13:21:01.480+0900][gc,start      ] GC(6) Pause Young (Normal) (G1 Evacuation Pause)
[2020-04-16T13:21:01.481+0900][gc,task       ] GC(6) Using 10 workers of 10 for evacuation
[2020-04-16T13:21:01.486+0900][gc,phases     ] GC(6)   Pre Evacuate Collection Set: 0.0ms
[2020-04-16T13:21:01.486+0900][gc,phases     ] GC(6)   Evacuate Collection Set: 4.6ms
[2020-04-16T13:21:01.486+0900][gc,phases     ] GC(6)   Post Evacuate Collection Set: 0.8ms
[2020-04-16T13:21:01.486+0900][gc,phases     ] GC(6)   Other: 0.4ms
[2020-04-16T13:21:01.486+0900][gc,heap       ] GC(6) Eden regions: 49->0(49)
[2020-04-16T13:21:01.486+0900][gc,heap       ] GC(6) Survivor regions: 2->2(7)
[2020-04-16T13:21:01.486+0900][gc,heap       ] GC(6) Old regions: 11->11
[2020-04-16T13:21:01.486+0900][gc,heap       ] GC(6) Humongous regions: 129->129
[2020-04-16T13:21:01.486+0900][gc,metaspace  ] GC(6) Metaspace: 33164K->33164K(1079296K)
[2020-04-16T13:21:01.486+0900][gc            ] GC(6) Pause Young (Normal) (G1 Evacuation Pause) 190M->141M(1024M) 6.042ms
[2020-04-16T13:21:01.487+0900][gc,cpu        ] GC(6) User=0.05s Sys=0.00s Real=0.00s
[2020-04-16T13:24:04.117+0900][gc,start      ] GC(7) Pause Young (Normal) (G1 Evacuation Pause)
[2020-04-16T13:24:04.117+0900][gc,task       ] GC(7) Using 10 workers of 10 for evacuation
[2020-04-16T13:24:04.122+0900][gc,phases     ] GC(7)   Pre Evacuate Collection Set: 0.0ms
[2020-04-16T13:24:04.122+0900][gc,phases     ] GC(7)   Evacuate Collection Set: 3.7ms
[2020-04-16T13:24:04.122+0900][gc,phases     ] GC(7)   Post Evacuate Collection Set: 0.8ms
[2020-04-16T13:24:04.122+0900][gc,phases     ] GC(7)   Other: 0.4ms
[2020-04-16T13:24:04.122+0900][gc,heap       ] GC(7) Eden regions: 49->0(51)
[2020-04-16T13:24:04.122+0900][gc,heap       ] GC(7) Survivor regions: 2->2(7)
[2020-04-16T13:24:04.122+0900][gc,heap       ] GC(7) Old regions: 11->11
[2020-04-16T13:24:04.122+0900][gc,heap       ] GC(7) Humongous regions: 129->129
[2020-04-16T13:24:04.122+0900][gc,metaspace  ] GC(7) Metaspace: 33210K->33210K(1079296K)
[2020-04-16T13:24:04.122+0900][gc            ] GC(7) Pause Young (Normal) (G1 Evacuation Pause) 190M->141M(1024M) 5.199ms
[2020-04-16T13:24:04.122+0900][gc,cpu        ] GC(7) User=0.03s Sys=0.00s Real=0.01s
[2020-04-16T13:27:19.084+0900][gc,start      ] GC(8) Pause Young (Normal) (G1 Evacuation Pause)
[2020-04-16T13:27:19.084+0900][gc,task       ] GC(8) Using 10 workers of 10 for evacuation
[2020-04-16T13:27:19.089+0900][gc,phases     ] GC(8)   Pre Evacuate Collection Set: 0.0ms
[2020-04-16T13:27:19.089+0900][gc,phases     ] GC(8)   Evacuate Collection Set: 3.8ms
[2020-04-16T13:27:19.089+0900][gc,phases     ] GC(8)   Post Evacuate Collection Set: 0.8ms
[2020-04-16T13:27:19.089+0900][gc,phases     ] GC(8)   Other: 0.3ms
[2020-04-16T13:27:19.089+0900][gc,heap       ] GC(8) Eden regions: 51->0(63)
[2020-04-16T13:27:19.089+0900][gc,heap       ] GC(8) Survivor regions: 2->2(7)
[2020-04-16T13:27:19.089+0900][gc,heap       ] GC(8) Old regions: 11->11
[2020-04-16T13:27:19.089+0900][gc,heap       ] GC(8) Humongous regions: 129->129
[2020-04-16T13:27:19.089+0900][gc,metaspace  ] GC(8) Metaspace: 33239K->33239K(1079296K)
[2020-04-16T13:27:19.089+0900][gc            ] GC(8) Pause Young (Normal) (G1 Evacuation Pause) 192M->141M(1024M) 5.095ms
[2020-04-16T13:27:19.089+0900][gc,cpu        ] GC(8) User=0.03s Sys=0.00s Real=0.01s
[2020-04-16T13:31:17.045+0900][gc,start      ] GC(9) Pause Young (Normal) (G1 Evacuation Pause)
[2020-04-16T13:31:17.045+0900][gc,task       ] GC(9) Using 10 workers of 10 for evacuation
[2020-04-16T13:31:17.048+0900][gc,phases     ] GC(9)   Pre Evacuate Collection Set: 0.0ms
[2020-04-16T13:31:17.048+0900][gc,phases     ] GC(9)   Evacuate Collection Set: 2.8ms
[2020-04-16T13:31:17.048+0900][gc,phases     ] GC(9)   Post Evacuate Collection Set: 0.7ms
[2020-04-16T13:31:17.048+0900][gc,phases     ] GC(9)   Other: 0.3ms
[2020-04-16T13:31:17.048+0900][gc,heap       ] GC(9) Eden regions: 63->0(98)
[2020-04-16T13:31:17.048+0900][gc,heap       ] GC(9) Survivor regions: 2->2(9)
[2020-04-16T13:31:17.048+0900][gc,heap       ] GC(9) Old regions: 11->11
[2020-04-16T13:31:17.048+0900][gc,heap       ] GC(9) Humongous regions: 129->129
[2020-04-16T13:31:17.048+0900][gc,metaspace  ] GC(9) Metaspace: 33287K->33287K(1079296K)
[2020-04-16T13:31:17.048+0900][gc            ] GC(9) Pause Young (Normal) (G1 Evacuation Pause) 204M->141M(1024M) 3.964ms
[2020-04-16T13:31:17.049+0900][gc,cpu        ] GC(9) User=0.03s Sys=0.00s Real=0.01s
[2020-04-16T13:37:28.357+0900][gc,start      ] GC(10) Pause Young (Normal) (G1 Evacuation Pause)
[2020-04-16T13:37:28.357+0900][gc,task       ] GC(10) Using 10 workers of 10 for evacuation
[2020-04-16T13:37:28.361+0900][gc,phases     ] GC(10)   Pre Evacuate Collection Set: 0.1ms
[2020-04-16T13:37:28.361+0900][gc,phases     ] GC(10)   Evacuate Collection Set: 2.8ms
[2020-04-16T13:37:28.362+0900][gc,phases     ] GC(10)   Post Evacuate Collection Set: 1.0ms
[2020-04-16T13:37:28.362+0900][gc,phases     ] GC(10)   Other: 0.5ms
[2020-04-16T13:37:28.362+0900][gc,heap       ] GC(10) Eden regions: 98->0(153)
[2020-04-16T13:37:28.362+0900][gc,heap       ] GC(10) Survivor regions: 2->2(13)
[2020-04-16T13:37:28.362+0900][gc,heap       ] GC(10) Old regions: 11->11
[2020-04-16T13:37:28.362+0900][gc,heap       ] GC(10) Humongous regions: 129->129
[2020-04-16T13:37:28.362+0900][gc,metaspace  ] GC(10) Metaspace: 33351K->33351K(1079296K)
[2020-04-16T13:37:28.362+0900][gc            ] GC(10) Pause Young (Normal) (G1 Evacuation Pause) 239M->141M(1024M) 4.573ms
[2020-04-16T13:37:28.362+0900][gc,cpu        ] GC(10) User=0.03s Sys=0.00s Real=0.01s
[2020-04-16T13:47:05.169+0900][gc,start      ] GC(11) Pause Young (Normal) (G1 Evacuation Pause)
[2020-04-16T13:47:05.169+0900][gc,task       ] GC(11) Using 10 workers of 10 for evacuation
[2020-04-16T13:47:05.175+0900][gc,phases     ] GC(11)   Pre Evacuate Collection Set: 0.0ms
[2020-04-16T13:47:05.175+0900][gc,phases     ] GC(11)   Evacuate Collection Set: 4.6ms
[2020-04-16T13:47:05.175+0900][gc,phases     ] GC(11)   Post Evacuate Collection Set: 1.0ms
[2020-04-16T13:47:05.175+0900][gc,phases     ] GC(11)   Other: 0.5ms
[2020-04-16T13:47:05.175+0900][gc,heap       ] GC(11) Eden regions: 153->0(190)
[2020-04-16T13:47:05.175+0900][gc,heap       ] GC(11) Survivor regions: 2->2(20)
[2020-04-16T13:47:05.175+0900][gc,heap       ] GC(11) Old regions: 11->11
[2020-04-16T13:47:05.175+0900][gc,heap       ] GC(11) Humongous regions: 129->129
[2020-04-16T13:47:05.175+0900][gc,metaspace  ] GC(11) Metaspace: 33401K->33401K(1079296K)
[2020-04-16T13:47:05.175+0900][gc            ] GC(11) Pause Young (Normal) (G1 Evacuation Pause) 294M->141M(1024M) 6.371ms
[2020-04-16T13:47:05.175+0900][gc,cpu        ] GC(11) User=0.03s Sys=0.02s Real=0.00s
[2020-04-16T13:47:42.816+0900][gc,start      ] GC(12) Pause Young (Concurrent Start) (Metadata GC Threshold)
[2020-04-16T13:47:42.816+0900][gc,task       ] GC(12) Using 10 workers of 10 for evacuation
[2020-04-16T13:47:42.821+0900][gc,phases     ] GC(12)   Pre Evacuate Collection Set: 0.2ms
[2020-04-16T13:47:42.821+0900][gc,phases     ] GC(12)   Evacuate Collection Set: 3.6ms
[2020-04-16T13:47:42.821+0900][gc,phases     ] GC(12)   Post Evacuate Collection Set: 0.9ms
[2020-04-16T13:47:42.822+0900][gc,phases     ] GC(12)   Other: 0.5ms
[2020-04-16T13:47:42.822+0900][gc,heap       ] GC(12) Eden regions: 16->0(81)
[2020-04-16T13:47:42.822+0900][gc,heap       ] GC(12) Survivor regions: 2->2(24)
[2020-04-16T13:47:42.822+0900][gc,heap       ] GC(12) Old regions: 11->11
[2020-04-16T13:47:42.822+0900][gc,heap       ] GC(12) Humongous regions: 129->129
[2020-04-16T13:47:42.822+0900][gc,metaspace  ] GC(12) Metaspace: 33744K->33744K(1079296K)
[2020-04-16T13:47:42.822+0900][gc            ] GC(12) Pause Young (Concurrent Start) (Metadata GC Threshold) 156M->141M(1024M) 5.411ms
[2020-04-16T13:47:42.822+0900][gc,cpu        ] GC(12) User=0.04s Sys=0.00s Real=0.01s
[2020-04-16T13:47:42.822+0900][gc            ] GC(13) Concurrent Cycle
[2020-04-16T13:47:42.822+0900][gc,marking    ] GC(13) Concurrent Clear Claimed Marks
[2020-04-16T13:47:42.822+0900][gc,marking    ] GC(13) Concurrent Clear Claimed Marks 0.138ms
[2020-04-16T13:47:42.822+0900][gc,marking    ] GC(13) Concurrent Scan Root Regions
[2020-04-16T13:47:42.824+0900][gc,marking    ] GC(13) Concurrent Scan Root Regions 1.831ms
[2020-04-16T13:47:42.824+0900][gc,marking    ] GC(13) Concurrent Mark (2109.387s)
[2020-04-16T13:47:42.824+0900][gc,marking    ] GC(13) Concurrent Mark From Roots
[2020-04-16T13:47:42.824+0900][gc,task       ] GC(13) Using 3 workers of 3 for marking
[2020-04-16T13:47:42.839+0900][gc,marking    ] GC(13) Concurrent Mark From Roots 15.596ms
[2020-04-16T13:47:42.840+0900][gc,marking    ] GC(13) Concurrent Preclean
[2020-04-16T13:47:42.840+0900][gc,marking    ] GC(13) Concurrent Preclean 0.389ms
[2020-04-16T13:47:42.840+0900][gc,marking    ] GC(13) Concurrent Mark (2109.387s, 2109.403s) 16.076ms
[2020-04-16T13:47:42.840+0900][gc,start      ] GC(13) Pause Remark
[2020-04-16T13:47:42.845+0900][gc,stringtable] GC(13) Cleaned string and symbol table, strings: 13742 processed, 804 removed, symbols: 71192 processed, 14 removed
[2020-04-16T13:47:42.846+0900][gc            ] GC(13) Pause Remark 142M->142M(1024M) 5.644ms
[2020-04-16T13:47:42.846+0900][gc,cpu        ] GC(13) User=0.04s Sys=0.00s Real=0.00s
[2020-04-16T13:47:42.846+0900][gc,marking    ] GC(13) Concurrent Rebuild Remembered Sets
[2020-04-16T13:47:42.851+0900][gc,marking    ] GC(13) Concurrent Rebuild Remembered Sets 5.354ms
[2020-04-16T13:47:42.851+0900][gc,start      ] GC(13) Pause Cleanup
[2020-04-16T13:47:42.851+0900][gc            ] GC(13) Pause Cleanup 142M->142M(1024M) 0.165ms
[2020-04-16T13:47:42.852+0900][gc,cpu        ] GC(13) User=0.00s Sys=0.00s Real=0.00s
[2020-04-16T13:47:42.852+0900][gc,marking    ] GC(13) Concurrent Cleanup for Next Mark
[2020-04-16T13:47:42.856+0900][gc,marking    ] GC(13) Concurrent Cleanup for Next Mark 4.481ms
[2020-04-16T13:47:42.856+0900][gc            ] GC(13) Concurrent Cycle 34.299ms
[2020-04-16T13:47:45.200+0900][gc,heap,exit  ] Heap
[2020-04-16T13:47:45.200+0900][gc,heap,exit  ]  garbage-first heap   total 1048576K, used 149738K [0x00000000c0000000, 0x0000000100000000)
[2020-04-16T13:47:45.200+0900][gc,heap,exit  ]   region size 1024K, 8 young (8192K), 2 survivors (2048K)
[2020-04-16T13:47:45.200+0900][gc,heap,exit  ]  Metaspace       used 34030K, capacity 36220K, committed 36380K, reserved 1079296K
[2020-04-16T13:47:45.200+0900][gc,heap,exit  ]   class space    used 4970K, capacity 6018K, committed 6144K, reserved 1048576K
