[2020-04-18T11:43:11.408+0900][gc            ] GC(87) Pause Young (Normal) (G1 Evacuation Pause) 754M->143M(1024M) 5.435ms
[2020-04-18T11:43:11.408+0900][gc,cpu        ] GC(87) User=0.02s Sys=0.01s Real=0.01s
[2020-04-18T12:13:28.540+0900][gc,start      ] GC(88) Pause Young (Normal) (G1 Evacuation Pause)
[2020-04-18T12:13:28.540+0900][gc,task       ] GC(88) Using 10 workers of 10 for evacuation
[2020-04-18T12:13:28.545+0900][gc,phases     ] GC(88)   Pre Evacuate Collection Set: 0.0ms
[2020-04-18T12:13:28.545+0900][gc,phases     ] GC(88)   Evacuate Collection Set: 3.1ms
[2020-04-18T12:13:28.545+0900][gc,phases     ] GC(88)   Post Evacuate Collection Set: 1.3ms
[2020-04-18T12:13:28.545+0900][gc,phases     ] GC(88)   Other: 0.5ms
[2020-04-18T12:13:28.545+0900][gc,heap       ] GC(88) Eden regions: 611->0(612)
[2020-04-18T12:13:28.545+0900][gc,heap       ] GC(88) Survivor regions: 3->2(77)
[2020-04-18T12:13:28.545+0900][gc,heap       ] GC(88) Old regions: 13->13
[2020-04-18T12:13:28.545+0900][gc,heap       ] GC(88) Humongous regions: 129->129
[2020-04-18T12:13:28.545+0900][gc,metaspace  ] GC(88) Metaspace: 34431K->34431K(1081344K)
[2020-04-18T12:13:28.545+0900][gc            ] GC(88) Pause Young (Normal) (G1 Evacuation Pause) 754M->143M(1024M) 5.176ms
[2020-04-18T12:13:28.545+0900][gc,cpu        ] GC(88) User=0.03s Sys=0.00s Real=0.00s
[2020-04-18T12:43:59.602+0900][gc,start      ] GC(89) Pause Young (Normal) (G1 Evacuation Pause)
[2020-04-18T12:43:59.602+0900][gc,task       ] GC(89) Using 10 workers of 10 for evacuation
[2020-04-18T12:43:59.607+0900][gc,phases     ] GC(89)   Pre Evacuate Collection Set: 0.0ms
[2020-04-18T12:43:59.607+0900][gc,phases     ] GC(89)   Evacuate Collection Set: 3.0ms
[2020-04-18T12:43:59.607+0900][gc,phases     ] GC(89)   Post Evacuate Collection Set: 1.1ms
[2020-04-18T12:43:59.607+0900][gc,phases     ] GC(89)   Other: 0.3ms
[2020-04-18T12:43:59.607+0900][gc,heap       ] GC(89) Eden regions: 612->0(612)
[2020-04-18T12:43:59.607+0900][gc,heap       ] GC(89) Survivor regions: 2->2(77)
[2020-04-18T12:43:59.607+0900][gc,heap       ] GC(89) Old regions: 13->13
[2020-04-18T12:43:59.607+0900][gc,heap       ] GC(89) Humongous regions: 129->129
[2020-04-18T12:43:59.607+0900][gc,metaspace  ] GC(89) Metaspace: 34431K->34431K(1081344K)
[2020-04-18T12:43:59.607+0900][gc            ] GC(89) Pause Young (Normal) (G1 Evacuation Pause) 755M->143M(1024M) 4.667ms
[2020-04-18T12:43:59.607+0900][gc,cpu        ] GC(89) User=0.03s Sys=0.01s Real=0.01s
[2020-04-18T13:14:12.522+0900][gc,start      ] GC(90) Pause Young (Normal) (G1 Evacuation Pause)
[2020-04-18T13:14:12.522+0900][gc,task       ] GC(90) Using 10 workers of 10 for evacuation
[2020-04-18T13:14:12.526+0900][gc,phases     ] GC(90)   Pre Evacuate Collection Set: 0.0ms
[2020-04-18T13:14:12.526+0900][gc,phases     ] GC(90)   Evacuate Collection Set: 2.9ms
[2020-04-18T13:14:12.526+0900][gc,phases     ] GC(90)   Post Evacuate Collection Set: 0.8ms
[2020-04-18T13:14:12.526+0900][gc,phases     ] GC(90)   Other: 0.3ms
[2020-04-18T13:14:12.526+0900][gc,heap       ] GC(90) Eden regions: 612->0(611)
[2020-04-18T13:14:12.526+0900][gc,heap       ] GC(90) Survivor regions: 2->3(77)
[2020-04-18T13:14:12.526+0900][gc,heap       ] GC(90) Old regions: 13->13
[2020-04-18T13:14:12.526+0900][gc,heap       ] GC(90) Humongous regions: 129->129
[2020-04-18T13:14:12.526+0900][gc,metaspace  ] GC(90) Metaspace: 34431K->34431K(1081344K)
[2020-04-18T13:14:12.526+0900][gc            ] GC(90) Pause Young (Normal) (G1 Evacuation Pause) 755M->143M(1024M) 4.187ms
[2020-04-18T13:14:12.526+0900][gc,cpu        ] GC(90) User=0.03s Sys=0.00s Real=0.00s
[2020-04-18T13:44:23.714+0900][gc,start      ] GC(91) Pause Young (Normal) (G1 Evacuation Pause)
[2020-04-18T13:44:23.714+0900][gc,task       ] GC(91) Using 10 workers of 10 for evacuation
[2020-04-18T13:44:23.719+0900][gc,phases     ] GC(91)   Pre Evacuate Collection Set: 0.0ms
[2020-04-18T13:44:23.719+0900][gc,phases     ] GC(91)   Evacuate Collection Set: 3.1ms
[2020-04-18T13:44:23.719+0900][gc,phases     ] GC(91)   Post Evacuate Collection Set: 1.5ms
[2020-04-18T13:44:23.719+0900][gc,phases     ] GC(91)   Other: 0.5ms
[2020-04-18T13:44:23.719+0900][gc,heap       ] GC(91) Eden regions: 611->0(611)
[2020-04-18T13:44:23.719+0900][gc,heap       ] GC(91) Survivor regions: 3->3(77)
[2020-04-18T13:44:23.719+0900][gc,heap       ] GC(91) Old regions: 13->13
[2020-04-18T13:44:23.719+0900][gc,heap       ] GC(91) Humongous regions: 129->129
[2020-04-18T13:44:23.719+0900][gc,metaspace  ] GC(91) Metaspace: 34431K->34431K(1081344K)
[2020-04-18T13:44:23.719+0900][gc            ] GC(91) Pause Young (Normal) (G1 Evacuation Pause) 754M->143M(1024M) 5.330ms
[2020-04-18T13:44:23.719+0900][gc,cpu        ] GC(91) User=0.02s Sys=0.02s Real=0.01s
[2020-04-18T14:14:16.227+0900][gc,start      ] GC(92) Pause Young (Normal) (G1 Evacuation Pause)
[2020-04-18T14:14:16.227+0900][gc,task       ] GC(92) Using 10 workers of 10 for evacuation
[2020-04-18T14:14:16.233+0900][gc,phases     ] GC(92)   Pre Evacuate Collection Set: 0.0ms
[2020-04-18T14:14:16.233+0900][gc,phases     ] GC(92)   Evacuate Collection Set: 3.6ms
[2020-04-18T14:14:16.233+0900][gc,phases     ] GC(92)   Post Evacuate Collection Set: 1.5ms
[2020-04-18T14:14:16.233+0900][gc,phases     ] GC(92)   Other: 0.5ms
[2020-04-18T14:14:16.233+0900][gc,heap       ] GC(92) Eden regions: 611->0(611)
[2020-04-18T14:14:16.233+0900][gc,heap       ] GC(92) Survivor regions: 3->3(77)
[2020-04-18T14:14:16.233+0900][gc,heap       ] GC(92) Old regions: 13->13
[2020-04-18T14:14:16.233+0900][gc,heap       ] GC(92) Humongous regions: 129->129
[2020-04-18T14:14:16.233+0900][gc,metaspace  ] GC(92) Metaspace: 34431K->34431K(1081344K)
[2020-04-18T14:14:16.233+0900][gc            ] GC(92) Pause Young (Normal) (G1 Evacuation Pause) 754M->143M(1024M) 5.842ms
[2020-04-18T14:14:16.233+0900][gc,cpu        ] GC(92) User=0.04s Sys=0.00s Real=0.00s
[2020-04-18T14:44:23.821+0900][gc,start      ] GC(93) Pause Young (Normal) (G1 Evacuation Pause)
[2020-04-18T14:44:23.821+0900][gc,task       ] GC(93) Using 10 workers of 10 for evacuation
[2020-04-18T14:44:23.826+0900][gc,phases     ] GC(93)   Pre Evacuate Collection Set: 0.0ms
[2020-04-18T14:44:23.826+0900][gc,phases     ] GC(93)   Evacuate Collection Set: 3.6ms
[2020-04-18T14:44:23.826+0900][gc,phases     ] GC(93)   Post Evacuate Collection Set: 1.5ms
[2020-04-18T14:44:23.827+0900][gc,phases     ] GC(93)   Other: 0.5ms
[2020-04-18T14:44:23.827+0900][gc,heap       ] GC(93) Eden regions: 611->0(611)
[2020-04-18T14:44:23.827+0900][gc,heap       ] GC(93) Survivor regions: 3->3(77)
[2020-04-18T14:44:23.827+0900][gc,heap       ] GC(93) Old regions: 13->13
[2020-04-18T14:44:23.827+0900][gc,heap       ] GC(93) Humongous regions: 129->129
[2020-04-18T14:44:23.827+0900][gc,metaspace  ] GC(93) Metaspace: 34431K->34431K(1081344K)
[2020-04-18T14:44:23.827+0900][gc            ] GC(93) Pause Young (Normal) (G1 Evacuation Pause) 754M->143M(1024M) 5.973ms
[2020-04-18T14:44:23.827+0900][gc,cpu        ] GC(93) User=0.04s Sys=0.00s Real=0.01s
[2020-04-18T15:14:26.466+0900][gc,start      ] GC(94) Pause Young (Normal) (G1 Evacuation Pause)
[2020-04-18T15:14:26.466+0900][gc,task       ] GC(94) Using 10 workers of 10 for evacuation
[2020-04-18T15:14:26.472+0900][gc,phases     ] GC(94)   Pre Evacuate Collection Set: 0.0ms
[2020-04-18T15:14:26.472+0900][gc,phases     ] GC(94)   Evacuate Collection Set: 3.3ms
[2020-04-18T15:14:26.472+0900][gc,phases     ] GC(94)   Post Evacuate Collection Set: 1.5ms
[2020-04-18T15:14:26.472+0900][gc,phases     ] GC(94)   Other: 0.6ms
[2020-04-18T15:14:26.472+0900][gc,heap       ] GC(94) Eden regions: 611->0(611)
[2020-04-18T15:14:26.472+0900][gc,heap       ] GC(94) Survivor regions: 3->3(77)
[2020-04-18T15:14:26.472+0900][gc,heap       ] GC(94) Old regions: 13->13
[2020-04-18T15:14:26.472+0900][gc,heap       ] GC(94) Humongous regions: 129->129
[2020-04-18T15:14:26.472+0900][gc,metaspace  ] GC(94) Metaspace: 34431K->34431K(1081344K)
[2020-04-18T15:14:26.472+0900][gc            ] GC(94) Pause Young (Normal) (G1 Evacuation Pause) 754M->143M(1024M) 5.639ms
[2020-04-18T15:14:26.472+0900][gc,cpu        ] GC(94) User=0.03s Sys=0.01s Real=0.01s
[2020-04-18T15:44:39.615+0900][gc,start      ] GC(95) Pause Young (Normal) (G1 Evacuation Pause)
[2020-04-18T15:44:39.615+0900][gc,task       ] GC(95) Using 10 workers of 10 for evacuation
[2020-04-18T15:44:39.619+0900][gc,phases     ] GC(95)   Pre Evacuate Collection Set: 0.0ms
[2020-04-18T15:44:39.619+0900][gc,phases     ] GC(95)   Evacuate Collection Set: 2.9ms
[2020-04-18T15:44:39.619+0900][gc,phases     ] GC(95)   Post Evacuate Collection Set: 1.3ms
[2020-04-18T15:44:39.620+0900][gc,phases     ] GC(95)   Other: 0.5ms
[2020-04-18T15:44:39.620+0900][gc,heap       ] GC(95) Eden regions: 611->0(611)
[2020-04-18T15:44:39.620+0900][gc,heap       ] GC(95) Survivor regions: 3->3(77)
[2020-04-18T15:44:39.620+0900][gc,heap       ] GC(95) Old regions: 13->13
[2020-04-18T15:44:39.620+0900][gc,heap       ] GC(95) Humongous regions: 129->129
[2020-04-18T15:44:39.620+0900][gc,metaspace  ] GC(95) Metaspace: 34431K->34431K(1081344K)
[2020-04-18T15:44:39.620+0900][gc            ] GC(95) Pause Young (Normal) (G1 Evacuation Pause) 754M->143M(1024M) 5.056ms
[2020-04-18T15:44:39.620+0900][gc,cpu        ] GC(95) User=0.02s Sys=0.02s Real=0.01s
[2020-04-18T16:14:41.185+0900][gc,start      ] GC(96) Pause Young (Normal) (G1 Evacuation Pause)
[2020-04-18T16:14:41.185+0900][gc,task       ] GC(96) Using 10 workers of 10 for evacuation
[2020-04-18T16:14:41.190+0900][gc,phases     ] GC(96)   Pre Evacuate Collection Set: 0.0ms
[2020-04-18T16:14:41.190+0900][gc,phases     ] GC(96)   Evacuate Collection Set: 3.5ms
[2020-04-18T16:14:41.190+0900][gc,phases     ] GC(96)   Post Evacuate Collection Set: 1.1ms
[2020-04-18T16:14:41.190+0900][gc,phases     ] GC(96)   Other: 0.4ms
[2020-04-18T16:14:41.190+0900][gc,heap       ] GC(96) Eden regions: 611->0(611)
[2020-04-18T16:14:41.190+0900][gc,heap       ] GC(96) Survivor regions: 3->3(77)
[2020-04-18T16:14:41.190+0900][gc,heap       ] GC(96) Old regions: 13->13
[2020-04-18T16:14:41.190+0900][gc,heap       ] GC(96) Humongous regions: 129->129
[2020-04-18T16:14:41.190+0900][gc,metaspace  ] GC(96) Metaspace: 34444K->34444K(1081344K)
[2020-04-18T16:14:41.190+0900][gc            ] GC(96) Pause Young (Normal) (G1 Evacuation Pause) 754M->143M(1024M) 5.278ms
[2020-04-18T16:14:41.190+0900][gc,cpu        ] GC(96) User=0.04s Sys=0.00s Real=0.01s
[2020-04-18T16:44:48.942+0900][gc,start      ] GC(97) Pause Young (Normal) (G1 Evacuation Pause)
[2020-04-18T16:44:48.942+0900][gc,task       ] GC(97) Using 10 workers of 10 for evacuation
[2020-04-18T16:44:48.947+0900][gc,phases     ] GC(97)   Pre Evacuate Collection Set: 0.1ms
[2020-04-18T16:44:48.947+0900][gc,phases     ] GC(97)   Evacuate Collection Set: 3.0ms
[2020-04-18T16:44:48.947+0900][gc,phases     ] GC(97)   Post Evacuate Collection Set: 1.4ms
[2020-04-18T16:44:48.947+0900][gc,phases     ] GC(97)   Other: 0.6ms
[2020-04-18T16:44:48.947+0900][gc,heap       ] GC(97) Eden regions: 611->0(611)
[2020-04-18T16:44:48.947+0900][gc,heap       ] GC(97) Survivor regions: 3->3(77)
[2020-04-18T16:44:48.947+0900][gc,heap       ] GC(97) Old regions: 13->13
[2020-04-18T16:44:48.947+0900][gc,heap       ] GC(97) Humongous regions: 129->129
[2020-04-18T16:44:48.947+0900][gc,metaspace  ] GC(97) Metaspace: 34489K->34489K(1081344K)
[2020-04-18T16:44:48.947+0900][gc            ] GC(97) Pause Young (Normal) (G1 Evacuation Pause) 754M->143M(1024M) 5.320ms
[2020-04-18T16:44:48.948+0900][gc,cpu        ] GC(97) User=0.02s Sys=0.01s Real=0.01s
[2020-04-18T17:14:50.403+0900][gc,start      ] GC(98) Pause Young (Normal) (G1 Evacuation Pause)
[2020-04-18T17:14:50.403+0900][gc,task       ] GC(98) Using 10 workers of 10 for evacuation
[2020-04-18T17:14:50.408+0900][gc,phases     ] GC(98)   Pre Evacuate Collection Set: 0.0ms
[2020-04-18T17:14:50.408+0900][gc,phases     ] GC(98)   Evacuate Collection Set: 3.1ms
[2020-04-18T17:14:50.408+0900][gc,phases     ] GC(98)   Post Evacuate Collection Set: 1.3ms
[2020-04-18T17:14:50.408+0900][gc,phases     ] GC(98)   Other: 0.6ms
[2020-04-18T17:14:50.408+0900][gc,heap       ] GC(98) Eden regions: 611->0(611)
[2020-04-18T17:14:50.408+0900][gc,heap       ] GC(98) Survivor regions: 3->3(77)
[2020-04-18T17:14:50.408+0900][gc,heap       ] GC(98) Old regions: 13->13
[2020-04-18T17:14:50.408+0900][gc,heap       ] GC(98) Humongous regions: 129->129
[2020-04-18T17:14:50.408+0900][gc,metaspace  ] GC(98) Metaspace: 34489K->34489K(1081344K)
[2020-04-18T17:14:50.408+0900][gc            ] GC(98) Pause Young (Normal) (G1 Evacuation Pause) 754M->143M(1024M) 5.306ms
[2020-04-18T17:14:50.408+0900][gc,cpu        ] GC(98) User=0.02s Sys=0.01s Real=0.01s
[2020-04-18T17:38:03.221+0900][gc,heap,exit  ] Heap
[2020-04-18T17:38:03.221+0900][gc,heap,exit  ]  garbage-first heap   total 1048576K, used 632390K [0x00000000c0000000, 0x0000000100000000)
[2020-04-18T17:38:03.221+0900][gc,heap,exit  ]   region size 1024K, 479 young (490496K), 3 survivors (3072K)
[2020-04-18T17:38:03.221+0900][gc,heap,exit  ]  Metaspace       used 35112K, capacity 37433K, committed 37680K, reserved 1081344K
[2020-04-18T17:38:03.221+0900][gc,heap,exit  ]   class space    used 4947K, capacity 5995K, committed 6016K, reserved 1048576K
