[2020-04-16T15:06:52.187+0900][gc,heap] Heap region size: 1M
[2020-04-16T15:06:52.195+0900][gc     ] Using G1
[2020-04-16T15:06:52.195+0900][gc,heap,coops] Heap address: 0x00000000e0000000, size: 512 MB, Compressed Oops mode: 32-bit
[2020-04-16T15:52:15.785+0900][gc,start     ] GC(0) Pause Young (Normal) (G1 Evacuation Pause)
[2020-04-16T15:52:15.786+0900][gc,task      ] GC(0) Using 10 workers of 10 for evacuation
[2020-04-16T15:52:15.796+0900][gc,phases    ] GC(0)   Pre Evacuate Collection Set: 0.0ms
[2020-04-16T15:52:15.796+0900][gc,phases    ] GC(0)   Evacuate Collection Set: 8.0ms
[2020-04-16T15:52:15.796+0900][gc,phases    ] GC(0)   Post Evacuate Collection Set: 0.9ms
[2020-04-16T15:52:15.796+0900][gc,phases    ] GC(0)   Other: 2.3ms
[2020-04-16T15:52:15.796+0900][gc,heap      ] GC(0) Eden regions: 25->0(21)
[2020-04-16T15:52:15.796+0900][gc,heap      ] GC(0) Survivor regions: 0->4(4)
[2020-04-16T15:52:15.796+0900][gc,heap      ] GC(0) Old regions: 0->2
[2020-04-16T15:52:15.796+0900][gc,heap      ] GC(0) Humongous regions: 0->0
[2020-04-16T15:52:15.796+0900][gc,metaspace ] GC(0) Metaspace: 7638K->7638K(1056768K)
[2020-04-16T15:52:15.796+0900][gc           ] GC(0) Pause Young (Normal) (G1 Evacuation Pause) 25M->5M(512M) 11.531ms
[2020-04-16T15:52:15.796+0900][gc,cpu       ] GC(0) User=0.08s Sys=0.00s Real=0.01s
[2020-04-16T20:26:05.018+0900][gc,start     ] GC(1) Pause Young (Normal) (G1 Evacuation Pause)
[2020-04-16T20:26:05.018+0900][gc,task      ] GC(1) Using 10 workers of 10 for evacuation
[2020-04-16T20:26:05.023+0900][gc,phases    ] GC(1)   Pre Evacuate Collection Set: 0.0ms
[2020-04-16T20:26:05.023+0900][gc,phases    ] GC(1)   Evacuate Collection Set: 5.1ms
[2020-04-16T20:26:05.024+0900][gc,phases    ] GC(1)   Post Evacuate Collection Set: 0.4ms
[2020-04-16T20:26:05.024+0900][gc,phases    ] GC(1)   Other: 0.3ms
[2020-04-16T20:26:05.024+0900][gc,heap      ] GC(1) Eden regions: 21->0(24)
[2020-04-16T20:26:05.024+0900][gc,heap      ] GC(1) Survivor regions: 4->1(4)
[2020-04-16T20:26:05.024+0900][gc,heap      ] GC(1) Old regions: 2->6
[2020-04-16T20:26:05.024+0900][gc,heap      ] GC(1) Humongous regions: 0->0
[2020-04-16T20:26:05.024+0900][gc,metaspace ] GC(1) Metaspace: 7643K->7643K(1056768K)
[2020-04-16T20:26:05.024+0900][gc           ] GC(1) Pause Young (Normal) (G1 Evacuation Pause) 26M->5M(512M) 6.123ms
[2020-04-16T20:26:05.024+0900][gc,cpu       ] GC(1) User=0.06s Sys=0.00s Real=0.01s
[2020-04-16T21:04:01.936+0900][gc,heap,exit ] Heap
[2020-04-16T21:04:01.936+0900][gc,heap,exit ]  garbage-first heap   total 524288K, used 8688K [0x00000000e0000000, 0x0000000100000000)
[2020-04-16T21:04:01.936+0900][gc,heap,exit ]   region size 1024K, 5 young (5120K), 1 survivors (1024K)
[2020-04-16T21:04:01.936+0900][gc,heap,exit ]  Metaspace       used 7659K, capacity 7919K, committed 8192K, reserved 1056768K
[2020-04-16T21:04:01.937+0900][gc,heap,exit ]   class space    used 843K, capacity 962K, committed 1024K, reserved 1048576K
