[2020-04-14T16:43:07.869+0900][gc,heap] Heap region size: 1M
[2020-04-14T16:43:07.877+0900][gc     ] Using G1
[2020-04-14T16:43:07.877+0900][gc,heap,coops] Heap address: 0x00000000e0000000, size: 512 MB, Compressed Oops mode: 32-bit
[2020-04-14T17:28:52.103+0900][gc,start     ] GC(0) Pause Young (Normal) (G1 Evacuation Pause)
[2020-04-14T17:28:52.105+0900][gc,task      ] GC(0) Using 10 workers of 10 for evacuation
[2020-04-14T17:28:52.116+0900][gc,phases    ] GC(0)   Pre Evacuate Collection Set: 0.0ms
[2020-04-14T17:28:52.116+0900][gc,phases    ] GC(0)   Evacuate Collection Set: 10.1ms
[2020-04-14T17:28:52.116+0900][gc,phases    ] GC(0)   Post Evacuate Collection Set: 0.8ms
[2020-04-14T17:28:52.116+0900][gc,phases    ] GC(0)   Other: 2.3ms
[2020-04-14T17:28:52.116+0900][gc,heap      ] GC(0) Eden regions: 25->0(21)
[2020-04-14T17:28:52.116+0900][gc,heap      ] GC(0) Survivor regions: 0->4(4)
[2020-04-14T17:28:52.116+0900][gc,heap      ] GC(0) Old regions: 0->2
[2020-04-14T17:28:52.116+0900][gc,heap      ] GC(0) Humongous regions: 0->0
[2020-04-14T17:28:52.116+0900][gc,metaspace ] GC(0) Metaspace: 7665K->7665K(1056768K)
[2020-04-14T17:28:52.117+0900][gc           ] GC(0) Pause Young (Normal) (G1 Evacuation Pause) 25M->5M(512M) 13.539ms
[2020-04-14T17:28:52.117+0900][gc,cpu       ] GC(0) User=0.11s Sys=0.00s Real=0.01s
[2020-04-14T20:05:31.685+0900][gc,heap,exit ] Heap
[2020-04-14T20:05:31.685+0900][gc,heap,exit ]  garbage-first heap   total 524288K, used 17821K [0x00000000e0000000, 0x0000000100000000)
[2020-04-14T20:05:31.685+0900][gc,heap,exit ]   region size 1024K, 17 young (17408K), 4 survivors (4096K)
[2020-04-14T20:05:31.685+0900][gc,heap,exit ]  Metaspace       used 7680K, capacity 7983K, committed 8192K, reserved 1056768K
[2020-04-14T20:05:31.685+0900][gc,heap,exit ]   class space    used 842K, capacity 962K, committed 1024K, reserved 1048576K
