[2020-04-16T15:08:37.160+0900][gc,heap] Heap region size: 1M
[2020-04-16T15:08:37.173+0900][gc     ] Using G1
[2020-04-16T15:08:37.173+0900][gc,heap,coops] Heap address: 0x00000000c0000000, size: 1024 MB, Compressed Oops mode: 32-bit
[2020-04-16T15:08:38.239+0900][gc,start     ] GC(0) Pause Young (Normal) (G1 Evacuation Pause)
[2020-04-16T15:08:38.243+0900][gc,task      ] GC(0) Using 23 workers of 23 for evacuation
[2020-04-16T15:08:38.252+0900][gc,phases    ] GC(0)   Pre Evacuate Collection Set: 0.0ms
[2020-04-16T15:08:38.252+0900][gc,phases    ] GC(0)   Evacuate Collection Set: 7.9ms
[2020-04-16T15:08:38.252+0900][gc,phases    ] GC(0)   Post Evacuate Collection Set: 0.9ms
[2020-04-16T15:08:38.252+0900][gc,phases    ] GC(0)   Other: 4.2ms
[2020-04-16T15:08:38.252+0900][gc,heap      ] GC(0) Eden regions: 51->0(44)
[2020-04-16T15:08:38.252+0900][gc,heap      ] GC(0) Survivor regions: 0->7(7)
[2020-04-16T15:08:38.252+0900][gc,heap      ] GC(0) Old regions: 0->0
[2020-04-16T15:08:38.252+0900][gc,heap      ] GC(0) Humongous regions: 0->0
[2020-04-16T15:08:38.252+0900][gc,metaspace ] GC(0) Metaspace: 16757K->16757K(1064960K)
[2020-04-16T15:08:38.252+0900][gc           ] GC(0) Pause Young (Normal) (G1 Evacuation Pause) 51M->6M(1024M) 13.231ms
[2020-04-16T15:08:38.252+0900][gc,cpu       ] GC(0) User=0.17s Sys=0.01s Real=0.01s
[2020-04-16T15:08:38.465+0900][gc,start     ] GC(1) Pause Young (Concurrent Start) (Metadata GC Threshold)
[2020-04-16T15:08:38.465+0900][gc,task      ] GC(1) Using 23 workers of 23 for evacuation
[2020-04-16T15:08:38.476+0900][gc,phases    ] GC(1)   Pre Evacuate Collection Set: 0.1ms
[2020-04-16T15:08:38.476+0900][gc,phases    ] GC(1)   Evacuate Collection Set: 10.0ms
[2020-04-16T15:08:38.476+0900][gc,phases    ] GC(1)   Post Evacuate Collection Set: 0.7ms
[2020-04-16T15:08:38.476+0900][gc,phases    ] GC(1)   Other: 0.6ms
[2020-04-16T15:08:38.476+0900][gc,heap      ] GC(1) Eden regions: 15->0(50)
[2020-04-16T15:08:38.476+0900][gc,heap      ] GC(1) Survivor regions: 7->1(7)
[2020-04-16T15:08:38.476+0900][gc,heap      ] GC(1) Old regions: 0->7
[2020-04-16T15:08:38.476+0900][gc,heap      ] GC(1) Humongous regions: 0->0
[2020-04-16T15:08:38.476+0900][gc,metaspace ] GC(1) Metaspace: 20513K->20513K(1067008K)
[2020-04-16T15:08:38.476+0900][gc           ] GC(1) Pause Young (Concurrent Start) (Metadata GC Threshold) 20M->7M(1024M) 11.550ms
[2020-04-16T15:08:38.476+0900][gc,cpu       ] GC(1) User=0.07s Sys=0.00s Real=0.02s
[2020-04-16T15:08:38.476+0900][gc           ] GC(2) Concurrent Cycle
[2020-04-16T15:08:38.476+0900][gc,marking   ] GC(2) Concurrent Clear Claimed Marks
[2020-04-16T15:08:38.476+0900][gc,marking   ] GC(2) Concurrent Clear Claimed Marks 0.039ms
[2020-04-16T15:08:38.476+0900][gc,marking   ] GC(2) Concurrent Scan Root Regions
[2020-04-16T15:08:38.478+0900][gc,marking   ] GC(2) Concurrent Scan Root Regions 1.528ms
[2020-04-16T15:08:38.478+0900][gc,marking   ] GC(2) Concurrent Mark (1.327s)
[2020-04-16T15:08:38.478+0900][gc,marking   ] GC(2) Concurrent Mark From Roots
[2020-04-16T15:08:38.479+0900][gc,task      ] GC(2) Using 6 workers of 6 for marking
[2020-04-16T15:08:38.485+0900][gc,marking   ] GC(2) Concurrent Mark From Roots 7.354ms
[2020-04-16T15:08:38.485+0900][gc,marking   ] GC(2) Concurrent Preclean
[2020-04-16T15:08:38.486+0900][gc,marking   ] GC(2) Concurrent Preclean 0.666ms
[2020-04-16T15:08:38.486+0900][gc,marking   ] GC(2) Concurrent Mark (1.327s, 1.335s) 8.088ms
[2020-04-16T15:08:38.486+0900][gc,start     ] GC(2) Pause Remark
[2020-04-16T15:08:38.487+0900][gc,stringtable] GC(2) Cleaned string and symbol table, strings: 8903 processed, 0 removed, symbols: 49628 processed, 53 removed
[2020-04-16T15:08:38.488+0900][gc            ] GC(2) Pause Remark 7M->7M(1024M) 1.691ms
[2020-04-16T15:08:38.488+0900][gc,cpu        ] GC(2) User=0.02s Sys=0.00s Real=0.00s
[2020-04-16T15:08:38.488+0900][gc,marking    ] GC(2) Concurrent Rebuild Remembered Sets
[2020-04-16T15:08:38.490+0900][gc,marking    ] GC(2) Concurrent Rebuild Remembered Sets 2.030ms
[2020-04-16T15:08:38.490+0900][gc,start      ] GC(2) Pause Cleanup
[2020-04-16T15:08:38.490+0900][gc            ] GC(2) Pause Cleanup 7M->7M(1024M) 0.321ms
[2020-04-16T15:08:38.490+0900][gc,cpu        ] GC(2) User=0.01s Sys=0.00s Real=0.00s
[2020-04-16T15:08:38.490+0900][gc,marking    ] GC(2) Concurrent Cleanup for Next Mark
[2020-04-16T15:08:38.492+0900][gc,marking    ] GC(2) Concurrent Cleanup for Next Mark 1.970ms
[2020-04-16T15:08:38.492+0900][gc            ] GC(2) Concurrent Cycle 16.190ms
[2020-04-16T15:09:08.589+0900][gc,start      ] GC(3) Pause Young (Normal) (G1 Evacuation Pause)
[2020-04-16T15:09:08.589+0900][gc,task       ] GC(3) Using 23 workers of 23 for evacuation
[2020-04-16T15:09:08.593+0900][gc,phases     ] GC(3)   Pre Evacuate Collection Set: 0.0ms
[2020-04-16T15:09:08.593+0900][gc,phases     ] GC(3)   Evacuate Collection Set: 2.4ms
[2020-04-16T15:09:08.593+0900][gc,phases     ] GC(3)   Post Evacuate Collection Set: 1.1ms
[2020-04-16T15:09:08.593+0900][gc,phases     ] GC(3)   Other: 0.3ms
[2020-04-16T15:09:08.593+0900][gc,heap       ] GC(3) Eden regions: 50->0(46)
[2020-04-16T15:09:08.593+0900][gc,heap       ] GC(3) Survivor regions: 1->5(7)
[2020-04-16T15:09:08.593+0900][gc,heap       ] GC(3) Old regions: 7->7
[2020-04-16T15:09:08.593+0900][gc,heap       ] GC(3) Humongous regions: 129->129
[2020-04-16T15:09:08.593+0900][gc,metaspace  ] GC(3) Metaspace: 30587K->30587K(1077248K)
[2020-04-16T15:09:08.593+0900][gc            ] GC(3) Pause Young (Normal) (G1 Evacuation Pause) 186M->139M(1024M) 4.017ms
[2020-04-16T15:09:08.593+0900][gc,cpu        ] GC(3) User=0.06s Sys=0.00s Real=0.00s
[2020-04-16T15:12:10.490+0900][gc,start      ] GC(4) Pause Young (Normal) (G1 Evacuation Pause)
[2020-04-16T15:12:10.490+0900][gc,task       ] GC(4) Using 23 workers of 23 for evacuation
[2020-04-16T15:12:10.496+0900][gc,phases     ] GC(4)   Pre Evacuate Collection Set: 0.0ms
[2020-04-16T15:12:10.496+0900][gc,phases     ] GC(4)   Evacuate Collection Set: 4.4ms
[2020-04-16T15:12:10.496+0900][gc,phases     ] GC(4)   Post Evacuate Collection Set: 1.0ms
[2020-04-16T15:12:10.496+0900][gc,phases     ] GC(4)   Other: 0.4ms
[2020-04-16T15:12:10.496+0900][gc,heap       ] GC(4) Eden regions: 46->0(49)
[2020-04-16T15:12:10.496+0900][gc,heap       ] GC(4) Survivor regions: 5->2(7)
[2020-04-16T15:12:10.496+0900][gc,heap       ] GC(4) Old regions: 7->11
[2020-04-16T15:12:10.496+0900][gc,heap       ] GC(4) Humongous regions: 129->129
[2020-04-16T15:12:10.496+0900][gc,metaspace  ] GC(4) Metaspace: 32863K->32863K(1079296K)
[2020-04-16T15:12:10.496+0900][gc            ] GC(4) Pause Young (Normal) (G1 Evacuation Pause) 185M->141M(1024M) 5.954ms
[2020-04-16T15:12:10.496+0900][gc,cpu        ] GC(4) User=0.10s Sys=0.00s Real=0.01s
[2020-04-16T15:14:40.680+0900][gc,start      ] GC(5) Pause Young (Normal) (G1 Evacuation Pause)
[2020-04-16T15:14:40.680+0900][gc,task       ] GC(5) Using 23 workers of 23 for evacuation
[2020-04-16T15:14:40.684+0900][gc,phases     ] GC(5)   Pre Evacuate Collection Set: 0.0ms
[2020-04-16T15:14:40.684+0900][gc,phases     ] GC(5)   Evacuate Collection Set: 2.8ms
[2020-04-16T15:14:40.684+0900][gc,phases     ] GC(5)   Post Evacuate Collection Set: 0.9ms
[2020-04-16T15:14:40.684+0900][gc,phases     ] GC(5)   Other: 0.3ms
[2020-04-16T15:14:40.684+0900][gc,heap       ] GC(5) Eden regions: 49->0(49)
[2020-04-16T15:14:40.684+0900][gc,heap       ] GC(5) Survivor regions: 2->2(7)
[2020-04-16T15:14:40.684+0900][gc,heap       ] GC(5) Old regions: 11->11
[2020-04-16T15:14:40.684+0900][gc,heap       ] GC(5) Humongous regions: 129->129
[2020-04-16T15:14:40.684+0900][gc,metaspace  ] GC(5) Metaspace: 33228K->33228K(1079296K)
[2020-04-16T15:14:40.684+0900][gc            ] GC(5) Pause Young (Normal) (G1 Evacuation Pause) 190M->141M(1024M) 4.188ms
[2020-04-16T15:14:40.684+0900][gc,cpu        ] GC(5) User=0.07s Sys=0.00s Real=0.00s
[2020-04-16T15:17:18.667+0900][gc,start      ] GC(6) Pause Young (Normal) (G1 Evacuation Pause)
[2020-04-16T15:17:18.667+0900][gc,task       ] GC(6) Using 23 workers of 23 for evacuation
[2020-04-16T15:17:18.671+0900][gc,phases     ] GC(6)   Pre Evacuate Collection Set: 0.0ms
[2020-04-16T15:17:18.671+0900][gc,phases     ] GC(6)   Evacuate Collection Set: 3.3ms
[2020-04-16T15:17:18.671+0900][gc,phases     ] GC(6)   Post Evacuate Collection Set: 0.9ms
[2020-04-16T15:17:18.671+0900][gc,phases     ] GC(6)   Other: 0.3ms
[2020-04-16T15:17:18.671+0900][gc,heap       ] GC(6) Eden regions: 49->0(48)
[2020-04-16T15:17:18.671+0900][gc,heap       ] GC(6) Survivor regions: 2->3(7)
[2020-04-16T15:17:18.671+0900][gc,heap       ] GC(6) Old regions: 11->11
[2020-04-16T15:17:18.671+0900][gc,heap       ] GC(6) Humongous regions: 129->129
[2020-04-16T15:17:18.671+0900][gc,metaspace  ] GC(6) Metaspace: 33247K->33247K(1079296K)
[2020-04-16T15:17:18.671+0900][gc            ] GC(6) Pause Young (Normal) (G1 Evacuation Pause) 190M->142M(1024M) 4.734ms
[2020-04-16T15:17:18.671+0900][gc,cpu        ] GC(6) User=0.08s Sys=0.01s Real=0.00s
[2020-04-16T15:21:13.707+0900][gc,start      ] GC(7) Pause Young (Normal) (G1 Evacuation Pause)
[2020-04-16T15:21:13.707+0900][gc,task       ] GC(7) Using 23 workers of 23 for evacuation
[2020-04-16T15:21:13.712+0900][gc,phases     ] GC(7)   Pre Evacuate Collection Set: 0.0ms
[2020-04-16T15:21:13.712+0900][gc,phases     ] GC(7)   Evacuate Collection Set: 3.5ms
[2020-04-16T15:21:13.712+0900][gc,phases     ] GC(7)   Post Evacuate Collection Set: 0.8ms
[2020-04-16T15:21:13.712+0900][gc,phases     ] GC(7)   Other: 0.4ms
[2020-04-16T15:21:13.712+0900][gc,heap       ] GC(7) Eden regions: 48->0(48)
[2020-04-16T15:21:13.712+0900][gc,heap       ] GC(7) Survivor regions: 3->3(7)
[2020-04-16T15:21:13.712+0900][gc,heap       ] GC(7) Old regions: 11->11
[2020-04-16T15:21:13.712+0900][gc,heap       ] GC(7) Humongous regions: 129->129
[2020-04-16T15:21:13.712+0900][gc,metaspace  ] GC(7) Metaspace: 33370K->33370K(1079296K)
[2020-04-16T15:21:13.712+0900][gc            ] GC(7) Pause Young (Normal) (G1 Evacuation Pause) 190M->142M(1024M) 4.833ms
[2020-04-16T15:21:13.712+0900][gc,cpu        ] GC(7) User=0.08s Sys=0.00s Real=0.00s
[2020-04-16T15:23:37.223+0900][gc,start      ] GC(8) Pause Young (Normal) (G1 Evacuation Pause)
[2020-04-16T15:23:37.224+0900][gc,task       ] GC(8) Using 23 workers of 23 for evacuation
[2020-04-16T15:23:37.228+0900][gc,phases     ] GC(8)   Pre Evacuate Collection Set: 0.0ms
[2020-04-16T15:23:37.228+0900][gc,phases     ] GC(8)   Evacuate Collection Set: 2.9ms
[2020-04-16T15:23:37.228+0900][gc,phases     ] GC(8)   Post Evacuate Collection Set: 0.9ms
[2020-04-16T15:23:37.228+0900][gc,phases     ] GC(8)   Other: 0.3ms
[2020-04-16T15:23:37.228+0900][gc,heap       ] GC(8) Eden regions: 48->0(54)
[2020-04-16T15:23:37.228+0900][gc,heap       ] GC(8) Survivor regions: 3->3(7)
[2020-04-16T15:23:37.228+0900][gc,heap       ] GC(8) Old regions: 11->11
[2020-04-16T15:23:37.228+0900][gc,heap       ] GC(8) Humongous regions: 129->129
[2020-04-16T15:23:37.228+0900][gc,metaspace  ] GC(8) Metaspace: 33397K->33397K(1079296K)
[2020-04-16T15:23:37.228+0900][gc            ] GC(8) Pause Young (Normal) (G1 Evacuation Pause) 190M->142M(1024M) 4.322ms
[2020-04-16T15:23:37.228+0900][gc,cpu        ] GC(8) User=0.06s Sys=0.00s Real=0.01s
[2020-04-16T15:26:33.449+0900][gc,start      ] GC(9) Pause Young (Normal) (G1 Evacuation Pause)
[2020-04-16T15:26:33.449+0900][gc,task       ] GC(9) Using 23 workers of 23 for evacuation
[2020-04-16T15:26:33.454+0900][gc,phases     ] GC(9)   Pre Evacuate Collection Set: 0.0ms
[2020-04-16T15:26:33.454+0900][gc,phases     ] GC(9)   Evacuate Collection Set: 4.1ms
[2020-04-16T15:26:33.454+0900][gc,phases     ] GC(9)   Post Evacuate Collection Set: 0.9ms
[2020-04-16T15:26:33.454+0900][gc,phases     ] GC(9)   Other: 0.3ms
[2020-04-16T15:26:33.454+0900][gc,heap       ] GC(9) Eden regions: 54->0(62)
[2020-04-16T15:26:33.455+0900][gc,heap       ] GC(9) Survivor regions: 3->3(8)
[2020-04-16T15:26:33.455+0900][gc,heap       ] GC(9) Old regions: 11->11
[2020-04-16T15:26:33.455+0900][gc,heap       ] GC(9) Humongous regions: 129->129
[2020-04-16T15:26:33.455+0900][gc,metaspace  ] GC(9) Metaspace: 33432K->33432K(1079296K)
[2020-04-16T15:26:33.455+0900][gc            ] GC(9) Pause Young (Normal) (G1 Evacuation Pause) 196M->142M(1024M) 5.509ms
[2020-04-16T15:26:33.455+0900][gc,cpu        ] GC(9) User=0.07s Sys=0.01s Real=0.01s
[2020-04-16T15:31:53.838+0900][gc,start      ] GC(10) Pause Young (Normal) (G1 Evacuation Pause)
[2020-04-16T15:31:53.838+0900][gc,task       ] GC(10) Using 23 workers of 23 for evacuation
[2020-04-16T15:31:53.842+0900][gc,phases     ] GC(10)   Pre Evacuate Collection Set: 0.0ms
[2020-04-16T15:31:53.842+0900][gc,phases     ] GC(10)   Evacuate Collection Set: 3.1ms
[2020-04-16T15:31:53.842+0900][gc,phases     ] GC(10)   Post Evacuate Collection Set: 1.2ms
[2020-04-16T15:31:53.842+0900][gc,phases     ] GC(10)   Other: 0.3ms
[2020-04-16T15:31:53.842+0900][gc,heap       ] GC(10) Eden regions: 62->0(75)
[2020-04-16T15:31:53.842+0900][gc,heap       ] GC(10) Survivor regions: 3->3(9)
[2020-04-16T15:31:53.842+0900][gc,heap       ] GC(10) Old regions: 11->11
[2020-04-16T15:31:53.842+0900][gc,heap       ] GC(10) Humongous regions: 129->129
[2020-04-16T15:31:53.842+0900][gc,metaspace  ] GC(10) Metaspace: 33500K->33500K(1079296K)
[2020-04-16T15:31:53.842+0900][gc            ] GC(10) Pause Young (Normal) (G1 Evacuation Pause) 204M->142M(1024M) 4.862ms
[2020-04-16T15:31:53.843+0900][gc,cpu        ] GC(10) User=0.05s Sys=0.02s Real=0.00s
[2020-04-16T15:34:44.036+0900][gc,start      ] GC(11) Pause Young (Normal) (G1 Evacuation Pause)
[2020-04-16T15:34:44.036+0900][gc,task       ] GC(11) Using 23 workers of 23 for evacuation
[2020-04-16T15:34:44.041+0900][gc,phases     ] GC(11)   Pre Evacuate Collection Set: 0.0ms
[2020-04-16T15:34:44.041+0900][gc,phases     ] GC(11)   Evacuate Collection Set: 3.8ms
[2020-04-16T15:34:44.041+0900][gc,phases     ] GC(11)   Post Evacuate Collection Set: 1.1ms
[2020-04-16T15:34:44.041+0900][gc,phases     ] GC(11)   Other: 0.3ms
[2020-04-16T15:34:44.041+0900][gc,heap       ] GC(11) Eden regions: 75->0(98)
[2020-04-16T15:34:44.041+0900][gc,heap       ] GC(11) Survivor regions: 3->3(10)
[2020-04-16T15:34:44.041+0900][gc,heap       ] GC(11) Old regions: 11->11
[2020-04-16T15:34:44.041+0900][gc,heap       ] GC(11) Humongous regions: 129->129
[2020-04-16T15:34:44.041+0900][gc,metaspace  ] GC(11) Metaspace: 33502K->33502K(1079296K)
[2020-04-16T15:34:44.041+0900][gc            ] GC(11) Pause Young (Normal) (G1 Evacuation Pause) 217M->142M(1024M) 5.487ms
[2020-04-16T15:34:44.041+0900][gc,cpu        ] GC(11) User=0.09s Sys=0.00s Real=0.00s
[2020-04-16T15:38:24.804+0900][gc,start      ] GC(12) Pause Young (Normal) (G1 Evacuation Pause)
[2020-04-16T15:38:24.804+0900][gc,task       ] GC(12) Using 23 workers of 23 for evacuation
[2020-04-16T15:38:24.810+0900][gc,phases     ] GC(12)   Pre Evacuate Collection Set: 0.1ms
[2020-04-16T15:38:24.810+0900][gc,phases     ] GC(12)   Evacuate Collection Set: 4.3ms
[2020-04-16T15:38:24.810+0900][gc,phases     ] GC(12)   Post Evacuate Collection Set: 1.1ms
[2020-04-16T15:38:24.810+0900][gc,phases     ] GC(12)   Other: 0.4ms
[2020-04-16T15:38:24.810+0900][gc,heap       ] GC(12) Eden regions: 98->0(148)
[2020-04-16T15:38:24.810+0900][gc,heap       ] GC(12) Survivor regions: 3->3(13)
[2020-04-16T15:38:24.810+0900][gc,heap       ] GC(12) Old regions: 11->11
[2020-04-16T15:38:24.810+0900][gc,heap       ] GC(12) Humongous regions: 129->129
[2020-04-16T15:38:24.810+0900][gc,metaspace  ] GC(12) Metaspace: 33510K->33510K(1079296K)
[2020-04-16T15:38:24.810+0900][gc            ] GC(12) Pause Young (Normal) (G1 Evacuation Pause) 240M->142M(1024M) 6.028ms
[2020-04-16T15:38:24.810+0900][gc,cpu        ] GC(12) User=0.08s Sys=0.00s Real=0.01s
[2020-04-16T15:43:56.877+0900][gc,start      ] GC(13) Pause Young (Normal) (G1 Evacuation Pause)
[2020-04-16T15:43:56.877+0900][gc,task       ] GC(13) Using 23 workers of 23 for evacuation
[2020-04-16T15:43:56.881+0900][gc,phases     ] GC(13)   Pre Evacuate Collection Set: 0.0ms
[2020-04-16T15:43:56.881+0900][gc,phases     ] GC(13)   Evacuate Collection Set: 3.0ms
[2020-04-16T15:43:56.881+0900][gc,phases     ] GC(13)   Post Evacuate Collection Set: 0.9ms
[2020-04-16T15:43:56.881+0900][gc,phases     ] GC(13)   Other: 0.3ms
[2020-04-16T15:43:56.881+0900][gc,heap       ] GC(13) Eden regions: 148->0(330)
[2020-04-16T15:43:56.881+0900][gc,heap       ] GC(13) Survivor regions: 3->3(19)
[2020-04-16T15:43:56.881+0900][gc,heap       ] GC(13) Old regions: 11->11
[2020-04-16T15:43:56.881+0900][gc,heap       ] GC(13) Humongous regions: 129->129
[2020-04-16T15:43:56.881+0900][gc,metaspace  ] GC(13) Metaspace: 33548K->33548K(1079296K)
[2020-04-16T15:43:56.881+0900][gc            ] GC(13) Pause Young (Normal) (G1 Evacuation Pause) 290M->142M(1024M) 4.314ms
[2020-04-16T15:43:56.881+0900][gc,cpu        ] GC(13) User=0.06s Sys=0.00s Real=0.00s
[2020-04-16T15:58:19.124+0900][gc,start      ] GC(14) Pause Young (Normal) (G1 Evacuation Pause)
[2020-04-16T15:58:19.124+0900][gc,task       ] GC(14) Using 23 workers of 23 for evacuation
[2020-04-16T15:58:19.129+0900][gc,phases     ] GC(14)   Pre Evacuate Collection Set: 0.0ms
[2020-04-16T15:58:19.129+0900][gc,phases     ] GC(14)   Evacuate Collection Set: 3.9ms
[2020-04-16T15:58:19.129+0900][gc,phases     ] GC(14)   Post Evacuate Collection Set: 1.2ms
[2020-04-16T15:58:19.130+0900][gc,phases     ] GC(14)   Other: 0.4ms
[2020-04-16T15:58:19.130+0900][gc,heap       ] GC(14) Eden regions: 330->0(611)
[2020-04-16T15:58:19.130+0900][gc,heap       ] GC(14) Survivor regions: 3->3(42)
[2020-04-16T15:58:19.130+0900][gc,heap       ] GC(14) Old regions: 11->11
[2020-04-16T15:58:19.130+0900][gc,heap       ] GC(14) Humongous regions: 129->129
[2020-04-16T15:58:19.130+0900][gc,metaspace  ] GC(14) Metaspace: 33579K->33579K(1079296K)
[2020-04-16T15:58:19.130+0900][gc            ] GC(14) Pause Young (Normal) (G1 Evacuation Pause) 472M->142M(1024M) 5.842ms
[2020-04-16T15:58:19.130+0900][gc,cpu        ] GC(14) User=0.09s Sys=0.00s Real=0.01s
[2020-04-16T16:12:09.489+0900][gc,start      ] GC(15) Pause Young (Concurrent Start) (Metadata GC Threshold)
[2020-04-16T16:12:09.489+0900][gc,task       ] GC(15) Using 23 workers of 23 for evacuation
[2020-04-16T16:12:09.495+0900][gc,phases     ] GC(15)   Pre Evacuate Collection Set: 0.2ms
[2020-04-16T16:12:09.495+0900][gc,phases     ] GC(15)   Evacuate Collection Set: 3.9ms
[2020-04-16T16:12:09.495+0900][gc,phases     ] GC(15)   Post Evacuate Collection Set: 1.3ms
[2020-04-16T16:12:09.495+0900][gc,phases     ] GC(15)   Other: 0.5ms
[2020-04-16T16:12:09.495+0900][gc,heap       ] GC(15) Eden regions: 371->0(611)
[2020-04-16T16:12:09.495+0900][gc,heap       ] GC(15) Survivor regions: 3->3(77)
[2020-04-16T16:12:09.495+0900][gc,heap       ] GC(15) Old regions: 11->11
[2020-04-16T16:12:09.495+0900][gc,heap       ] GC(15) Humongous regions: 129->129
[2020-04-16T16:12:09.495+0900][gc,metaspace  ] GC(15) Metaspace: 33765K->33765K(1079296K)
[2020-04-16T16:12:09.495+0900][gc            ] GC(15) Pause Young (Concurrent Start) (Metadata GC Threshold) 512M->142M(1024M) 6.032ms
[2020-04-16T16:12:09.495+0900][gc,cpu        ] GC(15) User=0.06s Sys=0.01s Real=0.01s
[2020-04-16T16:12:09.495+0900][gc            ] GC(16) Concurrent Cycle
[2020-04-16T16:12:09.495+0900][gc,marking    ] GC(16) Concurrent Clear Claimed Marks
[2020-04-16T16:12:09.495+0900][gc,marking    ] GC(16) Concurrent Clear Claimed Marks 0.113ms
[2020-04-16T16:12:09.495+0900][gc,marking    ] GC(16) Concurrent Scan Root Regions
[2020-04-16T16:12:09.497+0900][gc,marking    ] GC(16) Concurrent Scan Root Regions 1.976ms
[2020-04-16T16:12:09.497+0900][gc,marking    ] GC(16) Concurrent Mark (3812.347s)
[2020-04-16T16:12:09.498+0900][gc,marking    ] GC(16) Concurrent Mark From Roots
[2020-04-16T16:12:09.498+0900][gc,task       ] GC(16) Using 6 workers of 6 for marking
[2020-04-16T16:12:09.506+0900][gc,marking    ] GC(16) Concurrent Mark From Roots 8.001ms
[2020-04-16T16:12:09.506+0900][gc,marking    ] GC(16) Concurrent Preclean
[2020-04-16T16:12:09.506+0900][gc,marking    ] GC(16) Concurrent Preclean 0.523ms
[2020-04-16T16:12:09.506+0900][gc,marking    ] GC(16) Concurrent Mark (3812.347s, 3812.355s) 8.577ms
[2020-04-16T16:12:09.506+0900][gc,start      ] GC(16) Pause Remark
[2020-04-16T16:12:09.513+0900][gc,stringtable] GC(16) Cleaned string and symbol table, strings: 13767 processed, 291 removed, symbols: 71023 processed, 13 removed
[2020-04-16T16:12:09.514+0900][gc            ] GC(16) Pause Remark 142M->142M(1024M) 7.373ms
[2020-04-16T16:12:09.514+0900][gc,cpu        ] GC(16) User=0.11s Sys=0.01s Real=0.00s
[2020-04-16T16:12:09.514+0900][gc,marking    ] GC(16) Concurrent Rebuild Remembered Sets
[2020-04-16T16:12:09.517+0900][gc,marking    ] GC(16) Concurrent Rebuild Remembered Sets 3.520ms
[2020-04-16T16:12:09.517+0900][gc,start      ] GC(16) Pause Cleanup
[2020-04-16T16:12:09.518+0900][gc            ] GC(16) Pause Cleanup 142M->142M(1024M) 0.212ms
[2020-04-16T16:12:09.518+0900][gc,cpu        ] GC(16) User=0.00s Sys=0.00s Real=0.00s
[2020-04-16T16:12:09.518+0900][gc,marking    ] GC(16) Concurrent Cleanup for Next Mark
[2020-04-16T16:12:09.520+0900][gc,marking    ] GC(16) Concurrent Cleanup for Next Mark 2.080ms
[2020-04-16T16:12:09.520+0900][gc            ] GC(16) Concurrent Cycle 24.509ms
[2020-04-16T16:38:36.001+0900][gc,start      ] GC(17) Pause Young (Normal) (G1 Evacuation Pause)
[2020-04-16T16:38:36.001+0900][gc,task       ] GC(17) Using 23 workers of 23 for evacuation
[2020-04-16T16:38:36.007+0900][gc,phases     ] GC(17)   Pre Evacuate Collection Set: 0.0ms
[2020-04-16T16:38:36.007+0900][gc,phases     ] GC(17)   Evacuate Collection Set: 3.6ms
[2020-04-16T16:38:36.007+0900][gc,phases     ] GC(17)   Post Evacuate Collection Set: 1.4ms
[2020-04-16T16:38:36.007+0900][gc,phases     ] GC(17)   Other: 0.5ms
[2020-04-16T16:38:36.007+0900][gc,heap       ] GC(17) Eden regions: 611->0(611)
[2020-04-16T16:38:36.007+0900][gc,heap       ] GC(17) Survivor regions: 3->3(77)
[2020-04-16T16:38:36.007+0900][gc,heap       ] GC(17) Old regions: 11->11
[2020-04-16T16:38:36.007+0900][gc,heap       ] GC(17) Humongous regions: 129->129
[2020-04-16T16:38:36.007+0900][gc,metaspace  ] GC(17) Metaspace: 33772K->33772K(1079296K)
[2020-04-16T16:38:36.007+0900][gc            ] GC(17) Pause Young (Normal) (G1 Evacuation Pause) 753M->142M(1024M) 5.697ms
[2020-04-16T16:38:36.007+0900][gc,cpu        ] GC(17) User=0.08s Sys=0.01s Real=0.01s
[2020-04-16T17:03:08.031+0900][gc,start      ] GC(18) Pause Young (Normal) (G1 Evacuation Pause)
[2020-04-16T17:03:08.031+0900][gc,task       ] GC(18) Using 23 workers of 23 for evacuation
[2020-04-16T17:03:08.036+0900][gc,phases     ] GC(18)   Pre Evacuate Collection Set: 0.0ms
[2020-04-16T17:03:08.036+0900][gc,phases     ] GC(18)   Evacuate Collection Set: 2.7ms
[2020-04-16T17:03:08.036+0900][gc,phases     ] GC(18)   Post Evacuate Collection Set: 1.6ms
[2020-04-16T17:03:08.036+0900][gc,phases     ] GC(18)   Other: 0.4ms
[2020-04-16T17:03:08.036+0900][gc,heap       ] GC(18) Eden regions: 611->0(611)
[2020-04-16T17:03:08.036+0900][gc,heap       ] GC(18) Survivor regions: 3->3(77)
[2020-04-16T17:03:08.036+0900][gc,heap       ] GC(18) Old regions: 11->11
[2020-04-16T17:03:08.036+0900][gc,heap       ] GC(18) Humongous regions: 129->129
[2020-04-16T17:03:08.036+0900][gc,metaspace  ] GC(18) Metaspace: 33796K->33796K(1079296K)
[2020-04-16T17:03:08.036+0900][gc            ] GC(18) Pause Young (Normal) (G1 Evacuation Pause) 753M->142M(1024M) 5.018ms
[2020-04-16T17:03:08.036+0900][gc,cpu        ] GC(18) User=0.05s Sys=0.01s Real=0.01s
[2020-04-16T17:27:21.868+0900][gc,start      ] GC(19) Pause Young (Normal) (G1 Evacuation Pause)
[2020-04-16T17:27:21.868+0900][gc,task       ] GC(19) Using 23 workers of 23 for evacuation
[2020-04-16T17:27:21.873+0900][gc,phases     ] GC(19)   Pre Evacuate Collection Set: 0.0ms
[2020-04-16T17:27:21.873+0900][gc,phases     ] GC(19)   Evacuate Collection Set: 2.9ms
[2020-04-16T17:27:21.873+0900][gc,phases     ] GC(19)   Post Evacuate Collection Set: 1.5ms
[2020-04-16T17:27:21.873+0900][gc,phases     ] GC(19)   Other: 0.4ms
[2020-04-16T17:27:21.873+0900][gc,heap       ] GC(19) Eden regions: 611->0(611)
[2020-04-16T17:27:21.873+0900][gc,heap       ] GC(19) Survivor regions: 3->3(77)
[2020-04-16T17:27:21.873+0900][gc,heap       ] GC(19) Old regions: 11->11
[2020-04-16T17:27:21.873+0900][gc,heap       ] GC(19) Humongous regions: 129->129
[2020-04-16T17:27:21.873+0900][gc,metaspace  ] GC(19) Metaspace: 33855K->33855K(1079296K)
[2020-04-16T17:27:21.873+0900][gc            ] GC(19) Pause Young (Normal) (G1 Evacuation Pause) 753M->142M(1024M) 5.089ms
[2020-04-16T17:27:21.873+0900][gc,cpu        ] GC(19) User=0.07s Sys=0.00s Real=0.00s
[2020-04-16T17:51:19.428+0900][gc,start      ] GC(20) Pause Young (Normal) (G1 Evacuation Pause)
[2020-04-16T17:51:19.428+0900][gc,task       ] GC(20) Using 23 workers of 23 for evacuation
[2020-04-16T17:51:19.433+0900][gc,phases     ] GC(20)   Pre Evacuate Collection Set: 0.0ms
[2020-04-16T17:51:19.433+0900][gc,phases     ] GC(20)   Evacuate Collection Set: 3.5ms
[2020-04-16T17:51:19.433+0900][gc,phases     ] GC(20)   Post Evacuate Collection Set: 1.6ms
[2020-04-16T17:51:19.433+0900][gc,phases     ] GC(20)   Other: 0.4ms
[2020-04-16T17:51:19.433+0900][gc,heap       ] GC(20) Eden regions: 611->0(611)
[2020-04-16T17:51:19.433+0900][gc,heap       ] GC(20) Survivor regions: 3->3(77)
[2020-04-16T17:51:19.433+0900][gc,heap       ] GC(20) Old regions: 11->12
[2020-04-16T17:51:19.433+0900][gc,heap       ] GC(20) Humongous regions: 129->129
[2020-04-16T17:51:19.433+0900][gc,metaspace  ] GC(20) Metaspace: 33866K->33866K(1079296K)
[2020-04-16T17:51:19.433+0900][gc            ] GC(20) Pause Young (Normal) (G1 Evacuation Pause) 753M->142M(1024M) 5.695ms
[2020-04-16T17:51:19.433+0900][gc,cpu        ] GC(20) User=0.08s Sys=0.00s Real=0.00s
[2020-04-16T18:13:13.167+0900][gc,start      ] GC(21) Pause Young (Normal) (G1 Evacuation Pause)
[2020-04-16T18:13:13.167+0900][gc,task       ] GC(21) Using 23 workers of 23 for evacuation
[2020-04-16T18:13:13.171+0900][gc,phases     ] GC(21)   Pre Evacuate Collection Set: 0.0ms
[2020-04-16T18:13:13.171+0900][gc,phases     ] GC(21)   Evacuate Collection Set: 1.9ms
[2020-04-16T18:13:13.171+0900][gc,phases     ] GC(21)   Post Evacuate Collection Set: 1.4ms
[2020-04-16T18:13:13.171+0900][gc,phases     ] GC(21)   Other: 0.4ms
[2020-04-16T18:13:13.171+0900][gc,heap       ] GC(21) Eden regions: 611->0(611)
[2020-04-16T18:13:13.171+0900][gc,heap       ] GC(21) Survivor regions: 3->3(77)
[2020-04-16T18:13:13.171+0900][gc,heap       ] GC(21) Old regions: 12->12
[2020-04-16T18:13:13.171+0900][gc,heap       ] GC(21) Humongous regions: 129->129
[2020-04-16T18:13:13.171+0900][gc,metaspace  ] GC(21) Metaspace: 33874K->33874K(1079296K)
[2020-04-16T18:13:13.171+0900][gc            ] GC(21) Pause Young (Normal) (G1 Evacuation Pause) 753M->142M(1024M) 3.930ms
[2020-04-16T18:13:13.171+0900][gc,cpu        ] GC(21) User=0.03s Sys=0.01s Real=0.00s
[2020-04-16T18:34:58.062+0900][gc,start      ] GC(22) Pause Young (Normal) (G1 Evacuation Pause)
[2020-04-16T18:34:58.062+0900][gc,task       ] GC(22) Using 23 workers of 23 for evacuation
[2020-04-16T18:34:58.065+0900][gc,phases     ] GC(22)   Pre Evacuate Collection Set: 0.0ms
[2020-04-16T18:34:58.065+0900][gc,phases     ] GC(22)   Evacuate Collection Set: 1.7ms
[2020-04-16T18:34:58.065+0900][gc,phases     ] GC(22)   Post Evacuate Collection Set: 1.3ms
[2020-04-16T18:34:58.065+0900][gc,phases     ] GC(22)   Other: 0.4ms
[2020-04-16T18:34:58.065+0900][gc,heap       ] GC(22) Eden regions: 611->0(611)
[2020-04-16T18:34:58.065+0900][gc,heap       ] GC(22) Survivor regions: 3->3(77)
[2020-04-16T18:34:58.065+0900][gc,heap       ] GC(22) Old regions: 12->12
[2020-04-16T18:34:58.065+0900][gc,heap       ] GC(22) Humongous regions: 129->129
[2020-04-16T18:34:58.065+0900][gc,metaspace  ] GC(22) Metaspace: 33919K->33919K(1079296K)
[2020-04-16T18:34:58.065+0900][gc            ] GC(22) Pause Young (Normal) (G1 Evacuation Pause) 753M->142M(1024M) 3.720ms
[2020-04-16T18:34:58.065+0900][gc,cpu        ] GC(22) User=0.04s Sys=0.00s Real=0.00s
[2020-04-16T18:57:59.253+0900][gc,start      ] GC(23) Pause Young (Normal) (G1 Evacuation Pause)
[2020-04-16T18:57:59.253+0900][gc,task       ] GC(23) Using 23 workers of 23 for evacuation
[2020-04-16T18:57:59.260+0900][gc,phases     ] GC(23)   Pre Evacuate Collection Set: 0.1ms
[2020-04-16T18:57:59.260+0900][gc,phases     ] GC(23)   Evacuate Collection Set: 5.5ms
[2020-04-16T18:57:59.260+0900][gc,phases     ] GC(23)   Post Evacuate Collection Set: 1.1ms
[2020-04-16T18:57:59.260+0900][gc,phases     ] GC(23)   Other: 0.4ms
[2020-04-16T18:57:59.260+0900][gc,heap       ] GC(23) Eden regions: 611->0(611)
[2020-04-16T18:57:59.260+0900][gc,heap       ] GC(23) Survivor regions: 3->3(77)
[2020-04-16T18:57:59.260+0900][gc,heap       ] GC(23) Old regions: 12->12
[2020-04-16T18:57:59.260+0900][gc,heap       ] GC(23) Humongous regions: 129->129
[2020-04-16T18:57:59.260+0900][gc,metaspace  ] GC(23) Metaspace: 33950K->33950K(1079296K)
[2020-04-16T18:57:59.260+0900][gc            ] GC(23) Pause Young (Normal) (G1 Evacuation Pause) 753M->142M(1024M) 7.159ms
[2020-04-16T18:57:59.260+0900][gc,cpu        ] GC(23) User=0.08s Sys=0.00s Real=0.01s
[2020-04-16T19:21:21.822+0900][gc,start      ] GC(24) Pause Young (Normal) (G1 Evacuation Pause)
[2020-04-16T19:21:21.822+0900][gc,task       ] GC(24) Using 23 workers of 23 for evacuation
[2020-04-16T19:21:21.825+0900][gc,phases     ] GC(24)   Pre Evacuate Collection Set: 0.0ms
[2020-04-16T19:21:21.825+0900][gc,phases     ] GC(24)   Evacuate Collection Set: 1.6ms
[2020-04-16T19:21:21.825+0900][gc,phases     ] GC(24)   Post Evacuate Collection Set: 1.0ms
[2020-04-16T19:21:21.825+0900][gc,phases     ] GC(24)   Other: 0.3ms
[2020-04-16T19:21:21.825+0900][gc,heap       ] GC(24) Eden regions: 611->0(611)
[2020-04-16T19:21:21.825+0900][gc,heap       ] GC(24) Survivor regions: 3->3(77)
[2020-04-16T19:21:21.825+0900][gc,heap       ] GC(24) Old regions: 12->12
[2020-04-16T19:21:21.825+0900][gc,heap       ] GC(24) Humongous regions: 129->129
[2020-04-16T19:21:21.825+0900][gc,metaspace  ] GC(24) Metaspace: 33970K->33970K(1079296K)
[2020-04-16T19:21:21.825+0900][gc            ] GC(24) Pause Young (Normal) (G1 Evacuation Pause) 753M->142M(1024M) 3.084ms
[2020-04-16T19:21:21.825+0900][gc,cpu        ] GC(24) User=0.03s Sys=0.01s Real=0.00s
[2020-04-16T19:44:08.901+0900][gc,start      ] GC(25) Pause Young (Normal) (G1 Evacuation Pause)
[2020-04-16T19:44:08.901+0900][gc,task       ] GC(25) Using 23 workers of 23 for evacuation
[2020-04-16T19:44:08.904+0900][gc,phases     ] GC(25)   Pre Evacuate Collection Set: 0.0ms
[2020-04-16T19:44:08.904+0900][gc,phases     ] GC(25)   Evacuate Collection Set: 1.6ms
[2020-04-16T19:44:08.904+0900][gc,phases     ] GC(25)   Post Evacuate Collection Set: 1.5ms
[2020-04-16T19:44:08.904+0900][gc,phases     ] GC(25)   Other: 0.4ms
[2020-04-16T19:44:08.904+0900][gc,heap       ] GC(25) Eden regions: 611->0(611)
[2020-04-16T19:44:08.904+0900][gc,heap       ] GC(25) Survivor regions: 3->3(77)
[2020-04-16T19:44:08.904+0900][gc,heap       ] GC(25) Old regions: 12->12
[2020-04-16T19:44:08.904+0900][gc,heap       ] GC(25) Humongous regions: 129->129
[2020-04-16T19:44:08.904+0900][gc,metaspace  ] GC(25) Metaspace: 34012K->34012K(1079296K)
[2020-04-16T19:44:08.904+0900][gc            ] GC(25) Pause Young (Normal) (G1 Evacuation Pause) 753M->142M(1024M) 3.739ms
[2020-04-16T19:44:08.904+0900][gc,cpu        ] GC(25) User=0.04s Sys=0.00s Real=0.00s
[2020-04-16T20:06:59.124+0900][gc,start      ] GC(26) Pause Young (Normal) (G1 Evacuation Pause)
[2020-04-16T20:06:59.124+0900][gc,task       ] GC(26) Using 23 workers of 23 for evacuation
[2020-04-16T20:06:59.128+0900][gc,phases     ] GC(26)   Pre Evacuate Collection Set: 0.0ms
[2020-04-16T20:06:59.128+0900][gc,phases     ] GC(26)   Evacuate Collection Set: 1.8ms
[2020-04-16T20:06:59.128+0900][gc,phases     ] GC(26)   Post Evacuate Collection Set: 1.6ms
[2020-04-16T20:06:59.128+0900][gc,phases     ] GC(26)   Other: 0.4ms
[2020-04-16T20:06:59.128+0900][gc,heap       ] GC(26) Eden regions: 611->0(611)
[2020-04-16T20:06:59.128+0900][gc,heap       ] GC(26) Survivor regions: 3->3(77)
[2020-04-16T20:06:59.128+0900][gc,heap       ] GC(26) Old regions: 12->12
[2020-04-16T20:06:59.128+0900][gc,heap       ] GC(26) Humongous regions: 129->129
[2020-04-16T20:06:59.128+0900][gc,metaspace  ] GC(26) Metaspace: 34023K->34023K(1079296K)
[2020-04-16T20:06:59.128+0900][gc            ] GC(26) Pause Young (Normal) (G1 Evacuation Pause) 753M->143M(1024M) 4.165ms
[2020-04-16T20:06:59.128+0900][gc,cpu        ] GC(26) User=0.03s Sys=0.01s Real=0.01s
[2020-04-16T20:29:50.457+0900][gc,start      ] GC(27) Pause Young (Normal) (G1 Evacuation Pause)
[2020-04-16T20:29:50.457+0900][gc,task       ] GC(27) Using 23 workers of 23 for evacuation
[2020-04-16T20:29:50.460+0900][gc,phases     ] GC(27)   Pre Evacuate Collection Set: 0.0ms
[2020-04-16T20:29:50.460+0900][gc,phases     ] GC(27)   Evacuate Collection Set: 1.7ms
[2020-04-16T20:29:50.460+0900][gc,phases     ] GC(27)   Post Evacuate Collection Set: 1.4ms
[2020-04-16T20:29:50.461+0900][gc,phases     ] GC(27)   Other: 0.4ms
[2020-04-16T20:29:50.461+0900][gc,heap       ] GC(27) Eden regions: 611->0(611)
[2020-04-16T20:29:50.461+0900][gc,heap       ] GC(27) Survivor regions: 3->3(77)
[2020-04-16T20:29:50.461+0900][gc,heap       ] GC(27) Old regions: 12->12
[2020-04-16T20:29:50.461+0900][gc,heap       ] GC(27) Humongous regions: 129->129
[2020-04-16T20:29:50.461+0900][gc,metaspace  ] GC(27) Metaspace: 34030K->34030K(1079296K)
[2020-04-16T20:29:50.461+0900][gc            ] GC(27) Pause Young (Normal) (G1 Evacuation Pause) 754M->142M(1024M) 3.698ms
[2020-04-16T20:29:50.461+0900][gc,cpu        ] GC(27) User=0.04s Sys=0.00s Real=0.00s
[2020-04-16T20:52:49.770+0900][gc,start      ] GC(28) Pause Young (Normal) (G1 Evacuation Pause)
[2020-04-16T20:52:49.770+0900][gc,task       ] GC(28) Using 23 workers of 23 for evacuation
[2020-04-16T20:52:49.773+0900][gc,phases     ] GC(28)   Pre Evacuate Collection Set: 0.0ms
[2020-04-16T20:52:49.773+0900][gc,phases     ] GC(28)   Evacuate Collection Set: 1.2ms
[2020-04-16T20:52:49.773+0900][gc,phases     ] GC(28)   Post Evacuate Collection Set: 1.1ms
[2020-04-16T20:52:49.773+0900][gc,phases     ] GC(28)   Other: 0.3ms
[2020-04-16T20:52:49.773+0900][gc,heap       ] GC(28) Eden regions: 611->0(611)
[2020-04-16T20:52:49.773+0900][gc,heap       ] GC(28) Survivor regions: 3->3(77)
[2020-04-16T20:52:49.773+0900][gc,heap       ] GC(28) Old regions: 12->12
[2020-04-16T20:52:49.773+0900][gc,heap       ] GC(28) Humongous regions: 129->129
[2020-04-16T20:52:49.773+0900][gc,metaspace  ] GC(28) Metaspace: 34042K->34042K(1079296K)
[2020-04-16T20:52:49.773+0900][gc            ] GC(28) Pause Young (Normal) (G1 Evacuation Pause) 753M->142M(1024M) 2.732ms
[2020-04-16T20:52:49.773+0900][gc,cpu        ] GC(28) User=0.02s Sys=0.01s Real=0.00s
[2020-04-16T21:03:51.868+0900][gc,heap,exit  ] Heap
[2020-04-16T21:03:51.868+0900][gc,heap,exit  ]  garbage-first heap   total 1048576K, used 450418K [0x00000000c0000000, 0x0000000100000000)
[2020-04-16T21:03:51.868+0900][gc,heap,exit  ]   region size 1024K, 302 young (309248K), 3 survivors (3072K)
[2020-04-16T21:03:51.868+0900][gc,heap,exit  ]  Metaspace       used 34715K, capacity 36918K, committed 36992K, reserved 1081344K
[2020-04-16T21:03:51.868+0900][gc,heap,exit  ]   class space    used 4927K, capacity 5967K, committed 6016K, reserved 1048576K
