[2020-04-10T14:45:37.675+0900][gc,heap] Heap region size: 1M
[2020-04-10T14:45:37.689+0900][gc     ] Using G1
[2020-04-10T14:45:37.689+0900][gc,heap,coops] Heap address: 0x00000000c0000000, size: 1024 MB, Compressed Oops mode: 32-bit
[2020-04-10T14:45:39.034+0900][gc,start     ] GC(0) Pause Young (Normal) (G1 Evacuation Pause)
[2020-04-10T14:45:39.036+0900][gc,task      ] GC(0) Using 10 workers of 10 for evacuation
[2020-04-10T14:45:39.046+0900][gc,phases    ] GC(0)   Pre Evacuate Collection Set: 0.0ms
[2020-04-10T14:45:39.046+0900][gc,phases    ] GC(0)   Evacuate Collection Set: 8.3ms
[2020-04-10T14:45:39.046+0900][gc,phases    ] GC(0)   Post Evacuate Collection Set: 1.0ms
[2020-04-10T14:45:39.046+0900][gc,phases    ] GC(0)   Other: 2.3ms
[2020-04-10T14:45:39.046+0900][gc,heap      ] GC(0) Eden regions: 51->0(44)
[2020-04-10T14:45:39.046+0900][gc,heap      ] GC(0) Survivor regions: 0->7(7)
[2020-04-10T14:45:39.046+0900][gc,heap      ] GC(0) Old regions: 0->0
[2020-04-10T14:45:39.046+0900][gc,heap      ] GC(0) Humongous regions: 0->0
[2020-04-10T14:45:39.046+0900][gc,metaspace ] GC(0) Metaspace: 17090K->17090K(1064960K)
[2020-04-10T14:45:39.046+0900][gc           ] GC(0) Pause Young (Normal) (G1 Evacuation Pause) 51M->6M(1024M) 11.792ms
[2020-04-10T14:45:39.046+0900][gc,cpu       ] GC(0) User=0.08s Sys=0.00s Real=0.01s
[2020-04-10T14:45:39.322+0900][gc,start     ] GC(1) Pause Young (Concurrent Start) (Metadata GC Threshold)
[2020-04-10T14:45:39.322+0900][gc,task      ] GC(1) Using 10 workers of 10 for evacuation
[2020-04-10T14:45:39.336+0900][gc,phases    ] GC(1)   Pre Evacuate Collection Set: 0.1ms
[2020-04-10T14:45:39.336+0900][gc,phases    ] GC(1)   Evacuate Collection Set: 12.5ms
[2020-04-10T14:45:39.336+0900][gc,phases    ] GC(1)   Post Evacuate Collection Set: 0.8ms
[2020-04-10T14:45:39.336+0900][gc,phases    ] GC(1)   Other: 0.6ms
[2020-04-10T14:45:39.336+0900][gc,heap      ] GC(1) Eden regions: 13->0(50)
[2020-04-10T14:45:39.336+0900][gc,heap      ] GC(1) Survivor regions: 7->1(7)
[2020-04-10T14:45:39.336+0900][gc,heap      ] GC(1) Old regions: 0->7
[2020-04-10T14:45:39.336+0900][gc,heap      ] GC(1) Humongous regions: 0->0
[2020-04-10T14:45:39.337+0900][gc,metaspace ] GC(1) Metaspace: 20422K->20422K(1067008K)
[2020-04-10T14:45:39.337+0900][gc           ] GC(1) Pause Young (Concurrent Start) (Metadata GC Threshold) 19M->7M(1024M) 14.170ms
[2020-04-10T14:45:39.337+0900][gc,cpu       ] GC(1) User=0.04s Sys=0.01s Real=0.01s
[2020-04-10T14:45:39.337+0900][gc           ] GC(2) Concurrent Cycle
[2020-04-10T14:45:39.337+0900][gc,marking   ] GC(2) Concurrent Clear Claimed Marks
[2020-04-10T14:45:39.337+0900][gc,marking   ] GC(2) Concurrent Clear Claimed Marks 0.040ms
[2020-04-10T14:45:39.337+0900][gc,marking   ] GC(2) Concurrent Scan Root Regions
[2020-04-10T14:45:39.338+0900][gc,marking   ] GC(2) Concurrent Scan Root Regions 1.709ms
[2020-04-10T14:45:39.339+0900][gc,marking   ] GC(2) Concurrent Mark (1.671s)
[2020-04-10T14:45:39.339+0900][gc,marking   ] GC(2) Concurrent Mark From Roots
[2020-04-10T14:45:39.339+0900][gc,task      ] GC(2) Using 3 workers of 3 for marking
[2020-04-10T14:45:39.348+0900][gc,marking   ] GC(2) Concurrent Mark From Roots 9.422ms
[2020-04-10T14:45:39.348+0900][gc,marking   ] GC(2) Concurrent Preclean
[2020-04-10T14:45:39.348+0900][gc,marking   ] GC(2) Concurrent Preclean 0.312ms
[2020-04-10T14:45:39.348+0900][gc,marking   ] GC(2) Concurrent Mark (1.671s, 1.681s) 9.823ms
[2020-04-10T14:45:39.349+0900][gc,start     ] GC(2) Pause Remark
[2020-04-10T14:45:39.350+0900][gc,stringtable] GC(2) Cleaned string and symbol table, strings: 8901 processed, 0 removed, symbols: 49617 processed, 52 removed
[2020-04-10T14:45:39.350+0900][gc            ] GC(2) Pause Remark 7M->7M(1024M) 1.978ms
[2020-04-10T14:45:39.351+0900][gc,cpu        ] GC(2) User=0.01s Sys=0.00s Real=0.00s
[2020-04-10T14:45:39.351+0900][gc,marking    ] GC(2) Concurrent Rebuild Remembered Sets
[2020-04-10T14:45:39.355+0900][gc,marking    ] GC(2) Concurrent Rebuild Remembered Sets 4.876ms
[2020-04-10T14:45:39.356+0900][gc,start      ] GC(2) Pause Cleanup
[2020-04-10T14:45:39.356+0900][gc            ] GC(2) Pause Cleanup 7M->7M(1024M) 0.358ms
[2020-04-10T14:45:39.356+0900][gc,cpu        ] GC(2) User=0.00s Sys=0.00s Real=0.00s
[2020-04-10T14:45:39.356+0900][gc,marking    ] GC(2) Concurrent Cleanup for Next Mark
[2020-04-10T14:45:39.360+0900][gc,marking    ] GC(2) Concurrent Cleanup for Next Mark 4.330ms
[2020-04-10T14:45:39.361+0900][gc            ] GC(2) Concurrent Cycle 23.843ms
[2020-04-10T14:45:40.643+0900][gc,start      ] GC(3) Pause Young (Normal) (G1 Evacuation Pause)
[2020-04-10T14:45:40.643+0900][gc,task       ] GC(3) Using 10 workers of 10 for evacuation
[2020-04-10T14:45:40.650+0900][gc,phases     ] GC(3)   Pre Evacuate Collection Set: 0.0ms
[2020-04-10T14:45:40.650+0900][gc,phases     ] GC(3)   Evacuate Collection Set: 5.0ms
[2020-04-10T14:45:40.650+0900][gc,phases     ] GC(3)   Post Evacuate Collection Set: 1.0ms
[2020-04-10T14:45:40.650+0900][gc,phases     ] GC(3)   Other: 0.3ms
[2020-04-10T14:45:40.650+0900][gc,heap       ] GC(3) Eden regions: 50->0(46)
[2020-04-10T14:45:40.650+0900][gc,heap       ] GC(3) Survivor regions: 1->5(7)
[2020-04-10T14:45:40.650+0900][gc,heap       ] GC(3) Old regions: 7->7
[2020-04-10T14:45:40.650+0900][gc,heap       ] GC(3) Humongous regions: 129->129
[2020-04-10T14:45:40.650+0900][gc,metaspace  ] GC(3) Metaspace: 30141K->30141K(1077248K)
[2020-04-10T14:45:40.650+0900][gc            ] GC(3) Pause Young (Normal) (G1 Evacuation Pause) 186M->140M(1024M) 6.661ms
[2020-04-10T14:45:40.650+0900][gc,cpu        ] GC(3) User=0.06s Sys=0.00s Real=0.01s
[2020-04-10T14:48:01.435+0900][gc,start      ] GC(4) Pause Young (Normal) (G1 Evacuation Pause)
[2020-04-10T14:48:01.435+0900][gc,task       ] GC(4) Using 10 workers of 10 for evacuation
[2020-04-10T14:48:01.443+0900][gc,phases     ] GC(4)   Pre Evacuate Collection Set: 0.0ms
[2020-04-10T14:48:01.443+0900][gc,phases     ] GC(4)   Evacuate Collection Set: 7.1ms
[2020-04-10T14:48:01.443+0900][gc,phases     ] GC(4)   Post Evacuate Collection Set: 1.0ms
[2020-04-10T14:48:01.443+0900][gc,phases     ] GC(4)   Other: 0.4ms
[2020-04-10T14:48:01.443+0900][gc,heap       ] GC(4) Eden regions: 46->0(49)
[2020-04-10T14:48:01.443+0900][gc,heap       ] GC(4) Survivor regions: 5->2(7)
[2020-04-10T14:48:01.443+0900][gc,heap       ] GC(4) Old regions: 7->11
[2020-04-10T14:48:01.443+0900][gc,heap       ] GC(4) Humongous regions: 129->129
[2020-04-10T14:48:01.443+0900][gc,metaspace  ] GC(4) Metaspace: 32725K->32725K(1079296K)
[2020-04-10T14:48:01.443+0900][gc            ] GC(4) Pause Young (Normal) (G1 Evacuation Pause) 185M->141M(1024M) 8.853ms
[2020-04-10T14:48:01.443+0900][gc,cpu        ] GC(4) User=0.06s Sys=0.01s Real=0.01s
[2020-04-10T14:50:12.834+0900][gc,start      ] GC(5) Pause Young (Concurrent Start) (Metadata GC Threshold)
[2020-04-10T14:50:12.834+0900][gc,task       ] GC(5) Using 10 workers of 10 for evacuation
[2020-04-10T14:50:12.840+0900][gc,phases     ] GC(5)   Pre Evacuate Collection Set: 0.2ms
[2020-04-10T14:50:12.840+0900][gc,phases     ] GC(5)   Evacuate Collection Set: 5.2ms
[2020-04-10T14:50:12.840+0900][gc,phases     ] GC(5)   Post Evacuate Collection Set: 0.5ms
[2020-04-10T14:50:12.840+0900][gc,phases     ] GC(5)   Other: 0.3ms
[2020-04-10T14:50:12.840+0900][gc,heap       ] GC(5) Eden regions: 48->0(49)
[2020-04-10T14:50:12.840+0900][gc,heap       ] GC(5) Survivor regions: 2->2(7)
[2020-04-10T14:50:12.840+0900][gc,heap       ] GC(5) Old regions: 11->11
[2020-04-10T14:50:12.840+0900][gc,heap       ] GC(5) Humongous regions: 129->129
[2020-04-10T14:50:12.840+0900][gc,metaspace  ] GC(5) Metaspace: 33647K->33647K(1079296K)
[2020-04-10T14:50:12.840+0900][gc            ] GC(5) Pause Young (Concurrent Start) (Metadata GC Threshold) 188M->141M(1024M) 6.333ms
[2020-04-10T14:50:12.840+0900][gc,cpu        ] GC(5) User=0.05s Sys=0.00s Real=0.01s
[2020-04-10T14:50:12.840+0900][gc            ] GC(6) Concurrent Cycle
[2020-04-10T14:50:12.840+0900][gc,marking    ] GC(6) Concurrent Clear Claimed Marks
[2020-04-10T14:50:12.840+0900][gc,marking    ] GC(6) Concurrent Clear Claimed Marks 0.114ms
[2020-04-10T14:50:12.840+0900][gc,marking    ] GC(6) Concurrent Scan Root Regions
[2020-04-10T14:50:12.842+0900][gc,marking    ] GC(6) Concurrent Scan Root Regions 2.116ms
[2020-04-10T14:50:12.842+0900][gc,marking    ] GC(6) Concurrent Mark (275.175s)
[2020-04-10T14:50:12.843+0900][gc,marking    ] GC(6) Concurrent Mark From Roots
[2020-04-10T14:50:12.843+0900][gc,task       ] GC(6) Using 3 workers of 3 for marking
[2020-04-10T14:50:12.859+0900][gc,marking    ] GC(6) Concurrent Mark From Roots 16.040ms
[2020-04-10T14:50:12.859+0900][gc,marking    ] GC(6) Concurrent Preclean
[2020-04-10T14:50:12.859+0900][gc,marking    ] GC(6) Concurrent Preclean 0.429ms
[2020-04-10T14:50:12.859+0900][gc,marking    ] GC(6) Concurrent Mark (275.175s, 275.192s) 16.581ms
[2020-04-10T14:50:12.859+0900][gc,start      ] GC(6) Pause Remark
[2020-04-10T14:50:12.864+0900][gc,stringtable] GC(6) Cleaned string and symbol table, strings: 13045 processed, 515 removed, symbols: 71117 processed, 14 removed
[2020-04-10T14:50:12.865+0900][gc            ] GC(6) Pause Remark 142M->13M(1024M) 5.514ms
[2020-04-10T14:50:12.865+0900][gc,cpu        ] GC(6) User=0.05s Sys=0.00s Real=0.00s
[2020-04-10T14:50:12.865+0900][gc,marking    ] GC(6) Concurrent Rebuild Remembered Sets
[2020-04-10T14:50:12.873+0900][gc,marking    ] GC(6) Concurrent Rebuild Remembered Sets 8.390ms
[2020-04-10T14:50:12.873+0900][gc,start      ] GC(6) Pause Cleanup
[2020-04-10T14:50:12.874+0900][gc            ] GC(6) Pause Cleanup 13M->13M(1024M) 0.175ms
[2020-04-10T14:50:12.874+0900][gc,cpu        ] GC(6) User=0.00s Sys=0.00s Real=0.00s
[2020-04-10T14:50:12.874+0900][gc,marking    ] GC(6) Concurrent Cleanup for Next Mark
[2020-04-10T14:50:12.879+0900][gc,marking    ] GC(6) Concurrent Cleanup for Next Mark 4.961ms
[2020-04-10T14:50:12.879+0900][gc            ] GC(6) Concurrent Cycle 38.510ms
[2020-04-10T14:50:14.263+0900][gc,heap,exit  ] Heap
[2020-04-10T14:50:14.263+0900][gc,heap,exit  ]  garbage-first heap   total 1048576K, used 17260K [0x00000000c0000000, 0x0000000100000000)
[2020-04-10T14:50:14.263+0900][gc,heap,exit  ]   region size 1024K, 7 young (7168K), 2 survivors (2048K)
[2020-04-10T14:50:14.263+0900][gc,heap,exit  ]  Metaspace       used 33896K, capacity 36119K, committed 36304K, reserved 1079296K
[2020-04-10T14:50:14.263+0900][gc,heap,exit  ]   class space    used 4907K, capacity 5939K, committed 6016K, reserved 1048576K
