[2020-04-16T21:58:31.502+0900][gc,heap] Heap region size: 1M
[2020-04-16T21:58:31.523+0900][gc     ] Using G1
[2020-04-16T21:58:31.523+0900][gc,heap,coops] Heap address: 0x00000000c0000000, size: 1024 MB, Compressed Oops mode: 32-bit
[2020-04-16T21:58:33.175+0900][gc,start     ] GC(0) Pause Young (Normal) (G1 Evacuation Pause)
[2020-04-16T21:58:33.177+0900][gc,task      ] GC(0) Using 23 workers of 23 for evacuation
[2020-04-16T21:58:33.181+0900][gc,phases    ] GC(0)   Pre Evacuate Collection Set: 0.0ms
[2020-04-16T21:58:33.181+0900][gc,phases    ] GC(0)   Evacuate Collection Set: 3.9ms
[2020-04-16T21:58:33.181+0900][gc,phases    ] GC(0)   Post Evacuate Collection Set: 0.6ms
[2020-04-16T21:58:33.181+0900][gc,phases    ] GC(0)   Other: 1.8ms
[2020-04-16T21:58:33.181+0900][gc,heap      ] GC(0) Eden regions: 51->0(44)
[2020-04-16T21:58:33.181+0900][gc,heap      ] GC(0) Survivor regions: 0->7(7)
[2020-04-16T21:58:33.181+0900][gc,heap      ] GC(0) Old regions: 0->0
[2020-04-16T21:58:33.181+0900][gc,heap      ] GC(0) Humongous regions: 0->0
[2020-04-16T21:58:33.181+0900][gc,metaspace ] GC(0) Metaspace: 16988K->16988K(1064960K)
[2020-04-16T21:58:33.181+0900][gc           ] GC(0) Pause Young (Normal) (G1 Evacuation Pause) 51M->6M(1024M) 6.361ms
[2020-04-16T21:58:33.181+0900][gc,cpu       ] GC(0) User=0.08s Sys=0.00s Real=0.00s
[2020-04-16T21:58:33.488+0900][gc,start     ] GC(1) Pause Young (Concurrent Start) (Metadata GC Threshold)
[2020-04-16T21:58:33.488+0900][gc,task      ] GC(1) Using 23 workers of 23 for evacuation
[2020-04-16T21:58:33.500+0900][gc,phases    ] GC(1)   Pre Evacuate Collection Set: 0.1ms
[2020-04-16T21:58:33.500+0900][gc,phases    ] GC(1)   Evacuate Collection Set: 10.2ms
[2020-04-16T21:58:33.500+0900][gc,phases    ] GC(1)   Post Evacuate Collection Set: 0.8ms
[2020-04-16T21:58:33.500+0900][gc,phases    ] GC(1)   Other: 0.6ms
[2020-04-16T21:58:33.500+0900][gc,heap      ] GC(1) Eden regions: 14->0(50)
[2020-04-16T21:58:33.500+0900][gc,heap      ] GC(1) Survivor regions: 7->1(7)
[2020-04-16T21:58:33.500+0900][gc,heap      ] GC(1) Old regions: 0->7
[2020-04-16T21:58:33.500+0900][gc,heap      ] GC(1) Humongous regions: 0->0
[2020-04-16T21:58:33.500+0900][gc,metaspace ] GC(1) Metaspace: 20392K->20392K(1067008K)
[2020-04-16T21:58:33.500+0900][gc           ] GC(1) Pause Young (Concurrent Start) (Metadata GC Threshold) 19M->7M(1024M) 11.812ms
[2020-04-16T21:58:33.500+0900][gc,cpu       ] GC(1) User=0.08s Sys=0.01s Real=0.01s
[2020-04-16T21:58:33.500+0900][gc           ] GC(2) Concurrent Cycle
[2020-04-16T21:58:33.500+0900][gc,marking   ] GC(2) Concurrent Clear Claimed Marks
[2020-04-16T21:58:33.500+0900][gc,marking   ] GC(2) Concurrent Clear Claimed Marks 0.028ms
[2020-04-16T21:58:33.500+0900][gc,marking   ] GC(2) Concurrent Scan Root Regions
[2020-04-16T21:58:33.501+0900][gc,marking   ] GC(2) Concurrent Scan Root Regions 1.377ms
[2020-04-16T21:58:33.501+0900][gc,marking   ] GC(2) Concurrent Mark (2.010s)
[2020-04-16T21:58:33.501+0900][gc,marking   ] GC(2) Concurrent Mark From Roots
[2020-04-16T21:58:33.502+0900][gc,task      ] GC(2) Using 6 workers of 6 for marking
[2020-04-16T21:58:33.513+0900][gc,marking   ] GC(2) Concurrent Mark From Roots 11.946ms
[2020-04-16T21:58:33.513+0900][gc,marking   ] GC(2) Concurrent Preclean
[2020-04-16T21:58:33.514+0900][gc,marking   ] GC(2) Concurrent Preclean 0.501ms
[2020-04-16T21:58:33.514+0900][gc,marking   ] GC(2) Concurrent Mark (2.010s, 2.023s) 12.520ms
[2020-04-16T21:58:33.514+0900][gc,start     ] GC(2) Pause Remark
[2020-04-16T21:58:33.518+0900][gc,stringtable] GC(2) Cleaned string and symbol table, strings: 8913 processed, 0 removed, symbols: 49618 processed, 52 removed
[2020-04-16T21:58:33.519+0900][gc            ] GC(2) Pause Remark 8M->8M(1024M) 4.568ms
[2020-04-16T21:58:33.519+0900][gc,cpu        ] GC(2) User=0.04s Sys=0.01s Real=0.00s
[2020-04-16T21:58:33.519+0900][gc,marking    ] GC(2) Concurrent Rebuild Remembered Sets
[2020-04-16T21:58:33.524+0900][gc,marking    ] GC(2) Concurrent Rebuild Remembered Sets 4.788ms
[2020-04-16T21:58:33.524+0900][gc,start      ] GC(2) Pause Cleanup
[2020-04-16T21:58:33.525+0900][gc            ] GC(2) Pause Cleanup 8M->8M(1024M) 0.569ms
[2020-04-16T21:58:33.525+0900][gc,cpu        ] GC(2) User=0.01s Sys=0.00s Real=0.00s
[2020-04-16T21:58:33.525+0900][gc,marking    ] GC(2) Concurrent Cleanup for Next Mark
[2020-04-16T21:58:33.528+0900][gc,marking    ] GC(2) Concurrent Cleanup for Next Mark 2.851ms
[2020-04-16T21:58:33.528+0900][gc            ] GC(2) Concurrent Cycle 27.772ms
[2020-04-16T21:58:35.388+0900][gc,start      ] GC(3) Pause Young (Normal) (G1 Evacuation Pause)
[2020-04-16T21:58:35.388+0900][gc,task       ] GC(3) Using 23 workers of 23 for evacuation
[2020-04-16T21:58:35.395+0900][gc,phases     ] GC(3)   Pre Evacuate Collection Set: 0.1ms
[2020-04-16T21:58:35.395+0900][gc,phases     ] GC(3)   Evacuate Collection Set: 4.8ms
[2020-04-16T21:58:35.395+0900][gc,phases     ] GC(3)   Post Evacuate Collection Set: 1.2ms
[2020-04-16T21:58:35.395+0900][gc,phases     ] GC(3)   Other: 0.3ms
[2020-04-16T21:58:35.395+0900][gc,heap       ] GC(3) Eden regions: 50->0(46)
[2020-04-16T21:58:35.395+0900][gc,heap       ] GC(3) Survivor regions: 1->5(7)
[2020-04-16T21:58:35.395+0900][gc,heap       ] GC(3) Old regions: 7->7
[2020-04-16T21:58:35.395+0900][gc,heap       ] GC(3) Humongous regions: 129->129
[2020-04-16T21:58:35.395+0900][gc,metaspace  ] GC(3) Metaspace: 30498K->30498K(1077248K)
[2020-04-16T21:58:35.395+0900][gc            ] GC(3) Pause Young (Normal) (G1 Evacuation Pause) 186M->140M(1024M) 6.503ms
[2020-04-16T21:58:35.395+0900][gc,cpu        ] GC(3) User=0.06s Sys=0.00s Real=0.01s
[2020-04-16T22:02:49.094+0900][gc,start      ] GC(4) Pause Young (Normal) (G1 Evacuation Pause)
[2020-04-16T22:02:49.094+0900][gc,task       ] GC(4) Using 23 workers of 23 for evacuation
[2020-04-16T22:02:49.099+0900][gc,phases     ] GC(4)   Pre Evacuate Collection Set: 0.0ms
[2020-04-16T22:02:49.099+0900][gc,phases     ] GC(4)   Evacuate Collection Set: 3.5ms
[2020-04-16T22:02:49.099+0900][gc,phases     ] GC(4)   Post Evacuate Collection Set: 1.0ms
[2020-04-16T22:02:49.099+0900][gc,phases     ] GC(4)   Other: 0.3ms
[2020-04-16T22:02:49.099+0900][gc,heap       ] GC(4) Eden regions: 46->0(49)
[2020-04-16T22:02:49.099+0900][gc,heap       ] GC(4) Survivor regions: 5->2(7)
[2020-04-16T22:02:49.099+0900][gc,heap       ] GC(4) Old regions: 7->12
[2020-04-16T22:02:49.099+0900][gc,heap       ] GC(4) Humongous regions: 129->129
[2020-04-16T22:02:49.099+0900][gc,metaspace  ] GC(4) Metaspace: 32939K->32939K(1079296K)
[2020-04-16T22:02:49.099+0900][gc            ] GC(4) Pause Young (Normal) (G1 Evacuation Pause) 186M->142M(1024M) 5.023ms
[2020-04-16T22:02:49.099+0900][gc,cpu        ] GC(4) User=0.07s Sys=0.01s Real=0.00s
[2020-04-16T22:04:24.497+0900][gc,start      ] GC(5) Pause Young (Normal) (G1 Evacuation Pause)
[2020-04-16T22:04:24.497+0900][gc,task       ] GC(5) Using 23 workers of 23 for evacuation
[2020-04-16T22:04:24.501+0900][gc,phases     ] GC(5)   Pre Evacuate Collection Set: 0.0ms
[2020-04-16T22:04:24.501+0900][gc,phases     ] GC(5)   Evacuate Collection Set: 2.9ms
[2020-04-16T22:04:24.501+0900][gc,phases     ] GC(5)   Post Evacuate Collection Set: 0.9ms
[2020-04-16T22:04:24.501+0900][gc,phases     ] GC(5)   Other: 0.3ms
[2020-04-16T22:04:24.501+0900][gc,heap       ] GC(5) Eden regions: 49->0(48)
[2020-04-16T22:04:24.501+0900][gc,heap       ] GC(5) Survivor regions: 2->3(7)
[2020-04-16T22:04:24.501+0900][gc,heap       ] GC(5) Old regions: 12->12
[2020-04-16T22:04:24.501+0900][gc,heap       ] GC(5) Humongous regions: 129->129
[2020-04-16T22:04:24.501+0900][gc,metaspace  ] GC(5) Metaspace: 33319K->33319K(1079296K)
[2020-04-16T22:04:24.501+0900][gc            ] GC(5) Pause Young (Normal) (G1 Evacuation Pause) 191M->142M(1024M) 4.318ms
[2020-04-16T22:04:24.501+0900][gc,cpu        ] GC(5) User=0.06s Sys=0.00s Real=0.00s
[2020-04-16T22:06:19.100+0900][gc,start      ] GC(6) Pause Young (Normal) (G1 Evacuation Pause)
[2020-04-16T22:06:19.101+0900][gc,task       ] GC(6) Using 23 workers of 23 for evacuation
[2020-04-16T22:06:19.104+0900][gc,phases     ] GC(6)   Pre Evacuate Collection Set: 0.0ms
[2020-04-16T22:06:19.104+0900][gc,phases     ] GC(6)   Evacuate Collection Set: 2.2ms
[2020-04-16T22:06:19.104+0900][gc,phases     ] GC(6)   Post Evacuate Collection Set: 0.7ms
[2020-04-16T22:06:19.104+0900][gc,phases     ] GC(6)   Other: 0.3ms
[2020-04-16T22:06:19.104+0900][gc,heap       ] GC(6) Eden regions: 48->0(48)
[2020-04-16T22:06:19.104+0900][gc,heap       ] GC(6) Survivor regions: 3->3(7)
[2020-04-16T22:06:19.104+0900][gc,heap       ] GC(6) Old regions: 12->12
[2020-04-16T22:06:19.104+0900][gc,heap       ] GC(6) Humongous regions: 129->129
[2020-04-16T22:06:19.104+0900][gc,metaspace  ] GC(6) Metaspace: 33365K->33365K(1079296K)
[2020-04-16T22:06:19.104+0900][gc            ] GC(6) Pause Young (Normal) (G1 Evacuation Pause) 190M->142M(1024M) 3.486ms
[2020-04-16T22:06:19.104+0900][gc,cpu        ] GC(6) User=0.05s Sys=0.00s Real=0.00s
[2020-04-16T22:08:27.005+0900][gc,start      ] GC(7) Pause Young (Normal) (G1 Evacuation Pause)
[2020-04-16T22:08:27.006+0900][gc,task       ] GC(7) Using 23 workers of 23 for evacuation
[2020-04-16T22:08:27.009+0900][gc,phases     ] GC(7)   Pre Evacuate Collection Set: 0.0ms
[2020-04-16T22:08:27.009+0900][gc,phases     ] GC(7)   Evacuate Collection Set: 2.8ms
[2020-04-16T22:08:27.009+0900][gc,phases     ] GC(7)   Post Evacuate Collection Set: 0.8ms
[2020-04-16T22:08:27.009+0900][gc,phases     ] GC(7)   Other: 0.3ms
[2020-04-16T22:08:27.009+0900][gc,heap       ] GC(7) Eden regions: 48->0(48)
[2020-04-16T22:08:27.009+0900][gc,heap       ] GC(7) Survivor regions: 3->3(7)
[2020-04-16T22:08:27.009+0900][gc,heap       ] GC(7) Old regions: 12->12
[2020-04-16T22:08:27.009+0900][gc,heap       ] GC(7) Humongous regions: 129->129
[2020-04-16T22:08:27.010+0900][gc,metaspace  ] GC(7) Metaspace: 33373K->33373K(1079296K)
[2020-04-16T22:08:27.010+0900][gc            ] GC(7) Pause Young (Normal) (G1 Evacuation Pause) 190M->142M(1024M) 4.077ms
[2020-04-16T22:08:27.010+0900][gc,cpu        ] GC(7) User=0.07s Sys=0.00s Real=0.01s
[2020-04-16T22:10:42.910+0900][gc,start      ] GC(8) Pause Young (Normal) (G1 Evacuation Pause)
[2020-04-16T22:10:42.910+0900][gc,task       ] GC(8) Using 23 workers of 23 for evacuation
[2020-04-16T22:10:42.914+0900][gc,phases     ] GC(8)   Pre Evacuate Collection Set: 0.0ms
[2020-04-16T22:10:42.914+0900][gc,phases     ] GC(8)   Evacuate Collection Set: 3.5ms
[2020-04-16T22:10:42.914+0900][gc,phases     ] GC(8)   Post Evacuate Collection Set: 0.8ms
[2020-04-16T22:10:42.914+0900][gc,phases     ] GC(8)   Other: 0.3ms
[2020-04-16T22:10:42.914+0900][gc,heap       ] GC(8) Eden regions: 48->0(58)
[2020-04-16T22:10:42.914+0900][gc,heap       ] GC(8) Survivor regions: 3->3(7)
[2020-04-16T22:10:42.914+0900][gc,heap       ] GC(8) Old regions: 12->12
[2020-04-16T22:10:42.914+0900][gc,heap       ] GC(8) Humongous regions: 129->129
[2020-04-16T22:10:42.914+0900][gc,metaspace  ] GC(8) Metaspace: 33403K->33403K(1079296K)
[2020-04-16T22:10:42.914+0900][gc            ] GC(8) Pause Young (Normal) (G1 Evacuation Pause) 190M->142M(1024M) 4.815ms
[2020-04-16T22:10:42.914+0900][gc,cpu        ] GC(8) User=0.07s Sys=0.01s Real=0.01s
[2020-04-16T22:13:05.356+0900][gc,start      ] GC(9) Pause Young (Normal) (G1 Evacuation Pause)
[2020-04-16T22:13:05.356+0900][gc,task       ] GC(9) Using 23 workers of 23 for evacuation
[2020-04-16T22:13:05.361+0900][gc,phases     ] GC(9)   Pre Evacuate Collection Set: 0.0ms
[2020-04-16T22:13:05.361+0900][gc,phases     ] GC(9)   Evacuate Collection Set: 3.5ms
[2020-04-16T22:13:05.361+0900][gc,phases     ] GC(9)   Post Evacuate Collection Set: 0.8ms
[2020-04-16T22:13:05.361+0900][gc,phases     ] GC(9)   Other: 0.3ms
[2020-04-16T22:13:05.361+0900][gc,heap       ] GC(9) Eden regions: 58->0(71)
[2020-04-16T22:13:05.361+0900][gc,heap       ] GC(9) Survivor regions: 3->3(8)
[2020-04-16T22:13:05.361+0900][gc,heap       ] GC(9) Old regions: 12->12
[2020-04-16T22:13:05.361+0900][gc,heap       ] GC(9) Humongous regions: 129->129
[2020-04-16T22:13:05.361+0900][gc,metaspace  ] GC(9) Metaspace: 33443K->33443K(1079296K)
[2020-04-16T22:13:05.361+0900][gc            ] GC(9) Pause Young (Normal) (G1 Evacuation Pause) 200M->142M(1024M) 4.829ms
[2020-04-16T22:13:05.361+0900][gc,cpu        ] GC(9) User=0.07s Sys=0.00s Real=0.00s
[2020-04-16T22:26:03.149+0900][gc,start      ] GC(10) Pause Young (Normal) (G1 Evacuation Pause)
[2020-04-16T22:26:03.149+0900][gc,task       ] GC(10) Using 23 workers of 23 for evacuation
[2020-04-16T22:26:03.153+0900][gc,phases     ] GC(10)   Pre Evacuate Collection Set: 0.0ms
[2020-04-16T22:26:03.153+0900][gc,phases     ] GC(10)   Evacuate Collection Set: 3.2ms
[2020-04-16T22:26:03.153+0900][gc,phases     ] GC(10)   Post Evacuate Collection Set: 0.8ms
[2020-04-16T22:26:03.153+0900][gc,phases     ] GC(10)   Other: 0.3ms
[2020-04-16T22:26:03.153+0900][gc,heap       ] GC(10) Eden regions: 71->0(89)
[2020-04-16T22:26:03.153+0900][gc,heap       ] GC(10) Survivor regions: 3->3(10)
[2020-04-16T22:26:03.153+0900][gc,heap       ] GC(10) Old regions: 12->12
[2020-04-16T22:26:03.153+0900][gc,heap       ] GC(10) Humongous regions: 129->129
[2020-04-16T22:26:03.153+0900][gc,metaspace  ] GC(10) Metaspace: 33551K->33551K(1079296K)
[2020-04-16T22:26:03.153+0900][gc            ] GC(10) Pause Young (Normal) (G1 Evacuation Pause) 213M->142M(1024M) 4.579ms
[2020-04-16T22:26:03.153+0900][gc,cpu        ] GC(10) User=0.06s Sys=0.00s Real=0.00s
[2020-04-16T22:29:40.893+0900][gc,start      ] GC(11) Pause Young (Normal) (G1 Evacuation Pause)
[2020-04-16T22:29:40.893+0900][gc,task       ] GC(11) Using 23 workers of 23 for evacuation
[2020-04-16T22:29:40.898+0900][gc,phases     ] GC(11)   Pre Evacuate Collection Set: 0.0ms
[2020-04-16T22:29:40.898+0900][gc,phases     ] GC(11)   Evacuate Collection Set: 3.0ms
[2020-04-16T22:29:40.898+0900][gc,phases     ] GC(11)   Post Evacuate Collection Set: 1.1ms
[2020-04-16T22:29:40.898+0900][gc,phases     ] GC(11)   Other: 0.3ms
[2020-04-16T22:29:40.898+0900][gc,heap       ] GC(11) Eden regions: 89->0(144)
[2020-04-16T22:29:40.898+0900][gc,heap       ] GC(11) Survivor regions: 3->3(12)
[2020-04-16T22:29:40.898+0900][gc,heap       ] GC(11) Old regions: 12->12
[2020-04-16T22:29:40.898+0900][gc,heap       ] GC(11) Humongous regions: 129->129
[2020-04-16T22:29:40.898+0900][gc,metaspace  ] GC(11) Metaspace: 33553K->33553K(1079296K)
[2020-04-16T22:29:40.898+0900][gc            ] GC(11) Pause Young (Normal) (G1 Evacuation Pause) 231M->142M(1024M) 4.600ms
[2020-04-16T22:29:40.898+0900][gc,cpu        ] GC(11) User=0.07s Sys=0.00s Real=0.01s
[2020-04-16T22:36:35.122+0900][gc,start      ] GC(12) Pause Young (Normal) (G1 Evacuation Pause)
[2020-04-16T22:36:35.122+0900][gc,task       ] GC(12) Using 23 workers of 23 for evacuation
[2020-04-16T22:36:35.129+0900][gc,phases     ] GC(12)   Pre Evacuate Collection Set: 0.0ms
[2020-04-16T22:36:35.129+0900][gc,phases     ] GC(12)   Evacuate Collection Set: 4.1ms
[2020-04-16T22:36:35.129+0900][gc,phases     ] GC(12)   Post Evacuate Collection Set: 3.0ms
[2020-04-16T22:36:35.129+0900][gc,phases     ] GC(12)   Other: 0.2ms
[2020-04-16T22:36:35.129+0900][gc,heap       ] GC(12) Eden regions: 144->0(303)
[2020-04-16T22:36:35.129+0900][gc,heap       ] GC(12) Survivor regions: 3->3(19)
[2020-04-16T22:36:35.129+0900][gc,heap       ] GC(12) Old regions: 12->12
[2020-04-16T22:36:35.129+0900][gc,heap       ] GC(12) Humongous regions: 129->129
[2020-04-16T22:36:35.129+0900][gc,metaspace  ] GC(12) Metaspace: 33584K->33584K(1079296K)
[2020-04-16T22:36:35.129+0900][gc            ] GC(12) Pause Young (Normal) (G1 Evacuation Pause) 286M->142M(1024M) 7.407ms
[2020-04-16T22:36:35.129+0900][gc,cpu        ] GC(12) User=0.11s Sys=0.01s Real=0.01s
[2020-04-16T22:49:47.964+0900][gc,start      ] GC(13) Pause Young (Normal) (G1 Evacuation Pause)
[2020-04-16T22:49:47.964+0900][gc,task       ] GC(13) Using 23 workers of 23 for evacuation
[2020-04-16T22:49:47.969+0900][gc,phases     ] GC(13)   Pre Evacuate Collection Set: 0.0ms
[2020-04-16T22:49:47.969+0900][gc,phases     ] GC(13)   Evacuate Collection Set: 3.3ms
[2020-04-16T22:49:47.969+0900][gc,phases     ] GC(13)   Post Evacuate Collection Set: 1.2ms
[2020-04-16T22:49:47.969+0900][gc,phases     ] GC(13)   Other: 0.4ms
[2020-04-16T22:49:47.969+0900][gc,heap       ] GC(13) Eden regions: 303->0(611)
[2020-04-16T22:49:47.969+0900][gc,heap       ] GC(13) Survivor regions: 3->3(39)
[2020-04-16T22:49:47.969+0900][gc,heap       ] GC(13) Old regions: 12->12
[2020-04-16T22:49:47.969+0900][gc,heap       ] GC(13) Humongous regions: 129->129
[2020-04-16T22:49:47.969+0900][gc,metaspace  ] GC(13) Metaspace: 33612K->33612K(1079296K)
[2020-04-16T22:49:47.969+0900][gc            ] GC(13) Pause Young (Normal) (G1 Evacuation Pause) 445M->142M(1024M) 5.191ms
[2020-04-16T22:49:47.969+0900][gc,cpu        ] GC(13) User=0.08s Sys=0.00s Real=0.01s
[2020-04-16T23:00:18.897+0900][gc,start      ] GC(14) Pause Young (Concurrent Start) (Metadata GC Threshold)
[2020-04-16T23:00:18.898+0900][gc,task       ] GC(14) Using 23 workers of 23 for evacuation
[2020-04-16T23:00:18.904+0900][gc,phases     ] GC(14)   Pre Evacuate Collection Set: 0.2ms
[2020-04-16T23:00:18.904+0900][gc,phases     ] GC(14)   Evacuate Collection Set: 5.0ms
[2020-04-16T23:00:18.904+0900][gc,phases     ] GC(14)   Post Evacuate Collection Set: 1.2ms
[2020-04-16T23:00:18.904+0900][gc,phases     ] GC(14)   Other: 0.5ms
[2020-04-16T23:00:18.904+0900][gc,heap       ] GC(14) Eden regions: 252->0(611)
[2020-04-16T23:00:18.904+0900][gc,heap       ] GC(14) Survivor regions: 3->3(77)
[2020-04-16T23:00:18.904+0900][gc,heap       ] GC(14) Old regions: 12->12
[2020-04-16T23:00:18.904+0900][gc,heap       ] GC(14) Humongous regions: 129->129
[2020-04-16T23:00:18.904+0900][gc,metaspace  ] GC(14) Metaspace: 33713K->33713K(1079296K)
[2020-04-16T23:00:18.904+0900][gc            ] GC(14) Pause Young (Concurrent Start) (Metadata GC Threshold) 394M->142M(1024M) 7.021ms
[2020-04-16T23:00:18.905+0900][gc,cpu        ] GC(14) User=0.09s Sys=0.00s Real=0.00s
[2020-04-16T23:00:18.905+0900][gc            ] GC(15) Concurrent Cycle
[2020-04-16T23:00:18.905+0900][gc,marking    ] GC(15) Concurrent Clear Claimed Marks
[2020-04-16T23:00:18.905+0900][gc,marking    ] GC(15) Concurrent Clear Claimed Marks 0.106ms
[2020-04-16T23:00:18.905+0900][gc,marking    ] GC(15) Concurrent Scan Root Regions
[2020-04-16T23:00:18.907+0900][gc,marking    ] GC(15) Concurrent Scan Root Regions 2.092ms
[2020-04-16T23:00:18.907+0900][gc,marking    ] GC(15) Concurrent Mark (3707.416s)
[2020-04-16T23:00:18.907+0900][gc,marking    ] GC(15) Concurrent Mark From Roots
[2020-04-16T23:00:18.907+0900][gc,task       ] GC(15) Using 6 workers of 6 for marking
[2020-04-16T23:00:18.915+0900][gc,marking    ] GC(15) Concurrent Mark From Roots 7.920ms
[2020-04-16T23:00:18.915+0900][gc,marking    ] GC(15) Concurrent Preclean
[2020-04-16T23:00:18.916+0900][gc,marking    ] GC(15) Concurrent Preclean 0.690ms
[2020-04-16T23:00:18.916+0900][gc,marking    ] GC(15) Concurrent Mark (3707.416s, 3707.424s) 8.689ms
[2020-04-16T23:00:18.916+0900][gc,start      ] GC(15) Pause Remark
[2020-04-16T23:00:18.922+0900][gc,stringtable] GC(15) Cleaned string and symbol table, strings: 13825 processed, 292 removed, symbols: 70940 processed, 14 removed
[2020-04-16T23:00:18.922+0900][gc            ] GC(15) Pause Remark 143M->143M(1024M) 6.634ms
[2020-04-16T23:00:18.922+0900][gc,cpu        ] GC(15) User=0.12s Sys=0.00s Real=0.00s
[2020-04-16T23:00:18.923+0900][gc,marking    ] GC(15) Concurrent Rebuild Remembered Sets
[2020-04-16T23:00:18.926+0900][gc,marking    ] GC(15) Concurrent Rebuild Remembered Sets 3.797ms
[2020-04-16T23:00:18.926+0900][gc,start      ] GC(15) Pause Cleanup
[2020-04-16T23:00:18.927+0900][gc            ] GC(15) Pause Cleanup 143M->143M(1024M) 0.241ms
[2020-04-16T23:00:18.927+0900][gc,cpu        ] GC(15) User=0.00s Sys=0.00s Real=0.00s
[2020-04-16T23:00:18.927+0900][gc,marking    ] GC(15) Concurrent Cleanup for Next Mark
[2020-04-16T23:00:18.929+0900][gc,marking    ] GC(15) Concurrent Cleanup for Next Mark 1.929ms
[2020-04-16T23:00:18.929+0900][gc            ] GC(15) Concurrent Cycle 24.208ms
[2020-04-16T23:22:57.493+0900][gc,start      ] GC(16) Pause Young (Normal) (G1 Evacuation Pause)
[2020-04-16T23:22:57.493+0900][gc,task       ] GC(16) Using 23 workers of 23 for evacuation
[2020-04-16T23:22:57.497+0900][gc,phases     ] GC(16)   Pre Evacuate Collection Set: 0.0ms
[2020-04-16T23:22:57.497+0900][gc,phases     ] GC(16)   Evacuate Collection Set: 2.7ms
[2020-04-16T23:22:57.498+0900][gc,phases     ] GC(16)   Post Evacuate Collection Set: 1.4ms
[2020-04-16T23:22:57.498+0900][gc,phases     ] GC(16)   Other: 0.5ms
[2020-04-16T23:22:57.498+0900][gc,heap       ] GC(16) Eden regions: 534->0(611)
[2020-04-16T23:22:57.498+0900][gc,heap       ] GC(16) Survivor regions: 3->3(68)
[2020-04-16T23:22:57.498+0900][gc,heap       ] GC(16) Old regions: 12->12
[2020-04-16T23:22:57.498+0900][gc,heap       ] GC(16) Humongous regions: 129->129
[2020-04-16T23:22:57.498+0900][gc,metaspace  ] GC(16) Metaspace: 33789K->33789K(1079296K)
[2020-04-16T23:22:57.498+0900][gc            ] GC(16) Pause Young (Normal) (G1 Evacuation Pause) 676M->142M(1024M) 4.782ms
[2020-04-16T23:22:57.498+0900][gc,cpu        ] GC(16) User=0.07s Sys=0.00s Real=0.01s
[2020-04-16T23:49:26.729+0900][gc,start      ] GC(17) Pause Young (Normal) (G1 Evacuation Pause)
[2020-04-16T23:49:26.729+0900][gc,task       ] GC(17) Using 23 workers of 23 for evacuation
[2020-04-16T23:49:26.737+0900][gc,phases     ] GC(17)   Pre Evacuate Collection Set: 0.0ms
[2020-04-16T23:49:26.737+0900][gc,phases     ] GC(17)   Evacuate Collection Set: 4.3ms
[2020-04-16T23:49:26.737+0900][gc,phases     ] GC(17)   Post Evacuate Collection Set: 3.1ms
[2020-04-16T23:49:26.737+0900][gc,phases     ] GC(17)   Other: 0.3ms
[2020-04-16T23:49:26.737+0900][gc,heap       ] GC(17) Eden regions: 611->0(611)
[2020-04-16T23:49:26.737+0900][gc,heap       ] GC(17) Survivor regions: 3->3(77)
[2020-04-16T23:49:26.737+0900][gc,heap       ] GC(17) Old regions: 12->12
[2020-04-16T23:49:26.737+0900][gc,heap       ] GC(17) Humongous regions: 129->129
[2020-04-16T23:49:26.737+0900][gc,metaspace  ] GC(17) Metaspace: 33816K->33816K(1079296K)
[2020-04-16T23:49:26.737+0900][gc            ] GC(17) Pause Young (Normal) (G1 Evacuation Pause) 753M->142M(1024M) 7.826ms
[2020-04-16T23:49:26.737+0900][gc,cpu        ] GC(17) User=0.12s Sys=0.00s Real=0.01s
[2020-04-17T00:15:25.077+0900][gc,start      ] GC(18) Pause Young (Normal) (G1 Evacuation Pause)
[2020-04-17T00:15:25.077+0900][gc,task       ] GC(18) Using 23 workers of 23 for evacuation
[2020-04-17T00:15:25.081+0900][gc,phases     ] GC(18)   Pre Evacuate Collection Set: 0.0ms
[2020-04-17T00:15:25.081+0900][gc,phases     ] GC(18)   Evacuate Collection Set: 2.0ms
[2020-04-17T00:15:25.081+0900][gc,phases     ] GC(18)   Post Evacuate Collection Set: 1.4ms
[2020-04-17T00:15:25.081+0900][gc,phases     ] GC(18)   Other: 0.4ms
[2020-04-17T00:15:25.081+0900][gc,heap       ] GC(18) Eden regions: 611->0(611)
[2020-04-17T00:15:25.081+0900][gc,heap       ] GC(18) Survivor regions: 3->3(77)
[2020-04-17T00:15:25.081+0900][gc,heap       ] GC(18) Old regions: 12->12
[2020-04-17T00:15:25.081+0900][gc,heap       ] GC(18) Humongous regions: 129->129
[2020-04-17T00:15:25.081+0900][gc,metaspace  ] GC(18) Metaspace: 33882K->33882K(1079296K)
[2020-04-17T00:15:25.081+0900][gc            ] GC(18) Pause Young (Normal) (G1 Evacuation Pause) 753M->142M(1024M) 4.032ms
[2020-04-17T00:15:25.081+0900][gc,cpu        ] GC(18) User=0.04s Sys=0.00s Real=0.00s
[2020-04-17T00:40:39.574+0900][gc,start      ] GC(19) Pause Young (Normal) (G1 Evacuation Pause)
[2020-04-17T00:40:39.574+0900][gc,task       ] GC(19) Using 23 workers of 23 for evacuation
[2020-04-17T00:40:39.579+0900][gc,phases     ] GC(19)   Pre Evacuate Collection Set: 0.0ms
[2020-04-17T00:40:39.579+0900][gc,phases     ] GC(19)   Evacuate Collection Set: 3.0ms
[2020-04-17T00:40:39.579+0900][gc,phases     ] GC(19)   Post Evacuate Collection Set: 1.5ms
[2020-04-17T00:40:39.579+0900][gc,phases     ] GC(19)   Other: 0.5ms
[2020-04-17T00:40:39.579+0900][gc,heap       ] GC(19) Eden regions: 611->0(611)
[2020-04-17T00:40:39.579+0900][gc,heap       ] GC(19) Survivor regions: 3->3(77)
[2020-04-17T00:40:39.579+0900][gc,heap       ] GC(19) Old regions: 12->12
[2020-04-17T00:40:39.579+0900][gc,heap       ] GC(19) Humongous regions: 129->129
[2020-04-17T00:40:39.579+0900][gc,metaspace  ] GC(19) Metaspace: 33891K->33891K(1079296K)
[2020-04-17T00:40:39.579+0900][gc            ] GC(19) Pause Young (Normal) (G1 Evacuation Pause) 753M->142M(1024M) 5.305ms
[2020-04-17T00:40:39.579+0900][gc,cpu        ] GC(19) User=0.05s Sys=0.02s Real=0.01s
[2020-04-17T01:06:12.188+0900][gc,start      ] GC(20) Pause Young (Normal) (G1 Evacuation Pause)
[2020-04-17T01:06:12.188+0900][gc,task       ] GC(20) Using 23 workers of 23 for evacuation
[2020-04-17T01:06:12.193+0900][gc,phases     ] GC(20)   Pre Evacuate Collection Set: 0.0ms
[2020-04-17T01:06:12.193+0900][gc,phases     ] GC(20)   Evacuate Collection Set: 2.9ms
[2020-04-17T01:06:12.193+0900][gc,phases     ] GC(20)   Post Evacuate Collection Set: 1.5ms
[2020-04-17T01:06:12.193+0900][gc,phases     ] GC(20)   Other: 0.4ms
[2020-04-17T01:06:12.193+0900][gc,heap       ] GC(20) Eden regions: 611->0(611)
[2020-04-17T01:06:12.193+0900][gc,heap       ] GC(20) Survivor regions: 3->3(77)
[2020-04-17T01:06:12.193+0900][gc,heap       ] GC(20) Old regions: 12->12
[2020-04-17T01:06:12.193+0900][gc,heap       ] GC(20) Humongous regions: 129->129
[2020-04-17T01:06:12.193+0900][gc,metaspace  ] GC(20) Metaspace: 33915K->33915K(1079296K)
[2020-04-17T01:06:12.193+0900][gc            ] GC(20) Pause Young (Normal) (G1 Evacuation Pause) 753M->142M(1024M) 5.051ms
[2020-04-17T01:06:12.193+0900][gc,cpu        ] GC(20) User=0.07s Sys=0.00s Real=0.00s
[2020-04-17T01:31:55.197+0900][gc,start      ] GC(21) Pause Young (Normal) (G1 Evacuation Pause)
[2020-04-17T01:31:55.197+0900][gc,task       ] GC(21) Using 23 workers of 23 for evacuation
[2020-04-17T01:31:55.200+0900][gc,phases     ] GC(21)   Pre Evacuate Collection Set: 0.1ms
[2020-04-17T01:31:55.200+0900][gc,phases     ] GC(21)   Evacuate Collection Set: 1.7ms
[2020-04-17T01:31:55.200+0900][gc,phases     ] GC(21)   Post Evacuate Collection Set: 1.3ms
[2020-04-17T01:31:55.200+0900][gc,phases     ] GC(21)   Other: 0.4ms
[2020-04-17T01:31:55.200+0900][gc,heap       ] GC(21) Eden regions: 611->0(611)
[2020-04-17T01:31:55.200+0900][gc,heap       ] GC(21) Survivor regions: 3->3(77)
[2020-04-17T01:31:55.200+0900][gc,heap       ] GC(21) Old regions: 12->12
[2020-04-17T01:31:55.200+0900][gc,heap       ] GC(21) Humongous regions: 129->129
[2020-04-17T01:31:55.200+0900][gc,metaspace  ] GC(21) Metaspace: 33965K->33965K(1079296K)
[2020-04-17T01:31:55.200+0900][gc            ] GC(21) Pause Young (Normal) (G1 Evacuation Pause) 753M->142M(1024M) 3.516ms
[2020-04-17T01:31:55.200+0900][gc,cpu        ] GC(21) User=0.05s Sys=0.00s Real=0.00s
[2020-04-17T01:57:31.478+0900][gc,start      ] GC(22) Pause Young (Normal) (G1 Evacuation Pause)
[2020-04-17T01:57:31.478+0900][gc,task       ] GC(22) Using 23 workers of 23 for evacuation
[2020-04-17T01:57:31.482+0900][gc,phases     ] GC(22)   Pre Evacuate Collection Set: 0.0ms
[2020-04-17T01:57:31.482+0900][gc,phases     ] GC(22)   Evacuate Collection Set: 1.7ms
[2020-04-17T01:57:31.482+0900][gc,phases     ] GC(22)   Post Evacuate Collection Set: 1.3ms
[2020-04-17T01:57:31.482+0900][gc,phases     ] GC(22)   Other: 0.4ms
[2020-04-17T01:57:31.482+0900][gc,heap       ] GC(22) Eden regions: 611->0(611)
[2020-04-17T01:57:31.482+0900][gc,heap       ] GC(22) Survivor regions: 3->3(77)
[2020-04-17T01:57:31.482+0900][gc,heap       ] GC(22) Old regions: 12->12
[2020-04-17T01:57:31.482+0900][gc,heap       ] GC(22) Humongous regions: 129->129
[2020-04-17T01:57:31.482+0900][gc,metaspace  ] GC(22) Metaspace: 33974K->33974K(1079296K)
[2020-04-17T01:57:31.482+0900][gc            ] GC(22) Pause Young (Normal) (G1 Evacuation Pause) 753M->142M(1024M) 3.645ms
[2020-04-17T01:57:31.482+0900][gc,cpu        ] GC(22) User=0.00s Sys=0.04s Real=0.00s
[2020-04-17T02:22:57.688+0900][gc,start      ] GC(23) Pause Young (Normal) (G1 Evacuation Pause)
[2020-04-17T02:22:57.688+0900][gc,task       ] GC(23) Using 23 workers of 23 for evacuation
[2020-04-17T02:22:57.692+0900][gc,phases     ] GC(23)   Pre Evacuate Collection Set: 0.1ms
[2020-04-17T02:22:57.692+0900][gc,phases     ] GC(23)   Evacuate Collection Set: 1.7ms
[2020-04-17T02:22:57.692+0900][gc,phases     ] GC(23)   Post Evacuate Collection Set: 1.5ms
[2020-04-17T02:22:57.692+0900][gc,phases     ] GC(23)   Other: 0.4ms
[2020-04-17T02:22:57.692+0900][gc,heap       ] GC(23) Eden regions: 611->0(611)
[2020-04-17T02:22:57.692+0900][gc,heap       ] GC(23) Survivor regions: 3->3(77)
[2020-04-17T02:22:57.692+0900][gc,heap       ] GC(23) Old regions: 12->12
[2020-04-17T02:22:57.692+0900][gc,heap       ] GC(23) Humongous regions: 129->129
[2020-04-17T02:22:57.692+0900][gc,metaspace  ] GC(23) Metaspace: 34033K->34033K(1079296K)
[2020-04-17T02:22:57.692+0900][gc            ] GC(23) Pause Young (Normal) (G1 Evacuation Pause) 753M->142M(1024M) 3.867ms
[2020-04-17T02:22:57.692+0900][gc,cpu        ] GC(23) User=0.04s Sys=0.01s Real=0.00s
[2020-04-17T02:48:28.755+0900][gc,start      ] GC(24) Pause Young (Normal) (G1 Evacuation Pause)
[2020-04-17T02:48:28.755+0900][gc,task       ] GC(24) Using 23 workers of 23 for evacuation
[2020-04-17T02:48:28.758+0900][gc,phases     ] GC(24)   Pre Evacuate Collection Set: 0.0ms
[2020-04-17T02:48:28.758+0900][gc,phases     ] GC(24)   Evacuate Collection Set: 1.7ms
[2020-04-17T02:48:28.758+0900][gc,phases     ] GC(24)   Post Evacuate Collection Set: 1.4ms
[2020-04-17T02:48:28.758+0900][gc,phases     ] GC(24)   Other: 0.4ms
[2020-04-17T02:48:28.758+0900][gc,heap       ] GC(24) Eden regions: 611->0(611)
[2020-04-17T02:48:28.758+0900][gc,heap       ] GC(24) Survivor regions: 3->3(77)
[2020-04-17T02:48:28.758+0900][gc,heap       ] GC(24) Old regions: 12->12
[2020-04-17T02:48:28.758+0900][gc,heap       ] GC(24) Humongous regions: 129->129
[2020-04-17T02:48:28.758+0900][gc,metaspace  ] GC(24) Metaspace: 34040K->34040K(1079296K)
[2020-04-17T02:48:28.758+0900][gc            ] GC(24) Pause Young (Normal) (G1 Evacuation Pause) 753M->142M(1024M) 3.770ms
[2020-04-17T02:48:28.758+0900][gc,cpu        ] GC(24) User=0.03s Sys=0.02s Real=0.00s
[2020-04-17T03:14:03.009+0900][gc,start      ] GC(25) Pause Young (Normal) (G1 Evacuation Pause)
[2020-04-17T03:14:03.009+0900][gc,task       ] GC(25) Using 23 workers of 23 for evacuation
[2020-04-17T03:14:03.013+0900][gc,phases     ] GC(25)   Pre Evacuate Collection Set: 0.0ms
[2020-04-17T03:14:03.013+0900][gc,phases     ] GC(25)   Evacuate Collection Set: 1.7ms
[2020-04-17T03:14:03.013+0900][gc,phases     ] GC(25)   Post Evacuate Collection Set: 1.4ms
[2020-04-17T03:14:03.013+0900][gc,phases     ] GC(25)   Other: 0.4ms
[2020-04-17T03:14:03.013+0900][gc,heap       ] GC(25) Eden regions: 611->0(611)
[2020-04-17T03:14:03.013+0900][gc,heap       ] GC(25) Survivor regions: 3->3(77)
[2020-04-17T03:14:03.013+0900][gc,heap       ] GC(25) Old regions: 12->12
[2020-04-17T03:14:03.013+0900][gc,heap       ] GC(25) Humongous regions: 129->129
[2020-04-17T03:14:03.013+0900][gc,metaspace  ] GC(25) Metaspace: 34047K->34047K(1079296K)
[2020-04-17T03:14:03.013+0900][gc            ] GC(25) Pause Young (Normal) (G1 Evacuation Pause) 753M->142M(1024M) 3.811ms
[2020-04-17T03:14:03.013+0900][gc,cpu        ] GC(25) User=0.04s Sys=0.00s Real=0.00s
[2020-04-17T03:39:44.778+0900][gc,start      ] GC(26) Pause Young (Normal) (G1 Evacuation Pause)
[2020-04-17T03:39:44.778+0900][gc,task       ] GC(26) Using 23 workers of 23 for evacuation
[2020-04-17T03:39:44.782+0900][gc,phases     ] GC(26)   Pre Evacuate Collection Set: 0.1ms
[2020-04-17T03:39:44.782+0900][gc,phases     ] GC(26)   Evacuate Collection Set: 1.7ms
[2020-04-17T03:39:44.782+0900][gc,phases     ] GC(26)   Post Evacuate Collection Set: 1.5ms
[2020-04-17T03:39:44.782+0900][gc,phases     ] GC(26)   Other: 0.4ms
[2020-04-17T03:39:44.782+0900][gc,heap       ] GC(26) Eden regions: 611->0(611)
[2020-04-17T03:39:44.782+0900][gc,heap       ] GC(26) Survivor regions: 3->3(77)
[2020-04-17T03:39:44.782+0900][gc,heap       ] GC(26) Old regions: 12->12
[2020-04-17T03:39:44.782+0900][gc,heap       ] GC(26) Humongous regions: 129->129
[2020-04-17T03:39:44.782+0900][gc,metaspace  ] GC(26) Metaspace: 34055K->34055K(1079296K)
[2020-04-17T03:39:44.782+0900][gc            ] GC(26) Pause Young (Normal) (G1 Evacuation Pause) 753M->142M(1024M) 3.896ms
[2020-04-17T03:39:44.782+0900][gc,cpu        ] GC(26) User=0.03s Sys=0.01s Real=0.00s
[2020-04-17T04:05:14.472+0900][gc,start      ] GC(27) Pause Young (Normal) (G1 Evacuation Pause)
[2020-04-17T04:05:14.472+0900][gc,task       ] GC(27) Using 23 workers of 23 for evacuation
[2020-04-17T04:05:14.476+0900][gc,phases     ] GC(27)   Pre Evacuate Collection Set: 0.0ms
[2020-04-17T04:05:14.476+0900][gc,phases     ] GC(27)   Evacuate Collection Set: 1.9ms
[2020-04-17T04:05:14.476+0900][gc,phases     ] GC(27)   Post Evacuate Collection Set: 1.4ms
[2020-04-17T04:05:14.476+0900][gc,phases     ] GC(27)   Other: 0.4ms
[2020-04-17T04:05:14.476+0900][gc,heap       ] GC(27) Eden regions: 611->0(611)
[2020-04-17T04:05:14.476+0900][gc,heap       ] GC(27) Survivor regions: 3->3(77)
[2020-04-17T04:05:14.476+0900][gc,heap       ] GC(27) Old regions: 12->12
[2020-04-17T04:05:14.476+0900][gc,heap       ] GC(27) Humongous regions: 129->129
[2020-04-17T04:05:14.476+0900][gc,metaspace  ] GC(27) Metaspace: 34058K->34058K(1079296K)
[2020-04-17T04:05:14.476+0900][gc            ] GC(27) Pause Young (Normal) (G1 Evacuation Pause) 753M->143M(1024M) 4.035ms
[2020-04-17T04:05:14.476+0900][gc,cpu        ] GC(27) User=0.05s Sys=0.00s Real=0.01s
[2020-04-17T04:30:51.965+0900][gc,start      ] GC(28) Pause Young (Normal) (G1 Evacuation Pause)
[2020-04-17T04:30:51.965+0900][gc,task       ] GC(28) Using 23 workers of 23 for evacuation
[2020-04-17T04:30:51.968+0900][gc,phases     ] GC(28)   Pre Evacuate Collection Set: 0.1ms
[2020-04-17T04:30:51.968+0900][gc,phases     ] GC(28)   Evacuate Collection Set: 1.5ms
[2020-04-17T04:30:51.968+0900][gc,phases     ] GC(28)   Post Evacuate Collection Set: 1.5ms
[2020-04-17T04:30:51.968+0900][gc,phases     ] GC(28)   Other: 0.4ms
[2020-04-17T04:30:51.968+0900][gc,heap       ] GC(28) Eden regions: 611->0(611)
[2020-04-17T04:30:51.968+0900][gc,heap       ] GC(28) Survivor regions: 3->3(77)
[2020-04-17T04:30:51.968+0900][gc,heap       ] GC(28) Old regions: 12->12
[2020-04-17T04:30:51.968+0900][gc,heap       ] GC(28) Humongous regions: 129->129
[2020-04-17T04:30:51.968+0900][gc,metaspace  ] GC(28) Metaspace: 34098K->34098K(1079296K)
[2020-04-17T04:30:51.968+0900][gc            ] GC(28) Pause Young (Normal) (G1 Evacuation Pause) 754M->143M(1024M) 3.681ms
[2020-04-17T04:30:51.968+0900][gc,cpu        ] GC(28) User=0.04s Sys=0.00s Real=0.01s
[2020-04-17T04:56:31.066+0900][gc,start      ] GC(29) Pause Young (Normal) (G1 Evacuation Pause)
[2020-04-17T04:56:31.066+0900][gc,task       ] GC(29) Using 23 workers of 23 for evacuation
[2020-04-17T04:56:31.069+0900][gc,phases     ] GC(29)   Pre Evacuate Collection Set: 0.0ms
[2020-04-17T04:56:31.069+0900][gc,phases     ] GC(29)   Evacuate Collection Set: 1.5ms
[2020-04-17T04:56:31.069+0900][gc,phases     ] GC(29)   Post Evacuate Collection Set: 1.2ms
[2020-04-17T04:56:31.069+0900][gc,phases     ] GC(29)   Other: 0.4ms
[2020-04-17T04:56:31.069+0900][gc,heap       ] GC(29) Eden regions: 611->0(611)
[2020-04-17T04:56:31.069+0900][gc,heap       ] GC(29) Survivor regions: 3->3(77)
[2020-04-17T04:56:31.069+0900][gc,heap       ] GC(29) Old regions: 12->12
[2020-04-17T04:56:31.069+0900][gc,heap       ] GC(29) Humongous regions: 129->129
[2020-04-17T04:56:31.069+0900][gc,metaspace  ] GC(29) Metaspace: 34149K->34149K(1079296K)
[2020-04-17T04:56:31.069+0900][gc            ] GC(29) Pause Young (Normal) (G1 Evacuation Pause) 754M->143M(1024M) 3.398ms
[2020-04-17T04:56:31.069+0900][gc,cpu        ] GC(29) User=0.04s Sys=0.00s Real=0.01s
[2020-04-17T05:22:02.974+0900][gc,start      ] GC(30) Pause Young (Normal) (G1 Evacuation Pause)
[2020-04-17T05:22:02.975+0900][gc,task       ] GC(30) Using 23 workers of 23 for evacuation
[2020-04-17T05:22:02.978+0900][gc,phases     ] GC(30)   Pre Evacuate Collection Set: 0.0ms
[2020-04-17T05:22:02.978+0900][gc,phases     ] GC(30)   Evacuate Collection Set: 1.7ms
[2020-04-17T05:22:02.978+0900][gc,phases     ] GC(30)   Post Evacuate Collection Set: 1.3ms
[2020-04-17T05:22:02.978+0900][gc,phases     ] GC(30)   Other: 0.4ms
[2020-04-17T05:22:02.978+0900][gc,heap       ] GC(30) Eden regions: 611->0(611)
[2020-04-17T05:22:02.978+0900][gc,heap       ] GC(30) Survivor regions: 3->3(77)
[2020-04-17T05:22:02.978+0900][gc,heap       ] GC(30) Old regions: 12->12
[2020-04-17T05:22:02.978+0900][gc,heap       ] GC(30) Humongous regions: 129->129
[2020-04-17T05:22:02.978+0900][gc,metaspace  ] GC(30) Metaspace: 34157K->34157K(1079296K)
[2020-04-17T05:22:02.978+0900][gc            ] GC(30) Pause Young (Normal) (G1 Evacuation Pause) 754M->143M(1024M) 3.713ms
[2020-04-17T05:22:02.978+0900][gc,cpu        ] GC(30) User=0.03s Sys=0.02s Real=0.00s
[2020-04-17T05:47:39.343+0900][gc,start      ] GC(31) Pause Young (Normal) (G1 Evacuation Pause)
[2020-04-17T05:47:39.343+0900][gc,task       ] GC(31) Using 23 workers of 23 for evacuation
[2020-04-17T05:47:39.346+0900][gc,phases     ] GC(31)   Pre Evacuate Collection Set: 0.0ms
[2020-04-17T05:47:39.346+0900][gc,phases     ] GC(31)   Evacuate Collection Set: 1.6ms
[2020-04-17T05:47:39.346+0900][gc,phases     ] GC(31)   Post Evacuate Collection Set: 1.4ms
[2020-04-17T05:47:39.346+0900][gc,phases     ] GC(31)   Other: 0.5ms
[2020-04-17T05:47:39.346+0900][gc,heap       ] GC(31) Eden regions: 611->0(611)
[2020-04-17T05:47:39.346+0900][gc,heap       ] GC(31) Survivor regions: 3->3(77)
[2020-04-17T05:47:39.346+0900][gc,heap       ] GC(31) Old regions: 12->12
[2020-04-17T05:47:39.346+0900][gc,heap       ] GC(31) Humongous regions: 129->129
[2020-04-17T05:47:39.346+0900][gc,metaspace  ] GC(31) Metaspace: 34157K->34157K(1079296K)
[2020-04-17T05:47:39.346+0900][gc            ] GC(31) Pause Young (Normal) (G1 Evacuation Pause) 754M->143M(1024M) 3.611ms
[2020-04-17T05:47:39.346+0900][gc,cpu        ] GC(31) User=0.03s Sys=0.01s Real=0.01s
[2020-04-17T06:13:11.638+0900][gc,start      ] GC(32) Pause Young (Normal) (G1 Evacuation Pause)
[2020-04-17T06:13:11.638+0900][gc,task       ] GC(32) Using 23 workers of 23 for evacuation
[2020-04-17T06:13:11.641+0900][gc,phases     ] GC(32)   Pre Evacuate Collection Set: 0.0ms
[2020-04-17T06:13:11.641+0900][gc,phases     ] GC(32)   Evacuate Collection Set: 1.6ms
[2020-04-17T06:13:11.641+0900][gc,phases     ] GC(32)   Post Evacuate Collection Set: 1.4ms
[2020-04-17T06:13:11.641+0900][gc,phases     ] GC(32)   Other: 0.5ms
[2020-04-17T06:13:11.641+0900][gc,heap       ] GC(32) Eden regions: 611->0(611)
[2020-04-17T06:13:11.641+0900][gc,heap       ] GC(32) Survivor regions: 3->3(77)
[2020-04-17T06:13:11.641+0900][gc,heap       ] GC(32) Old regions: 12->13
[2020-04-17T06:13:11.641+0900][gc,heap       ] GC(32) Humongous regions: 129->129
[2020-04-17T06:13:11.641+0900][gc,metaspace  ] GC(32) Metaspace: 34162K->34162K(1079296K)
[2020-04-17T06:13:11.641+0900][gc            ] GC(32) Pause Young (Normal) (G1 Evacuation Pause) 754M->143M(1024M) 3.667ms
[2020-04-17T06:13:11.641+0900][gc,cpu        ] GC(32) User=0.04s Sys=0.00s Real=0.00s
[2020-04-17T06:38:44.620+0900][gc,start      ] GC(33) Pause Young (Normal) (G1 Evacuation Pause)
[2020-04-17T06:38:44.620+0900][gc,task       ] GC(33) Using 23 workers of 23 for evacuation
[2020-04-17T06:38:44.624+0900][gc,phases     ] GC(33)   Pre Evacuate Collection Set: 0.0ms
[2020-04-17T06:38:44.624+0900][gc,phases     ] GC(33)   Evacuate Collection Set: 1.6ms
[2020-04-17T06:38:44.624+0900][gc,phases     ] GC(33)   Post Evacuate Collection Set: 1.4ms
[2020-04-17T06:38:44.624+0900][gc,phases     ] GC(33)   Other: 0.4ms
[2020-04-17T06:38:44.624+0900][gc,heap       ] GC(33) Eden regions: 611->0(611)
[2020-04-17T06:38:44.624+0900][gc,heap       ] GC(33) Survivor regions: 3->3(77)
[2020-04-17T06:38:44.624+0900][gc,heap       ] GC(33) Old regions: 13->13
[2020-04-17T06:38:44.624+0900][gc,heap       ] GC(33) Humongous regions: 129->129
[2020-04-17T06:38:44.624+0900][gc,metaspace  ] GC(33) Metaspace: 34173K->34173K(1079296K)
[2020-04-17T06:38:44.624+0900][gc            ] GC(33) Pause Young (Normal) (G1 Evacuation Pause) 754M->143M(1024M) 3.558ms
[2020-04-17T06:38:44.624+0900][gc,cpu        ] GC(33) User=0.01s Sys=0.03s Real=0.00s
[2020-04-17T07:03:56.289+0900][gc,start      ] GC(34) Pause Young (Normal) (G1 Evacuation Pause)
[2020-04-17T07:03:56.289+0900][gc,task       ] GC(34) Using 23 workers of 23 for evacuation
[2020-04-17T07:03:56.293+0900][gc,phases     ] GC(34)   Pre Evacuate Collection Set: 0.0ms
[2020-04-17T07:03:56.293+0900][gc,phases     ] GC(34)   Evacuate Collection Set: 1.6ms
[2020-04-17T07:03:56.293+0900][gc,phases     ] GC(34)   Post Evacuate Collection Set: 1.4ms
[2020-04-17T07:03:56.293+0900][gc,phases     ] GC(34)   Other: 0.4ms
[2020-04-17T07:03:56.293+0900][gc,heap       ] GC(34) Eden regions: 611->0(611)
[2020-04-17T07:03:56.293+0900][gc,heap       ] GC(34) Survivor regions: 3->3(77)
[2020-04-17T07:03:56.293+0900][gc,heap       ] GC(34) Old regions: 13->13
[2020-04-17T07:03:56.293+0900][gc,heap       ] GC(34) Humongous regions: 129->129
[2020-04-17T07:03:56.293+0900][gc,metaspace  ] GC(34) Metaspace: 34173K->34173K(1079296K)
[2020-04-17T07:03:56.293+0900][gc            ] GC(34) Pause Young (Normal) (G1 Evacuation Pause) 754M->143M(1024M) 3.611ms
[2020-04-17T07:03:56.293+0900][gc,cpu        ] GC(34) User=0.04s Sys=0.00s Real=0.00s
[2020-04-17T07:29:07.602+0900][gc,start      ] GC(35) Pause Young (Normal) (G1 Evacuation Pause)
[2020-04-17T07:29:07.602+0900][gc,task       ] GC(35) Using 23 workers of 23 for evacuation
[2020-04-17T07:29:07.606+0900][gc,phases     ] GC(35)   Pre Evacuate Collection Set: 0.1ms
[2020-04-17T07:29:07.606+0900][gc,phases     ] GC(35)   Evacuate Collection Set: 1.6ms
[2020-04-17T07:29:07.606+0900][gc,phases     ] GC(35)   Post Evacuate Collection Set: 1.4ms
[2020-04-17T07:29:07.606+0900][gc,phases     ] GC(35)   Other: 0.4ms
[2020-04-17T07:29:07.606+0900][gc,heap       ] GC(35) Eden regions: 611->0(611)
[2020-04-17T07:29:07.606+0900][gc,heap       ] GC(35) Survivor regions: 3->3(77)
[2020-04-17T07:29:07.606+0900][gc,heap       ] GC(35) Old regions: 13->13
[2020-04-17T07:29:07.606+0900][gc,heap       ] GC(35) Humongous regions: 129->129
[2020-04-17T07:29:07.606+0900][gc,metaspace  ] GC(35) Metaspace: 34174K->34174K(1079296K)
[2020-04-17T07:29:07.606+0900][gc            ] GC(35) Pause Young (Normal) (G1 Evacuation Pause) 754M->143M(1024M) 3.627ms
[2020-04-17T07:29:07.606+0900][gc,cpu        ] GC(35) User=0.03s Sys=0.01s Real=0.00s
[2020-04-17T07:54:13.454+0900][gc,start      ] GC(36) Pause Young (Normal) (G1 Evacuation Pause)
[2020-04-17T07:54:13.455+0900][gc,task       ] GC(36) Using 23 workers of 23 for evacuation
[2020-04-17T07:54:13.458+0900][gc,phases     ] GC(36)   Pre Evacuate Collection Set: 0.0ms
[2020-04-17T07:54:13.458+0900][gc,phases     ] GC(36)   Evacuate Collection Set: 1.5ms
[2020-04-17T07:54:13.458+0900][gc,phases     ] GC(36)   Post Evacuate Collection Set: 1.4ms
[2020-04-17T07:54:13.458+0900][gc,phases     ] GC(36)   Other: 0.4ms
[2020-04-17T07:54:13.458+0900][gc,heap       ] GC(36) Eden regions: 611->0(611)
[2020-04-17T07:54:13.458+0900][gc,heap       ] GC(36) Survivor regions: 3->3(77)
[2020-04-17T07:54:13.458+0900][gc,heap       ] GC(36) Old regions: 13->13
[2020-04-17T07:54:13.458+0900][gc,heap       ] GC(36) Humongous regions: 129->129
[2020-04-17T07:54:13.458+0900][gc,metaspace  ] GC(36) Metaspace: 34194K->34194K(1079296K)
[2020-04-17T07:54:13.458+0900][gc            ] GC(36) Pause Young (Normal) (G1 Evacuation Pause) 754M->143M(1024M) 3.638ms
[2020-04-17T07:54:13.458+0900][gc,cpu        ] GC(36) User=0.02s Sys=0.02s Real=0.00s
[2020-04-17T08:19:01.796+0900][gc,start      ] GC(37) Pause Young (Normal) (G1 Evacuation Pause)
[2020-04-17T08:19:01.796+0900][gc,task       ] GC(37) Using 23 workers of 23 for evacuation
[2020-04-17T08:19:01.800+0900][gc,phases     ] GC(37)   Pre Evacuate Collection Set: 0.0ms
[2020-04-17T08:19:01.800+0900][gc,phases     ] GC(37)   Evacuate Collection Set: 1.7ms
[2020-04-17T08:19:01.800+0900][gc,phases     ] GC(37)   Post Evacuate Collection Set: 1.4ms
[2020-04-17T08:19:01.800+0900][gc,phases     ] GC(37)   Other: 0.4ms
[2020-04-17T08:19:01.800+0900][gc,heap       ] GC(37) Eden regions: 611->0(611)
[2020-04-17T08:19:01.800+0900][gc,heap       ] GC(37) Survivor regions: 3->3(77)
[2020-04-17T08:19:01.800+0900][gc,heap       ] GC(37) Old regions: 13->13
[2020-04-17T08:19:01.800+0900][gc,heap       ] GC(37) Humongous regions: 129->129
[2020-04-17T08:19:01.800+0900][gc,metaspace  ] GC(37) Metaspace: 34201K->34201K(1079296K)
[2020-04-17T08:19:01.800+0900][gc            ] GC(37) Pause Young (Normal) (G1 Evacuation Pause) 754M->143M(1024M) 3.765ms
[2020-04-17T08:19:01.800+0900][gc,cpu        ] GC(37) User=0.04s Sys=0.00s Real=0.00s
[2020-04-17T08:44:02.663+0900][gc,start      ] GC(38) Pause Young (Normal) (G1 Evacuation Pause)
[2020-04-17T08:44:02.663+0900][gc,task       ] GC(38) Using 23 workers of 23 for evacuation
[2020-04-17T08:44:02.666+0900][gc,phases     ] GC(38)   Pre Evacuate Collection Set: 0.0ms
[2020-04-17T08:44:02.666+0900][gc,phases     ] GC(38)   Evacuate Collection Set: 1.6ms
[2020-04-17T08:44:02.666+0900][gc,phases     ] GC(38)   Post Evacuate Collection Set: 1.4ms
[2020-04-17T08:44:02.666+0900][gc,phases     ] GC(38)   Other: 0.4ms
[2020-04-17T08:44:02.666+0900][gc,heap       ] GC(38) Eden regions: 611->0(611)
[2020-04-17T08:44:02.666+0900][gc,heap       ] GC(38) Survivor regions: 3->3(77)
[2020-04-17T08:44:02.666+0900][gc,heap       ] GC(38) Old regions: 13->13
[2020-04-17T08:44:02.666+0900][gc,heap       ] GC(38) Humongous regions: 129->129
[2020-04-17T08:44:02.666+0900][gc,metaspace  ] GC(38) Metaspace: 34239K->34239K(1081344K)
[2020-04-17T08:44:02.666+0900][gc            ] GC(38) Pause Young (Normal) (G1 Evacuation Pause) 754M->143M(1024M) 3.659ms
[2020-04-17T08:44:02.666+0900][gc,cpu        ] GC(38) User=0.03s Sys=0.01s Real=0.01s
[2020-04-17T09:08:30.822+0900][gc,start      ] GC(39) Pause Young (Normal) (G1 Evacuation Pause)
[2020-04-17T09:08:30.822+0900][gc,task       ] GC(39) Using 23 workers of 23 for evacuation
[2020-04-17T09:08:30.825+0900][gc,phases     ] GC(39)   Pre Evacuate Collection Set: 0.0ms
[2020-04-17T09:08:30.825+0900][gc,phases     ] GC(39)   Evacuate Collection Set: 1.6ms
[2020-04-17T09:08:30.825+0900][gc,phases     ] GC(39)   Post Evacuate Collection Set: 1.2ms
[2020-04-17T09:08:30.825+0900][gc,phases     ] GC(39)   Other: 0.3ms
[2020-04-17T09:08:30.825+0900][gc,heap       ] GC(39) Eden regions: 611->0(611)
[2020-04-17T09:08:30.825+0900][gc,heap       ] GC(39) Survivor regions: 3->3(77)
[2020-04-17T09:08:30.825+0900][gc,heap       ] GC(39) Old regions: 13->13
[2020-04-17T09:08:30.825+0900][gc,heap       ] GC(39) Humongous regions: 129->129
[2020-04-17T09:08:30.825+0900][gc,metaspace  ] GC(39) Metaspace: 34239K->34239K(1081344K)
[2020-04-17T09:08:30.825+0900][gc            ] GC(39) Pause Young (Normal) (G1 Evacuation Pause) 754M->143M(1024M) 3.404ms
[2020-04-17T09:08:30.825+0900][gc,cpu        ] GC(39) User=0.03s Sys=0.00s Real=0.00s
[2020-04-17T09:33:21.342+0900][gc,start      ] GC(40) Pause Young (Normal) (G1 Evacuation Pause)
[2020-04-17T09:33:21.342+0900][gc,task       ] GC(40) Using 23 workers of 23 for evacuation
[2020-04-17T09:33:21.346+0900][gc,phases     ] GC(40)   Pre Evacuate Collection Set: 0.0ms
[2020-04-17T09:33:21.346+0900][gc,phases     ] GC(40)   Evacuate Collection Set: 1.6ms
[2020-04-17T09:33:21.346+0900][gc,phases     ] GC(40)   Post Evacuate Collection Set: 1.4ms
[2020-04-17T09:33:21.346+0900][gc,phases     ] GC(40)   Other: 0.4ms
[2020-04-17T09:33:21.346+0900][gc,heap       ] GC(40) Eden regions: 611->0(611)
[2020-04-17T09:33:21.346+0900][gc,heap       ] GC(40) Survivor regions: 3->3(77)
[2020-04-17T09:33:21.346+0900][gc,heap       ] GC(40) Old regions: 13->13
[2020-04-17T09:33:21.346+0900][gc,heap       ] GC(40) Humongous regions: 129->129
[2020-04-17T09:33:21.346+0900][gc,metaspace  ] GC(40) Metaspace: 34239K->34239K(1081344K)
[2020-04-17T09:33:21.346+0900][gc            ] GC(40) Pause Young (Normal) (G1 Evacuation Pause) 754M->143M(1024M) 3.663ms
[2020-04-17T09:33:21.346+0900][gc,cpu        ] GC(40) User=0.03s Sys=0.01s Real=0.00s
[2020-04-17T09:58:17.427+0900][gc,start      ] GC(41) Pause Young (Normal) (G1 Evacuation Pause)
[2020-04-17T09:58:17.428+0900][gc,task       ] GC(41) Using 23 workers of 23 for evacuation
[2020-04-17T09:58:17.431+0900][gc,phases     ] GC(41)   Pre Evacuate Collection Set: 0.0ms
[2020-04-17T09:58:17.431+0900][gc,phases     ] GC(41)   Evacuate Collection Set: 1.7ms
[2020-04-17T09:58:17.431+0900][gc,phases     ] GC(41)   Post Evacuate Collection Set: 1.2ms
[2020-04-17T09:58:17.431+0900][gc,phases     ] GC(41)   Other: 0.3ms
[2020-04-17T09:58:17.431+0900][gc,heap       ] GC(41) Eden regions: 611->0(611)
[2020-04-17T09:58:17.431+0900][gc,heap       ] GC(41) Survivor regions: 3->3(77)
[2020-04-17T09:58:17.431+0900][gc,heap       ] GC(41) Old regions: 13->13
[2020-04-17T09:58:17.431+0900][gc,heap       ] GC(41) Humongous regions: 129->129
[2020-04-17T09:58:17.431+0900][gc,metaspace  ] GC(41) Metaspace: 34239K->34239K(1081344K)
[2020-04-17T09:58:17.431+0900][gc            ] GC(41) Pause Young (Normal) (G1 Evacuation Pause) 754M->143M(1024M) 3.463ms
[2020-04-17T09:58:17.431+0900][gc,cpu        ] GC(41) User=0.03s Sys=0.01s Real=0.00s
[2020-04-17T10:22:55.021+0900][gc,start      ] GC(42) Pause Young (Normal) (G1 Evacuation Pause)
[2020-04-17T10:22:55.021+0900][gc,task       ] GC(42) Using 23 workers of 23 for evacuation
[2020-04-17T10:22:55.028+0900][gc,phases     ] GC(42)   Pre Evacuate Collection Set: 0.0ms
[2020-04-17T10:22:55.028+0900][gc,phases     ] GC(42)   Evacuate Collection Set: 1.9ms
[2020-04-17T10:22:55.028+0900][gc,phases     ] GC(42)   Post Evacuate Collection Set: 4.3ms
[2020-04-17T10:22:55.028+0900][gc,phases     ] GC(42)   Other: 0.5ms
[2020-04-17T10:22:55.028+0900][gc,heap       ] GC(42) Eden regions: 611->0(611)
[2020-04-17T10:22:55.028+0900][gc,heap       ] GC(42) Survivor regions: 3->3(77)
[2020-04-17T10:22:55.028+0900][gc,heap       ] GC(42) Old regions: 13->13
[2020-04-17T10:22:55.028+0900][gc,heap       ] GC(42) Humongous regions: 129->129
[2020-04-17T10:22:55.028+0900][gc,metaspace  ] GC(42) Metaspace: 34240K->34240K(1081344K)
[2020-04-17T10:22:55.028+0900][gc            ] GC(42) Pause Young (Normal) (G1 Evacuation Pause) 754M->143M(1024M) 6.882ms
[2020-04-17T10:22:55.028+0900][gc,cpu        ] GC(42) User=0.08s Sys=0.00s Real=0.01s
[2020-04-17T11:14:13.698+0900][gc,start      ] GC(43) Pause Young (Normal) (G1 Evacuation Pause)
[2020-04-17T11:14:13.698+0900][gc,task       ] GC(43) Using 23 workers of 23 for evacuation
[2020-04-17T11:14:13.701+0900][gc,phases     ] GC(43)   Pre Evacuate Collection Set: 0.0ms
[2020-04-17T11:14:13.701+0900][gc,phases     ] GC(43)   Evacuate Collection Set: 1.6ms
[2020-04-17T11:14:13.701+0900][gc,phases     ] GC(43)   Post Evacuate Collection Set: 1.1ms
[2020-04-17T11:14:13.701+0900][gc,phases     ] GC(43)   Other: 0.5ms
[2020-04-17T11:14:13.701+0900][gc,heap       ] GC(43) Eden regions: 611->0(611)
[2020-04-17T11:14:13.701+0900][gc,heap       ] GC(43) Survivor regions: 3->3(77)
[2020-04-17T11:14:13.701+0900][gc,heap       ] GC(43) Old regions: 13->13
[2020-04-17T11:14:13.701+0900][gc,heap       ] GC(43) Humongous regions: 129->129
[2020-04-17T11:14:13.701+0900][gc,metaspace  ] GC(43) Metaspace: 34242K->34242K(1081344K)
[2020-04-17T11:14:13.701+0900][gc            ] GC(43) Pause Young (Normal) (G1 Evacuation Pause) 754M->143M(1024M) 3.412ms
[2020-04-17T11:14:13.701+0900][gc,cpu        ] GC(43) User=0.04s Sys=0.00s Real=0.00s
[2020-04-17T11:32:08.140+0900][gc,start      ] GC(44) Pause Young (Normal) (G1 Evacuation Pause)
[2020-04-17T11:32:08.140+0900][gc,task       ] GC(44) Using 23 workers of 23 for evacuation
[2020-04-17T11:32:08.144+0900][gc,phases     ] GC(44)   Pre Evacuate Collection Set: 0.0ms
[2020-04-17T11:32:08.144+0900][gc,phases     ] GC(44)   Evacuate Collection Set: 1.7ms
[2020-04-17T11:32:08.144+0900][gc,phases     ] GC(44)   Post Evacuate Collection Set: 1.5ms
[2020-04-17T11:32:08.144+0900][gc,phases     ] GC(44)   Other: 0.4ms
[2020-04-17T11:32:08.144+0900][gc,heap       ] GC(44) Eden regions: 611->0(611)
[2020-04-17T11:32:08.144+0900][gc,heap       ] GC(44) Survivor regions: 3->3(77)
[2020-04-17T11:32:08.144+0900][gc,heap       ] GC(44) Old regions: 13->13
[2020-04-17T11:32:08.144+0900][gc,heap       ] GC(44) Humongous regions: 129->129
[2020-04-17T11:32:08.144+0900][gc,metaspace  ] GC(44) Metaspace: 34242K->34242K(1081344K)
[2020-04-17T11:32:08.144+0900][gc            ] GC(44) Pause Young (Normal) (G1 Evacuation Pause) 754M->143M(1024M) 3.935ms
[2020-04-17T11:32:08.144+0900][gc,cpu        ] GC(44) User=0.03s Sys=0.02s Real=0.00s
[2020-04-17T11:56:12.819+0900][gc,start      ] GC(45) Pause Young (Normal) (G1 Evacuation Pause)
[2020-04-17T11:56:12.819+0900][gc,task       ] GC(45) Using 23 workers of 23 for evacuation
[2020-04-17T11:56:12.824+0900][gc,phases     ] GC(45)   Pre Evacuate Collection Set: 0.1ms
[2020-04-17T11:56:12.824+0900][gc,phases     ] GC(45)   Evacuate Collection Set: 3.6ms
[2020-04-17T11:56:12.824+0900][gc,phases     ] GC(45)   Post Evacuate Collection Set: 1.2ms
[2020-04-17T11:56:12.824+0900][gc,phases     ] GC(45)   Other: 0.6ms
[2020-04-17T11:56:12.824+0900][gc,heap       ] GC(45) Eden regions: 611->0(611)
[2020-04-17T11:56:12.824+0900][gc,heap       ] GC(45) Survivor regions: 3->3(77)
[2020-04-17T11:56:12.824+0900][gc,heap       ] GC(45) Old regions: 13->13
[2020-04-17T11:56:12.824+0900][gc,heap       ] GC(45) Humongous regions: 129->129
[2020-04-17T11:56:12.824+0900][gc,metaspace  ] GC(45) Metaspace: 34249K->34249K(1081344K)
[2020-04-17T11:56:12.824+0900][gc            ] GC(45) Pause Young (Normal) (G1 Evacuation Pause) 754M->143M(1024M) 5.761ms
[2020-04-17T11:56:12.824+0900][gc,cpu        ] GC(45) User=0.07s Sys=0.00s Real=0.00s
[2020-04-17T12:20:06.136+0900][gc,start      ] GC(46) Pause Young (Normal) (G1 Evacuation Pause)
[2020-04-17T12:20:06.136+0900][gc,task       ] GC(46) Using 23 workers of 23 for evacuation
[2020-04-17T12:20:06.139+0900][gc,phases     ] GC(46)   Pre Evacuate Collection Set: 0.0ms
[2020-04-17T12:20:06.139+0900][gc,phases     ] GC(46)   Evacuate Collection Set: 1.6ms
[2020-04-17T12:20:06.139+0900][gc,phases     ] GC(46)   Post Evacuate Collection Set: 1.1ms
[2020-04-17T12:20:06.139+0900][gc,phases     ] GC(46)   Other: 0.4ms
[2020-04-17T12:20:06.139+0900][gc,heap       ] GC(46) Eden regions: 611->0(611)
[2020-04-17T12:20:06.139+0900][gc,heap       ] GC(46) Survivor regions: 3->3(77)
[2020-04-17T12:20:06.139+0900][gc,heap       ] GC(46) Old regions: 13->13
[2020-04-17T12:20:06.139+0900][gc,heap       ] GC(46) Humongous regions: 129->129
[2020-04-17T12:20:06.139+0900][gc,metaspace  ] GC(46) Metaspace: 34272K->34272K(1081344K)
[2020-04-17T12:20:06.140+0900][gc            ] GC(46) Pause Young (Normal) (G1 Evacuation Pause) 754M->143M(1024M) 3.360ms
[2020-04-17T12:20:06.140+0900][gc,cpu        ] GC(46) User=0.03s Sys=0.00s Real=0.00s
[2020-04-17T12:47:03.339+0900][gc,start      ] GC(47) Pause Young (Normal) (G1 Evacuation Pause)
[2020-04-17T12:47:03.339+0900][gc,task       ] GC(47) Using 23 workers of 23 for evacuation
[2020-04-17T12:47:03.343+0900][gc,phases     ] GC(47)   Pre Evacuate Collection Set: 0.0ms
[2020-04-17T12:47:03.344+0900][gc,phases     ] GC(47)   Evacuate Collection Set: 2.9ms
[2020-04-17T12:47:03.344+0900][gc,phases     ] GC(47)   Post Evacuate Collection Set: 1.3ms
[2020-04-17T12:47:03.344+0900][gc,phases     ] GC(47)   Other: 0.4ms
[2020-04-17T12:47:03.344+0900][gc,heap       ] GC(47) Eden regions: 611->0(611)
[2020-04-17T12:47:03.344+0900][gc,heap       ] GC(47) Survivor regions: 3->3(77)
[2020-04-17T12:47:03.344+0900][gc,heap       ] GC(47) Old regions: 13->13
[2020-04-17T12:47:03.344+0900][gc,heap       ] GC(47) Humongous regions: 129->129
[2020-04-17T12:47:03.344+0900][gc,metaspace  ] GC(47) Metaspace: 34272K->34272K(1081344K)
[2020-04-17T12:47:03.344+0900][gc            ] GC(47) Pause Young (Normal) (G1 Evacuation Pause) 754M->143M(1024M) 4.881ms
[2020-04-17T12:47:03.344+0900][gc,cpu        ] GC(47) User=0.04s Sys=0.02s Real=0.00s
[2020-04-17T13:12:33.881+0900][gc,start      ] GC(48) Pause Young (Normal) (G1 Evacuation Pause)
[2020-04-17T13:12:33.881+0900][gc,task       ] GC(48) Using 23 workers of 23 for evacuation
[2020-04-17T13:12:33.884+0900][gc,phases     ] GC(48)   Pre Evacuate Collection Set: 0.1ms
[2020-04-17T13:12:33.884+0900][gc,phases     ] GC(48)   Evacuate Collection Set: 1.7ms
[2020-04-17T13:12:33.884+0900][gc,phases     ] GC(48)   Post Evacuate Collection Set: 1.1ms
[2020-04-17T13:12:33.884+0900][gc,phases     ] GC(48)   Other: 0.4ms
[2020-04-17T13:12:33.884+0900][gc,heap       ] GC(48) Eden regions: 611->0(611)
[2020-04-17T13:12:33.884+0900][gc,heap       ] GC(48) Survivor regions: 3->3(77)
[2020-04-17T13:12:33.884+0900][gc,heap       ] GC(48) Old regions: 13->13
[2020-04-17T13:12:33.884+0900][gc,heap       ] GC(48) Humongous regions: 129->129
[2020-04-17T13:12:33.884+0900][gc,metaspace  ] GC(48) Metaspace: 34272K->34272K(1081344K)
[2020-04-17T13:12:33.885+0900][gc            ] GC(48) Pause Young (Normal) (G1 Evacuation Pause) 754M->143M(1024M) 3.403ms
[2020-04-17T13:12:33.885+0900][gc,cpu        ] GC(48) User=0.04s Sys=0.00s Real=0.00s
[2020-04-17T13:37:20.985+0900][gc,start      ] GC(49) Pause Young (Normal) (G1 Evacuation Pause)
[2020-04-17T13:37:20.985+0900][gc,task       ] GC(49) Using 23 workers of 23 for evacuation
[2020-04-17T13:37:20.988+0900][gc,phases     ] GC(49)   Pre Evacuate Collection Set: 0.0ms
[2020-04-17T13:37:20.988+0900][gc,phases     ] GC(49)   Evacuate Collection Set: 1.7ms
[2020-04-17T13:37:20.988+0900][gc,phases     ] GC(49)   Post Evacuate Collection Set: 1.2ms
[2020-04-17T13:37:20.988+0900][gc,phases     ] GC(49)   Other: 0.5ms
[2020-04-17T13:37:20.988+0900][gc,heap       ] GC(49) Eden regions: 611->0(611)
[2020-04-17T13:37:20.988+0900][gc,heap       ] GC(49) Survivor regions: 3->3(77)
[2020-04-17T13:37:20.988+0900][gc,heap       ] GC(49) Old regions: 13->13
[2020-04-17T13:37:20.988+0900][gc,heap       ] GC(49) Humongous regions: 129->129
[2020-04-17T13:37:20.988+0900][gc,metaspace  ] GC(49) Metaspace: 34273K->34273K(1081344K)
[2020-04-17T13:37:20.988+0900][gc            ] GC(49) Pause Young (Normal) (G1 Evacuation Pause) 754M->143M(1024M) 3.563ms
[2020-04-17T13:37:20.988+0900][gc,cpu        ] GC(49) User=0.04s Sys=0.00s Real=0.01s
[2020-04-17T14:01:07.750+0900][gc,start      ] GC(50) Pause Young (Normal) (G1 Evacuation Pause)
[2020-04-17T14:01:07.750+0900][gc,task       ] GC(50) Using 23 workers of 23 for evacuation
[2020-04-17T14:01:07.754+0900][gc,phases     ] GC(50)   Pre Evacuate Collection Set: 0.0ms
[2020-04-17T14:01:07.754+0900][gc,phases     ] GC(50)   Evacuate Collection Set: 1.6ms
[2020-04-17T14:01:07.754+0900][gc,phases     ] GC(50)   Post Evacuate Collection Set: 1.1ms
[2020-04-17T14:01:07.754+0900][gc,phases     ] GC(50)   Other: 0.5ms
[2020-04-17T14:01:07.754+0900][gc,heap       ] GC(50) Eden regions: 611->0(611)
[2020-04-17T14:01:07.754+0900][gc,heap       ] GC(50) Survivor regions: 3->3(77)
[2020-04-17T14:01:07.754+0900][gc,heap       ] GC(50) Old regions: 13->13
[2020-04-17T14:01:07.754+0900][gc,heap       ] GC(50) Humongous regions: 129->129
[2020-04-17T14:01:07.754+0900][gc,metaspace  ] GC(50) Metaspace: 34277K->34277K(1081344K)
[2020-04-17T14:01:07.754+0900][gc            ] GC(50) Pause Young (Normal) (G1 Evacuation Pause) 754M->143M(1024M) 3.396ms
[2020-04-17T14:01:07.754+0900][gc,cpu        ] GC(50) User=0.03s Sys=0.02s Real=0.00s
[2020-04-17T14:23:51.450+0900][gc,start      ] GC(51) Pause Young (Normal) (G1 Evacuation Pause)
[2020-04-17T14:23:51.450+0900][gc,task       ] GC(51) Using 23 workers of 23 for evacuation
[2020-04-17T14:23:51.453+0900][gc,phases     ] GC(51)   Pre Evacuate Collection Set: 0.0ms
[2020-04-17T14:23:51.453+0900][gc,phases     ] GC(51)   Evacuate Collection Set: 1.7ms
[2020-04-17T14:23:51.453+0900][gc,phases     ] GC(51)   Post Evacuate Collection Set: 1.1ms
[2020-04-17T14:23:51.453+0900][gc,phases     ] GC(51)   Other: 0.4ms
[2020-04-17T14:23:51.453+0900][gc,heap       ] GC(51) Eden regions: 611->0(611)
[2020-04-17T14:23:51.453+0900][gc,heap       ] GC(51) Survivor regions: 3->3(77)
[2020-04-17T14:23:51.453+0900][gc,heap       ] GC(51) Old regions: 13->13
[2020-04-17T14:23:51.453+0900][gc,heap       ] GC(51) Humongous regions: 129->129
[2020-04-17T14:23:51.453+0900][gc,metaspace  ] GC(51) Metaspace: 34277K->34277K(1081344K)
[2020-04-17T14:23:51.453+0900][gc            ] GC(51) Pause Young (Normal) (G1 Evacuation Pause) 754M->143M(1024M) 3.459ms
[2020-04-17T14:23:51.453+0900][gc,cpu        ] GC(51) User=0.04s Sys=0.00s Real=0.00s
[2020-04-17T14:46:28.662+0900][gc,start      ] GC(52) Pause Young (Normal) (G1 Evacuation Pause)
[2020-04-17T14:46:28.663+0900][gc,task       ] GC(52) Using 23 workers of 23 for evacuation
[2020-04-17T14:46:28.666+0900][gc,phases     ] GC(52)   Pre Evacuate Collection Set: 0.0ms
[2020-04-17T14:46:28.666+0900][gc,phases     ] GC(52)   Evacuate Collection Set: 1.6ms
[2020-04-17T14:46:28.666+0900][gc,phases     ] GC(52)   Post Evacuate Collection Set: 1.3ms
[2020-04-17T14:46:28.666+0900][gc,phases     ] GC(52)   Other: 0.4ms
[2020-04-17T14:46:28.666+0900][gc,heap       ] GC(52) Eden regions: 611->0(611)
[2020-04-17T14:46:28.666+0900][gc,heap       ] GC(52) Survivor regions: 3->3(77)
[2020-04-17T14:46:28.666+0900][gc,heap       ] GC(52) Old regions: 13->13
[2020-04-17T14:46:28.666+0900][gc,heap       ] GC(52) Humongous regions: 129->129
[2020-04-17T14:46:28.666+0900][gc,metaspace  ] GC(52) Metaspace: 34277K->34277K(1081344K)
[2020-04-17T14:46:28.666+0900][gc            ] GC(52) Pause Young (Normal) (G1 Evacuation Pause) 754M->143M(1024M) 3.570ms
[2020-04-17T14:46:28.666+0900][gc,cpu        ] GC(52) User=0.02s Sys=0.01s Real=0.00s
[2020-04-17T15:08:33.217+0900][gc,start      ] GC(53) Pause Young (Normal) (G1 Evacuation Pause)
[2020-04-17T15:08:33.217+0900][gc,task       ] GC(53) Using 23 workers of 23 for evacuation
[2020-04-17T15:08:33.221+0900][gc,phases     ] GC(53)   Pre Evacuate Collection Set: 0.0ms
[2020-04-17T15:08:33.221+0900][gc,phases     ] GC(53)   Evacuate Collection Set: 1.6ms
[2020-04-17T15:08:33.221+0900][gc,phases     ] GC(53)   Post Evacuate Collection Set: 1.3ms
[2020-04-17T15:08:33.221+0900][gc,phases     ] GC(53)   Other: 0.5ms
[2020-04-17T15:08:33.221+0900][gc,heap       ] GC(53) Eden regions: 611->0(611)
[2020-04-17T15:08:33.221+0900][gc,heap       ] GC(53) Survivor regions: 3->3(77)
[2020-04-17T15:08:33.221+0900][gc,heap       ] GC(53) Old regions: 13->13
[2020-04-17T15:08:33.221+0900][gc,heap       ] GC(53) Humongous regions: 129->129
[2020-04-17T15:08:33.221+0900][gc,metaspace  ] GC(53) Metaspace: 34280K->34280K(1081344K)
[2020-04-17T15:08:33.221+0900][gc            ] GC(53) Pause Young (Normal) (G1 Evacuation Pause) 754M->143M(1024M) 3.664ms
[2020-04-17T15:08:33.221+0900][gc,cpu        ] GC(53) User=0.04s Sys=0.00s Real=0.00s
[2020-04-17T15:30:30.477+0900][gc,start      ] GC(54) Pause Young (Normal) (G1 Evacuation Pause)
[2020-04-17T15:30:30.477+0900][gc,task       ] GC(54) Using 23 workers of 23 for evacuation
[2020-04-17T15:30:30.480+0900][gc,phases     ] GC(54)   Pre Evacuate Collection Set: 0.0ms
[2020-04-17T15:30:30.480+0900][gc,phases     ] GC(54)   Evacuate Collection Set: 1.7ms
[2020-04-17T15:30:30.480+0900][gc,phases     ] GC(54)   Post Evacuate Collection Set: 1.4ms
[2020-04-17T15:30:30.480+0900][gc,phases     ] GC(54)   Other: 0.5ms
[2020-04-17T15:30:30.480+0900][gc,heap       ] GC(54) Eden regions: 611->0(611)
[2020-04-17T15:30:30.480+0900][gc,heap       ] GC(54) Survivor regions: 3->3(77)
[2020-04-17T15:30:30.480+0900][gc,heap       ] GC(54) Old regions: 13->13
[2020-04-17T15:30:30.480+0900][gc,heap       ] GC(54) Humongous regions: 129->129
[2020-04-17T15:30:30.480+0900][gc,metaspace  ] GC(54) Metaspace: 34282K->34282K(1081344K)
[2020-04-17T15:30:30.481+0900][gc            ] GC(54) Pause Young (Normal) (G1 Evacuation Pause) 754M->143M(1024M) 3.759ms
[2020-04-17T15:30:30.481+0900][gc,cpu        ] GC(54) User=0.04s Sys=0.00s Real=0.00s
[2020-04-17T15:52:34.574+0900][gc,start      ] GC(55) Pause Young (Normal) (G1 Evacuation Pause)
[2020-04-17T15:52:34.574+0900][gc,task       ] GC(55) Using 23 workers of 23 for evacuation
[2020-04-17T15:52:34.578+0900][gc,phases     ] GC(55)   Pre Evacuate Collection Set: 0.1ms
[2020-04-17T15:52:34.578+0900][gc,phases     ] GC(55)   Evacuate Collection Set: 1.8ms
[2020-04-17T15:52:34.578+0900][gc,phases     ] GC(55)   Post Evacuate Collection Set: 1.4ms
[2020-04-17T15:52:34.578+0900][gc,phases     ] GC(55)   Other: 0.5ms
[2020-04-17T15:52:34.578+0900][gc,heap       ] GC(55) Eden regions: 611->0(611)
[2020-04-17T15:52:34.578+0900][gc,heap       ] GC(55) Survivor regions: 3->3(77)
[2020-04-17T15:52:34.578+0900][gc,heap       ] GC(55) Old regions: 13->13
[2020-04-17T15:52:34.578+0900][gc,heap       ] GC(55) Humongous regions: 129->129
[2020-04-17T15:52:34.578+0900][gc,metaspace  ] GC(55) Metaspace: 34286K->34286K(1081344K)
[2020-04-17T15:52:34.578+0900][gc            ] GC(55) Pause Young (Normal) (G1 Evacuation Pause) 754M->143M(1024M) 3.927ms
[2020-04-17T15:52:34.578+0900][gc,cpu        ] GC(55) User=0.02s Sys=0.02s Real=0.01s
[2020-04-17T16:14:11.666+0900][gc,start      ] GC(56) Pause Young (Normal) (G1 Evacuation Pause)
[2020-04-17T16:14:11.666+0900][gc,task       ] GC(56) Using 23 workers of 23 for evacuation
[2020-04-17T16:14:11.670+0900][gc,phases     ] GC(56)   Pre Evacuate Collection Set: 0.0ms
[2020-04-17T16:14:11.670+0900][gc,phases     ] GC(56)   Evacuate Collection Set: 1.6ms
[2020-04-17T16:14:11.670+0900][gc,phases     ] GC(56)   Post Evacuate Collection Set: 1.4ms
[2020-04-17T16:14:11.670+0900][gc,phases     ] GC(56)   Other: 0.5ms
[2020-04-17T16:14:11.670+0900][gc,heap       ] GC(56) Eden regions: 611->0(611)
[2020-04-17T16:14:11.670+0900][gc,heap       ] GC(56) Survivor regions: 3->3(77)
[2020-04-17T16:14:11.670+0900][gc,heap       ] GC(56) Old regions: 13->13
[2020-04-17T16:14:11.670+0900][gc,heap       ] GC(56) Humongous regions: 129->129
[2020-04-17T16:14:11.670+0900][gc,metaspace  ] GC(56) Metaspace: 34286K->34286K(1081344K)
[2020-04-17T16:14:11.670+0900][gc            ] GC(56) Pause Young (Normal) (G1 Evacuation Pause) 754M->143M(1024M) 3.718ms
[2020-04-17T16:14:11.670+0900][gc,cpu        ] GC(56) User=0.03s Sys=0.02s Real=0.01s
[2020-04-17T16:37:59.655+0900][gc,start      ] GC(57) Pause Young (Normal) (G1 Evacuation Pause)
[2020-04-17T16:37:59.655+0900][gc,task       ] GC(57) Using 23 workers of 23 for evacuation
[2020-04-17T16:37:59.658+0900][gc,phases     ] GC(57)   Pre Evacuate Collection Set: 0.0ms
[2020-04-17T16:37:59.658+0900][gc,phases     ] GC(57)   Evacuate Collection Set: 1.6ms
[2020-04-17T16:37:59.658+0900][gc,phases     ] GC(57)   Post Evacuate Collection Set: 1.3ms
[2020-04-17T16:37:59.658+0900][gc,phases     ] GC(57)   Other: 0.3ms
[2020-04-17T16:37:59.658+0900][gc,heap       ] GC(57) Eden regions: 611->0(611)
[2020-04-17T16:37:59.658+0900][gc,heap       ] GC(57) Survivor regions: 3->3(77)
[2020-04-17T16:37:59.658+0900][gc,heap       ] GC(57) Old regions: 13->13
[2020-04-17T16:37:59.658+0900][gc,heap       ] GC(57) Humongous regions: 129->129
[2020-04-17T16:37:59.658+0900][gc,metaspace  ] GC(57) Metaspace: 34286K->34286K(1081344K)
[2020-04-17T16:37:59.658+0900][gc            ] GC(57) Pause Young (Normal) (G1 Evacuation Pause) 754M->143M(1024M) 3.392ms
[2020-04-17T16:37:59.658+0900][gc,cpu        ] GC(57) User=0.02s Sys=0.02s Real=0.00s
[2020-04-17T17:00:47.009+0900][gc,start      ] GC(58) Pause Young (Normal) (G1 Evacuation Pause)
[2020-04-17T17:00:47.009+0900][gc,task       ] GC(58) Using 23 workers of 23 for evacuation
[2020-04-17T17:00:47.011+0900][gc,phases     ] GC(58)   Pre Evacuate Collection Set: 0.0ms
[2020-04-17T17:00:47.011+0900][gc,phases     ] GC(58)   Evacuate Collection Set: 1.4ms
[2020-04-17T17:00:47.011+0900][gc,phases     ] GC(58)   Post Evacuate Collection Set: 0.9ms
[2020-04-17T17:00:47.011+0900][gc,phases     ] GC(58)   Other: 0.4ms
[2020-04-17T17:00:47.011+0900][gc,heap       ] GC(58) Eden regions: 611->0(611)
[2020-04-17T17:00:47.011+0900][gc,heap       ] GC(58) Survivor regions: 3->3(77)
[2020-04-17T17:00:47.011+0900][gc,heap       ] GC(58) Old regions: 13->13
[2020-04-17T17:00:47.011+0900][gc,heap       ] GC(58) Humongous regions: 129->129
[2020-04-17T17:00:47.012+0900][gc,metaspace  ] GC(58) Metaspace: 34286K->34286K(1081344K)
[2020-04-17T17:00:47.012+0900][gc            ] GC(58) Pause Young (Normal) (G1 Evacuation Pause) 754M->143M(1024M) 2.924ms
[2020-04-17T17:00:47.012+0900][gc,cpu        ] GC(58) User=0.03s Sys=0.00s Real=0.00s
[2020-04-17T17:24:58.507+0900][gc,start      ] GC(59) Pause Young (Normal) (G1 Evacuation Pause)
[2020-04-17T17:24:58.507+0900][gc,task       ] GC(59) Using 23 workers of 23 for evacuation
[2020-04-17T17:24:58.510+0900][gc,phases     ] GC(59)   Pre Evacuate Collection Set: 0.0ms
[2020-04-17T17:24:58.510+0900][gc,phases     ] GC(59)   Evacuate Collection Set: 1.4ms
[2020-04-17T17:24:58.510+0900][gc,phases     ] GC(59)   Post Evacuate Collection Set: 1.1ms
[2020-04-17T17:24:58.510+0900][gc,phases     ] GC(59)   Other: 0.3ms
[2020-04-17T17:24:58.510+0900][gc,heap       ] GC(59) Eden regions: 611->0(611)
[2020-04-17T17:24:58.510+0900][gc,heap       ] GC(59) Survivor regions: 3->3(77)
[2020-04-17T17:24:58.510+0900][gc,heap       ] GC(59) Old regions: 13->13
[2020-04-17T17:24:58.510+0900][gc,heap       ] GC(59) Humongous regions: 129->129
[2020-04-17T17:24:58.510+0900][gc,metaspace  ] GC(59) Metaspace: 34289K->34289K(1081344K)
[2020-04-17T17:24:58.510+0900][gc            ] GC(59) Pause Young (Normal) (G1 Evacuation Pause) 754M->143M(1024M) 2.962ms
[2020-04-17T17:24:58.510+0900][gc,cpu        ] GC(59) User=0.03s Sys=0.01s Real=0.00s
[2020-04-17T17:48:49.296+0900][gc,start      ] GC(60) Pause Young (Normal) (G1 Evacuation Pause)
[2020-04-17T17:48:49.296+0900][gc,task       ] GC(60) Using 23 workers of 23 for evacuation
[2020-04-17T17:48:49.299+0900][gc,phases     ] GC(60)   Pre Evacuate Collection Set: 0.0ms
[2020-04-17T17:48:49.299+0900][gc,phases     ] GC(60)   Evacuate Collection Set: 1.6ms
[2020-04-17T17:48:49.299+0900][gc,phases     ] GC(60)   Post Evacuate Collection Set: 1.5ms
[2020-04-17T17:48:49.299+0900][gc,phases     ] GC(60)   Other: 0.5ms
[2020-04-17T17:48:49.299+0900][gc,heap       ] GC(60) Eden regions: 611->0(611)
[2020-04-17T17:48:49.299+0900][gc,heap       ] GC(60) Survivor regions: 3->3(77)
[2020-04-17T17:48:49.299+0900][gc,heap       ] GC(60) Old regions: 13->13
[2020-04-17T17:48:49.299+0900][gc,heap       ] GC(60) Humongous regions: 129->129
[2020-04-17T17:48:49.299+0900][gc,metaspace  ] GC(60) Metaspace: 34290K->34290K(1081344K)
[2020-04-17T17:48:49.299+0900][gc            ] GC(60) Pause Young (Normal) (G1 Evacuation Pause) 754M->143M(1024M) 3.736ms
[2020-04-17T17:48:49.300+0900][gc,cpu        ] GC(60) User=0.04s Sys=0.00s Real=0.00s
[2020-04-17T18:12:08.877+0900][gc,start      ] GC(61) Pause Young (Normal) (G1 Evacuation Pause)
[2020-04-17T18:12:08.877+0900][gc,task       ] GC(61) Using 23 workers of 23 for evacuation
[2020-04-17T18:12:08.881+0900][gc,phases     ] GC(61)   Pre Evacuate Collection Set: 0.1ms
[2020-04-17T18:12:08.881+0900][gc,phases     ] GC(61)   Evacuate Collection Set: 1.6ms
[2020-04-17T18:12:08.881+0900][gc,phases     ] GC(61)   Post Evacuate Collection Set: 1.3ms
[2020-04-17T18:12:08.881+0900][gc,phases     ] GC(61)   Other: 0.4ms
[2020-04-17T18:12:08.881+0900][gc,heap       ] GC(61) Eden regions: 611->0(611)
[2020-04-17T18:12:08.881+0900][gc,heap       ] GC(61) Survivor regions: 3->3(77)
[2020-04-17T18:12:08.881+0900][gc,heap       ] GC(61) Old regions: 13->13
[2020-04-17T18:12:08.881+0900][gc,heap       ] GC(61) Humongous regions: 129->129
[2020-04-17T18:12:08.881+0900][gc,metaspace  ] GC(61) Metaspace: 34290K->34290K(1081344K)
[2020-04-17T18:12:08.881+0900][gc            ] GC(61) Pause Young (Normal) (G1 Evacuation Pause) 754M->143M(1024M) 3.445ms
[2020-04-17T18:12:08.881+0900][gc,cpu        ] GC(61) User=0.04s Sys=0.00s Real=0.00s
[2020-04-17T18:35:46.321+0900][gc,start      ] GC(62) Pause Young (Normal) (G1 Evacuation Pause)
[2020-04-17T18:35:46.321+0900][gc,task       ] GC(62) Using 23 workers of 23 for evacuation
[2020-04-17T18:35:46.325+0900][gc,phases     ] GC(62)   Pre Evacuate Collection Set: 0.0ms
[2020-04-17T18:35:46.325+0900][gc,phases     ] GC(62)   Evacuate Collection Set: 1.6ms
[2020-04-17T18:35:46.325+0900][gc,phases     ] GC(62)   Post Evacuate Collection Set: 1.4ms
[2020-04-17T18:35:46.325+0900][gc,phases     ] GC(62)   Other: 0.5ms
[2020-04-17T18:35:46.325+0900][gc,heap       ] GC(62) Eden regions: 611->0(611)
[2020-04-17T18:35:46.325+0900][gc,heap       ] GC(62) Survivor regions: 3->3(77)
[2020-04-17T18:35:46.325+0900][gc,heap       ] GC(62) Old regions: 13->13
[2020-04-17T18:35:46.325+0900][gc,heap       ] GC(62) Humongous regions: 129->129
[2020-04-17T18:35:46.325+0900][gc,metaspace  ] GC(62) Metaspace: 34291K->34291K(1081344K)
[2020-04-17T18:35:46.325+0900][gc            ] GC(62) Pause Young (Normal) (G1 Evacuation Pause) 754M->143M(1024M) 3.718ms
[2020-04-17T18:35:46.325+0900][gc,cpu        ] GC(62) User=0.04s Sys=0.00s Real=0.00s
[2020-04-17T18:58:29.965+0900][gc,start      ] GC(63) Pause Young (Normal) (G1 Evacuation Pause)
[2020-04-17T18:58:29.965+0900][gc,task       ] GC(63) Using 23 workers of 23 for evacuation
[2020-04-17T18:58:29.969+0900][gc,phases     ] GC(63)   Pre Evacuate Collection Set: 0.0ms
[2020-04-17T18:58:29.969+0900][gc,phases     ] GC(63)   Evacuate Collection Set: 1.6ms
[2020-04-17T18:58:29.969+0900][gc,phases     ] GC(63)   Post Evacuate Collection Set: 1.3ms
[2020-04-17T18:58:29.969+0900][gc,phases     ] GC(63)   Other: 0.4ms
[2020-04-17T18:58:29.969+0900][gc,heap       ] GC(63) Eden regions: 611->0(611)
[2020-04-17T18:58:29.969+0900][gc,heap       ] GC(63) Survivor regions: 3->3(77)
[2020-04-17T18:58:29.969+0900][gc,heap       ] GC(63) Old regions: 13->13
[2020-04-17T18:58:29.969+0900][gc,heap       ] GC(63) Humongous regions: 129->129
[2020-04-17T18:58:29.969+0900][gc,metaspace  ] GC(63) Metaspace: 34305K->34305K(1081344K)
[2020-04-17T18:58:29.969+0900][gc            ] GC(63) Pause Young (Normal) (G1 Evacuation Pause) 754M->143M(1024M) 3.567ms
[2020-04-17T18:58:29.969+0900][gc,cpu        ] GC(63) User=0.04s Sys=0.00s Real=0.01s
[2020-04-17T19:21:32.372+0900][gc,start      ] GC(64) Pause Young (Normal) (G1 Evacuation Pause)
[2020-04-17T19:21:32.372+0900][gc,task       ] GC(64) Using 23 workers of 23 for evacuation
[2020-04-17T19:21:32.375+0900][gc,phases     ] GC(64)   Pre Evacuate Collection Set: 0.0ms
[2020-04-17T19:21:32.375+0900][gc,phases     ] GC(64)   Evacuate Collection Set: 1.5ms
[2020-04-17T19:21:32.375+0900][gc,phases     ] GC(64)   Post Evacuate Collection Set: 1.3ms
[2020-04-17T19:21:32.375+0900][gc,phases     ] GC(64)   Other: 0.4ms
[2020-04-17T19:21:32.375+0900][gc,heap       ] GC(64) Eden regions: 611->0(611)
[2020-04-17T19:21:32.375+0900][gc,heap       ] GC(64) Survivor regions: 3->3(77)
[2020-04-17T19:21:32.375+0900][gc,heap       ] GC(64) Old regions: 13->13
[2020-04-17T19:21:32.375+0900][gc,heap       ] GC(64) Humongous regions: 129->129
[2020-04-17T19:21:32.375+0900][gc,metaspace  ] GC(64) Metaspace: 34336K->34336K(1081344K)
[2020-04-17T19:21:32.375+0900][gc            ] GC(64) Pause Young (Normal) (G1 Evacuation Pause) 754M->143M(1024M) 3.465ms
[2020-04-17T19:21:32.375+0900][gc,cpu        ] GC(64) User=0.03s Sys=0.01s Real=0.01s
[2020-04-17T19:45:15.245+0900][gc,start      ] GC(65) Pause Young (Normal) (G1 Evacuation Pause)
[2020-04-17T19:45:15.245+0900][gc,task       ] GC(65) Using 23 workers of 23 for evacuation
[2020-04-17T19:45:15.248+0900][gc,phases     ] GC(65)   Pre Evacuate Collection Set: 0.0ms
[2020-04-17T19:45:15.248+0900][gc,phases     ] GC(65)   Evacuate Collection Set: 1.4ms
[2020-04-17T19:45:15.249+0900][gc,phases     ] GC(65)   Post Evacuate Collection Set: 1.2ms
[2020-04-17T19:45:15.249+0900][gc,phases     ] GC(65)   Other: 0.4ms
[2020-04-17T19:45:15.249+0900][gc,heap       ] GC(65) Eden regions: 611->0(611)
[2020-04-17T19:45:15.249+0900][gc,heap       ] GC(65) Survivor regions: 3->3(77)
[2020-04-17T19:45:15.249+0900][gc,heap       ] GC(65) Old regions: 13->13
[2020-04-17T19:45:15.249+0900][gc,heap       ] GC(65) Humongous regions: 129->129
[2020-04-17T19:45:15.249+0900][gc,metaspace  ] GC(65) Metaspace: 34337K->34337K(1081344K)
[2020-04-17T19:45:15.249+0900][gc            ] GC(65) Pause Young (Normal) (G1 Evacuation Pause) 754M->143M(1024M) 3.222ms
[2020-04-17T19:45:15.249+0900][gc,cpu        ] GC(65) User=0.04s Sys=0.00s Real=0.01s
[2020-04-17T20:08:44.192+0900][gc,start      ] GC(66) Pause Young (Normal) (G1 Evacuation Pause)
[2020-04-17T20:08:44.192+0900][gc,task       ] GC(66) Using 23 workers of 23 for evacuation
[2020-04-17T20:08:44.196+0900][gc,phases     ] GC(66)   Pre Evacuate Collection Set: 0.0ms
[2020-04-17T20:08:44.196+0900][gc,phases     ] GC(66)   Evacuate Collection Set: 1.7ms
[2020-04-17T20:08:44.196+0900][gc,phases     ] GC(66)   Post Evacuate Collection Set: 1.5ms
[2020-04-17T20:08:44.196+0900][gc,phases     ] GC(66)   Other: 0.4ms
[2020-04-17T20:08:44.196+0900][gc,heap       ] GC(66) Eden regions: 611->0(611)
[2020-04-17T20:08:44.196+0900][gc,heap       ] GC(66) Survivor regions: 3->3(77)
[2020-04-17T20:08:44.196+0900][gc,heap       ] GC(66) Old regions: 13->13
[2020-04-17T20:08:44.196+0900][gc,heap       ] GC(66) Humongous regions: 129->129
[2020-04-17T20:08:44.196+0900][gc,metaspace  ] GC(66) Metaspace: 34338K->34338K(1081344K)
[2020-04-17T20:08:44.196+0900][gc            ] GC(66) Pause Young (Normal) (G1 Evacuation Pause) 754M->143M(1024M) 3.825ms
[2020-04-17T20:08:44.196+0900][gc,cpu        ] GC(66) User=0.05s Sys=0.00s Real=0.01s
[2020-04-17T20:32:24.133+0900][gc,start      ] GC(67) Pause Young (Normal) (G1 Evacuation Pause)
[2020-04-17T20:32:24.133+0900][gc,task       ] GC(67) Using 23 workers of 23 for evacuation
[2020-04-17T20:32:24.137+0900][gc,phases     ] GC(67)   Pre Evacuate Collection Set: 0.0ms
[2020-04-17T20:32:24.137+0900][gc,phases     ] GC(67)   Evacuate Collection Set: 1.7ms
[2020-04-17T20:32:24.137+0900][gc,phases     ] GC(67)   Post Evacuate Collection Set: 1.4ms
[2020-04-17T20:32:24.137+0900][gc,phases     ] GC(67)   Other: 0.4ms
[2020-04-17T20:32:24.137+0900][gc,heap       ] GC(67) Eden regions: 611->0(611)
[2020-04-17T20:32:24.137+0900][gc,heap       ] GC(67) Survivor regions: 3->3(77)
[2020-04-17T20:32:24.137+0900][gc,heap       ] GC(67) Old regions: 13->13
[2020-04-17T20:32:24.137+0900][gc,heap       ] GC(67) Humongous regions: 129->129
[2020-04-17T20:32:24.137+0900][gc,metaspace  ] GC(67) Metaspace: 34340K->34340K(1081344K)
[2020-04-17T20:32:24.137+0900][gc            ] GC(67) Pause Young (Normal) (G1 Evacuation Pause) 754M->143M(1024M) 3.775ms
[2020-04-17T20:32:24.137+0900][gc,cpu        ] GC(67) User=0.04s Sys=0.00s Real=0.01s
[2020-04-17T20:56:04.129+0900][gc,start      ] GC(68) Pause Young (Normal) (G1 Evacuation Pause)
[2020-04-17T20:56:04.129+0900][gc,task       ] GC(68) Using 23 workers of 23 for evacuation
[2020-04-17T20:56:04.132+0900][gc,phases     ] GC(68)   Pre Evacuate Collection Set: 0.0ms
[2020-04-17T20:56:04.132+0900][gc,phases     ] GC(68)   Evacuate Collection Set: 1.6ms
[2020-04-17T20:56:04.132+0900][gc,phases     ] GC(68)   Post Evacuate Collection Set: 1.4ms
[2020-04-17T20:56:04.132+0900][gc,phases     ] GC(68)   Other: 0.5ms
[2020-04-17T20:56:04.132+0900][gc,heap       ] GC(68) Eden regions: 611->0(611)
[2020-04-17T20:56:04.132+0900][gc,heap       ] GC(68) Survivor regions: 3->3(77)
[2020-04-17T20:56:04.132+0900][gc,heap       ] GC(68) Old regions: 13->13
[2020-04-17T20:56:04.132+0900][gc,heap       ] GC(68) Humongous regions: 129->129
[2020-04-17T20:56:04.132+0900][gc,metaspace  ] GC(68) Metaspace: 34340K->34340K(1081344K)
[2020-04-17T20:56:04.132+0900][gc            ] GC(68) Pause Young (Normal) (G1 Evacuation Pause) 754M->143M(1024M) 3.658ms
[2020-04-17T20:56:04.133+0900][gc,cpu        ] GC(68) User=0.04s Sys=0.00s Real=0.00s
[2020-04-17T21:19:39.227+0900][gc,start      ] GC(69) Pause Young (Normal) (G1 Evacuation Pause)
[2020-04-17T21:19:39.227+0900][gc,task       ] GC(69) Using 23 workers of 23 for evacuation
[2020-04-17T21:19:39.231+0900][gc,phases     ] GC(69)   Pre Evacuate Collection Set: 0.0ms
[2020-04-17T21:19:39.231+0900][gc,phases     ] GC(69)   Evacuate Collection Set: 1.7ms
[2020-04-17T21:19:39.231+0900][gc,phases     ] GC(69)   Post Evacuate Collection Set: 1.5ms
[2020-04-17T21:19:39.231+0900][gc,phases     ] GC(69)   Other: 0.4ms
[2020-04-17T21:19:39.231+0900][gc,heap       ] GC(69) Eden regions: 611->0(611)
[2020-04-17T21:19:39.231+0900][gc,heap       ] GC(69) Survivor regions: 3->3(77)
[2020-04-17T21:19:39.231+0900][gc,heap       ] GC(69) Old regions: 13->13
[2020-04-17T21:19:39.231+0900][gc,heap       ] GC(69) Humongous regions: 129->129
[2020-04-17T21:19:39.231+0900][gc,metaspace  ] GC(69) Metaspace: 34340K->34340K(1081344K)
[2020-04-17T21:19:39.231+0900][gc            ] GC(69) Pause Young (Normal) (G1 Evacuation Pause) 754M->143M(1024M) 3.881ms
[2020-04-17T21:19:39.231+0900][gc,cpu        ] GC(69) User=0.02s Sys=0.02s Real=0.00s
[2020-04-17T21:43:14.574+0900][gc,start      ] GC(70) Pause Young (Normal) (G1 Evacuation Pause)
[2020-04-17T21:43:14.574+0900][gc,task       ] GC(70) Using 23 workers of 23 for evacuation
[2020-04-17T21:43:14.577+0900][gc,phases     ] GC(70)   Pre Evacuate Collection Set: 0.0ms
[2020-04-17T21:43:14.577+0900][gc,phases     ] GC(70)   Evacuate Collection Set: 1.6ms
[2020-04-17T21:43:14.577+0900][gc,phases     ] GC(70)   Post Evacuate Collection Set: 1.2ms
[2020-04-17T21:43:14.577+0900][gc,phases     ] GC(70)   Other: 0.4ms
[2020-04-17T21:43:14.577+0900][gc,heap       ] GC(70) Eden regions: 611->0(611)
[2020-04-17T21:43:14.577+0900][gc,heap       ] GC(70) Survivor regions: 3->3(77)
[2020-04-17T21:43:14.577+0900][gc,heap       ] GC(70) Old regions: 13->13
[2020-04-17T21:43:14.577+0900][gc,heap       ] GC(70) Humongous regions: 129->129
[2020-04-17T21:43:14.577+0900][gc,metaspace  ] GC(70) Metaspace: 34353K->34353K(1081344K)
[2020-04-17T21:43:14.577+0900][gc            ] GC(70) Pause Young (Normal) (G1 Evacuation Pause) 754M->143M(1024M) 3.339ms
[2020-04-17T21:43:14.577+0900][gc,cpu        ] GC(70) User=0.02s Sys=0.01s Real=0.01s
[2020-04-17T22:06:50.880+0900][gc,start      ] GC(71) Pause Young (Normal) (G1 Evacuation Pause)
[2020-04-17T22:06:50.880+0900][gc,task       ] GC(71) Using 23 workers of 23 for evacuation
[2020-04-17T22:06:50.883+0900][gc,phases     ] GC(71)   Pre Evacuate Collection Set: 0.0ms
[2020-04-17T22:06:50.883+0900][gc,phases     ] GC(71)   Evacuate Collection Set: 1.4ms
[2020-04-17T22:06:50.883+0900][gc,phases     ] GC(71)   Post Evacuate Collection Set: 1.2ms
[2020-04-17T22:06:50.883+0900][gc,phases     ] GC(71)   Other: 0.4ms
[2020-04-17T22:06:50.883+0900][gc,heap       ] GC(71) Eden regions: 611->0(611)
[2020-04-17T22:06:50.883+0900][gc,heap       ] GC(71) Survivor regions: 3->3(77)
[2020-04-17T22:06:50.883+0900][gc,heap       ] GC(71) Old regions: 13->13
[2020-04-17T22:06:50.883+0900][gc,heap       ] GC(71) Humongous regions: 129->129
[2020-04-17T22:06:50.883+0900][gc,metaspace  ] GC(71) Metaspace: 34354K->34354K(1081344K)
[2020-04-17T22:06:50.883+0900][gc            ] GC(71) Pause Young (Normal) (G1 Evacuation Pause) 754M->143M(1024M) 3.204ms
[2020-04-17T22:06:50.883+0900][gc,cpu        ] GC(71) User=0.04s Sys=0.00s Real=0.00s
[2020-04-17T22:30:43.238+0900][gc,start      ] GC(72) Pause Young (Normal) (G1 Evacuation Pause)
[2020-04-17T22:30:43.238+0900][gc,task       ] GC(72) Using 23 workers of 23 for evacuation
[2020-04-17T22:30:43.241+0900][gc,phases     ] GC(72)   Pre Evacuate Collection Set: 0.0ms
[2020-04-17T22:30:43.241+0900][gc,phases     ] GC(72)   Evacuate Collection Set: 1.7ms
[2020-04-17T22:30:43.241+0900][gc,phases     ] GC(72)   Post Evacuate Collection Set: 1.1ms
[2020-04-17T22:30:43.241+0900][gc,phases     ] GC(72)   Other: 0.4ms
[2020-04-17T22:30:43.241+0900][gc,heap       ] GC(72) Eden regions: 611->0(611)
[2020-04-17T22:30:43.241+0900][gc,heap       ] GC(72) Survivor regions: 3->3(77)
[2020-04-17T22:30:43.241+0900][gc,heap       ] GC(72) Old regions: 13->13
[2020-04-17T22:30:43.241+0900][gc,heap       ] GC(72) Humongous regions: 129->129
[2020-04-17T22:30:43.241+0900][gc,metaspace  ] GC(72) Metaspace: 34354K->34354K(1081344K)
[2020-04-17T22:30:43.241+0900][gc            ] GC(72) Pause Young (Normal) (G1 Evacuation Pause) 754M->143M(1024M) 3.461ms
[2020-04-17T22:30:43.241+0900][gc,cpu        ] GC(72) User=0.03s Sys=0.01s Real=0.00s
[2020-04-17T22:54:30.482+0900][gc,start      ] GC(73) Pause Young (Normal) (G1 Evacuation Pause)
[2020-04-17T22:54:30.482+0900][gc,task       ] GC(73) Using 23 workers of 23 for evacuation
[2020-04-17T22:54:30.486+0900][gc,phases     ] GC(73)   Pre Evacuate Collection Set: 0.0ms
[2020-04-17T22:54:30.486+0900][gc,phases     ] GC(73)   Evacuate Collection Set: 1.7ms
[2020-04-17T22:54:30.486+0900][gc,phases     ] GC(73)   Post Evacuate Collection Set: 1.5ms
[2020-04-17T22:54:30.486+0900][gc,phases     ] GC(73)   Other: 0.4ms
[2020-04-17T22:54:30.486+0900][gc,heap       ] GC(73) Eden regions: 611->0(611)
[2020-04-17T22:54:30.486+0900][gc,heap       ] GC(73) Survivor regions: 3->3(77)
[2020-04-17T22:54:30.486+0900][gc,heap       ] GC(73) Old regions: 13->13
[2020-04-17T22:54:30.486+0900][gc,heap       ] GC(73) Humongous regions: 129->129
[2020-04-17T22:54:30.486+0900][gc,metaspace  ] GC(73) Metaspace: 34354K->34354K(1081344K)
[2020-04-17T22:54:30.486+0900][gc            ] GC(73) Pause Young (Normal) (G1 Evacuation Pause) 754M->143M(1024M) 3.805ms
[2020-04-17T22:54:30.486+0900][gc,cpu        ] GC(73) User=0.04s Sys=0.01s Real=0.01s
[2020-04-17T23:18:09.574+0900][gc,start      ] GC(74) Pause Young (Normal) (G1 Evacuation Pause)
[2020-04-17T23:18:09.574+0900][gc,task       ] GC(74) Using 23 workers of 23 for evacuation
[2020-04-17T23:18:09.577+0900][gc,phases     ] GC(74)   Pre Evacuate Collection Set: 0.0ms
[2020-04-17T23:18:09.577+0900][gc,phases     ] GC(74)   Evacuate Collection Set: 1.4ms
[2020-04-17T23:18:09.577+0900][gc,phases     ] GC(74)   Post Evacuate Collection Set: 0.9ms
[2020-04-17T23:18:09.577+0900][gc,phases     ] GC(74)   Other: 0.3ms
[2020-04-17T23:18:09.577+0900][gc,heap       ] GC(74) Eden regions: 611->0(611)
[2020-04-17T23:18:09.577+0900][gc,heap       ] GC(74) Survivor regions: 3->3(77)
[2020-04-17T23:18:09.577+0900][gc,heap       ] GC(74) Old regions: 13->13
[2020-04-17T23:18:09.577+0900][gc,heap       ] GC(74) Humongous regions: 129->129
[2020-04-17T23:18:09.577+0900][gc,metaspace  ] GC(74) Metaspace: 34354K->34354K(1081344K)
[2020-04-17T23:18:09.577+0900][gc            ] GC(74) Pause Young (Normal) (G1 Evacuation Pause) 754M->143M(1024M) 2.788ms
[2020-04-17T23:18:09.577+0900][gc,cpu        ] GC(74) User=0.03s Sys=0.01s Real=0.01s
[2020-04-17T23:42:03.650+0900][gc,start      ] GC(75) Pause Young (Normal) (G1 Evacuation Pause)
[2020-04-17T23:42:03.650+0900][gc,task       ] GC(75) Using 23 workers of 23 for evacuation
[2020-04-17T23:42:03.653+0900][gc,phases     ] GC(75)   Pre Evacuate Collection Set: 0.0ms
[2020-04-17T23:42:03.653+0900][gc,phases     ] GC(75)   Evacuate Collection Set: 1.6ms
[2020-04-17T23:42:03.653+0900][gc,phases     ] GC(75)   Post Evacuate Collection Set: 1.3ms
[2020-04-17T23:42:03.653+0900][gc,phases     ] GC(75)   Other: 0.4ms
[2020-04-17T23:42:03.653+0900][gc,heap       ] GC(75) Eden regions: 611->0(611)
[2020-04-17T23:42:03.653+0900][gc,heap       ] GC(75) Survivor regions: 3->3(77)
[2020-04-17T23:42:03.653+0900][gc,heap       ] GC(75) Old regions: 13->13
[2020-04-17T23:42:03.653+0900][gc,heap       ] GC(75) Humongous regions: 129->129
[2020-04-17T23:42:03.653+0900][gc,metaspace  ] GC(75) Metaspace: 34358K->34358K(1081344K)
[2020-04-17T23:42:03.653+0900][gc            ] GC(75) Pause Young (Normal) (G1 Evacuation Pause) 754M->143M(1024M) 3.441ms
[2020-04-17T23:42:03.653+0900][gc,cpu        ] GC(75) User=0.04s Sys=0.00s Real=0.00s
[2020-04-18T00:05:41.162+0900][gc,start      ] GC(76) Pause Young (Normal) (G1 Evacuation Pause)
[2020-04-18T00:05:41.162+0900][gc,task       ] GC(76) Using 23 workers of 23 for evacuation
[2020-04-18T00:05:41.165+0900][gc,phases     ] GC(76)   Pre Evacuate Collection Set: 0.0ms
[2020-04-18T00:05:41.165+0900][gc,phases     ] GC(76)   Evacuate Collection Set: 1.6ms
[2020-04-18T00:05:41.165+0900][gc,phases     ] GC(76)   Post Evacuate Collection Set: 1.3ms
[2020-04-18T00:05:41.165+0900][gc,phases     ] GC(76)   Other: 0.4ms
[2020-04-18T00:05:41.165+0900][gc,heap       ] GC(76) Eden regions: 611->0(611)
[2020-04-18T00:05:41.165+0900][gc,heap       ] GC(76) Survivor regions: 3->3(77)
[2020-04-18T00:05:41.165+0900][gc,heap       ] GC(76) Old regions: 13->13
[2020-04-18T00:05:41.165+0900][gc,heap       ] GC(76) Humongous regions: 129->129
[2020-04-18T00:05:41.165+0900][gc,metaspace  ] GC(76) Metaspace: 34358K->34358K(1081344K)
[2020-04-18T00:05:41.165+0900][gc            ] GC(76) Pause Young (Normal) (G1 Evacuation Pause) 754M->143M(1024M) 3.479ms
[2020-04-18T00:05:41.165+0900][gc,cpu        ] GC(76) User=0.02s Sys=0.02s Real=0.00s
[2020-04-18T00:29:31.539+0900][gc,start      ] GC(77) Pause Young (Normal) (G1 Evacuation Pause)
[2020-04-18T00:29:31.539+0900][gc,task       ] GC(77) Using 23 workers of 23 for evacuation
[2020-04-18T00:29:31.543+0900][gc,phases     ] GC(77)   Pre Evacuate Collection Set: 0.0ms
[2020-04-18T00:29:31.543+0900][gc,phases     ] GC(77)   Evacuate Collection Set: 1.6ms
[2020-04-18T00:29:31.543+0900][gc,phases     ] GC(77)   Post Evacuate Collection Set: 1.3ms
[2020-04-18T00:29:31.543+0900][gc,phases     ] GC(77)   Other: 0.5ms
[2020-04-18T00:29:31.543+0900][gc,heap       ] GC(77) Eden regions: 611->0(611)
[2020-04-18T00:29:31.543+0900][gc,heap       ] GC(77) Survivor regions: 3->3(77)
[2020-04-18T00:29:31.543+0900][gc,heap       ] GC(77) Old regions: 13->13
[2020-04-18T00:29:31.543+0900][gc,heap       ] GC(77) Humongous regions: 129->129
[2020-04-18T00:29:31.543+0900][gc,metaspace  ] GC(77) Metaspace: 34358K->34358K(1081344K)
[2020-04-18T00:29:31.543+0900][gc            ] GC(77) Pause Young (Normal) (G1 Evacuation Pause) 754M->143M(1024M) 3.504ms
[2020-04-18T00:29:31.543+0900][gc,cpu        ] GC(77) User=0.03s Sys=0.01s Real=0.00s
[2020-04-18T00:53:23.335+0900][gc,start      ] GC(78) Pause Young (Normal) (G1 Evacuation Pause)
[2020-04-18T00:53:23.335+0900][gc,task       ] GC(78) Using 23 workers of 23 for evacuation
[2020-04-18T00:53:23.339+0900][gc,phases     ] GC(78)   Pre Evacuate Collection Set: 0.0ms
[2020-04-18T00:53:23.339+0900][gc,phases     ] GC(78)   Evacuate Collection Set: 1.6ms
[2020-04-18T00:53:23.339+0900][gc,phases     ] GC(78)   Post Evacuate Collection Set: 1.4ms
[2020-04-18T00:53:23.339+0900][gc,phases     ] GC(78)   Other: 0.4ms
[2020-04-18T00:53:23.339+0900][gc,heap       ] GC(78) Eden regions: 611->0(611)
[2020-04-18T00:53:23.339+0900][gc,heap       ] GC(78) Survivor regions: 3->3(77)
[2020-04-18T00:53:23.339+0900][gc,heap       ] GC(78) Old regions: 13->13
[2020-04-18T00:53:23.339+0900][gc,heap       ] GC(78) Humongous regions: 129->129
[2020-04-18T00:53:23.339+0900][gc,metaspace  ] GC(78) Metaspace: 34358K->34358K(1081344K)
[2020-04-18T00:53:23.339+0900][gc            ] GC(78) Pause Young (Normal) (G1 Evacuation Pause) 754M->143M(1024M) 3.667ms
[2020-04-18T00:53:23.339+0900][gc,cpu        ] GC(78) User=0.02s Sys=0.02s Real=0.00s
[2020-04-18T01:17:07.231+0900][gc,start      ] GC(79) Pause Young (Normal) (G1 Evacuation Pause)
[2020-04-18T01:17:07.231+0900][gc,task       ] GC(79) Using 23 workers of 23 for evacuation
[2020-04-18T01:17:07.234+0900][gc,phases     ] GC(79)   Pre Evacuate Collection Set: 0.0ms
[2020-04-18T01:17:07.234+0900][gc,phases     ] GC(79)   Evacuate Collection Set: 1.6ms
[2020-04-18T01:17:07.234+0900][gc,phases     ] GC(79)   Post Evacuate Collection Set: 1.0ms
[2020-04-18T01:17:07.234+0900][gc,phases     ] GC(79)   Other: 0.4ms
[2020-04-18T01:17:07.234+0900][gc,heap       ] GC(79) Eden regions: 611->0(611)
[2020-04-18T01:17:07.234+0900][gc,heap       ] GC(79) Survivor regions: 3->3(77)
[2020-04-18T01:17:07.234+0900][gc,heap       ] GC(79) Old regions: 13->13
[2020-04-18T01:17:07.234+0900][gc,heap       ] GC(79) Humongous regions: 129->129
[2020-04-18T01:17:07.234+0900][gc,metaspace  ] GC(79) Metaspace: 34358K->34358K(1081344K)
[2020-04-18T01:17:07.234+0900][gc            ] GC(79) Pause Young (Normal) (G1 Evacuation Pause) 754M->143M(1024M) 3.329ms
[2020-04-18T01:17:07.234+0900][gc,cpu        ] GC(79) User=0.02s Sys=0.01s Real=0.01s
[2020-04-18T01:40:57.817+0900][gc,start      ] GC(80) Pause Young (Normal) (G1 Evacuation Pause)
[2020-04-18T01:40:57.817+0900][gc,task       ] GC(80) Using 23 workers of 23 for evacuation
[2020-04-18T01:40:57.821+0900][gc,phases     ] GC(80)   Pre Evacuate Collection Set: 0.0ms
[2020-04-18T01:40:57.821+0900][gc,phases     ] GC(80)   Evacuate Collection Set: 1.6ms
[2020-04-18T01:40:57.821+0900][gc,phases     ] GC(80)   Post Evacuate Collection Set: 1.4ms
[2020-04-18T01:40:57.821+0900][gc,phases     ] GC(80)   Other: 0.5ms
[2020-04-18T01:40:57.821+0900][gc,heap       ] GC(80) Eden regions: 611->0(611)
[2020-04-18T01:40:57.821+0900][gc,heap       ] GC(80) Survivor regions: 3->3(77)
[2020-04-18T01:40:57.821+0900][gc,heap       ] GC(80) Old regions: 13->13
[2020-04-18T01:40:57.821+0900][gc,heap       ] GC(80) Humongous regions: 129->129
[2020-04-18T01:40:57.821+0900][gc,metaspace  ] GC(80) Metaspace: 34358K->34358K(1081344K)
[2020-04-18T01:40:57.821+0900][gc            ] GC(80) Pause Young (Normal) (G1 Evacuation Pause) 754M->143M(1024M) 3.720ms
[2020-04-18T01:40:57.821+0900][gc,cpu        ] GC(80) User=0.04s Sys=0.00s Real=0.00s
[2020-04-18T02:04:38.901+0900][gc,start      ] GC(81) Pause Young (Normal) (G1 Evacuation Pause)
[2020-04-18T02:04:38.901+0900][gc,task       ] GC(81) Using 23 workers of 23 for evacuation
[2020-04-18T02:04:38.904+0900][gc,phases     ] GC(81)   Pre Evacuate Collection Set: 0.0ms
[2020-04-18T02:04:38.904+0900][gc,phases     ] GC(81)   Evacuate Collection Set: 1.7ms
[2020-04-18T02:04:38.904+0900][gc,phases     ] GC(81)   Post Evacuate Collection Set: 1.1ms
[2020-04-18T02:04:38.904+0900][gc,phases     ] GC(81)   Other: 0.4ms
[2020-04-18T02:04:38.904+0900][gc,heap       ] GC(81) Eden regions: 611->0(611)
[2020-04-18T02:04:38.904+0900][gc,heap       ] GC(81) Survivor regions: 3->3(77)
[2020-04-18T02:04:38.904+0900][gc,heap       ] GC(81) Old regions: 13->13
[2020-04-18T02:04:38.904+0900][gc,heap       ] GC(81) Humongous regions: 129->129
[2020-04-18T02:04:38.904+0900][gc,metaspace  ] GC(81) Metaspace: 34358K->34358K(1081344K)
[2020-04-18T02:04:38.904+0900][gc            ] GC(81) Pause Young (Normal) (G1 Evacuation Pause) 754M->144M(1024M) 3.406ms
[2020-04-18T02:04:38.905+0900][gc,cpu        ] GC(81) User=0.04s Sys=0.00s Real=0.00s
[2020-04-18T02:28:29.483+0900][gc,start      ] GC(82) Pause Young (Normal) (G1 Evacuation Pause)
[2020-04-18T02:28:29.483+0900][gc,task       ] GC(82) Using 23 workers of 23 for evacuation
[2020-04-18T02:28:29.486+0900][gc,phases     ] GC(82)   Pre Evacuate Collection Set: 0.1ms
[2020-04-18T02:28:29.486+0900][gc,phases     ] GC(82)   Evacuate Collection Set: 1.5ms
[2020-04-18T02:28:29.486+0900][gc,phases     ] GC(82)   Post Evacuate Collection Set: 1.3ms
[2020-04-18T02:28:29.486+0900][gc,phases     ] GC(82)   Other: 0.4ms
[2020-04-18T02:28:29.486+0900][gc,heap       ] GC(82) Eden regions: 611->0(611)
[2020-04-18T02:28:29.486+0900][gc,heap       ] GC(82) Survivor regions: 3->3(77)
[2020-04-18T02:28:29.486+0900][gc,heap       ] GC(82) Old regions: 13->13
[2020-04-18T02:28:29.486+0900][gc,heap       ] GC(82) Humongous regions: 129->129
[2020-04-18T02:28:29.486+0900][gc,metaspace  ] GC(82) Metaspace: 34363K->34363K(1081344K)
[2020-04-18T02:28:29.486+0900][gc            ] GC(82) Pause Young (Normal) (G1 Evacuation Pause) 755M->144M(1024M) 3.406ms
[2020-04-18T02:28:29.486+0900][gc,cpu        ] GC(82) User=0.02s Sys=0.02s Real=0.00s
[2020-04-18T02:52:17.448+0900][gc,start      ] GC(83) Pause Young (Normal) (G1 Evacuation Pause)
[2020-04-18T02:52:17.448+0900][gc,task       ] GC(83) Using 23 workers of 23 for evacuation
[2020-04-18T02:52:17.451+0900][gc,phases     ] GC(83)   Pre Evacuate Collection Set: 0.0ms
[2020-04-18T02:52:17.451+0900][gc,phases     ] GC(83)   Evacuate Collection Set: 1.7ms
[2020-04-18T02:52:17.451+0900][gc,phases     ] GC(83)   Post Evacuate Collection Set: 1.4ms
[2020-04-18T02:52:17.451+0900][gc,phases     ] GC(83)   Other: 0.4ms
[2020-04-18T02:52:17.451+0900][gc,heap       ] GC(83) Eden regions: 611->0(611)
[2020-04-18T02:52:17.451+0900][gc,heap       ] GC(83) Survivor regions: 3->3(77)
[2020-04-18T02:52:17.451+0900][gc,heap       ] GC(83) Old regions: 13->13
[2020-04-18T02:52:17.451+0900][gc,heap       ] GC(83) Humongous regions: 129->129
[2020-04-18T02:52:17.451+0900][gc,metaspace  ] GC(83) Metaspace: 34363K->34363K(1081344K)
[2020-04-18T02:52:17.451+0900][gc            ] GC(83) Pause Young (Normal) (G1 Evacuation Pause) 755M->144M(1024M) 3.787ms
[2020-04-18T02:52:17.451+0900][gc,cpu        ] GC(83) User=0.04s Sys=0.00s Real=0.00s
[2020-04-18T03:15:53.708+0900][gc,start      ] GC(84) Pause Young (Normal) (G1 Evacuation Pause)
[2020-04-18T03:15:53.708+0900][gc,task       ] GC(84) Using 23 workers of 23 for evacuation
[2020-04-18T03:15:53.711+0900][gc,phases     ] GC(84)   Pre Evacuate Collection Set: 0.0ms
[2020-04-18T03:15:53.711+0900][gc,phases     ] GC(84)   Evacuate Collection Set: 1.6ms
[2020-04-18T03:15:53.711+0900][gc,phases     ] GC(84)   Post Evacuate Collection Set: 1.2ms
[2020-04-18T03:15:53.711+0900][gc,phases     ] GC(84)   Other: 0.4ms
[2020-04-18T03:15:53.711+0900][gc,heap       ] GC(84) Eden regions: 611->0(611)
[2020-04-18T03:15:53.711+0900][gc,heap       ] GC(84) Survivor regions: 3->3(77)
[2020-04-18T03:15:53.711+0900][gc,heap       ] GC(84) Old regions: 13->13
[2020-04-18T03:15:53.711+0900][gc,heap       ] GC(84) Humongous regions: 129->129
[2020-04-18T03:15:53.711+0900][gc,metaspace  ] GC(84) Metaspace: 34363K->34363K(1081344K)
[2020-04-18T03:15:53.711+0900][gc            ] GC(84) Pause Young (Normal) (G1 Evacuation Pause) 755M->144M(1024M) 3.490ms
[2020-04-18T03:15:53.711+0900][gc,cpu        ] GC(84) User=0.02s Sys=0.02s Real=0.00s
[2020-04-18T03:39:45.923+0900][gc,start      ] GC(85) Pause Young (Normal) (G1 Evacuation Pause)
[2020-04-18T03:39:45.923+0900][gc,task       ] GC(85) Using 23 workers of 23 for evacuation
[2020-04-18T03:39:45.927+0900][gc,phases     ] GC(85)   Pre Evacuate Collection Set: 0.0ms
[2020-04-18T03:39:45.927+0900][gc,phases     ] GC(85)   Evacuate Collection Set: 1.6ms
[2020-04-18T03:39:45.927+0900][gc,phases     ] GC(85)   Post Evacuate Collection Set: 1.3ms
[2020-04-18T03:39:45.927+0900][gc,phases     ] GC(85)   Other: 0.4ms
[2020-04-18T03:39:45.927+0900][gc,heap       ] GC(85) Eden regions: 611->0(611)
[2020-04-18T03:39:45.927+0900][gc,heap       ] GC(85) Survivor regions: 3->3(77)
[2020-04-18T03:39:45.927+0900][gc,heap       ] GC(85) Old regions: 13->13
[2020-04-18T03:39:45.927+0900][gc,heap       ] GC(85) Humongous regions: 129->129
[2020-04-18T03:39:45.927+0900][gc,metaspace  ] GC(85) Metaspace: 34363K->34363K(1081344K)
[2020-04-18T03:39:45.927+0900][gc            ] GC(85) Pause Young (Normal) (G1 Evacuation Pause) 755M->144M(1024M) 3.461ms
[2020-04-18T03:39:45.927+0900][gc,cpu        ] GC(85) User=0.03s Sys=0.01s Real=0.01s
[2020-04-18T04:03:24.075+0900][gc,start      ] GC(86) Pause Young (Normal) (G1 Evacuation Pause)
[2020-04-18T04:03:24.075+0900][gc,task       ] GC(86) Using 23 workers of 23 for evacuation
[2020-04-18T04:03:24.078+0900][gc,phases     ] GC(86)   Pre Evacuate Collection Set: 0.0ms
[2020-04-18T04:03:24.078+0900][gc,phases     ] GC(86)   Evacuate Collection Set: 1.6ms
[2020-04-18T04:03:24.078+0900][gc,phases     ] GC(86)   Post Evacuate Collection Set: 1.1ms
[2020-04-18T04:03:24.078+0900][gc,phases     ] GC(86)   Other: 0.4ms
[2020-04-18T04:03:24.078+0900][gc,heap       ] GC(86) Eden regions: 611->0(611)
[2020-04-18T04:03:24.078+0900][gc,heap       ] GC(86) Survivor regions: 3->3(77)
[2020-04-18T04:03:24.078+0900][gc,heap       ] GC(86) Old regions: 13->13
[2020-04-18T04:03:24.078+0900][gc,heap       ] GC(86) Humongous regions: 129->129
[2020-04-18T04:03:24.078+0900][gc,metaspace  ] GC(86) Metaspace: 34363K->34363K(1081344K)
[2020-04-18T04:03:24.078+0900][gc            ] GC(86) Pause Young (Normal) (G1 Evacuation Pause) 755M->144M(1024M) 3.331ms
[2020-04-18T04:03:24.078+0900][gc,cpu        ] GC(86) User=0.03s Sys=0.01s Real=0.00s
[2020-04-18T04:27:08.514+0900][gc,start      ] GC(87) Pause Young (Normal) (G1 Evacuation Pause)
[2020-04-18T04:27:08.514+0900][gc,task       ] GC(87) Using 23 workers of 23 for evacuation
[2020-04-18T04:27:08.517+0900][gc,phases     ] GC(87)   Pre Evacuate Collection Set: 0.0ms
[2020-04-18T04:27:08.517+0900][gc,phases     ] GC(87)   Evacuate Collection Set: 1.7ms
[2020-04-18T04:27:08.517+0900][gc,phases     ] GC(87)   Post Evacuate Collection Set: 1.1ms
[2020-04-18T04:27:08.517+0900][gc,phases     ] GC(87)   Other: 0.4ms
[2020-04-18T04:27:08.517+0900][gc,heap       ] GC(87) Eden regions: 611->0(611)
[2020-04-18T04:27:08.517+0900][gc,heap       ] GC(87) Survivor regions: 3->3(77)
[2020-04-18T04:27:08.517+0900][gc,heap       ] GC(87) Old regions: 13->13
[2020-04-18T04:27:08.517+0900][gc,heap       ] GC(87) Humongous regions: 129->129
[2020-04-18T04:27:08.517+0900][gc,metaspace  ] GC(87) Metaspace: 34366K->34366K(1081344K)
