[2020-04-16T13:14:05.700+0900][gc,heap] Heap region size: 1M
[2020-04-16T13:14:05.714+0900][gc     ] Using G1
[2020-04-16T13:14:05.714+0900][gc,heap,coops] Heap address: 0x00000000c0000000, size: 1024 MB, Compressed Oops mode: 32-bit
[2020-04-16T13:14:06.806+0900][gc,start     ] GC(0) Pause Young (Normal) (G1 Evacuation Pause)
[2020-04-16T13:14:06.808+0900][gc,task      ] GC(0) Using 23 workers of 23 for evacuation
[2020-04-16T13:14:06.819+0900][gc,phases    ] GC(0)   Pre Evacuate Collection Set: 0.0ms
[2020-04-16T13:14:06.819+0900][gc,phases    ] GC(0)   Evacuate Collection Set: 9.3ms
[2020-04-16T13:14:06.819+0900][gc,phases    ] GC(0)   Post Evacuate Collection Set: 0.7ms
[2020-04-16T13:14:06.819+0900][gc,phases    ] GC(0)   Other: 2.9ms
[2020-04-16T13:14:06.819+0900][gc,heap      ] GC(0) Eden regions: 51->0(44)
[2020-04-16T13:14:06.819+0900][gc,heap      ] GC(0) Survivor regions: 0->7(7)
[2020-04-16T13:14:06.819+0900][gc,heap      ] GC(0) Old regions: 0->0
[2020-04-16T13:14:06.819+0900][gc,heap      ] GC(0) Humongous regions: 0->0
[2020-04-16T13:14:06.819+0900][gc,metaspace ] GC(0) Metaspace: 16766K->16766K(1064960K)
[2020-04-16T13:14:06.819+0900][gc           ] GC(0) Pause Young (Normal) (G1 Evacuation Pause) 51M->6M(1024M) 13.055ms
[2020-04-16T13:14:06.819+0900][gc,cpu       ] GC(0) User=0.18s Sys=0.03s Real=0.02s
[2020-04-16T13:14:07.025+0900][gc,start     ] GC(1) Pause Young (Concurrent Start) (Metadata GC Threshold)
[2020-04-16T13:14:07.025+0900][gc,task      ] GC(1) Using 23 workers of 23 for evacuation
[2020-04-16T13:14:07.038+0900][gc,phases    ] GC(1)   Pre Evacuate Collection Set: 0.1ms
[2020-04-16T13:14:07.038+0900][gc,phases    ] GC(1)   Evacuate Collection Set: 11.6ms
[2020-04-16T13:14:07.038+0900][gc,phases    ] GC(1)   Post Evacuate Collection Set: 0.6ms
[2020-04-16T13:14:07.038+0900][gc,phases    ] GC(1)   Other: 0.5ms
[2020-04-16T13:14:07.038+0900][gc,heap      ] GC(1) Eden regions: 14->0(50)
[2020-04-16T13:14:07.038+0900][gc,heap      ] GC(1) Survivor regions: 7->1(7)
[2020-04-16T13:14:07.038+0900][gc,heap      ] GC(1) Old regions: 0->7
[2020-04-16T13:14:07.038+0900][gc,heap      ] GC(1) Humongous regions: 0->0
[2020-04-16T13:14:07.038+0900][gc,metaspace ] GC(1) Metaspace: 20416K->20416K(1067008K)
[2020-04-16T13:14:07.038+0900][gc           ] GC(1) Pause Young (Concurrent Start) (Metadata GC Threshold) 20M->7M(1024M) 12.823ms
[2020-04-16T13:14:07.038+0900][gc,cpu       ] GC(1) User=0.09s Sys=0.01s Real=0.02s
[2020-04-16T13:14:07.038+0900][gc           ] GC(2) Concurrent Cycle
[2020-04-16T13:14:07.038+0900][gc,marking   ] GC(2) Concurrent Clear Claimed Marks
[2020-04-16T13:14:07.038+0900][gc,marking   ] GC(2) Concurrent Clear Claimed Marks 0.018ms
[2020-04-16T13:14:07.038+0900][gc,marking   ] GC(2) Concurrent Scan Root Regions
[2020-04-16T13:14:07.039+0900][gc,marking   ] GC(2) Concurrent Scan Root Regions 1.250ms
[2020-04-16T13:14:07.039+0900][gc,marking   ] GC(2) Concurrent Mark (1.347s)
[2020-04-16T13:14:07.039+0900][gc,marking   ] GC(2) Concurrent Mark From Roots
[2020-04-16T13:14:07.040+0900][gc,task      ] GC(2) Using 6 workers of 6 for marking
[2020-04-16T13:14:07.046+0900][gc,marking   ] GC(2) Concurrent Mark From Roots 6.868ms
[2020-04-16T13:14:07.046+0900][gc,marking   ] GC(2) Concurrent Preclean
[2020-04-16T13:14:07.046+0900][gc,marking   ] GC(2) Concurrent Preclean 0.343ms
[2020-04-16T13:14:07.046+0900][gc,marking   ] GC(2) Concurrent Mark (1.347s, 1.354s) 7.256ms
[2020-04-16T13:14:07.047+0900][gc,start     ] GC(2) Pause Remark
[2020-04-16T13:14:07.049+0900][gc,stringtable] GC(2) Cleaned string and symbol table, strings: 8902 processed, 0 removed, symbols: 49527 processed, 53 removed
[2020-04-16T13:14:07.049+0900][gc            ] GC(2) Pause Remark 8M->8M(1024M) 2.347ms
[2020-04-16T13:14:07.049+0900][gc,cpu        ] GC(2) User=0.02s Sys=0.00s Real=0.00s
[2020-04-16T13:14:07.049+0900][gc,marking    ] GC(2) Concurrent Rebuild Remembered Sets
[2020-04-16T13:14:07.051+0900][gc,marking    ] GC(2) Concurrent Rebuild Remembered Sets 2.106ms
[2020-04-16T13:14:07.051+0900][gc,start      ] GC(2) Pause Cleanup
[2020-04-16T13:14:07.052+0900][gc            ] GC(2) Pause Cleanup 8M->8M(1024M) 0.347ms
[2020-04-16T13:14:07.052+0900][gc,cpu        ] GC(2) User=0.01s Sys=0.00s Real=0.00s
[2020-04-16T13:14:07.052+0900][gc,marking    ] GC(2) Concurrent Cleanup for Next Mark
[2020-04-16T13:14:07.054+0900][gc,marking    ] GC(2) Concurrent Cleanup for Next Mark 2.227ms
[2020-04-16T13:14:07.054+0900][gc            ] GC(2) Concurrent Cycle 16.123ms
[2020-04-16T13:15:08.539+0900][gc,start      ] GC(3) Pause Young (Normal) (G1 Evacuation Pause)
[2020-04-16T13:15:08.539+0900][gc,task       ] GC(3) Using 23 workers of 23 for evacuation
[2020-04-16T13:15:08.544+0900][gc,phases     ] GC(3)   Pre Evacuate Collection Set: 0.0ms
[2020-04-16T13:15:08.544+0900][gc,phases     ] GC(3)   Evacuate Collection Set: 3.9ms
[2020-04-16T13:15:08.544+0900][gc,phases     ] GC(3)   Post Evacuate Collection Set: 1.0ms
[2020-04-16T13:15:08.544+0900][gc,phases     ] GC(3)   Other: 0.3ms
[2020-04-16T13:15:08.544+0900][gc,heap       ] GC(3) Eden regions: 50->0(46)
[2020-04-16T13:15:08.544+0900][gc,heap       ] GC(3) Survivor regions: 1->5(7)
[2020-04-16T13:15:08.544+0900][gc,heap       ] GC(3) Old regions: 7->7
[2020-04-16T13:15:08.544+0900][gc,heap       ] GC(3) Humongous regions: 129->129
[2020-04-16T13:15:08.544+0900][gc,metaspace  ] GC(3) Metaspace: 30673K->30673K(1077248K)
[2020-04-16T13:15:08.544+0900][gc            ] GC(3) Pause Young (Normal) (G1 Evacuation Pause) 186M->140M(1024M) 5.450ms
[2020-04-16T13:15:08.544+0900][gc,cpu        ] GC(3) User=0.09s Sys=0.00s Real=0.00s
[2020-04-16T13:29:23.521+0900][gc,start      ] GC(4) Pause Young (Normal) (G1 Evacuation Pause)
[2020-04-16T13:29:23.521+0900][gc,task       ] GC(4) Using 23 workers of 23 for evacuation
[2020-04-16T13:29:23.550+0900][gc,mmu        ] GC(4) MMU target violated: 21.0ms (20.0ms/21.0ms)
[2020-04-16T13:29:23.550+0900][gc,phases     ] GC(4)   Pre Evacuate Collection Set: 0.1ms
[2020-04-16T13:29:23.550+0900][gc,phases     ] GC(4)   Evacuate Collection Set: 28.0ms
[2020-04-16T13:29:23.550+0900][gc,phases     ] GC(4)   Post Evacuate Collection Set: 1.2ms
[2020-04-16T13:29:23.550+0900][gc,phases     ] GC(4)   Other: 0.5ms
[2020-04-16T13:29:23.550+0900][gc,heap       ] GC(4) Eden regions: 46->0(50)
[2020-04-16T13:29:23.550+0900][gc,heap       ] GC(4) Survivor regions: 5->1(7)
[2020-04-16T13:29:23.550+0900][gc,heap       ] GC(4) Old regions: 7->12
[2020-04-16T13:29:23.550+0900][gc,heap       ] GC(4) Humongous regions: 129->129
[2020-04-16T13:29:23.550+0900][gc,metaspace  ] GC(4) Metaspace: 32841K->32841K(1079296K)
[2020-04-16T13:29:23.551+0900][gc            ] GC(4) Pause Young (Normal) (G1 Evacuation Pause) 186M->141M(1024M) 29.889ms
[2020-04-16T13:29:23.551+0900][gc,cpu        ] GC(4) User=0.20s Sys=0.00s Real=0.03s
[2020-04-16T13:46:07.297+0900][gc,start      ] GC(5) Pause Young (Normal) (G1 Evacuation Pause)
[2020-04-16T13:46:07.297+0900][gc,task       ] GC(5) Using 23 workers of 23 for evacuation
[2020-04-16T13:46:07.301+0900][gc,phases     ] GC(5)   Pre Evacuate Collection Set: 0.0ms
[2020-04-16T13:46:07.301+0900][gc,phases     ] GC(5)   Evacuate Collection Set: 2.7ms
[2020-04-16T13:46:07.301+0900][gc,phases     ] GC(5)   Post Evacuate Collection Set: 1.0ms
[2020-04-16T13:46:07.301+0900][gc,phases     ] GC(5)   Other: 0.3ms
[2020-04-16T13:46:07.301+0900][gc,heap       ] GC(5) Eden regions: 50->0(49)
[2020-04-16T13:46:07.301+0900][gc,heap       ] GC(5) Survivor regions: 1->2(7)
[2020-04-16T13:46:07.301+0900][gc,heap       ] GC(5) Old regions: 12->12
[2020-04-16T13:46:07.301+0900][gc,heap       ] GC(5) Humongous regions: 129->129
[2020-04-16T13:46:07.301+0900][gc,metaspace  ] GC(5) Metaspace: 33353K->33353K(1079296K)
[2020-04-16T13:46:07.301+0900][gc            ] GC(5) Pause Young (Normal) (G1 Evacuation Pause) 191M->141M(1024M) 4.404ms
[2020-04-16T13:46:07.301+0900][gc,cpu        ] GC(5) User=0.06s Sys=0.00s Real=0.00s
[2020-04-16T13:47:40.617+0900][gc,start      ] GC(6) Pause Young (Concurrent Start) (Metadata GC Threshold)
[2020-04-16T13:47:40.617+0900][gc,task       ] GC(6) Using 23 workers of 23 for evacuation
[2020-04-16T13:47:40.623+0900][gc,phases     ] GC(6)   Pre Evacuate Collection Set: 0.3ms
[2020-04-16T13:47:40.623+0900][gc,phases     ] GC(6)   Evacuate Collection Set: 4.7ms
[2020-04-16T13:47:40.623+0900][gc,phases     ] GC(6)   Post Evacuate Collection Set: 1.0ms
[2020-04-16T13:47:40.624+0900][gc,phases     ] GC(6)   Other: 0.4ms
[2020-04-16T13:47:40.624+0900][gc,heap       ] GC(6) Eden regions: 6->0(49)
[2020-04-16T13:47:40.624+0900][gc,heap       ] GC(6) Survivor regions: 2->2(7)
[2020-04-16T13:47:40.624+0900][gc,heap       ] GC(6) Old regions: 12->12
[2020-04-16T13:47:40.624+0900][gc,heap       ] GC(6) Humongous regions: 129->129
[2020-04-16T13:47:40.624+0900][gc,metaspace  ] GC(6) Metaspace: 33720K->33720K(1079296K)
[2020-04-16T13:47:40.624+0900][gc            ] GC(6) Pause Young (Concurrent Start) (Metadata GC Threshold) 147M->141M(1024M) 6.581ms
[2020-04-16T13:47:40.624+0900][gc,cpu        ] GC(6) User=0.10s Sys=0.00s Real=0.00s
[2020-04-16T13:47:40.624+0900][gc            ] GC(7) Concurrent Cycle
[2020-04-16T13:47:40.624+0900][gc,marking    ] GC(7) Concurrent Clear Claimed Marks
[2020-04-16T13:47:40.624+0900][gc,marking    ] GC(7) Concurrent Clear Claimed Marks 0.121ms
[2020-04-16T13:47:40.624+0900][gc,marking    ] GC(7) Concurrent Scan Root Regions
[2020-04-16T13:47:40.626+0900][gc,marking    ] GC(7) Concurrent Scan Root Regions 2.213ms
[2020-04-16T13:47:40.626+0900][gc,marking    ] GC(7) Concurrent Mark (2014.934s)
[2020-04-16T13:47:40.626+0900][gc,marking    ] GC(7) Concurrent Mark From Roots
[2020-04-16T13:47:40.626+0900][gc,task       ] GC(7) Using 6 workers of 6 for marking
[2020-04-16T13:47:40.635+0900][gc,marking    ] GC(7) Concurrent Mark From Roots 8.534ms
[2020-04-16T13:47:40.635+0900][gc,marking    ] GC(7) Concurrent Preclean
[2020-04-16T13:47:40.636+0900][gc,marking    ] GC(7) Concurrent Preclean 0.904ms
[2020-04-16T13:47:40.636+0900][gc,marking    ] GC(7) Concurrent Mark (2014.934s, 2014.943s) 9.530ms
[2020-04-16T13:47:40.636+0900][gc,start      ] GC(7) Pause Remark
[2020-04-16T13:47:40.643+0900][gc,stringtable] GC(7) Cleaned string and symbol table, strings: 12706 processed, 808 removed, symbols: 70984 processed, 13 removed
[2020-04-16T13:47:40.644+0900][gc            ] GC(7) Pause Remark 141M->141M(1024M) 8.058ms
[2020-04-16T13:47:40.644+0900][gc,cpu        ] GC(7) User=0.14s Sys=0.00s Real=0.00s
[2020-04-16T13:47:40.644+0900][gc,marking    ] GC(7) Concurrent Rebuild Remembered Sets
[2020-04-16T13:47:40.648+0900][gc,marking    ] GC(7) Concurrent Rebuild Remembered Sets 3.555ms
[2020-04-16T13:47:40.648+0900][gc,start      ] GC(7) Pause Cleanup
[2020-04-16T13:47:40.648+0900][gc            ] GC(7) Pause Cleanup 141M->141M(1024M) 0.288ms
[2020-04-16T13:47:40.648+0900][gc,cpu        ] GC(7) User=0.00s Sys=0.00s Real=0.00s
[2020-04-16T13:47:40.648+0900][gc,marking    ] GC(7) Concurrent Cleanup for Next Mark
[2020-04-16T13:47:40.651+0900][gc,marking    ] GC(7) Concurrent Cleanup for Next Mark 2.215ms
[2020-04-16T13:47:40.651+0900][gc            ] GC(7) Concurrent Cycle 26.885ms
[2020-04-16T13:47:44.210+0900][gc,heap,exit  ] Heap
[2020-04-16T13:47:44.210+0900][gc,heap,exit  ]  garbage-first heap   total 1048576K, used 149163K [0x00000000c0000000, 0x0000000100000000)
[2020-04-16T13:47:44.210+0900][gc,heap,exit  ]   region size 1024K, 7 young (7168K), 2 survivors (2048K)
[2020-04-16T13:47:44.210+0900][gc,heap,exit  ]  Metaspace       used 33968K, capacity 36148K, committed 36304K, reserved 1079296K
[2020-04-16T13:47:44.210+0900][gc,heap,exit  ]   class space    used 4881K, capacity 5875K, committed 5920K, reserved 1048576K
