[2020-04-18T04:27:08.517+0900][gc            ] GC(87) Pause Young (Normal) (G1 Evacuation Pause) 755M->144M(1024M) 3.738ms
[2020-04-18T04:27:08.517+0900][gc,cpu        ] GC(87) User=0.05s Sys=0.00s Real=0.01s
[2020-04-18T04:50:57.260+0900][gc,start      ] GC(88) Pause Young (Normal) (G1 Evacuation Pause)
[2020-04-18T04:50:57.260+0900][gc,task       ] GC(88) Using 23 workers of 23 for evacuation
[2020-04-18T04:50:57.264+0900][gc,phases     ] GC(88)   Pre Evacuate Collection Set: 0.0ms
[2020-04-18T04:50:57.264+0900][gc,phases     ] GC(88)   Evacuate Collection Set: 1.6ms
[2020-04-18T04:50:57.264+0900][gc,phases     ] GC(88)   Post Evacuate Collection Set: 1.2ms
[2020-04-18T04:50:57.264+0900][gc,phases     ] GC(88)   Other: 0.4ms
[2020-04-18T04:50:57.264+0900][gc,heap       ] GC(88) Eden regions: 611->0(611)
[2020-04-18T04:50:57.264+0900][gc,heap       ] GC(88) Survivor regions: 3->3(77)
[2020-04-18T04:50:57.264+0900][gc,heap       ] GC(88) Old regions: 13->13
[2020-04-18T04:50:57.264+0900][gc,heap       ] GC(88) Humongous regions: 129->129
[2020-04-18T04:50:57.264+0900][gc,metaspace  ] GC(88) Metaspace: 34366K->34366K(1081344K)
[2020-04-18T04:50:57.264+0900][gc            ] GC(88) Pause Young (Normal) (G1 Evacuation Pause) 755M->144M(1024M) 3.387ms
[2020-04-18T04:50:57.264+0900][gc,cpu        ] GC(88) User=0.04s Sys=0.00s Real=0.00s
[2020-04-18T05:14:40.151+0900][gc,start      ] GC(89) Pause Young (Normal) (G1 Evacuation Pause)
[2020-04-18T05:14:40.151+0900][gc,task       ] GC(89) Using 23 workers of 23 for evacuation
[2020-04-18T05:14:40.154+0900][gc,phases     ] GC(89)   Pre Evacuate Collection Set: 0.0ms
[2020-04-18T05:14:40.154+0900][gc,phases     ] GC(89)   Evacuate Collection Set: 1.5ms
[2020-04-18T05:14:40.154+0900][gc,phases     ] GC(89)   Post Evacuate Collection Set: 1.1ms
[2020-04-18T05:14:40.154+0900][gc,phases     ] GC(89)   Other: 0.4ms
[2020-04-18T05:14:40.154+0900][gc,heap       ] GC(89) Eden regions: 611->0(611)
[2020-04-18T05:14:40.154+0900][gc,heap       ] GC(89) Survivor regions: 3->3(77)
[2020-04-18T05:14:40.154+0900][gc,heap       ] GC(89) Old regions: 13->13
[2020-04-18T05:14:40.154+0900][gc,heap       ] GC(89) Humongous regions: 129->129
[2020-04-18T05:14:40.154+0900][gc,metaspace  ] GC(89) Metaspace: 34381K->34381K(1081344K)
[2020-04-18T05:14:40.154+0900][gc            ] GC(89) Pause Young (Normal) (G1 Evacuation Pause) 755M->144M(1024M) 3.240ms
[2020-04-18T05:14:40.154+0900][gc,cpu        ] GC(89) User=0.03s Sys=0.01s Real=0.01s
[2020-04-18T05:38:30.886+0900][gc,start      ] GC(90) Pause Young (Normal) (G1 Evacuation Pause)
[2020-04-18T05:38:30.886+0900][gc,task       ] GC(90) Using 23 workers of 23 for evacuation
[2020-04-18T05:38:30.889+0900][gc,phases     ] GC(90)   Pre Evacuate Collection Set: 0.0ms
[2020-04-18T05:38:30.889+0900][gc,phases     ] GC(90)   Evacuate Collection Set: 1.7ms
[2020-04-18T05:38:30.889+0900][gc,phases     ] GC(90)   Post Evacuate Collection Set: 1.3ms
[2020-04-18T05:38:30.889+0900][gc,phases     ] GC(90)   Other: 0.4ms
[2020-04-18T05:38:30.889+0900][gc,heap       ] GC(90) Eden regions: 611->0(611)
[2020-04-18T05:38:30.889+0900][gc,heap       ] GC(90) Survivor regions: 3->3(77)
[2020-04-18T05:38:30.889+0900][gc,heap       ] GC(90) Old regions: 13->13
[2020-04-18T05:38:30.889+0900][gc,heap       ] GC(90) Humongous regions: 129->129
[2020-04-18T05:38:30.889+0900][gc,metaspace  ] GC(90) Metaspace: 34393K->34393K(1081344K)
[2020-04-18T05:38:30.889+0900][gc            ] GC(90) Pause Young (Normal) (G1 Evacuation Pause) 755M->144M(1024M) 3.697ms
[2020-04-18T05:38:30.889+0900][gc,cpu        ] GC(90) User=0.04s Sys=0.00s Real=0.01s
[2020-04-18T06:02:07.490+0900][gc,start      ] GC(91) Pause Young (Normal) (G1 Evacuation Pause)
[2020-04-18T06:02:07.490+0900][gc,task       ] GC(91) Using 23 workers of 23 for evacuation
[2020-04-18T06:02:07.493+0900][gc,phases     ] GC(91)   Pre Evacuate Collection Set: 0.0ms
[2020-04-18T06:02:07.493+0900][gc,phases     ] GC(91)   Evacuate Collection Set: 1.6ms
[2020-04-18T06:02:07.493+0900][gc,phases     ] GC(91)   Post Evacuate Collection Set: 1.1ms
[2020-04-18T06:02:07.493+0900][gc,phases     ] GC(91)   Other: 0.4ms
[2020-04-18T06:02:07.493+0900][gc,heap       ] GC(91) Eden regions: 611->0(611)
[2020-04-18T06:02:07.493+0900][gc,heap       ] GC(91) Survivor regions: 3->3(77)
[2020-04-18T06:02:07.493+0900][gc,heap       ] GC(91) Old regions: 13->13
[2020-04-18T06:02:07.493+0900][gc,heap       ] GC(91) Humongous regions: 129->129
[2020-04-18T06:02:07.493+0900][gc,metaspace  ] GC(91) Metaspace: 34430K->34430K(1081344K)
[2020-04-18T06:02:07.493+0900][gc            ] GC(91) Pause Young (Normal) (G1 Evacuation Pause) 755M->144M(1024M) 3.282ms
[2020-04-18T06:02:07.493+0900][gc,cpu        ] GC(91) User=0.03s Sys=0.00s Real=0.00s
[2020-04-18T06:25:00.318+0900][gc,start      ] GC(92) Pause Young (Normal) (G1 Evacuation Pause)
[2020-04-18T06:25:00.318+0900][gc,task       ] GC(92) Using 23 workers of 23 for evacuation
[2020-04-18T06:25:00.322+0900][gc,phases     ] GC(92)   Pre Evacuate Collection Set: 0.0ms
[2020-04-18T06:25:00.322+0900][gc,phases     ] GC(92)   Evacuate Collection Set: 1.7ms
[2020-04-18T06:25:00.322+0900][gc,phases     ] GC(92)   Post Evacuate Collection Set: 1.4ms
[2020-04-18T06:25:00.322+0900][gc,phases     ] GC(92)   Other: 0.5ms
[2020-04-18T06:25:00.322+0900][gc,heap       ] GC(92) Eden regions: 611->0(611)
[2020-04-18T06:25:00.322+0900][gc,heap       ] GC(92) Survivor regions: 3->3(77)
[2020-04-18T06:25:00.322+0900][gc,heap       ] GC(92) Old regions: 13->13
[2020-04-18T06:25:00.322+0900][gc,heap       ] GC(92) Humongous regions: 129->129
[2020-04-18T06:25:00.322+0900][gc,metaspace  ] GC(92) Metaspace: 34430K->34430K(1081344K)
[2020-04-18T06:25:00.322+0900][gc            ] GC(92) Pause Young (Normal) (G1 Evacuation Pause) 755M->144M(1024M) 3.709ms
[2020-04-18T06:25:00.322+0900][gc,cpu        ] GC(92) User=0.02s Sys=0.01s Real=0.00s
[2020-04-18T06:47:46.262+0900][gc,start      ] GC(93) Pause Young (Normal) (G1 Evacuation Pause)
[2020-04-18T06:47:46.262+0900][gc,task       ] GC(93) Using 23 workers of 23 for evacuation
[2020-04-18T06:47:46.266+0900][gc,phases     ] GC(93)   Pre Evacuate Collection Set: 0.0ms
[2020-04-18T06:47:46.266+0900][gc,phases     ] GC(93)   Evacuate Collection Set: 1.5ms
[2020-04-18T06:47:46.266+0900][gc,phases     ] GC(93)   Post Evacuate Collection Set: 1.3ms
[2020-04-18T06:47:46.266+0900][gc,phases     ] GC(93)   Other: 0.4ms
[2020-04-18T06:47:46.266+0900][gc,heap       ] GC(93) Eden regions: 611->0(611)
[2020-04-18T06:47:46.266+0900][gc,heap       ] GC(93) Survivor regions: 3->3(77)
[2020-04-18T06:47:46.266+0900][gc,heap       ] GC(93) Old regions: 13->13
[2020-04-18T06:47:46.266+0900][gc,heap       ] GC(93) Humongous regions: 129->129
[2020-04-18T06:47:46.266+0900][gc,metaspace  ] GC(93) Metaspace: 34430K->34430K(1081344K)
[2020-04-18T06:47:46.266+0900][gc            ] GC(93) Pause Young (Normal) (G1 Evacuation Pause) 755M->144M(1024M) 3.469ms
[2020-04-18T06:47:46.266+0900][gc,cpu        ] GC(93) User=0.02s Sys=0.02s Real=0.00s
[2020-04-18T07:10:15.871+0900][gc,start      ] GC(94) Pause Young (Normal) (G1 Evacuation Pause)
[2020-04-18T07:10:15.872+0900][gc,task       ] GC(94) Using 23 workers of 23 for evacuation
[2020-04-18T07:10:15.875+0900][gc,phases     ] GC(94)   Pre Evacuate Collection Set: 0.0ms
[2020-04-18T07:10:15.875+0900][gc,phases     ] GC(94)   Evacuate Collection Set: 1.7ms
[2020-04-18T07:10:15.875+0900][gc,phases     ] GC(94)   Post Evacuate Collection Set: 1.2ms
[2020-04-18T07:10:15.875+0900][gc,phases     ] GC(94)   Other: 0.4ms
[2020-04-18T07:10:15.875+0900][gc,heap       ] GC(94) Eden regions: 611->0(611)
[2020-04-18T07:10:15.875+0900][gc,heap       ] GC(94) Survivor regions: 3->3(77)
[2020-04-18T07:10:15.875+0900][gc,heap       ] GC(94) Old regions: 13->13
[2020-04-18T07:10:15.875+0900][gc,heap       ] GC(94) Humongous regions: 129->129
[2020-04-18T07:10:15.875+0900][gc,metaspace  ] GC(94) Metaspace: 34430K->34430K(1081344K)
[2020-04-18T07:10:15.875+0900][gc            ] GC(94) Pause Young (Normal) (G1 Evacuation Pause) 755M->144M(1024M) 3.511ms
[2020-04-18T07:10:15.875+0900][gc,cpu        ] GC(94) User=0.02s Sys=0.02s Real=0.01s
[2020-04-18T07:33:11.241+0900][gc,start      ] GC(95) Pause Young (Normal) (G1 Evacuation Pause)
[2020-04-18T07:33:11.241+0900][gc,task       ] GC(95) Using 23 workers of 23 for evacuation
[2020-04-18T07:33:11.244+0900][gc,phases     ] GC(95)   Pre Evacuate Collection Set: 0.0ms
[2020-04-18T07:33:11.244+0900][gc,phases     ] GC(95)   Evacuate Collection Set: 1.7ms
[2020-04-18T07:33:11.244+0900][gc,phases     ] GC(95)   Post Evacuate Collection Set: 1.4ms
[2020-04-18T07:33:11.244+0900][gc,phases     ] GC(95)   Other: 0.4ms
[2020-04-18T07:33:11.244+0900][gc,heap       ] GC(95) Eden regions: 611->0(611)
[2020-04-18T07:33:11.244+0900][gc,heap       ] GC(95) Survivor regions: 3->3(77)
[2020-04-18T07:33:11.244+0900][gc,heap       ] GC(95) Old regions: 13->13
[2020-04-18T07:33:11.244+0900][gc,heap       ] GC(95) Humongous regions: 129->129
[2020-04-18T07:33:11.244+0900][gc,metaspace  ] GC(95) Metaspace: 34430K->34430K(1081344K)
[2020-04-18T07:33:11.245+0900][gc            ] GC(95) Pause Young (Normal) (G1 Evacuation Pause) 755M->144M(1024M) 3.678ms
[2020-04-18T07:33:11.245+0900][gc,cpu        ] GC(95) User=0.04s Sys=0.00s Real=0.00s
[2020-04-18T07:56:25.599+0900][gc,start      ] GC(96) Pause Young (Normal) (G1 Evacuation Pause)
[2020-04-18T07:56:25.599+0900][gc,task       ] GC(96) Using 23 workers of 23 for evacuation
[2020-04-18T07:56:25.602+0900][gc,phases     ] GC(96)   Pre Evacuate Collection Set: 0.0ms
[2020-04-18T07:56:25.602+0900][gc,phases     ] GC(96)   Evacuate Collection Set: 1.6ms
[2020-04-18T07:56:25.602+0900][gc,phases     ] GC(96)   Post Evacuate Collection Set: 1.1ms
[2020-04-18T07:56:25.602+0900][gc,phases     ] GC(96)   Other: 0.4ms
[2020-04-18T07:56:25.602+0900][gc,heap       ] GC(96) Eden regions: 611->0(611)
[2020-04-18T07:56:25.602+0900][gc,heap       ] GC(96) Survivor regions: 3->3(77)
[2020-04-18T07:56:25.602+0900][gc,heap       ] GC(96) Old regions: 13->13
[2020-04-18T07:56:25.602+0900][gc,heap       ] GC(96) Humongous regions: 129->129
[2020-04-18T07:56:25.602+0900][gc,metaspace  ] GC(96) Metaspace: 34430K->34430K(1081344K)
[2020-04-18T07:56:25.602+0900][gc            ] GC(96) Pause Young (Normal) (G1 Evacuation Pause) 755M->144M(1024M) 3.226ms
[2020-04-18T07:56:25.603+0900][gc,cpu        ] GC(96) User=0.02s Sys=0.01s Real=0.00s
[2020-04-18T08:19:52.615+0900][gc,start      ] GC(97) Pause Young (Normal) (G1 Evacuation Pause)
[2020-04-18T08:19:52.615+0900][gc,task       ] GC(97) Using 23 workers of 23 for evacuation
[2020-04-18T08:19:52.618+0900][gc,phases     ] GC(97)   Pre Evacuate Collection Set: 0.0ms
[2020-04-18T08:19:52.618+0900][gc,phases     ] GC(97)   Evacuate Collection Set: 1.5ms
[2020-04-18T08:19:52.618+0900][gc,phases     ] GC(97)   Post Evacuate Collection Set: 1.0ms
[2020-04-18T08:19:52.618+0900][gc,phases     ] GC(97)   Other: 0.3ms
[2020-04-18T08:19:52.618+0900][gc,heap       ] GC(97) Eden regions: 611->0(611)
[2020-04-18T08:19:52.618+0900][gc,heap       ] GC(97) Survivor regions: 3->3(77)
[2020-04-18T08:19:52.618+0900][gc,heap       ] GC(97) Old regions: 13->13
[2020-04-18T08:19:52.618+0900][gc,heap       ] GC(97) Humongous regions: 129->129
[2020-04-18T08:19:52.618+0900][gc,metaspace  ] GC(97) Metaspace: 34430K->34430K(1081344K)
[2020-04-18T08:19:52.618+0900][gc            ] GC(97) Pause Young (Normal) (G1 Evacuation Pause) 755M->144M(1024M) 2.891ms
[2020-04-18T08:19:52.618+0900][gc,cpu        ] GC(97) User=0.02s Sys=0.02s Real=0.00s
[2020-04-18T08:43:36.065+0900][gc,start      ] GC(98) Pause Young (Normal) (G1 Evacuation Pause)
[2020-04-18T08:43:36.065+0900][gc,task       ] GC(98) Using 23 workers of 23 for evacuation
[2020-04-18T08:43:36.068+0900][gc,phases     ] GC(98)   Pre Evacuate Collection Set: 0.1ms
[2020-04-18T08:43:36.068+0900][gc,phases     ] GC(98)   Evacuate Collection Set: 1.6ms
[2020-04-18T08:43:36.068+0900][gc,phases     ] GC(98)   Post Evacuate Collection Set: 1.6ms
[2020-04-18T08:43:36.068+0900][gc,phases     ] GC(98)   Other: 0.5ms
[2020-04-18T08:43:36.068+0900][gc,heap       ] GC(98) Eden regions: 611->0(611)
[2020-04-18T08:43:36.068+0900][gc,heap       ] GC(98) Survivor regions: 3->3(77)
[2020-04-18T08:43:36.068+0900][gc,heap       ] GC(98) Old regions: 13->13
[2020-04-18T08:43:36.068+0900][gc,heap       ] GC(98) Humongous regions: 129->129
[2020-04-18T08:43:36.069+0900][gc,metaspace  ] GC(98) Metaspace: 34430K->34430K(1081344K)
[2020-04-18T08:43:36.069+0900][gc            ] GC(98) Pause Young (Normal) (G1 Evacuation Pause) 755M->144M(1024M) 3.883ms
[2020-04-18T08:43:36.069+0900][gc,cpu        ] GC(98) User=0.05s Sys=0.00s Real=0.01s
[2020-04-18T09:07:18.680+0900][gc,start      ] GC(99) Pause Young (Normal) (G1 Evacuation Pause)
[2020-04-18T09:07:18.680+0900][gc,task       ] GC(99) Using 23 workers of 23 for evacuation
[2020-04-18T09:07:18.683+0900][gc,phases     ] GC(99)   Pre Evacuate Collection Set: 0.0ms
[2020-04-18T09:07:18.684+0900][gc,phases     ] GC(99)   Evacuate Collection Set: 1.5ms
[2020-04-18T09:07:18.684+0900][gc,phases     ] GC(99)   Post Evacuate Collection Set: 1.2ms
[2020-04-18T09:07:18.684+0900][gc,phases     ] GC(99)   Other: 0.5ms
[2020-04-18T09:07:18.684+0900][gc,heap       ] GC(99) Eden regions: 611->0(611)
[2020-04-18T09:07:18.684+0900][gc,heap       ] GC(99) Survivor regions: 3->3(77)
[2020-04-18T09:07:18.684+0900][gc,heap       ] GC(99) Old regions: 13->13
[2020-04-18T09:07:18.684+0900][gc,heap       ] GC(99) Humongous regions: 129->129
[2020-04-18T09:07:18.684+0900][gc,metaspace  ] GC(99) Metaspace: 34430K->34430K(1081344K)
[2020-04-18T09:07:18.684+0900][gc            ] GC(99) Pause Young (Normal) (G1 Evacuation Pause) 755M->144M(1024M) 3.436ms
[2020-04-18T09:07:18.684+0900][gc,cpu        ] GC(99) User=0.04s Sys=0.00s Real=0.00s
[2020-04-18T09:31:18.258+0900][gc,start      ] GC(100) Pause Young (Normal) (G1 Evacuation Pause)
[2020-04-18T09:31:18.258+0900][gc,task       ] GC(100) Using 23 workers of 23 for evacuation
[2020-04-18T09:31:18.261+0900][gc,phases     ] GC(100)   Pre Evacuate Collection Set: 0.0ms
[2020-04-18T09:31:18.261+0900][gc,phases     ] GC(100)   Evacuate Collection Set: 1.5ms
[2020-04-18T09:31:18.261+0900][gc,phases     ] GC(100)   Post Evacuate Collection Set: 1.4ms
[2020-04-18T09:31:18.261+0900][gc,phases     ] GC(100)   Other: 0.4ms
[2020-04-18T09:31:18.261+0900][gc,heap       ] GC(100) Eden regions: 611->0(611)
[2020-04-18T09:31:18.261+0900][gc,heap       ] GC(100) Survivor regions: 3->3(77)
[2020-04-18T09:31:18.261+0900][gc,heap       ] GC(100) Old regions: 13->13
[2020-04-18T09:31:18.261+0900][gc,heap       ] GC(100) Humongous regions: 129->129
[2020-04-18T09:31:18.261+0900][gc,metaspace  ] GC(100) Metaspace: 34430K->34430K(1081344K)
[2020-04-18T09:31:18.261+0900][gc            ] GC(100) Pause Young (Normal) (G1 Evacuation Pause) 755M->144M(1024M) 3.477ms
[2020-04-18T09:31:18.262+0900][gc,cpu        ] GC(100) User=0.03s Sys=0.01s Real=0.00s
[2020-04-18T09:54:58.758+0900][gc,start      ] GC(101) Pause Young (Normal) (G1 Evacuation Pause)
[2020-04-18T09:54:58.758+0900][gc,task       ] GC(101) Using 23 workers of 23 for evacuation
[2020-04-18T09:54:58.765+0900][gc,phases     ] GC(101)   Pre Evacuate Collection Set: 0.0ms
[2020-04-18T09:54:58.765+0900][gc,phases     ] GC(101)   Evacuate Collection Set: 3.7ms
[2020-04-18T09:54:58.765+0900][gc,phases     ] GC(101)   Post Evacuate Collection Set: 2.7ms
[2020-04-18T09:54:58.765+0900][gc,phases     ] GC(101)   Other: 0.4ms
[2020-04-18T09:54:58.765+0900][gc,heap       ] GC(101) Eden regions: 611->0(611)
[2020-04-18T09:54:58.765+0900][gc,heap       ] GC(101) Survivor regions: 3->3(77)
[2020-04-18T09:54:58.765+0900][gc,heap       ] GC(101) Old regions: 13->13
[2020-04-18T09:54:58.765+0900][gc,heap       ] GC(101) Humongous regions: 129->129
[2020-04-18T09:54:58.765+0900][gc,metaspace  ] GC(101) Metaspace: 34430K->34430K(1081344K)
[2020-04-18T09:54:58.765+0900][gc            ] GC(101) Pause Young (Normal) (G1 Evacuation Pause) 755M->144M(1024M) 6.995ms
[2020-04-18T09:54:58.765+0900][gc,cpu        ] GC(101) User=0.06s Sys=0.03s Real=0.00s
[2020-04-18T10:18:40.189+0900][gc,start      ] GC(102) Pause Young (Normal) (G1 Evacuation Pause)
[2020-04-18T10:18:40.189+0900][gc,task       ] GC(102) Using 23 workers of 23 for evacuation
[2020-04-18T10:18:40.192+0900][gc,phases     ] GC(102)   Pre Evacuate Collection Set: 0.0ms
[2020-04-18T10:18:40.192+0900][gc,phases     ] GC(102)   Evacuate Collection Set: 1.6ms
[2020-04-18T10:18:40.192+0900][gc,phases     ] GC(102)   Post Evacuate Collection Set: 1.5ms
[2020-04-18T10:18:40.192+0900][gc,phases     ] GC(102)   Other: 0.5ms
[2020-04-18T10:18:40.192+0900][gc,heap       ] GC(102) Eden regions: 611->0(611)
[2020-04-18T10:18:40.192+0900][gc,heap       ] GC(102) Survivor regions: 3->3(77)
[2020-04-18T10:18:40.192+0900][gc,heap       ] GC(102) Old regions: 13->13
[2020-04-18T10:18:40.192+0900][gc,heap       ] GC(102) Humongous regions: 129->129
[2020-04-18T10:18:40.192+0900][gc,metaspace  ] GC(102) Metaspace: 34430K->34430K(1081344K)
[2020-04-18T10:18:40.192+0900][gc            ] GC(102) Pause Young (Normal) (G1 Evacuation Pause) 755M->144M(1024M) 3.777ms
[2020-04-18T10:18:40.193+0900][gc,cpu        ] GC(102) User=0.04s Sys=0.00s Real=0.00s
[2020-04-18T10:42:05.418+0900][gc,start      ] GC(103) Pause Young (Normal) (G1 Evacuation Pause)
[2020-04-18T10:42:05.418+0900][gc,task       ] GC(103) Using 23 workers of 23 for evacuation
[2020-04-18T10:42:05.421+0900][gc,phases     ] GC(103)   Pre Evacuate Collection Set: 0.0ms
[2020-04-18T10:42:05.421+0900][gc,phases     ] GC(103)   Evacuate Collection Set: 1.5ms
[2020-04-18T10:42:05.421+0900][gc,phases     ] GC(103)   Post Evacuate Collection Set: 1.2ms
[2020-04-18T10:42:05.421+0900][gc,phases     ] GC(103)   Other: 0.5ms
[2020-04-18T10:42:05.421+0900][gc,heap       ] GC(103) Eden regions: 611->0(611)
[2020-04-18T10:42:05.421+0900][gc,heap       ] GC(103) Survivor regions: 3->3(77)
[2020-04-18T10:42:05.421+0900][gc,heap       ] GC(103) Old regions: 13->13
[2020-04-18T10:42:05.421+0900][gc,heap       ] GC(103) Humongous regions: 129->129
[2020-04-18T10:42:05.421+0900][gc,metaspace  ] GC(103) Metaspace: 34430K->34430K(1081344K)
[2020-04-18T10:42:05.421+0900][gc            ] GC(103) Pause Young (Normal) (G1 Evacuation Pause) 755M->144M(1024M) 3.308ms
[2020-04-18T10:42:05.421+0900][gc,cpu        ] GC(103) User=0.02s Sys=0.02s Real=0.00s
[2020-04-18T11:05:22.524+0900][gc,start      ] GC(104) Pause Young (Normal) (G1 Evacuation Pause)
[2020-04-18T11:05:22.524+0900][gc,task       ] GC(104) Using 23 workers of 23 for evacuation
[2020-04-18T11:05:22.527+0900][gc,phases     ] GC(104)   Pre Evacuate Collection Set: 0.0ms
[2020-04-18T11:05:22.528+0900][gc,phases     ] GC(104)   Evacuate Collection Set: 1.6ms
[2020-04-18T11:05:22.528+0900][gc,phases     ] GC(104)   Post Evacuate Collection Set: 1.4ms
[2020-04-18T11:05:22.528+0900][gc,phases     ] GC(104)   Other: 0.4ms
[2020-04-18T11:05:22.528+0900][gc,heap       ] GC(104) Eden regions: 611->0(611)
[2020-04-18T11:05:22.528+0900][gc,heap       ] GC(104) Survivor regions: 3->3(77)
[2020-04-18T11:05:22.528+0900][gc,heap       ] GC(104) Old regions: 13->13
[2020-04-18T11:05:22.528+0900][gc,heap       ] GC(104) Humongous regions: 129->129
[2020-04-18T11:05:22.528+0900][gc,metaspace  ] GC(104) Metaspace: 34430K->34430K(1081344K)
[2020-04-18T11:05:22.528+0900][gc            ] GC(104) Pause Young (Normal) (G1 Evacuation Pause) 755M->144M(1024M) 3.633ms
[2020-04-18T11:05:22.528+0900][gc,cpu        ] GC(104) User=0.03s Sys=0.01s Real=0.01s
[2020-04-18T11:28:57.457+0900][gc,start      ] GC(105) Pause Young (Normal) (G1 Evacuation Pause)
[2020-04-18T11:28:57.457+0900][gc,task       ] GC(105) Using 23 workers of 23 for evacuation
[2020-04-18T11:28:57.460+0900][gc,phases     ] GC(105)   Pre Evacuate Collection Set: 0.0ms
[2020-04-18T11:28:57.460+0900][gc,phases     ] GC(105)   Evacuate Collection Set: 1.6ms
[2020-04-18T11:28:57.460+0900][gc,phases     ] GC(105)   Post Evacuate Collection Set: 1.4ms
[2020-04-18T11:28:57.461+0900][gc,phases     ] GC(105)   Other: 0.4ms
[2020-04-18T11:28:57.461+0900][gc,heap       ] GC(105) Eden regions: 611->0(611)
[2020-04-18T11:28:57.461+0900][gc,heap       ] GC(105) Survivor regions: 3->3(77)
[2020-04-18T11:28:57.461+0900][gc,heap       ] GC(105) Old regions: 13->13
[2020-04-18T11:28:57.461+0900][gc,heap       ] GC(105) Humongous regions: 129->129
[2020-04-18T11:28:57.461+0900][gc,metaspace  ] GC(105) Metaspace: 34430K->34430K(1081344K)
[2020-04-18T11:28:57.461+0900][gc            ] GC(105) Pause Young (Normal) (G1 Evacuation Pause) 755M->144M(1024M) 3.654ms
[2020-04-18T11:28:57.461+0900][gc,cpu        ] GC(105) User=0.04s Sys=0.00s Real=0.00s
[2020-04-18T11:52:30.049+0900][gc,start      ] GC(106) Pause Young (Normal) (G1 Evacuation Pause)
[2020-04-18T11:52:30.049+0900][gc,task       ] GC(106) Using 23 workers of 23 for evacuation
[2020-04-18T11:52:30.052+0900][gc,phases     ] GC(106)   Pre Evacuate Collection Set: 0.0ms
[2020-04-18T11:52:30.052+0900][gc,phases     ] GC(106)   Evacuate Collection Set: 1.6ms
[2020-04-18T11:52:30.052+0900][gc,phases     ] GC(106)   Post Evacuate Collection Set: 1.2ms
[2020-04-18T11:52:30.052+0900][gc,phases     ] GC(106)   Other: 0.4ms
[2020-04-18T11:52:30.052+0900][gc,heap       ] GC(106) Eden regions: 611->0(611)
[2020-04-18T11:52:30.052+0900][gc,heap       ] GC(106) Survivor regions: 3->3(77)
[2020-04-18T11:52:30.052+0900][gc,heap       ] GC(106) Old regions: 13->14
[2020-04-18T11:52:30.052+0900][gc,heap       ] GC(106) Humongous regions: 129->129
[2020-04-18T11:52:30.052+0900][gc,metaspace  ] GC(106) Metaspace: 34441K->34441K(1081344K)
[2020-04-18T11:52:30.052+0900][gc            ] GC(106) Pause Young (Normal) (G1 Evacuation Pause) 755M->144M(1024M) 3.497ms
[2020-04-18T11:52:30.052+0900][gc,cpu        ] GC(106) User=0.04s Sys=0.00s Real=0.00s
[2020-04-18T12:15:59.339+0900][gc,start      ] GC(107) Pause Young (Normal) (G1 Evacuation Pause)
[2020-04-18T12:15:59.339+0900][gc,task       ] GC(107) Using 23 workers of 23 for evacuation
[2020-04-18T12:15:59.343+0900][gc,phases     ] GC(107)   Pre Evacuate Collection Set: 0.0ms
[2020-04-18T12:15:59.343+0900][gc,phases     ] GC(107)   Evacuate Collection Set: 1.5ms
[2020-04-18T12:15:59.343+0900][gc,phases     ] GC(107)   Post Evacuate Collection Set: 1.3ms
[2020-04-18T12:15:59.343+0900][gc,phases     ] GC(107)   Other: 0.4ms
[2020-04-18T12:15:59.343+0900][gc,heap       ] GC(107) Eden regions: 611->0(611)
[2020-04-18T12:15:59.343+0900][gc,heap       ] GC(107) Survivor regions: 3->3(77)
[2020-04-18T12:15:59.343+0900][gc,heap       ] GC(107) Old regions: 14->14
[2020-04-18T12:15:59.343+0900][gc,heap       ] GC(107) Humongous regions: 129->129
[2020-04-18T12:15:59.343+0900][gc,metaspace  ] GC(107) Metaspace: 34441K->34441K(1081344K)
[2020-04-18T12:15:59.343+0900][gc            ] GC(107) Pause Young (Normal) (G1 Evacuation Pause) 755M->144M(1024M) 3.480ms
[2020-04-18T12:15:59.343+0900][gc,cpu        ] GC(107) User=0.03s Sys=0.00s Real=0.00s
[2020-04-18T12:39:32.134+0900][gc,start      ] GC(108) Pause Young (Normal) (G1 Evacuation Pause)
[2020-04-18T12:39:32.134+0900][gc,task       ] GC(108) Using 23 workers of 23 for evacuation
[2020-04-18T12:39:32.137+0900][gc,phases     ] GC(108)   Pre Evacuate Collection Set: 0.0ms
[2020-04-18T12:39:32.137+0900][gc,phases     ] GC(108)   Evacuate Collection Set: 1.5ms
[2020-04-18T12:39:32.137+0900][gc,phases     ] GC(108)   Post Evacuate Collection Set: 1.2ms
[2020-04-18T12:39:32.137+0900][gc,phases     ] GC(108)   Other: 0.5ms
[2020-04-18T12:39:32.137+0900][gc,heap       ] GC(108) Eden regions: 611->0(611)
[2020-04-18T12:39:32.137+0900][gc,heap       ] GC(108) Survivor regions: 3->3(77)
[2020-04-18T12:39:32.137+0900][gc,heap       ] GC(108) Old regions: 14->14
[2020-04-18T12:39:32.137+0900][gc,heap       ] GC(108) Humongous regions: 129->129
[2020-04-18T12:39:32.137+0900][gc,metaspace  ] GC(108) Metaspace: 34441K->34441K(1081344K)
[2020-04-18T12:39:32.137+0900][gc            ] GC(108) Pause Young (Normal) (G1 Evacuation Pause) 755M->144M(1024M) 3.435ms
[2020-04-18T12:39:32.137+0900][gc,cpu        ] GC(108) User=0.02s Sys=0.01s Real=0.01s
[2020-04-18T13:02:54.574+0900][gc,start      ] GC(109) Pause Young (Normal) (G1 Evacuation Pause)
[2020-04-18T13:02:54.574+0900][gc,task       ] GC(109) Using 23 workers of 23 for evacuation
[2020-04-18T13:02:54.577+0900][gc,phases     ] GC(109)   Pre Evacuate Collection Set: 0.1ms
[2020-04-18T13:02:54.577+0900][gc,phases     ] GC(109)   Evacuate Collection Set: 1.6ms
[2020-04-18T13:02:54.577+0900][gc,phases     ] GC(109)   Post Evacuate Collection Set: 1.4ms
[2020-04-18T13:02:54.577+0900][gc,phases     ] GC(109)   Other: 0.4ms
[2020-04-18T13:02:54.577+0900][gc,heap       ] GC(109) Eden regions: 611->0(611)
[2020-04-18T13:02:54.578+0900][gc,heap       ] GC(109) Survivor regions: 3->3(77)
[2020-04-18T13:02:54.578+0900][gc,heap       ] GC(109) Old regions: 14->14
[2020-04-18T13:02:54.578+0900][gc,heap       ] GC(109) Humongous regions: 129->129
[2020-04-18T13:02:54.578+0900][gc,metaspace  ] GC(109) Metaspace: 34441K->34441K(1081344K)
[2020-04-18T13:02:54.578+0900][gc            ] GC(109) Pause Young (Normal) (G1 Evacuation Pause) 755M->144M(1024M) 3.742ms
[2020-04-18T13:02:54.578+0900][gc,cpu        ] GC(109) User=0.03s Sys=0.02s Real=0.01s
[2020-04-18T13:26:17.844+0900][gc,start      ] GC(110) Pause Young (Normal) (G1 Evacuation Pause)
[2020-04-18T13:26:17.844+0900][gc,task       ] GC(110) Using 23 workers of 23 for evacuation
[2020-04-18T13:26:17.846+0900][gc,phases     ] GC(110)   Pre Evacuate Collection Set: 0.0ms
[2020-04-18T13:26:17.847+0900][gc,phases     ] GC(110)   Evacuate Collection Set: 1.5ms
[2020-04-18T13:26:17.847+0900][gc,phases     ] GC(110)   Post Evacuate Collection Set: 0.9ms
[2020-04-18T13:26:17.847+0900][gc,phases     ] GC(110)   Other: 0.4ms
[2020-04-18T13:26:17.847+0900][gc,heap       ] GC(110) Eden regions: 611->0(611)
[2020-04-18T13:26:17.847+0900][gc,heap       ] GC(110) Survivor regions: 3->3(77)
[2020-04-18T13:26:17.847+0900][gc,heap       ] GC(110) Old regions: 14->14
[2020-04-18T13:26:17.847+0900][gc,heap       ] GC(110) Humongous regions: 129->129
[2020-04-18T13:26:17.847+0900][gc,metaspace  ] GC(110) Metaspace: 34441K->34441K(1081344K)
[2020-04-18T13:26:17.847+0900][gc            ] GC(110) Pause Young (Normal) (G1 Evacuation Pause) 755M->144M(1024M) 2.856ms
[2020-04-18T13:26:17.847+0900][gc,cpu        ] GC(110) User=0.03s Sys=0.00s Real=0.01s
[2020-04-18T13:49:36.347+0900][gc,start      ] GC(111) Pause Young (Normal) (G1 Evacuation Pause)
[2020-04-18T13:49:36.347+0900][gc,task       ] GC(111) Using 23 workers of 23 for evacuation
[2020-04-18T13:49:36.350+0900][gc,phases     ] GC(111)   Pre Evacuate Collection Set: 0.0ms
[2020-04-18T13:49:36.350+0900][gc,phases     ] GC(111)   Evacuate Collection Set: 1.7ms
[2020-04-18T13:49:36.350+0900][gc,phases     ] GC(111)   Post Evacuate Collection Set: 1.4ms
[2020-04-18T13:49:36.351+0900][gc,phases     ] GC(111)   Other: 0.4ms
[2020-04-18T13:49:36.351+0900][gc,heap       ] GC(111) Eden regions: 611->0(611)
[2020-04-18T13:49:36.351+0900][gc,heap       ] GC(111) Survivor regions: 3->3(77)
[2020-04-18T13:49:36.351+0900][gc,heap       ] GC(111) Old regions: 14->14
[2020-04-18T13:49:36.351+0900][gc,heap       ] GC(111) Humongous regions: 129->129
[2020-04-18T13:49:36.351+0900][gc,metaspace  ] GC(111) Metaspace: 34441K->34441K(1081344K)
[2020-04-18T13:49:36.351+0900][gc            ] GC(111) Pause Young (Normal) (G1 Evacuation Pause) 755M->144M(1024M) 3.807ms
[2020-04-18T13:49:36.351+0900][gc,cpu        ] GC(111) User=0.03s Sys=0.01s Real=0.00s
[2020-04-18T14:12:46.889+0900][gc,start      ] GC(112) Pause Young (Normal) (G1 Evacuation Pause)
[2020-04-18T14:12:46.889+0900][gc,task       ] GC(112) Using 23 workers of 23 for evacuation
[2020-04-18T14:12:46.892+0900][gc,phases     ] GC(112)   Pre Evacuate Collection Set: 0.0ms
[2020-04-18T14:12:46.892+0900][gc,phases     ] GC(112)   Evacuate Collection Set: 1.6ms
[2020-04-18T14:12:46.892+0900][gc,phases     ] GC(112)   Post Evacuate Collection Set: 1.4ms
[2020-04-18T14:12:46.892+0900][gc,phases     ] GC(112)   Other: 0.4ms
[2020-04-18T14:12:46.892+0900][gc,heap       ] GC(112) Eden regions: 611->0(611)
[2020-04-18T14:12:46.892+0900][gc,heap       ] GC(112) Survivor regions: 3->3(77)
[2020-04-18T14:12:46.892+0900][gc,heap       ] GC(112) Old regions: 14->14
[2020-04-18T14:12:46.892+0900][gc,heap       ] GC(112) Humongous regions: 129->129
[2020-04-18T14:12:46.893+0900][gc,metaspace  ] GC(112) Metaspace: 34441K->34441K(1081344K)
[2020-04-18T14:12:46.893+0900][gc            ] GC(112) Pause Young (Normal) (G1 Evacuation Pause) 755M->144M(1024M) 3.692ms
[2020-04-18T14:12:46.893+0900][gc,cpu        ] GC(112) User=0.04s Sys=0.00s Real=0.00s
[2020-04-18T14:36:02.094+0900][gc,start      ] GC(113) Pause Young (Normal) (G1 Evacuation Pause)
[2020-04-18T14:36:02.094+0900][gc,task       ] GC(113) Using 23 workers of 23 for evacuation
[2020-04-18T14:36:02.097+0900][gc,phases     ] GC(113)   Pre Evacuate Collection Set: 0.0ms
[2020-04-18T14:36:02.097+0900][gc,phases     ] GC(113)   Evacuate Collection Set: 1.5ms
[2020-04-18T14:36:02.097+0900][gc,phases     ] GC(113)   Post Evacuate Collection Set: 1.0ms
[2020-04-18T14:36:02.097+0900][gc,phases     ] GC(113)   Other: 0.3ms
[2020-04-18T14:36:02.097+0900][gc,heap       ] GC(113) Eden regions: 611->0(611)
[2020-04-18T14:36:02.097+0900][gc,heap       ] GC(113) Survivor regions: 3->3(77)
[2020-04-18T14:36:02.097+0900][gc,heap       ] GC(113) Old regions: 14->14
[2020-04-18T14:36:02.097+0900][gc,heap       ] GC(113) Humongous regions: 129->129
[2020-04-18T14:36:02.097+0900][gc,metaspace  ] GC(113) Metaspace: 34441K->34441K(1081344K)
[2020-04-18T14:36:02.097+0900][gc            ] GC(113) Pause Young (Normal) (G1 Evacuation Pause) 755M->144M(1024M) 2.953ms
[2020-04-18T14:36:02.097+0900][gc,cpu        ] GC(113) User=0.03s Sys=0.02s Real=0.01s
[2020-04-18T14:59:15.224+0900][gc,start      ] GC(114) Pause Young (Normal) (G1 Evacuation Pause)
[2020-04-18T14:59:15.224+0900][gc,task       ] GC(114) Using 23 workers of 23 for evacuation
[2020-04-18T14:59:15.227+0900][gc,phases     ] GC(114)   Pre Evacuate Collection Set: 0.0ms
[2020-04-18T14:59:15.227+0900][gc,phases     ] GC(114)   Evacuate Collection Set: 1.5ms
[2020-04-18T14:59:15.227+0900][gc,phases     ] GC(114)   Post Evacuate Collection Set: 1.2ms
[2020-04-18T14:59:15.227+0900][gc,phases     ] GC(114)   Other: 0.4ms
[2020-04-18T14:59:15.228+0900][gc,heap       ] GC(114) Eden regions: 611->0(611)
[2020-04-18T14:59:15.228+0900][gc,heap       ] GC(114) Survivor regions: 3->3(77)
[2020-04-18T14:59:15.228+0900][gc,heap       ] GC(114) Old regions: 14->14
[2020-04-18T14:59:15.228+0900][gc,heap       ] GC(114) Humongous regions: 129->129
[2020-04-18T14:59:15.228+0900][gc,metaspace  ] GC(114) Metaspace: 34441K->34441K(1081344K)
[2020-04-18T14:59:15.228+0900][gc            ] GC(114) Pause Young (Normal) (G1 Evacuation Pause) 755M->144M(1024M) 3.166ms
[2020-04-18T14:59:15.228+0900][gc,cpu        ] GC(114) User=0.04s Sys=0.00s Real=0.01s
[2020-04-18T15:22:29.372+0900][gc,start      ] GC(115) Pause Young (Normal) (G1 Evacuation Pause)
[2020-04-18T15:22:29.372+0900][gc,task       ] GC(115) Using 23 workers of 23 for evacuation
[2020-04-18T15:22:29.375+0900][gc,phases     ] GC(115)   Pre Evacuate Collection Set: 0.0ms
[2020-04-18T15:22:29.375+0900][gc,phases     ] GC(115)   Evacuate Collection Set: 1.6ms
[2020-04-18T15:22:29.375+0900][gc,phases     ] GC(115)   Post Evacuate Collection Set: 1.2ms
[2020-04-18T15:22:29.376+0900][gc,phases     ] GC(115)   Other: 0.4ms
[2020-04-18T15:22:29.376+0900][gc,heap       ] GC(115) Eden regions: 611->0(611)
[2020-04-18T15:22:29.376+0900][gc,heap       ] GC(115) Survivor regions: 3->3(77)
[2020-04-18T15:22:29.376+0900][gc,heap       ] GC(115) Old regions: 14->14
[2020-04-18T15:22:29.376+0900][gc,heap       ] GC(115) Humongous regions: 129->129
[2020-04-18T15:22:29.376+0900][gc,metaspace  ] GC(115) Metaspace: 34444K->34444K(1081344K)
[2020-04-18T15:22:29.376+0900][gc            ] GC(115) Pause Young (Normal) (G1 Evacuation Pause) 755M->144M(1024M) 3.407ms
[2020-04-18T15:22:29.376+0900][gc,cpu        ] GC(115) User=0.04s Sys=0.00s Real=0.01s
[2020-04-18T15:45:45.593+0900][gc,start      ] GC(116) Pause Young (Normal) (G1 Evacuation Pause)
[2020-04-18T15:45:45.593+0900][gc,task       ] GC(116) Using 23 workers of 23 for evacuation
[2020-04-18T15:45:45.596+0900][gc,phases     ] GC(116)   Pre Evacuate Collection Set: 0.0ms
[2020-04-18T15:45:45.596+0900][gc,phases     ] GC(116)   Evacuate Collection Set: 1.6ms
[2020-04-18T15:45:45.596+0900][gc,phases     ] GC(116)   Post Evacuate Collection Set: 1.4ms
[2020-04-18T15:45:45.596+0900][gc,phases     ] GC(116)   Other: 0.4ms
[2020-04-18T15:45:45.596+0900][gc,heap       ] GC(116) Eden regions: 611->0(611)
[2020-04-18T15:45:45.596+0900][gc,heap       ] GC(116) Survivor regions: 3->3(77)
[2020-04-18T15:45:45.596+0900][gc,heap       ] GC(116) Old regions: 14->14
[2020-04-18T15:45:45.596+0900][gc,heap       ] GC(116) Humongous regions: 129->129
[2020-04-18T15:45:45.596+0900][gc,metaspace  ] GC(116) Metaspace: 34444K->34444K(1081344K)
[2020-04-18T15:45:45.596+0900][gc            ] GC(116) Pause Young (Normal) (G1 Evacuation Pause) 755M->144M(1024M) 3.629ms
[2020-04-18T15:45:45.596+0900][gc,cpu        ] GC(116) User=0.05s Sys=0.00s Real=0.01s
[2020-04-18T16:09:02.952+0900][gc,start      ] GC(117) Pause Young (Normal) (G1 Evacuation Pause)
[2020-04-18T16:09:02.952+0900][gc,task       ] GC(117) Using 23 workers of 23 for evacuation
[2020-04-18T16:09:02.954+0900][gc,phases     ] GC(117)   Pre Evacuate Collection Set: 0.0ms
[2020-04-18T16:09:02.954+0900][gc,phases     ] GC(117)   Evacuate Collection Set: 1.4ms
[2020-04-18T16:09:02.954+0900][gc,phases     ] GC(117)   Post Evacuate Collection Set: 1.0ms
[2020-04-18T16:09:02.954+0900][gc,phases     ] GC(117)   Other: 0.4ms
[2020-04-18T16:09:02.954+0900][gc,heap       ] GC(117) Eden regions: 611->0(611)
[2020-04-18T16:09:02.954+0900][gc,heap       ] GC(117) Survivor regions: 3->3(77)
[2020-04-18T16:09:02.955+0900][gc,heap       ] GC(117) Old regions: 14->14
[2020-04-18T16:09:02.955+0900][gc,heap       ] GC(117) Humongous regions: 129->129
[2020-04-18T16:09:02.955+0900][gc,metaspace  ] GC(117) Metaspace: 34444K->34444K(1081344K)
[2020-04-18T16:09:02.955+0900][gc            ] GC(117) Pause Young (Normal) (G1 Evacuation Pause) 755M->144M(1024M) 3.045ms
[2020-04-18T16:09:02.955+0900][gc,cpu        ] GC(117) User=0.02s Sys=0.02s Real=0.01s
[2020-04-18T16:32:26.857+0900][gc,start      ] GC(118) Pause Young (Normal) (G1 Evacuation Pause)
[2020-04-18T16:32:26.857+0900][gc,task       ] GC(118) Using 23 workers of 23 for evacuation
[2020-04-18T16:32:26.860+0900][gc,phases     ] GC(118)   Pre Evacuate Collection Set: 0.0ms
[2020-04-18T16:32:26.861+0900][gc,phases     ] GC(118)   Evacuate Collection Set: 1.5ms
[2020-04-18T16:32:26.861+0900][gc,phases     ] GC(118)   Post Evacuate Collection Set: 1.3ms
[2020-04-18T16:32:26.861+0900][gc,phases     ] GC(118)   Other: 0.4ms
[2020-04-18T16:32:26.861+0900][gc,heap       ] GC(118) Eden regions: 611->0(611)
[2020-04-18T16:32:26.861+0900][gc,heap       ] GC(118) Survivor regions: 3->3(77)
[2020-04-18T16:32:26.861+0900][gc,heap       ] GC(118) Old regions: 14->14
[2020-04-18T16:32:26.861+0900][gc,heap       ] GC(118) Humongous regions: 129->129
[2020-04-18T16:32:26.861+0900][gc,metaspace  ] GC(118) Metaspace: 34450K->34450K(1081344K)
[2020-04-18T16:32:26.861+0900][gc            ] GC(118) Pause Young (Normal) (G1 Evacuation Pause) 755M->144M(1024M) 3.518ms
[2020-04-18T16:32:26.861+0900][gc,cpu        ] GC(118) User=0.04s Sys=0.00s Real=0.00s
[2020-04-18T16:55:47.118+0900][gc,start      ] GC(119) Pause Young (Normal) (G1 Evacuation Pause)
[2020-04-18T16:55:47.118+0900][gc,task       ] GC(119) Using 23 workers of 23 for evacuation
[2020-04-18T16:55:47.122+0900][gc,phases     ] GC(119)   Pre Evacuate Collection Set: 0.0ms
[2020-04-18T16:55:47.122+0900][gc,phases     ] GC(119)   Evacuate Collection Set: 1.5ms
[2020-04-18T16:55:47.122+0900][gc,phases     ] GC(119)   Post Evacuate Collection Set: 1.4ms
[2020-04-18T16:55:47.122+0900][gc,phases     ] GC(119)   Other: 0.4ms
[2020-04-18T16:55:47.122+0900][gc,heap       ] GC(119) Eden regions: 611->0(611)
[2020-04-18T16:55:47.122+0900][gc,heap       ] GC(119) Survivor regions: 3->3(77)
[2020-04-18T16:55:47.122+0900][gc,heap       ] GC(119) Old regions: 14->14
[2020-04-18T16:55:47.122+0900][gc,heap       ] GC(119) Humongous regions: 129->129
[2020-04-18T16:55:47.122+0900][gc,metaspace  ] GC(119) Metaspace: 34470K->34470K(1081344K)
[2020-04-18T16:55:47.122+0900][gc            ] GC(119) Pause Young (Normal) (G1 Evacuation Pause) 755M->144M(1024M) 3.520ms
[2020-04-18T16:55:47.122+0900][gc,cpu        ] GC(119) User=0.03s Sys=0.01s Real=0.00s
[2020-04-18T17:19:08.335+0900][gc,start      ] GC(120) Pause Young (Normal) (G1 Evacuation Pause)
[2020-04-18T17:19:08.335+0900][gc,task       ] GC(120) Using 23 workers of 23 for evacuation
[2020-04-18T17:19:08.338+0900][gc,phases     ] GC(120)   Pre Evacuate Collection Set: 0.0ms
[2020-04-18T17:19:08.338+0900][gc,phases     ] GC(120)   Evacuate Collection Set: 1.7ms
[2020-04-18T17:19:08.338+0900][gc,phases     ] GC(120)   Post Evacuate Collection Set: 1.2ms
[2020-04-18T17:19:08.338+0900][gc,phases     ] GC(120)   Other: 0.4ms
[2020-04-18T17:19:08.338+0900][gc,heap       ] GC(120) Eden regions: 611->0(611)
[2020-04-18T17:19:08.338+0900][gc,heap       ] GC(120) Survivor regions: 3->3(77)
[2020-04-18T17:19:08.338+0900][gc,heap       ] GC(120) Old regions: 14->14
[2020-04-18T17:19:08.338+0900][gc,heap       ] GC(120) Humongous regions: 129->129
[2020-04-18T17:19:08.338+0900][gc,metaspace  ] GC(120) Metaspace: 34470K->34470K(1081344K)
[2020-04-18T17:19:08.338+0900][gc            ] GC(120) Pause Young (Normal) (G1 Evacuation Pause) 755M->144M(1024M) 3.527ms
[2020-04-18T17:19:08.339+0900][gc,cpu        ] GC(120) User=0.03s Sys=0.02s Real=0.00s
[2020-04-18T18:16:48.865+0900][gc,start      ] GC(121) Pause Young (Normal) (G1 Evacuation Pause)
[2020-04-18T18:16:48.865+0900][gc,task       ] GC(121) Using 23 workers of 23 for evacuation
[2020-04-18T18:16:48.870+0900][gc,phases     ] GC(121)   Pre Evacuate Collection Set: 0.0ms
[2020-04-18T18:16:48.870+0900][gc,phases     ] GC(121)   Evacuate Collection Set: 2.6ms
[2020-04-18T18:16:48.870+0900][gc,phases     ] GC(121)   Post Evacuate Collection Set: 1.3ms
[2020-04-18T18:16:48.870+0900][gc,phases     ] GC(121)   Other: 0.4ms
[2020-04-18T18:16:48.870+0900][gc,heap       ] GC(121) Eden regions: 611->0(610)
[2020-04-18T18:16:48.870+0900][gc,heap       ] GC(121) Survivor regions: 3->4(77)
[2020-04-18T18:16:48.870+0900][gc,heap       ] GC(121) Old regions: 14->14
[2020-04-18T18:16:48.870+0900][gc,heap       ] GC(121) Humongous regions: 129->129
[2020-04-18T18:16:48.870+0900][gc,metaspace  ] GC(121) Metaspace: 34655K->34655K(1081344K)
[2020-04-18T18:16:48.870+0900][gc            ] GC(121) Pause Young (Normal) (G1 Evacuation Pause) 755M->145M(1024M) 4.470ms
[2020-04-18T18:16:48.870+0900][gc,cpu        ] GC(121) User=0.06s Sys=0.00s Real=0.01s
[2020-04-18T21:39:03.647+0900][gc,start      ] GC(122) Pause Young (Normal) (G1 Evacuation Pause)
[2020-04-18T21:39:03.647+0900][gc,task       ] GC(122) Using 23 workers of 23 for evacuation
[2020-04-18T21:39:03.652+0900][gc,phases     ] GC(122)   Pre Evacuate Collection Set: 0.0ms
[2020-04-18T21:39:03.652+0900][gc,phases     ] GC(122)   Evacuate Collection Set: 3.2ms
[2020-04-18T21:39:03.652+0900][gc,phases     ] GC(122)   Post Evacuate Collection Set: 1.5ms
[2020-04-18T21:39:03.652+0900][gc,phases     ] GC(122)   Other: 0.4ms
[2020-04-18T21:39:03.652+0900][gc,heap       ] GC(122) Eden regions: 610->0(610)
[2020-04-18T21:39:03.652+0900][gc,heap       ] GC(122) Survivor regions: 4->4(77)
[2020-04-18T21:39:03.652+0900][gc,heap       ] GC(122) Old regions: 14->14
[2020-04-18T21:39:03.652+0900][gc,heap       ] GC(122) Humongous regions: 129->129
[2020-04-18T21:39:03.653+0900][gc,metaspace  ] GC(122) Metaspace: 34665K->34665K(1081344K)
[2020-04-18T21:39:03.653+0900][gc            ] GC(122) Pause Young (Normal) (G1 Evacuation Pause) 755M->145M(1024M) 5.358ms
[2020-04-18T21:39:03.653+0900][gc,cpu        ] GC(122) User=0.08s Sys=0.00s Real=0.00s
[2020-04-19T01:02:30.410+0900][gc,start      ] GC(123) Pause Young (Normal) (G1 Evacuation Pause)
[2020-04-19T01:02:30.410+0900][gc,task       ] GC(123) Using 23 workers of 23 for evacuation
[2020-04-19T01:02:30.414+0900][gc,phases     ] GC(123)   Pre Evacuate Collection Set: 0.1ms
[2020-04-19T01:02:30.414+0900][gc,phases     ] GC(123)   Evacuate Collection Set: 1.9ms
[2020-04-19T01:02:30.414+0900][gc,phases     ] GC(123)   Post Evacuate Collection Set: 1.2ms
[2020-04-19T01:02:30.414+0900][gc,phases     ] GC(123)   Other: 0.5ms
[2020-04-19T01:02:30.414+0900][gc,heap       ] GC(123) Eden regions: 610->0(611)
[2020-04-19T01:02:30.414+0900][gc,heap       ] GC(123) Survivor regions: 4->3(77)
[2020-04-19T01:02:30.414+0900][gc,heap       ] GC(123) Old regions: 14->14
[2020-04-19T01:02:30.414+0900][gc,heap       ] GC(123) Humongous regions: 129->129
[2020-04-19T01:02:30.414+0900][gc,metaspace  ] GC(123) Metaspace: 34665K->34665K(1081344K)
[2020-04-19T01:02:30.414+0900][gc            ] GC(123) Pause Young (Normal) (G1 Evacuation Pause) 755M->144M(1024M) 3.758ms
[2020-04-19T01:02:30.414+0900][gc,cpu        ] GC(123) User=0.03s Sys=0.02s Real=0.00s
[2020-04-19T04:26:39.574+0900][gc,start      ] GC(124) Pause Young (Normal) (G1 Evacuation Pause)
[2020-04-19T04:26:39.574+0900][gc,task       ] GC(124) Using 23 workers of 23 for evacuation
[2020-04-19T04:26:39.578+0900][gc,phases     ] GC(124)   Pre Evacuate Collection Set: 0.1ms
[2020-04-19T04:26:39.578+0900][gc,phases     ] GC(124)   Evacuate Collection Set: 2.2ms
[2020-04-19T04:26:39.578+0900][gc,phases     ] GC(124)   Post Evacuate Collection Set: 1.1ms
[2020-04-19T04:26:39.578+0900][gc,phases     ] GC(124)   Other: 0.4ms
[2020-04-19T04:26:39.578+0900][gc,heap       ] GC(124) Eden regions: 611->0(611)
[2020-04-19T04:26:39.578+0900][gc,heap       ] GC(124) Survivor regions: 3->3(77)
[2020-04-19T04:26:39.578+0900][gc,heap       ] GC(124) Old regions: 14->14
[2020-04-19T04:26:39.578+0900][gc,heap       ] GC(124) Humongous regions: 129->129
[2020-04-19T04:26:39.578+0900][gc,metaspace  ] GC(124) Metaspace: 34665K->34665K(1081344K)
[2020-04-19T04:26:39.578+0900][gc            ] GC(124) Pause Young (Normal) (G1 Evacuation Pause) 755M->145M(1024M) 3.940ms
[2020-04-19T04:26:39.578+0900][gc,cpu        ] GC(124) User=0.03s Sys=0.02s Real=0.01s
[2020-04-19T07:50:48.181+0900][gc,start      ] GC(125) Pause Young (Normal) (G1 Evacuation Pause)
[2020-04-19T07:50:48.181+0900][gc,task       ] GC(125) Using 23 workers of 23 for evacuation
[2020-04-19T07:50:48.186+0900][gc,phases     ] GC(125)   Pre Evacuate Collection Set: 0.0ms
[2020-04-19T07:50:48.186+0900][gc,phases     ] GC(125)   Evacuate Collection Set: 3.4ms
[2020-04-19T07:50:48.186+0900][gc,phases     ] GC(125)   Post Evacuate Collection Set: 1.2ms
[2020-04-19T07:50:48.186+0900][gc,phases     ] GC(125)   Other: 0.4ms
[2020-04-19T07:50:48.186+0900][gc,heap       ] GC(125) Eden regions: 611->0(610)
[2020-04-19T07:50:48.186+0900][gc,heap       ] GC(125) Survivor regions: 3->4(77)
[2020-04-19T07:50:48.186+0900][gc,heap       ] GC(125) Old regions: 14->14
[2020-04-19T07:50:48.186+0900][gc,heap       ] GC(125) Humongous regions: 129->129
[2020-04-19T07:50:48.186+0900][gc,metaspace  ] GC(125) Metaspace: 34665K->34665K(1081344K)
[2020-04-19T07:50:48.186+0900][gc            ] GC(125) Pause Young (Normal) (G1 Evacuation Pause) 756M->145M(1024M) 5.308ms
[2020-04-19T07:50:48.187+0900][gc,cpu        ] GC(125) User=0.08s Sys=0.00s Real=0.01s
[2020-04-19T11:13:59.251+0900][gc,start      ] GC(126) Pause Young (Normal) (G1 Evacuation Pause)
[2020-04-19T11:13:59.251+0900][gc,task       ] GC(126) Using 23 workers of 23 for evacuation
[2020-04-19T11:13:59.254+0900][gc,phases     ] GC(126)   Pre Evacuate Collection Set: 0.0ms
[2020-04-19T11:13:59.254+0900][gc,phases     ] GC(126)   Evacuate Collection Set: 2.2ms
[2020-04-19T11:13:59.254+0900][gc,phases     ] GC(126)   Post Evacuate Collection Set: 0.9ms
[2020-04-19T11:13:59.254+0900][gc,phases     ] GC(126)   Other: 0.3ms
[2020-04-19T11:13:59.254+0900][gc,heap       ] GC(126) Eden regions: 610->0(611)
[2020-04-19T11:13:59.254+0900][gc,heap       ] GC(126) Survivor regions: 4->3(77)
[2020-04-19T11:13:59.254+0900][gc,heap       ] GC(126) Old regions: 14->14
[2020-04-19T11:13:59.254+0900][gc,heap       ] GC(126) Humongous regions: 129->129
[2020-04-19T11:13:59.254+0900][gc,metaspace  ] GC(126) Metaspace: 34665K->34665K(1081344K)
[2020-04-19T11:13:59.254+0900][gc            ] GC(126) Pause Young (Normal) (G1 Evacuation Pause) 755M->144M(1024M) 3.596ms
[2020-04-19T11:13:59.254+0900][gc,cpu        ] GC(126) User=0.02s Sys=0.02s Real=0.01s
[2020-04-19T14:38:15.578+0900][gc,start      ] GC(127) Pause Young (Normal) (G1 Evacuation Pause)
[2020-04-19T14:38:15.578+0900][gc,task       ] GC(127) Using 23 workers of 23 for evacuation
[2020-04-19T14:38:15.582+0900][gc,phases     ] GC(127)   Pre Evacuate Collection Set: 0.1ms
[2020-04-19T14:38:15.582+0900][gc,phases     ] GC(127)   Evacuate Collection Set: 2.7ms
[2020-04-19T14:38:15.582+0900][gc,phases     ] GC(127)   Post Evacuate Collection Set: 1.2ms
[2020-04-19T14:38:15.582+0900][gc,phases     ] GC(127)   Other: 0.4ms
[2020-04-19T14:38:15.582+0900][gc,heap       ] GC(127) Eden regions: 611->0(610)
[2020-04-19T14:38:15.582+0900][gc,heap       ] GC(127) Survivor regions: 3->4(77)
[2020-04-19T14:38:15.582+0900][gc,heap       ] GC(127) Old regions: 14->14
[2020-04-19T14:38:15.582+0900][gc,heap       ] GC(127) Humongous regions: 129->129
[2020-04-19T14:38:15.582+0900][gc,metaspace  ] GC(127) Metaspace: 34670K->34670K(1081344K)
[2020-04-19T14:38:15.582+0900][gc            ] GC(127) Pause Young (Normal) (G1 Evacuation Pause) 755M->145M(1024M) 4.565ms
[2020-04-19T14:38:15.582+0900][gc,cpu        ] GC(127) User=0.06s Sys=0.00s Real=0.00s
[2020-04-19T18:01:37.938+0900][gc,start      ] GC(128) Pause Young (Normal) (G1 Evacuation Pause)
[2020-04-19T18:01:37.938+0900][gc,task       ] GC(128) Using 23 workers of 23 for evacuation
[2020-04-19T18:01:37.943+0900][gc,phases     ] GC(128)   Pre Evacuate Collection Set: 0.0ms
[2020-04-19T18:01:37.943+0900][gc,phases     ] GC(128)   Evacuate Collection Set: 3.4ms
[2020-04-19T18:01:37.943+0900][gc,phases     ] GC(128)   Post Evacuate Collection Set: 1.3ms
[2020-04-19T18:01:37.943+0900][gc,phases     ] GC(128)   Other: 0.4ms
[2020-04-19T18:01:37.943+0900][gc,heap       ] GC(128) Eden regions: 610->0(610)
[2020-04-19T18:01:37.943+0900][gc,heap       ] GC(128) Survivor regions: 4->4(77)
[2020-04-19T18:01:37.943+0900][gc,heap       ] GC(128) Old regions: 14->14
[2020-04-19T18:01:37.943+0900][gc,heap       ] GC(128) Humongous regions: 129->129
[2020-04-19T18:01:37.943+0900][gc,metaspace  ] GC(128) Metaspace: 34670K->34670K(1081344K)
[2020-04-19T18:01:37.943+0900][gc            ] GC(128) Pause Young (Normal) (G1 Evacuation Pause) 755M->145M(1024M) 5.362ms
[2020-04-19T18:01:37.943+0900][gc,cpu        ] GC(128) User=0.07s Sys=0.01s Real=0.00s
[2020-04-19T21:25:18.978+0900][gc,start      ] GC(129) Pause Young (Normal) (G1 Evacuation Pause)
[2020-04-19T21:25:18.978+0900][gc,task       ] GC(129) Using 23 workers of 23 for evacuation
[2020-04-19T21:25:18.981+0900][gc,phases     ] GC(129)   Pre Evacuate Collection Set: 0.0ms
[2020-04-19T21:25:18.981+0900][gc,phases     ] GC(129)   Evacuate Collection Set: 2.0ms
[2020-04-19T21:25:18.981+0900][gc,phases     ] GC(129)   Post Evacuate Collection Set: 0.9ms
[2020-04-19T21:25:18.981+0900][gc,phases     ] GC(129)   Other: 0.4ms
[2020-04-19T21:25:18.981+0900][gc,heap       ] GC(129) Eden regions: 610->0(611)
[2020-04-19T21:25:18.981+0900][gc,heap       ] GC(129) Survivor regions: 4->3(77)
[2020-04-19T21:25:18.981+0900][gc,heap       ] GC(129) Old regions: 14->14
[2020-04-19T21:25:18.981+0900][gc,heap       ] GC(129) Humongous regions: 129->129
[2020-04-19T21:25:18.981+0900][gc,metaspace  ] GC(129) Metaspace: 34670K->34670K(1081344K)
[2020-04-19T21:25:18.981+0900][gc            ] GC(129) Pause Young (Normal) (G1 Evacuation Pause) 755M->144M(1024M) 3.435ms
[2020-04-19T21:25:18.982+0900][gc,cpu        ] GC(129) User=0.03s Sys=0.01s Real=0.00s
[2020-04-20T00:49:46.747+0900][gc,start      ] GC(130) Pause Young (Normal) (G1 Evacuation Pause)
[2020-04-20T00:49:46.747+0900][gc,task       ] GC(130) Using 23 workers of 23 for evacuation
[2020-04-20T00:49:46.753+0900][gc,phases     ] GC(130)   Pre Evacuate Collection Set: 0.1ms
[2020-04-20T00:49:46.753+0900][gc,phases     ] GC(130)   Evacuate Collection Set: 4.4ms
[2020-04-20T00:49:46.753+0900][gc,phases     ] GC(130)   Post Evacuate Collection Set: 1.1ms
[2020-04-20T00:49:46.753+0900][gc,phases     ] GC(130)   Other: 0.5ms
[2020-04-20T00:49:46.753+0900][gc,heap       ] GC(130) Eden regions: 611->0(610)
[2020-04-20T00:49:46.753+0900][gc,heap       ] GC(130) Survivor regions: 3->4(77)
[2020-04-20T00:49:46.753+0900][gc,heap       ] GC(130) Old regions: 14->14
[2020-04-20T00:49:46.753+0900][gc,heap       ] GC(130) Humongous regions: 129->129
[2020-04-20T00:49:46.753+0900][gc,metaspace  ] GC(130) Metaspace: 34670K->34670K(1081344K)
[2020-04-20T00:49:46.753+0900][gc            ] GC(130) Pause Young (Normal) (G1 Evacuation Pause) 755M->145M(1024M) 6.254ms
[2020-04-20T00:49:46.753+0900][gc,cpu        ] GC(130) User=0.10s Sys=0.00s Real=0.00s
[2020-04-20T04:13:09.548+0900][gc,start      ] GC(131) Pause Young (Normal) (G1 Evacuation Pause)
[2020-04-20T04:13:09.549+0900][gc,task       ] GC(131) Using 23 workers of 23 for evacuation
[2020-04-20T04:13:09.554+0900][gc,phases     ] GC(131)   Pre Evacuate Collection Set: 0.0ms
[2020-04-20T04:13:09.554+0900][gc,phases     ] GC(131)   Evacuate Collection Set: 3.6ms
[2020-04-20T04:13:09.554+0900][gc,phases     ] GC(131)   Post Evacuate Collection Set: 1.2ms
[2020-04-20T04:13:09.554+0900][gc,phases     ] GC(131)   Other: 0.4ms
[2020-04-20T04:13:09.554+0900][gc,heap       ] GC(131) Eden regions: 610->0(610)
[2020-04-20T04:13:09.554+0900][gc,heap       ] GC(131) Survivor regions: 4->4(77)
[2020-04-20T04:13:09.554+0900][gc,heap       ] GC(131) Old regions: 14->14
[2020-04-20T04:13:09.554+0900][gc,heap       ] GC(131) Humongous regions: 129->129
[2020-04-20T04:13:09.554+0900][gc,metaspace  ] GC(131) Metaspace: 34670K->34670K(1081344K)
[2020-04-20T04:13:09.554+0900][gc            ] GC(131) Pause Young (Normal) (G1 Evacuation Pause) 755M->145M(1024M) 5.426ms
[2020-04-20T04:13:09.554+0900][gc,cpu        ] GC(131) User=0.09s Sys=0.00s Real=0.00s
[2020-04-20T07:37:03.650+0900][gc,start      ] GC(132) Pause Young (Normal) (G1 Evacuation Pause)
[2020-04-20T07:37:03.650+0900][gc,task       ] GC(132) Using 23 workers of 23 for evacuation
[2020-04-20T07:37:03.654+0900][gc,phases     ] GC(132)   Pre Evacuate Collection Set: 0.0ms
[2020-04-20T07:37:03.654+0900][gc,phases     ] GC(132)   Evacuate Collection Set: 2.2ms
[2020-04-20T07:37:03.654+0900][gc,phases     ] GC(132)   Post Evacuate Collection Set: 1.2ms
[2020-04-20T07:37:03.654+0900][gc,phases     ] GC(132)   Other: 0.4ms
[2020-04-20T07:37:03.654+0900][gc,heap       ] GC(132) Eden regions: 610->0(611)
[2020-04-20T07:37:03.654+0900][gc,heap       ] GC(132) Survivor regions: 4->3(77)
[2020-04-20T07:37:03.654+0900][gc,heap       ] GC(132) Old regions: 14->14
[2020-04-20T07:37:03.654+0900][gc,heap       ] GC(132) Humongous regions: 129->129
[2020-04-20T07:37:03.654+0900][gc,metaspace  ] GC(132) Metaspace: 34670K->34670K(1081344K)
[2020-04-20T07:37:03.654+0900][gc            ] GC(132) Pause Young (Normal) (G1 Evacuation Pause) 755M->144M(1024M) 4.078ms
[2020-04-20T07:37:03.654+0900][gc,cpu        ] GC(132) User=0.02s Sys=0.02s Real=0.00s
[2020-04-20T11:00:41.766+0900][gc,start      ] GC(133) Pause Young (Normal) (G1 Evacuation Pause)
[2020-04-20T11:00:41.766+0900][gc,task       ] GC(133) Using 23 workers of 23 for evacuation
[2020-04-20T11:00:41.770+0900][gc,phases     ] GC(133)   Pre Evacuate Collection Set: 0.0ms
[2020-04-20T11:00:41.770+0900][gc,phases     ] GC(133)   Evacuate Collection Set: 2.8ms
[2020-04-20T11:00:41.770+0900][gc,phases     ] GC(133)   Post Evacuate Collection Set: 1.2ms
[2020-04-20T11:00:41.770+0900][gc,phases     ] GC(133)   Other: 0.4ms
[2020-04-20T11:00:41.770+0900][gc,heap       ] GC(133) Eden regions: 611->0(610)
[2020-04-20T11:00:41.770+0900][gc,heap       ] GC(133) Survivor regions: 3->4(77)
[2020-04-20T11:00:41.770+0900][gc,heap       ] GC(133) Old regions: 14->14
[2020-04-20T11:00:41.770+0900][gc,heap       ] GC(133) Humongous regions: 129->129
[2020-04-20T11:00:41.770+0900][gc,metaspace  ] GC(133) Metaspace: 34670K->34670K(1081344K)
[2020-04-20T11:00:41.770+0900][gc            ] GC(133) Pause Young (Normal) (G1 Evacuation Pause) 755M->145M(1024M) 4.598ms
[2020-04-20T11:00:41.770+0900][gc,cpu        ] GC(133) User=0.06s Sys=0.00s Real=0.01s
[2020-04-20T14:24:29.574+0900][gc,start      ] GC(134) Pause Young (Normal) (G1 Evacuation Pause)
[2020-04-20T14:24:29.574+0900][gc,task       ] GC(134) Using 23 workers of 23 for evacuation
[2020-04-20T14:24:29.579+0900][gc,phases     ] GC(134)   Pre Evacuate Collection Set: 0.1ms
[2020-04-20T14:24:29.579+0900][gc,phases     ] GC(134)   Evacuate Collection Set: 3.4ms
[2020-04-20T14:24:29.579+0900][gc,phases     ] GC(134)   Post Evacuate Collection Set: 1.2ms
[2020-04-20T14:24:29.579+0900][gc,phases     ] GC(134)   Other: 0.5ms
[2020-04-20T14:24:29.579+0900][gc,heap       ] GC(134) Eden regions: 610->0(610)
[2020-04-20T14:24:29.579+0900][gc,heap       ] GC(134) Survivor regions: 4->4(77)
[2020-04-20T14:24:29.579+0900][gc,heap       ] GC(134) Old regions: 14->14
[2020-04-20T14:24:29.579+0900][gc,heap       ] GC(134) Humongous regions: 129->129
[2020-04-20T14:24:29.579+0900][gc,metaspace  ] GC(134) Metaspace: 34670K->34670K(1081344K)
[2020-04-20T14:24:29.579+0900][gc            ] GC(134) Pause Young (Normal) (G1 Evacuation Pause) 755M->145M(1024M) 5.408ms
[2020-04-20T14:24:29.579+0900][gc,cpu        ] GC(134) User=0.05s Sys=0.03s Real=0.01s
[2020-04-20T17:48:23.032+0900][gc,start      ] GC(135) Pause Young (Normal) (G1 Evacuation Pause)
[2020-04-20T17:48:23.032+0900][gc,task       ] GC(135) Using 23 workers of 23 for evacuation
[2020-04-20T17:48:23.036+0900][gc,phases     ] GC(135)   Pre Evacuate Collection Set: 0.0ms
[2020-04-20T17:48:23.036+0900][gc,phases     ] GC(135)   Evacuate Collection Set: 1.8ms
[2020-04-20T17:48:23.036+0900][gc,phases     ] GC(135)   Post Evacuate Collection Set: 1.1ms
[2020-04-20T17:48:23.036+0900][gc,phases     ] GC(135)   Other: 0.4ms
[2020-04-20T17:48:23.036+0900][gc,heap       ] GC(135) Eden regions: 610->0(611)
[2020-04-20T17:48:23.036+0900][gc,heap       ] GC(135) Survivor regions: 4->3(77)
[2020-04-20T17:48:23.036+0900][gc,heap       ] GC(135) Old regions: 14->14
[2020-04-20T17:48:23.036+0900][gc,heap       ] GC(135) Humongous regions: 129->129
[2020-04-20T17:48:23.036+0900][gc,metaspace  ] GC(135) Metaspace: 34671K->34671K(1081344K)
[2020-04-20T17:48:23.036+0900][gc            ] GC(135) Pause Young (Normal) (G1 Evacuation Pause) 755M->145M(1024M) 3.518ms
[2020-04-20T17:48:23.036+0900][gc,cpu        ] GC(135) User=0.04s Sys=0.00s Real=0.01s
[2020-04-20T21:11:49.574+0900][gc,start      ] GC(136) Pause Young (Normal) (G1 Evacuation Pause)
[2020-04-20T21:11:49.574+0900][gc,task       ] GC(136) Using 23 workers of 23 for evacuation
[2020-04-20T21:11:49.579+0900][gc,phases     ] GC(136)   Pre Evacuate Collection Set: 0.0ms
[2020-04-20T21:11:49.579+0900][gc,phases     ] GC(136)   Evacuate Collection Set: 3.0ms
[2020-04-20T21:11:49.579+0900][gc,phases     ] GC(136)   Post Evacuate Collection Set: 1.2ms
[2020-04-20T21:11:49.579+0900][gc,phases     ] GC(136)   Other: 0.5ms
[2020-04-20T21:11:49.579+0900][gc,heap       ] GC(136) Eden regions: 611->0(611)
[2020-04-20T21:11:49.579+0900][gc,heap       ] GC(136) Survivor regions: 3->3(77)
[2020-04-20T21:11:49.579+0900][gc,heap       ] GC(136) Old regions: 14->14
[2020-04-20T21:11:49.579+0900][gc,heap       ] GC(136) Humongous regions: 129->129
[2020-04-20T21:11:49.579+0900][gc,metaspace  ] GC(136) Metaspace: 34671K->34671K(1081344K)
[2020-04-20T21:11:49.579+0900][gc            ] GC(136) Pause Young (Normal) (G1 Evacuation Pause) 756M->145M(1024M) 4.892ms
[2020-04-20T21:11:49.579+0900][gc,cpu        ] GC(136) User=0.05s Sys=0.02s Real=0.01s
[2020-04-21T00:36:18.034+0900][gc,start      ] GC(137) Pause Young (Normal) (G1 Evacuation Pause)
[2020-04-21T00:36:18.034+0900][gc,task       ] GC(137) Using 23 workers of 23 for evacuation
[2020-04-21T00:36:18.039+0900][gc,phases     ] GC(137)   Pre Evacuate Collection Set: 0.0ms
[2020-04-21T00:36:18.039+0900][gc,phases     ] GC(137)   Evacuate Collection Set: 3.5ms
[2020-04-21T00:36:18.039+0900][gc,phases     ] GC(137)   Post Evacuate Collection Set: 1.2ms
[2020-04-21T00:36:18.039+0900][gc,phases     ] GC(137)   Other: 0.4ms
[2020-04-21T00:36:18.039+0900][gc,heap       ] GC(137) Eden regions: 611->0(611)
[2020-04-21T00:36:18.039+0900][gc,heap       ] GC(137) Survivor regions: 3->3(77)
[2020-04-21T00:36:18.039+0900][gc,heap       ] GC(137) Old regions: 14->14
[2020-04-21T00:36:18.039+0900][gc,heap       ] GC(137) Humongous regions: 129->129
[2020-04-21T00:36:18.039+0900][gc,metaspace  ] GC(137) Metaspace: 34671K->34671K(1081344K)
[2020-04-21T00:36:18.040+0900][gc            ] GC(137) Pause Young (Normal) (G1 Evacuation Pause) 756M->145M(1024M) 5.284ms
[2020-04-21T00:36:18.040+0900][gc,cpu        ] GC(137) User=0.05s Sys=0.03s Real=0.00s
[2020-04-21T04:00:03.640+0900][gc,start      ] GC(138) Pause Young (Normal) (G1 Evacuation Pause)
[2020-04-21T04:00:03.640+0900][gc,task       ] GC(138) Using 23 workers of 23 for evacuation
[2020-04-21T04:00:03.643+0900][gc,phases     ] GC(138)   Pre Evacuate Collection Set: 0.0ms
[2020-04-21T04:00:03.643+0900][gc,phases     ] GC(138)   Evacuate Collection Set: 1.8ms
[2020-04-21T04:00:03.643+0900][gc,phases     ] GC(138)   Post Evacuate Collection Set: 1.1ms
[2020-04-21T04:00:03.643+0900][gc,phases     ] GC(138)   Other: 0.4ms
[2020-04-21T04:00:03.643+0900][gc,heap       ] GC(138) Eden regions: 611->0(611)
[2020-04-21T04:00:03.643+0900][gc,heap       ] GC(138) Survivor regions: 3->3(77)
[2020-04-21T04:00:03.643+0900][gc,heap       ] GC(138) Old regions: 14->15
[2020-04-21T04:00:03.643+0900][gc,heap       ] GC(138) Humongous regions: 129->129
[2020-04-21T04:00:03.643+0900][gc,metaspace  ] GC(138) Metaspace: 34679K->34679K(1081344K)
[2020-04-21T04:00:03.643+0900][gc            ] GC(138) Pause Young (Normal) (G1 Evacuation Pause) 756M->145M(1024M) 3.470ms
[2020-04-21T04:00:03.643+0900][gc,cpu        ] GC(138) User=0.03s Sys=0.02s Real=0.00s
[2020-04-21T07:24:03.247+0900][gc,start      ] GC(139) Pause Young (Normal) (G1 Evacuation Pause)
[2020-04-21T07:24:03.247+0900][gc,task       ] GC(139) Using 23 workers of 23 for evacuation
[2020-04-21T07:24:03.251+0900][gc,phases     ] GC(139)   Pre Evacuate Collection Set: 0.0ms
[2020-04-21T07:24:03.251+0900][gc,phases     ] GC(139)   Evacuate Collection Set: 2.6ms
[2020-04-21T07:24:03.251+0900][gc,phases     ] GC(139)   Post Evacuate Collection Set: 1.1ms
[2020-04-21T07:24:03.251+0900][gc,phases     ] GC(139)   Other: 0.5ms
[2020-04-21T07:24:03.251+0900][gc,heap       ] GC(139) Eden regions: 611->0(611)
[2020-04-21T07:24:03.251+0900][gc,heap       ] GC(139) Survivor regions: 3->3(77)
[2020-04-21T07:24:03.251+0900][gc,heap       ] GC(139) Old regions: 15->15
[2020-04-21T07:24:03.251+0900][gc,heap       ] GC(139) Humongous regions: 129->129
[2020-04-21T07:24:03.251+0900][gc,metaspace  ] GC(139) Metaspace: 34679K->34679K(1081344K)
[2020-04-21T07:24:03.251+0900][gc            ] GC(139) Pause Young (Normal) (G1 Evacuation Pause) 756M->145M(1024M) 4.326ms
[2020-04-21T07:24:03.251+0900][gc,cpu        ] GC(139) User=0.03s Sys=0.03s Real=0.00s
[2020-04-21T10:48:03.647+0900][gc,start      ] GC(140) Pause Young (Normal) (G1 Evacuation Pause)
[2020-04-21T10:48:03.647+0900][gc,task       ] GC(140) Using 23 workers of 23 for evacuation
[2020-04-21T10:48:03.650+0900][gc,phases     ] GC(140)   Pre Evacuate Collection Set: 0.0ms
[2020-04-21T10:48:03.650+0900][gc,phases     ] GC(140)   Evacuate Collection Set: 1.5ms
[2020-04-21T10:48:03.650+0900][gc,phases     ] GC(140)   Post Evacuate Collection Set: 1.2ms
[2020-04-21T10:48:03.650+0900][gc,phases     ] GC(140)   Other: 0.4ms
[2020-04-21T10:48:03.650+0900][gc,heap       ] GC(140) Eden regions: 611->0(612)
[2020-04-21T10:48:03.650+0900][gc,heap       ] GC(140) Survivor regions: 3->2(77)
[2020-04-21T10:48:03.650+0900][gc,heap       ] GC(140) Old regions: 15->15
[2020-04-21T10:48:03.650+0900][gc,heap       ] GC(140) Humongous regions: 129->129
[2020-04-21T10:48:03.650+0900][gc,metaspace  ] GC(140) Metaspace: 34679K->34679K(1081344K)
[2020-04-21T10:48:03.650+0900][gc            ] GC(140) Pause Young (Normal) (G1 Evacuation Pause) 756M->144M(1024M) 3.382ms
[2020-04-21T10:48:03.650+0900][gc,cpu        ] GC(140) User=0.02s Sys=0.01s Real=0.00s
[2020-04-21T14:11:59.159+0900][gc,start      ] GC(141) Pause Young (Normal) (G1 Evacuation Pause)
[2020-04-21T14:11:59.159+0900][gc,task       ] GC(141) Using 23 workers of 23 for evacuation
[2020-04-21T14:11:59.162+0900][gc,phases     ] GC(141)   Pre Evacuate Collection Set: 0.0ms
[2020-04-21T14:11:59.162+0900][gc,phases     ] GC(141)   Evacuate Collection Set: 2.0ms
[2020-04-21T14:11:59.162+0900][gc,phases     ] GC(141)   Post Evacuate Collection Set: 1.0ms
[2020-04-21T14:11:59.162+0900][gc,phases     ] GC(141)   Other: 0.4ms
[2020-04-21T14:11:59.162+0900][gc,heap       ] GC(141) Eden regions: 612->0(611)
[2020-04-21T14:11:59.162+0900][gc,heap       ] GC(141) Survivor regions: 2->3(77)
[2020-04-21T14:11:59.162+0900][gc,heap       ] GC(141) Old regions: 15->15
[2020-04-21T14:11:59.162+0900][gc,heap       ] GC(141) Humongous regions: 129->129
[2020-04-21T14:11:59.162+0900][gc,metaspace  ] GC(141) Metaspace: 34703K->34703K(1081344K)
[2020-04-21T14:11:59.162+0900][gc            ] GC(141) Pause Young (Normal) (G1 Evacuation Pause) 756M->145M(1024M) 3.695ms
[2020-04-21T14:11:59.162+0900][gc,cpu        ] GC(141) User=0.03s Sys=0.01s Real=0.00s
[2020-04-21T17:36:19.705+0900][gc,start      ] GC(142) Pause Young (Normal) (G1 Evacuation Pause)
[2020-04-21T17:36:19.705+0900][gc,task       ] GC(142) Using 23 workers of 23 for evacuation
[2020-04-21T17:36:19.710+0900][gc,phases     ] GC(142)   Pre Evacuate Collection Set: 0.0ms
[2020-04-21T17:36:19.710+0900][gc,phases     ] GC(142)   Evacuate Collection Set: 3.2ms
[2020-04-21T17:36:19.710+0900][gc,phases     ] GC(142)   Post Evacuate Collection Set: 1.2ms
[2020-04-21T17:36:19.710+0900][gc,phases     ] GC(142)   Other: 0.4ms
[2020-04-21T17:36:19.710+0900][gc,heap       ] GC(142) Eden regions: 611->0(611)
[2020-04-21T17:36:19.710+0900][gc,heap       ] GC(142) Survivor regions: 3->3(77)
[2020-04-21T17:36:19.710+0900][gc,heap       ] GC(142) Old regions: 15->15
[2020-04-21T17:36:19.710+0900][gc,heap       ] GC(142) Humongous regions: 129->129
[2020-04-21T17:36:19.710+0900][gc,metaspace  ] GC(142) Metaspace: 34703K->34703K(1081344K)
[2020-04-21T17:36:19.710+0900][gc            ] GC(142) Pause Young (Normal) (G1 Evacuation Pause) 756M->145M(1024M) 5.021ms
[2020-04-21T17:36:19.710+0900][gc,cpu        ] GC(142) User=0.07s Sys=0.00s Real=0.01s
[2020-04-21T20:59:56.280+0900][gc,start      ] GC(143) Pause Young (Normal) (G1 Evacuation Pause)
[2020-04-21T20:59:56.280+0900][gc,task       ] GC(143) Using 23 workers of 23 for evacuation
[2020-04-21T20:59:56.283+0900][gc,phases     ] GC(143)   Pre Evacuate Collection Set: 0.0ms
[2020-04-21T20:59:56.283+0900][gc,phases     ] GC(143)   Evacuate Collection Set: 1.7ms
[2020-04-21T20:59:56.283+0900][gc,phases     ] GC(143)   Post Evacuate Collection Set: 1.2ms
[2020-04-21T20:59:56.283+0900][gc,phases     ] GC(143)   Other: 0.4ms
[2020-04-21T20:59:56.283+0900][gc,heap       ] GC(143) Eden regions: 611->0(612)
[2020-04-21T20:59:56.283+0900][gc,heap       ] GC(143) Survivor regions: 3->2(77)
[2020-04-21T20:59:56.283+0900][gc,heap       ] GC(143) Old regions: 15->15
[2020-04-21T20:59:56.283+0900][gc,heap       ] GC(143) Humongous regions: 129->129
[2020-04-21T20:59:56.283+0900][gc,metaspace  ] GC(143) Metaspace: 34703K->34703K(1081344K)
[2020-04-21T20:59:56.283+0900][gc            ] GC(143) Pause Young (Normal) (G1 Evacuation Pause) 756M->144M(1024M) 3.478ms
[2020-04-21T20:59:56.283+0900][gc,cpu        ] GC(143) User=0.02s Sys=0.01s Real=0.00s
[2020-04-22T00:24:27.999+0900][gc,start      ] GC(144) Pause Young (Normal) (G1 Evacuation Pause)
[2020-04-22T00:24:27.999+0900][gc,task       ] GC(144) Using 23 workers of 23 for evacuation
[2020-04-22T00:24:28.004+0900][gc,phases     ] GC(144)   Pre Evacuate Collection Set: 0.0ms
[2020-04-22T00:24:28.004+0900][gc,phases     ] GC(144)   Evacuate Collection Set: 3.4ms
[2020-04-22T00:24:28.004+0900][gc,phases     ] GC(144)   Post Evacuate Collection Set: 1.1ms
[2020-04-22T00:24:28.004+0900][gc,phases     ] GC(144)   Other: 0.4ms
[2020-04-22T00:24:28.004+0900][gc,heap       ] GC(144) Eden regions: 612->0(611)
[2020-04-22T00:24:28.004+0900][gc,heap       ] GC(144) Survivor regions: 2->3(77)
[2020-04-22T00:24:28.004+0900][gc,heap       ] GC(144) Old regions: 15->15
[2020-04-22T00:24:28.004+0900][gc,heap       ] GC(144) Humongous regions: 129->129
[2020-04-22T00:24:28.004+0900][gc,metaspace  ] GC(144) Metaspace: 34707K->34707K(1081344K)
[2020-04-22T00:24:28.004+0900][gc            ] GC(144) Pause Young (Normal) (G1 Evacuation Pause) 756M->145M(1024M) 5.176ms
[2020-04-22T00:24:28.004+0900][gc,cpu        ] GC(144) User=0.07s Sys=0.00s Real=0.00s
[2020-04-22T03:48:59.437+0900][gc,start      ] GC(145) Pause Young (Normal) (G1 Evacuation Pause)
[2020-04-22T03:48:59.437+0900][gc,task       ] GC(145) Using 23 workers of 23 for evacuation
[2020-04-22T03:48:59.440+0900][gc,phases     ] GC(145)   Pre Evacuate Collection Set: 0.0ms
[2020-04-22T03:48:59.440+0900][gc,phases     ] GC(145)   Evacuate Collection Set: 1.5ms
[2020-04-22T03:48:59.440+0900][gc,phases     ] GC(145)   Post Evacuate Collection Set: 1.2ms
[2020-04-22T03:48:59.440+0900][gc,phases     ] GC(145)   Other: 0.4ms
[2020-04-22T03:48:59.440+0900][gc,heap       ] GC(145) Eden regions: 611->0(612)
[2020-04-22T03:48:59.440+0900][gc,heap       ] GC(145) Survivor regions: 3->2(77)
[2020-04-22T03:48:59.440+0900][gc,heap       ] GC(145) Old regions: 15->15
[2020-04-22T03:48:59.440+0900][gc,heap       ] GC(145) Humongous regions: 129->129
[2020-04-22T03:48:59.440+0900][gc,metaspace  ] GC(145) Metaspace: 34716K->34716K(1081344K)
[2020-04-22T03:48:59.440+0900][gc            ] GC(145) Pause Young (Normal) (G1 Evacuation Pause) 756M->144M(1024M) 3.267ms
[2020-04-22T03:48:59.440+0900][gc,cpu        ] GC(145) User=0.03s Sys=0.00s Real=0.00s
[2020-04-22T07:12:47.606+0900][gc,start      ] GC(146) Pause Young (Normal) (G1 Evacuation Pause)
[2020-04-22T07:12:47.606+0900][gc,task       ] GC(146) Using 23 workers of 23 for evacuation
[2020-04-22T07:12:47.610+0900][gc,phases     ] GC(146)   Pre Evacuate Collection Set: 0.0ms
[2020-04-22T07:12:47.610+0900][gc,phases     ] GC(146)   Evacuate Collection Set: 2.3ms
[2020-04-22T07:12:47.610+0900][gc,phases     ] GC(146)   Post Evacuate Collection Set: 1.2ms
[2020-04-22T07:12:47.610+0900][gc,phases     ] GC(146)   Other: 0.4ms
[2020-04-22T07:12:47.610+0900][gc,heap       ] GC(146) Eden regions: 612->0(611)
[2020-04-22T07:12:47.610+0900][gc,heap       ] GC(146) Survivor regions: 2->3(77)
[2020-04-22T07:12:47.610+0900][gc,heap       ] GC(146) Old regions: 15->15
[2020-04-22T07:12:47.610+0900][gc,heap       ] GC(146) Humongous regions: 129->129
[2020-04-22T07:12:47.610+0900][gc,metaspace  ] GC(146) Metaspace: 34718K->34718K(1081344K)
[2020-04-22T07:12:47.610+0900][gc            ] GC(146) Pause Young (Normal) (G1 Evacuation Pause) 756M->145M(1024M) 4.144ms
[2020-04-22T07:12:47.610+0900][gc,cpu        ] GC(146) User=0.05s Sys=0.01s Real=0.00s
[2020-04-22T10:37:23.391+0900][gc,start      ] GC(147) Pause Young (Normal) (G1 Evacuation Pause)
[2020-04-22T10:37:23.391+0900][gc,task       ] GC(147) Using 23 workers of 23 for evacuation
[2020-04-22T10:37:23.396+0900][gc,phases     ] GC(147)   Pre Evacuate Collection Set: 0.0ms
[2020-04-22T10:37:23.396+0900][gc,phases     ] GC(147)   Evacuate Collection Set: 3.3ms
[2020-04-22T10:37:23.396+0900][gc,phases     ] GC(147)   Post Evacuate Collection Set: 1.2ms
[2020-04-22T10:37:23.396+0900][gc,phases     ] GC(147)   Other: 0.4ms
[2020-04-22T10:37:23.396+0900][gc,heap       ] GC(147) Eden regions: 611->0(611)
[2020-04-22T10:37:23.396+0900][gc,heap       ] GC(147) Survivor regions: 3->3(77)
[2020-04-22T10:37:23.396+0900][gc,heap       ] GC(147) Old regions: 15->15
[2020-04-22T10:37:23.396+0900][gc,heap       ] GC(147) Humongous regions: 129->129
[2020-04-22T10:37:23.396+0900][gc,metaspace  ] GC(147) Metaspace: 34719K->34719K(1081344K)
[2020-04-22T10:37:23.396+0900][gc            ] GC(147) Pause Young (Normal) (G1 Evacuation Pause) 756M->145M(1024M) 5.093ms
[2020-04-22T10:37:23.396+0900][gc,cpu        ] GC(147) User=0.07s Sys=0.00s Real=0.01s
[2020-04-22T14:01:21.946+0900][gc,start      ] GC(148) Pause Young (Normal) (G1 Evacuation Pause)
[2020-04-22T14:01:21.946+0900][gc,task       ] GC(148) Using 23 workers of 23 for evacuation
[2020-04-22T14:01:21.949+0900][gc,phases     ] GC(148)   Pre Evacuate Collection Set: 0.1ms
[2020-04-22T14:01:21.949+0900][gc,phases     ] GC(148)   Evacuate Collection Set: 1.6ms
[2020-04-22T14:01:21.949+0900][gc,phases     ] GC(148)   Post Evacuate Collection Set: 1.0ms
[2020-04-22T14:01:21.949+0900][gc,phases     ] GC(148)   Other: 0.4ms
[2020-04-22T14:01:21.949+0900][gc,heap       ] GC(148) Eden regions: 611->0(612)
[2020-04-22T14:01:21.949+0900][gc,heap       ] GC(148) Survivor regions: 3->2(77)
[2020-04-22T14:01:21.949+0900][gc,heap       ] GC(148) Old regions: 15->15
[2020-04-22T14:01:21.949+0900][gc,heap       ] GC(148) Humongous regions: 129->129
[2020-04-22T14:01:21.949+0900][gc,metaspace  ] GC(148) Metaspace: 34719K->34719K(1081344K)
[2020-04-22T14:01:21.949+0900][gc            ] GC(148) Pause Young (Normal) (G1 Evacuation Pause) 756M->145M(1024M) 3.176ms
[2020-04-22T14:01:21.949+0900][gc,cpu        ] GC(148) User=0.02s Sys=0.01s Real=0.00s
[2020-04-22T17:26:34.574+0900][gc,start      ] GC(149) Pause Young (Normal) (G1 Evacuation Pause)
[2020-04-22T17:26:34.574+0900][gc,task       ] GC(149) Using 23 workers of 23 for evacuation
[2020-04-22T17:26:34.578+0900][gc,phases     ] GC(149)   Pre Evacuate Collection Set: 0.0ms
[2020-04-22T17:26:34.578+0900][gc,phases     ] GC(149)   Evacuate Collection Set: 2.9ms
[2020-04-22T17:26:34.579+0900][gc,phases     ] GC(149)   Post Evacuate Collection Set: 1.2ms
[2020-04-22T17:26:34.579+0900][gc,phases     ] GC(149)   Other: 0.5ms
[2020-04-22T17:26:34.579+0900][gc,heap       ] GC(149) Eden regions: 612->0(611)
[2020-04-22T17:26:34.579+0900][gc,heap       ] GC(149) Survivor regions: 2->3(77)
[2020-04-22T17:26:34.579+0900][gc,heap       ] GC(149) Old regions: 15->15
[2020-04-22T17:26:34.579+0900][gc,heap       ] GC(149) Humongous regions: 129->129
[2020-04-22T17:26:34.579+0900][gc,metaspace  ] GC(149) Metaspace: 34719K->34719K(1081344K)
[2020-04-22T17:26:34.579+0900][gc            ] GC(149) Pause Young (Normal) (G1 Evacuation Pause) 757M->145M(1024M) 4.783ms
[2020-04-22T17:26:34.579+0900][gc,cpu        ] GC(149) User=0.04s Sys=0.02s Real=0.01s
[2020-04-22T20:51:34.358+0900][gc,start      ] GC(150) Pause Young (Normal) (G1 Evacuation Pause)
[2020-04-22T20:51:34.358+0900][gc,task       ] GC(150) Using 23 workers of 23 for evacuation
[2020-04-22T20:51:34.362+0900][gc,phases     ] GC(150)   Pre Evacuate Collection Set: 0.0ms
[2020-04-22T20:51:34.362+0900][gc,phases     ] GC(150)   Evacuate Collection Set: 2.0ms
[2020-04-22T20:51:34.362+0900][gc,phases     ] GC(150)   Post Evacuate Collection Set: 1.1ms
[2020-04-22T20:51:34.362+0900][gc,phases     ] GC(150)   Other: 0.4ms
[2020-04-22T20:51:34.362+0900][gc,heap       ] GC(150) Eden regions: 611->0(612)
[2020-04-22T20:51:34.362+0900][gc,heap       ] GC(150) Survivor regions: 3->2(77)
[2020-04-22T20:51:34.362+0900][gc,heap       ] GC(150) Old regions: 15->15
[2020-04-22T20:51:34.362+0900][gc,heap       ] GC(150) Humongous regions: 129->129
[2020-04-22T20:51:34.362+0900][gc,metaspace  ] GC(150) Metaspace: 34719K->34719K(1081344K)
[2020-04-22T20:51:34.362+0900][gc            ] GC(150) Pause Young (Normal) (G1 Evacuation Pause) 756M->144M(1024M) 3.828ms
[2020-04-22T20:51:34.362+0900][gc,cpu        ] GC(150) User=0.03s Sys=0.01s Real=0.00s
[2020-04-23T00:16:03.640+0900][gc,start      ] GC(151) Pause Young (Normal) (G1 Evacuation Pause)
[2020-04-23T00:16:03.640+0900][gc,task       ] GC(151) Using 23 workers of 23 for evacuation
[2020-04-23T00:16:03.643+0900][gc,phases     ] GC(151)   Pre Evacuate Collection Set: 0.0ms
[2020-04-23T00:16:03.643+0900][gc,phases     ] GC(151)   Evacuate Collection Set: 2.5ms
[2020-04-23T00:16:03.643+0900][gc,phases     ] GC(151)   Post Evacuate Collection Set: 0.9ms
[2020-04-23T00:16:03.644+0900][gc,phases     ] GC(151)   Other: 0.3ms
[2020-04-23T00:16:03.644+0900][gc,heap       ] GC(151) Eden regions: 612->0(611)
[2020-04-23T00:16:03.644+0900][gc,heap       ] GC(151) Survivor regions: 2->3(77)
[2020-04-23T00:16:03.644+0900][gc,heap       ] GC(151) Old regions: 15->15
[2020-04-23T00:16:03.644+0900][gc,heap       ] GC(151) Humongous regions: 129->129
[2020-04-23T00:16:03.644+0900][gc,metaspace  ] GC(151) Metaspace: 34719K->34719K(1081344K)
[2020-04-23T00:16:03.644+0900][gc            ] GC(151) Pause Young (Normal) (G1 Evacuation Pause) 756M->145M(1024M) 3.963ms
[2020-04-23T00:16:03.644+0900][gc,cpu        ] GC(151) User=0.06s Sys=0.00s Real=0.00s
[2020-04-23T03:40:54.574+0900][gc,start      ] GC(152) Pause Young (Normal) (G1 Evacuation Pause)
[2020-04-23T03:40:54.574+0900][gc,task       ] GC(152) Using 23 workers of 23 for evacuation
[2020-04-23T03:40:54.577+0900][gc,phases     ] GC(152)   Pre Evacuate Collection Set: 0.1ms
[2020-04-23T03:40:54.577+0900][gc,phases     ] GC(152)   Evacuate Collection Set: 1.7ms
[2020-04-23T03:40:54.577+0900][gc,phases     ] GC(152)   Post Evacuate Collection Set: 1.1ms
[2020-04-23T03:40:54.577+0900][gc,phases     ] GC(152)   Other: 0.4ms
[2020-04-23T03:40:54.577+0900][gc,heap       ] GC(152) Eden regions: 611->0(612)
[2020-04-23T03:40:54.577+0900][gc,heap       ] GC(152) Survivor regions: 3->2(77)
[2020-04-23T03:40:54.577+0900][gc,heap       ] GC(152) Old regions: 15->15
[2020-04-23T03:40:54.577+0900][gc,heap       ] GC(152) Humongous regions: 129->129
[2020-04-23T03:40:54.577+0900][gc,metaspace  ] GC(152) Metaspace: 34719K->34719K(1081344K)
[2020-04-23T03:40:54.577+0900][gc            ] GC(152) Pause Young (Normal) (G1 Evacuation Pause) 756M->144M(1024M) 3.427ms
[2020-04-23T03:40:54.577+0900][gc,cpu        ] GC(152) User=0.03s Sys=0.02s Real=0.01s
[2020-04-23T07:05:39.027+0900][gc,start      ] GC(153) Pause Young (Normal) (G1 Evacuation Pause)
[2020-04-23T07:05:39.027+0900][gc,task       ] GC(153) Using 23 workers of 23 for evacuation
[2020-04-23T07:05:39.030+0900][gc,phases     ] GC(153)   Pre Evacuate Collection Set: 0.0ms
[2020-04-23T07:05:39.030+0900][gc,phases     ] GC(153)   Evacuate Collection Set: 2.1ms
[2020-04-23T07:05:39.030+0900][gc,phases     ] GC(153)   Post Evacuate Collection Set: 0.8ms
[2020-04-23T07:05:39.030+0900][gc,phases     ] GC(153)   Other: 0.4ms
[2020-04-23T07:05:39.030+0900][gc,heap       ] GC(153) Eden regions: 612->0(611)
[2020-04-23T07:05:39.030+0900][gc,heap       ] GC(153) Survivor regions: 2->3(77)
[2020-04-23T07:05:39.030+0900][gc,heap       ] GC(153) Old regions: 15->15
[2020-04-23T07:05:39.030+0900][gc,heap       ] GC(153) Humongous regions: 129->129
[2020-04-23T07:05:39.030+0900][gc,metaspace  ] GC(153) Metaspace: 34719K->34719K(1081344K)
[2020-04-23T07:05:39.030+0900][gc            ] GC(153) Pause Young (Normal) (G1 Evacuation Pause) 756M->145M(1024M) 3.373ms
[2020-04-23T07:05:39.030+0900][gc,cpu        ] GC(153) User=0.03s Sys=0.01s Real=0.00s
[2020-04-23T10:30:24.574+0900][gc,start      ] GC(154) Pause Young (Normal) (G1 Evacuation Pause)
[2020-04-23T10:30:24.574+0900][gc,task       ] GC(154) Using 23 workers of 23 for evacuation
[2020-04-23T10:30:24.577+0900][gc,phases     ] GC(154)   Pre Evacuate Collection Set: 0.0ms
[2020-04-23T10:30:24.577+0900][gc,phases     ] GC(154)   Evacuate Collection Set: 1.5ms
[2020-04-23T10:30:24.577+0900][gc,phases     ] GC(154)   Post Evacuate Collection Set: 1.1ms
[2020-04-23T10:30:24.577+0900][gc,phases     ] GC(154)   Other: 0.5ms
[2020-04-23T10:30:24.577+0900][gc,heap       ] GC(154) Eden regions: 611->0(612)
[2020-04-23T10:30:24.577+0900][gc,heap       ] GC(154) Survivor regions: 3->2(77)
[2020-04-23T10:30:24.577+0900][gc,heap       ] GC(154) Old regions: 15->15
[2020-04-23T10:30:24.577+0900][gc,heap       ] GC(154) Humongous regions: 129->129
[2020-04-23T10:30:24.577+0900][gc,metaspace  ] GC(154) Metaspace: 34719K->34719K(1081344K)
[2020-04-23T10:30:24.577+0900][gc            ] GC(154) Pause Young (Normal) (G1 Evacuation Pause) 756M->144M(1024M) 3.312ms
[2020-04-23T10:30:24.577+0900][gc,cpu        ] GC(154) User=0.02s Sys=0.01s Real=0.01s
[2020-04-23T13:55:47.136+0900][gc,start      ] GC(155) Pause Young (Normal) (G1 Evacuation Pause)
[2020-04-23T13:55:47.136+0900][gc,task       ] GC(155) Using 23 workers of 23 for evacuation
[2020-04-23T13:55:47.141+0900][gc,phases     ] GC(155)   Pre Evacuate Collection Set: 0.0ms
[2020-04-23T13:55:47.141+0900][gc,phases     ] GC(155)   Evacuate Collection Set: 2.7ms
[2020-04-23T13:55:47.141+0900][gc,phases     ] GC(155)   Post Evacuate Collection Set: 1.2ms
[2020-04-23T13:55:47.141+0900][gc,phases     ] GC(155)   Other: 0.4ms
[2020-04-23T13:55:47.141+0900][gc,heap       ] GC(155) Eden regions: 612->0(611)
[2020-04-23T13:55:47.141+0900][gc,heap       ] GC(155) Survivor regions: 2->3(77)
[2020-04-23T13:55:47.141+0900][gc,heap       ] GC(155) Old regions: 15->15
[2020-04-23T13:55:47.141+0900][gc,heap       ] GC(155) Humongous regions: 129->129
[2020-04-23T13:55:47.141+0900][gc,metaspace  ] GC(155) Metaspace: 34719K->34719K(1081344K)
[2020-04-23T13:55:47.141+0900][gc            ] GC(155) Pause Young (Normal) (G1 Evacuation Pause) 756M->145M(1024M) 4.493ms
[2020-04-23T13:55:47.141+0900][gc,cpu        ] GC(155) User=0.06s Sys=0.00s Real=0.00s
[2020-04-23T17:19:49.574+0900][gc,start      ] GC(156) Pause Young (Normal) (G1 Evacuation Pause)
[2020-04-23T17:19:49.574+0900][gc,task       ] GC(156) Using 23 workers of 23 for evacuation
[2020-04-23T17:19:49.577+0900][gc,phases     ] GC(156)   Pre Evacuate Collection Set: 0.0ms
[2020-04-23T17:19:49.577+0900][gc,phases     ] GC(156)   Evacuate Collection Set: 1.3ms
[2020-04-23T17:19:49.577+0900][gc,phases     ] GC(156)   Post Evacuate Collection Set: 1.2ms
[2020-04-23T17:19:49.577+0900][gc,phases     ] GC(156)   Other: 0.5ms
[2020-04-23T17:19:49.577+0900][gc,heap       ] GC(156) Eden regions: 611->0(612)
[2020-04-23T17:19:49.577+0900][gc,heap       ] GC(156) Survivor regions: 3->2(77)
[2020-04-23T17:19:49.577+0900][gc,heap       ] GC(156) Old regions: 15->15
[2020-04-23T17:19:49.577+0900][gc,heap       ] GC(156) Humongous regions: 129->129
[2020-04-23T17:19:49.577+0900][gc,metaspace  ] GC(156) Metaspace: 34869K->34869K(1081344K)
[2020-04-23T17:19:49.577+0900][gc            ] GC(156) Pause Young (Normal) (G1 Evacuation Pause) 756M->144M(1024M) 3.203ms
[2020-04-23T17:19:49.577+0900][gc,cpu        ] GC(156) User=0.02s Sys=0.02s Real=0.01s
[2020-04-23T20:44:39.574+0900][gc,start      ] GC(157) Pause Young (Normal) (G1 Evacuation Pause)
[2020-04-23T20:44:39.574+0900][gc,task       ] GC(157) Using 23 workers of 23 for evacuation
[2020-04-23T20:44:39.578+0900][gc,phases     ] GC(157)   Pre Evacuate Collection Set: 0.0ms
[2020-04-23T20:44:39.578+0900][gc,phases     ] GC(157)   Evacuate Collection Set: 2.2ms
[2020-04-23T20:44:39.578+0900][gc,phases     ] GC(157)   Post Evacuate Collection Set: 1.5ms
[2020-04-23T20:44:39.578+0900][gc,phases     ] GC(157)   Other: 0.5ms
[2020-04-23T20:44:39.578+0900][gc,heap       ] GC(157) Eden regions: 612->0(611)
[2020-04-23T20:44:39.578+0900][gc,heap       ] GC(157) Survivor regions: 2->3(77)
[2020-04-23T20:44:39.578+0900][gc,heap       ] GC(157) Old regions: 15->15
[2020-04-23T20:44:39.578+0900][gc,heap       ] GC(157) Humongous regions: 129->129
[2020-04-23T20:44:39.578+0900][gc,metaspace  ] GC(157) Metaspace: 34874K->34874K(1081344K)
[2020-04-23T20:44:39.578+0900][gc            ] GC(157) Pause Young (Normal) (G1 Evacuation Pause) 756M->145M(1024M) 4.377ms
[2020-04-23T20:44:39.578+0900][gc,cpu        ] GC(157) User=0.03s Sys=0.02s Real=0.01s
[2020-04-24T00:08:34.291+0900][gc,start      ] GC(158) Pause Young (Normal) (G1 Evacuation Pause)
[2020-04-24T00:08:34.291+0900][gc,task       ] GC(158) Using 23 workers of 23 for evacuation
[2020-04-24T00:08:34.296+0900][gc,phases     ] GC(158)   Pre Evacuate Collection Set: 0.0ms
[2020-04-24T00:08:34.296+0900][gc,phases     ] GC(158)   Evacuate Collection Set: 3.2ms
[2020-04-24T00:08:34.296+0900][gc,phases     ] GC(158)   Post Evacuate Collection Set: 1.5ms
[2020-04-24T00:08:34.297+0900][gc,phases     ] GC(158)   Other: 0.5ms
[2020-04-24T00:08:34.297+0900][gc,heap       ] GC(158) Eden regions: 611->0(611)
[2020-04-24T00:08:34.297+0900][gc,heap       ] GC(158) Survivor regions: 3->3(77)
[2020-04-24T00:08:34.297+0900][gc,heap       ] GC(158) Old regions: 15->15
[2020-04-24T00:08:34.297+0900][gc,heap       ] GC(158) Humongous regions: 129->129
[2020-04-24T00:08:34.297+0900][gc,metaspace  ] GC(158) Metaspace: 34874K->34874K(1081344K)
[2020-04-24T00:08:34.297+0900][gc            ] GC(158) Pause Young (Normal) (G1 Evacuation Pause) 756M->145M(1024M) 5.361ms
[2020-04-24T00:08:34.297+0900][gc,cpu        ] GC(158) User=0.08s Sys=0.00s Real=0.01s
[2020-04-24T03:33:27.581+0900][gc,start      ] GC(159) Pause Young (Normal) (G1 Evacuation Pause)
[2020-04-24T03:33:27.581+0900][gc,task       ] GC(159) Using 23 workers of 23 for evacuation
[2020-04-24T03:33:27.585+0900][gc,phases     ] GC(159)   Pre Evacuate Collection Set: 0.0ms
[2020-04-24T03:33:27.585+0900][gc,phases     ] GC(159)   Evacuate Collection Set: 2.1ms
[2020-04-24T03:33:27.585+0900][gc,phases     ] GC(159)   Post Evacuate Collection Set: 1.5ms
[2020-04-24T03:33:27.585+0900][gc,phases     ] GC(159)   Other: 0.4ms
[2020-04-24T03:33:27.585+0900][gc,heap       ] GC(159) Eden regions: 611->0(612)
[2020-04-24T03:33:27.585+0900][gc,heap       ] GC(159) Survivor regions: 3->2(77)
[2020-04-24T03:33:27.585+0900][gc,heap       ] GC(159) Old regions: 15->15
[2020-04-24T03:33:27.585+0900][gc,heap       ] GC(159) Humongous regions: 129->129
[2020-04-24T03:33:27.585+0900][gc,metaspace  ] GC(159) Metaspace: 34874K->34874K(1081344K)
[2020-04-24T03:33:27.585+0900][gc            ] GC(159) Pause Young (Normal) (G1 Evacuation Pause) 756M->145M(1024M) 4.189ms
[2020-04-24T03:33:27.585+0900][gc,cpu        ] GC(159) User=0.05s Sys=0.00s Real=0.00s
[2020-04-24T06:58:54.574+0900][gc,start      ] GC(160) Pause Young (Normal) (G1 Evacuation Pause)
[2020-04-24T06:58:54.574+0900][gc,task       ] GC(160) Using 23 workers of 23 for evacuation
[2020-04-24T06:58:54.579+0900][gc,phases     ] GC(160)   Pre Evacuate Collection Set: 0.1ms
[2020-04-24T06:58:54.579+0900][gc,phases     ] GC(160)   Evacuate Collection Set: 3.2ms
[2020-04-24T06:58:54.579+0900][gc,phases     ] GC(160)   Post Evacuate Collection Set: 1.4ms
[2020-04-24T06:58:54.579+0900][gc,phases     ] GC(160)   Other: 0.4ms
[2020-04-24T06:58:54.579+0900][gc,heap       ] GC(160) Eden regions: 612->0(611)
[2020-04-24T06:58:54.579+0900][gc,heap       ] GC(160) Survivor regions: 2->3(77)
[2020-04-24T06:58:54.579+0900][gc,heap       ] GC(160) Old regions: 15->15
[2020-04-24T06:58:54.579+0900][gc,heap       ] GC(160) Humongous regions: 129->129
[2020-04-24T06:58:54.579+0900][gc,metaspace  ] GC(160) Metaspace: 34874K->34874K(1081344K)
[2020-04-24T06:58:54.579+0900][gc            ] GC(160) Pause Young (Normal) (G1 Evacuation Pause) 757M->145M(1024M) 5.195ms
[2020-04-24T06:58:54.579+0900][gc,cpu        ] GC(160) User=0.05s Sys=0.03s Real=0.01s
[2020-04-24T10:23:24.574+0900][gc,start      ] GC(161) Pause Young (Normal) (G1 Evacuation Pause)
[2020-04-24T10:23:24.574+0900][gc,task       ] GC(161) Using 23 workers of 23 for evacuation
[2020-04-24T10:23:24.578+0900][gc,phases     ] GC(161)   Pre Evacuate Collection Set: 0.0ms
[2020-04-24T10:23:24.578+0900][gc,phases     ] GC(161)   Evacuate Collection Set: 2.0ms
[2020-04-24T10:23:24.578+0900][gc,phases     ] GC(161)   Post Evacuate Collection Set: 1.4ms
[2020-04-24T10:23:24.578+0900][gc,phases     ] GC(161)   Other: 0.5ms
[2020-04-24T10:23:24.578+0900][gc,heap       ] GC(161) Eden regions: 611->0(612)
[2020-04-24T10:23:24.578+0900][gc,heap       ] GC(161) Survivor regions: 3->2(77)
[2020-04-24T10:23:24.578+0900][gc,heap       ] GC(161) Old regions: 15->15
[2020-04-24T10:23:24.578+0900][gc,heap       ] GC(161) Humongous regions: 129->129
[2020-04-24T10:23:24.578+0900][gc,metaspace  ] GC(161) Metaspace: 34874K->34874K(1081344K)
[2020-04-24T10:23:24.578+0900][gc            ] GC(161) Pause Young (Normal) (G1 Evacuation Pause) 756M->145M(1024M) 4.101ms
[2020-04-24T10:23:24.578+0900][gc,cpu        ] GC(161) User=0.03s Sys=0.02s Real=0.01s
[2020-04-24T13:49:19.952+0900][gc,start      ] GC(162) Pause Young (Normal) (G1 Evacuation Pause)
[2020-04-24T13:49:19.953+0900][gc,task       ] GC(162) Using 23 workers of 23 for evacuation
[2020-04-24T13:49:19.957+0900][gc,phases     ] GC(162)   Pre Evacuate Collection Set: 0.0ms
[2020-04-24T13:49:19.957+0900][gc,phases     ] GC(162)   Evacuate Collection Set: 2.8ms
[2020-04-24T13:49:19.957+0900][gc,phases     ] GC(162)   Post Evacuate Collection Set: 1.3ms
[2020-04-24T13:49:19.957+0900][gc,phases     ] GC(162)   Other: 0.4ms
[2020-04-24T13:49:19.957+0900][gc,heap       ] GC(162) Eden regions: 612->0(611)
[2020-04-24T13:49:19.957+0900][gc,heap       ] GC(162) Survivor regions: 2->3(77)
[2020-04-24T13:49:19.957+0900][gc,heap       ] GC(162) Old regions: 15->15
[2020-04-24T13:49:19.957+0900][gc,heap       ] GC(162) Humongous regions: 129->129
[2020-04-24T13:49:19.957+0900][gc,metaspace  ] GC(162) Metaspace: 34874K->34874K(1081344K)
[2020-04-24T13:49:19.957+0900][gc            ] GC(162) Pause Young (Normal) (G1 Evacuation Pause) 757M->145M(1024M) 4.703ms
[2020-04-24T13:49:19.957+0900][gc,cpu        ] GC(162) User=0.07s Sys=0.00s Real=0.01s
[2020-04-24T17:14:41.946+0900][gc,start      ] GC(163) Pause Young (Normal) (G1 Evacuation Pause)
[2020-04-24T17:14:41.946+0900][gc,task       ] GC(163) Using 23 workers of 23 for evacuation
[2020-04-24T17:14:41.950+0900][gc,phases     ] GC(163)   Pre Evacuate Collection Set: 0.0ms
[2020-04-24T17:14:41.950+0900][gc,phases     ] GC(163)   Evacuate Collection Set: 1.8ms
[2020-04-24T17:14:41.950+0900][gc,phases     ] GC(163)   Post Evacuate Collection Set: 1.5ms
[2020-04-24T17:14:41.950+0900][gc,phases     ] GC(163)   Other: 0.3ms
[2020-04-24T17:14:41.950+0900][gc,heap       ] GC(163) Eden regions: 611->0(611)
[2020-04-24T17:14:41.950+0900][gc,heap       ] GC(163) Survivor regions: 3->3(77)
[2020-04-24T17:14:41.950+0900][gc,heap       ] GC(163) Old regions: 15->15
[2020-04-24T17:14:41.950+0900][gc,heap       ] GC(163) Humongous regions: 129->129
[2020-04-24T17:14:41.950+0900][gc,metaspace  ] GC(163) Metaspace: 34875K->34875K(1081344K)
[2020-04-24T17:14:41.950+0900][gc            ] GC(163) Pause Young (Normal) (G1 Evacuation Pause) 756M->145M(1024M) 3.952ms
[2020-04-24T17:14:41.950+0900][gc,cpu        ] GC(163) User=0.03s Sys=0.01s Real=0.00s
[2020-04-24T20:41:03.640+0900][gc,start      ] GC(164) Pause Young (Normal) (G1 Evacuation Pause)
[2020-04-24T20:41:03.640+0900][gc,task       ] GC(164) Using 23 workers of 23 for evacuation
[2020-04-24T20:41:03.643+0900][gc,phases     ] GC(164)   Pre Evacuate Collection Set: 0.0ms
[2020-04-24T20:41:03.643+0900][gc,phases     ] GC(164)   Evacuate Collection Set: 1.5ms
[2020-04-24T20:41:03.643+0900][gc,phases     ] GC(164)   Post Evacuate Collection Set: 1.5ms
[2020-04-24T20:41:03.643+0900][gc,phases     ] GC(164)   Other: 0.4ms
[2020-04-24T20:41:03.643+0900][gc,heap       ] GC(164) Eden regions: 611->0(612)
[2020-04-24T20:41:03.643+0900][gc,heap       ] GC(164) Survivor regions: 3->2(77)
[2020-04-24T20:41:03.643+0900][gc,heap       ] GC(164) Old regions: 15->15
[2020-04-24T20:41:03.643+0900][gc,heap       ] GC(164) Humongous regions: 129->129
[2020-04-24T20:41:03.643+0900][gc,metaspace  ] GC(164) Metaspace: 34875K->34875K(1081344K)
[2020-04-24T20:41:03.643+0900][gc            ] GC(164) Pause Young (Normal) (G1 Evacuation Pause) 756M->145M(1024M) 3.587ms
[2020-04-24T20:41:03.643+0900][gc,cpu        ] GC(164) User=0.02s Sys=0.02s Real=0.00s
[2020-04-25T00:07:16.513+0900][gc,start      ] GC(165) Pause Young (Normal) (G1 Evacuation Pause)
[2020-04-25T00:07:16.513+0900][gc,task       ] GC(165) Using 23 workers of 23 for evacuation
[2020-04-25T00:07:16.517+0900][gc,phases     ] GC(165)   Pre Evacuate Collection Set: 0.0ms
[2020-04-25T00:07:16.517+0900][gc,phases     ] GC(165)   Evacuate Collection Set: 3.0ms
[2020-04-25T00:07:16.517+0900][gc,phases     ] GC(165)   Post Evacuate Collection Set: 1.4ms
[2020-04-25T00:07:16.517+0900][gc,phases     ] GC(165)   Other: 0.4ms
[2020-04-25T00:07:16.518+0900][gc,heap       ] GC(165) Eden regions: 612->0(611)
[2020-04-25T00:07:16.518+0900][gc,heap       ] GC(165) Survivor regions: 2->3(77)
[2020-04-25T00:07:16.518+0900][gc,heap       ] GC(165) Old regions: 15->15
[2020-04-25T00:07:16.518+0900][gc,heap       ] GC(165) Humongous regions: 129->129
[2020-04-25T00:07:16.518+0900][gc,metaspace  ] GC(165) Metaspace: 34875K->34875K(1081344K)
[2020-04-25T00:07:16.518+0900][gc            ] GC(165) Pause Young (Normal) (G1 Evacuation Pause) 757M->145M(1024M) 5.030ms
[2020-04-25T00:07:16.518+0900][gc,cpu        ] GC(165) User=0.07s Sys=0.00s Real=0.01s
[2020-04-25T03:33:59.574+0900][gc,start      ] GC(166) Pause Young (Normal) (G1 Evacuation Pause)
[2020-04-25T03:33:59.574+0900][gc,task       ] GC(166) Using 23 workers of 23 for evacuation
[2020-04-25T03:33:59.578+0900][gc,phases     ] GC(166)   Pre Evacuate Collection Set: 0.0ms
[2020-04-25T03:33:59.578+0900][gc,phases     ] GC(166)   Evacuate Collection Set: 2.2ms
[2020-04-25T03:33:59.578+0900][gc,phases     ] GC(166)   Post Evacuate Collection Set: 1.4ms
[2020-04-25T03:33:59.578+0900][gc,phases     ] GC(166)   Other: 0.5ms
[2020-04-25T03:33:59.578+0900][gc,heap       ] GC(166) Eden regions: 611->0(611)
[2020-04-25T03:33:59.578+0900][gc,heap       ] GC(166) Survivor regions: 3->3(77)
[2020-04-25T03:33:59.578+0900][gc,heap       ] GC(166) Old regions: 15->15
[2020-04-25T03:33:59.578+0900][gc,heap       ] GC(166) Humongous regions: 129->129
[2020-04-25T03:33:59.578+0900][gc,metaspace  ] GC(166) Metaspace: 34875K->34875K(1081344K)
[2020-04-25T03:33:59.578+0900][gc            ] GC(166) Pause Young (Normal) (G1 Evacuation Pause) 756M->145M(1024M) 4.320ms
[2020-04-25T03:33:59.578+0900][gc,cpu        ] GC(166) User=0.04s Sys=0.02s Real=0.01s
[2020-04-25T07:00:09.723+0900][gc,start      ] GC(167) Pause Young (Normal) (G1 Evacuation Pause)
[2020-04-25T07:00:09.723+0900][gc,task       ] GC(167) Using 23 workers of 23 for evacuation
[2020-04-25T07:00:09.727+0900][gc,phases     ] GC(167)   Pre Evacuate Collection Set: 0.0ms
[2020-04-25T07:00:09.727+0900][gc,phases     ] GC(167)   Evacuate Collection Set: 1.4ms
[2020-04-25T07:00:09.727+0900][gc,phases     ] GC(167)   Post Evacuate Collection Set: 1.5ms
[2020-04-25T07:00:09.727+0900][gc,phases     ] GC(167)   Other: 0.4ms
[2020-04-25T07:00:09.727+0900][gc,heap       ] GC(167) Eden regions: 611->0(612)
[2020-04-25T07:00:09.727+0900][gc,heap       ] GC(167) Survivor regions: 3->2(77)
[2020-04-25T07:00:09.727+0900][gc,heap       ] GC(167) Old regions: 15->15
[2020-04-25T07:00:09.727+0900][gc,heap       ] GC(167) Humongous regions: 129->129
[2020-04-25T07:00:09.727+0900][gc,metaspace  ] GC(167) Metaspace: 34875K->34875K(1081344K)
[2020-04-25T07:00:09.727+0900][gc            ] GC(167) Pause Young (Normal) (G1 Evacuation Pause) 756M->144M(1024M) 3.573ms
[2020-04-25T07:00:09.727+0900][gc,cpu        ] GC(167) User=0.03s Sys=0.01s Real=0.01s
[2020-04-25T10:27:50.046+0900][gc,start      ] GC(168) Pause Young (Normal) (G1 Evacuation Pause)
[2020-04-25T10:27:50.046+0900][gc,task       ] GC(168) Using 23 workers of 23 for evacuation
[2020-04-25T10:27:50.051+0900][gc,phases     ] GC(168)   Pre Evacuate Collection Set: 0.0ms
[2020-04-25T10:27:50.052+0900][gc,phases     ] GC(168)   Evacuate Collection Set: 3.2ms
[2020-04-25T10:27:50.052+0900][gc,phases     ] GC(168)   Post Evacuate Collection Set: 1.5ms
[2020-04-25T10:27:50.052+0900][gc,phases     ] GC(168)   Other: 0.4ms
[2020-04-25T10:27:50.052+0900][gc,heap       ] GC(168) Eden regions: 612->0(611)
[2020-04-25T10:27:50.052+0900][gc,heap       ] GC(168) Survivor regions: 2->3(77)
[2020-04-25T10:27:50.052+0900][gc,heap       ] GC(168) Old regions: 15->15
[2020-04-25T10:27:50.052+0900][gc,heap       ] GC(168) Humongous regions: 129->129
[2020-04-25T10:27:50.052+0900][gc,metaspace  ] GC(168) Metaspace: 34875K->34875K(1081344K)
[2020-04-25T10:27:50.052+0900][gc            ] GC(168) Pause Young (Normal) (G1 Evacuation Pause) 756M->145M(1024M) 5.321ms
[2020-04-25T10:27:50.052+0900][gc,cpu        ] GC(168) User=0.05s Sys=0.02s Real=0.00s
[2020-04-25T13:55:24.574+0900][gc,start      ] GC(169) Pause Young (Normal) (G1 Evacuation Pause)
[2020-04-25T13:55:24.574+0900][gc,task       ] GC(169) Using 23 workers of 23 for evacuation
[2020-04-25T13:55:24.579+0900][gc,phases     ] GC(169)   Pre Evacuate Collection Set: 0.0ms
[2020-04-25T13:55:24.579+0900][gc,phases     ] GC(169)   Evacuate Collection Set: 2.8ms
[2020-04-25T13:55:24.579+0900][gc,phases     ] GC(169)   Post Evacuate Collection Set: 1.5ms
[2020-04-25T13:55:24.579+0900][gc,phases     ] GC(169)   Other: 0.5ms
[2020-04-25T13:55:24.579+0900][gc,heap       ] GC(169) Eden regions: 611->0(611)
[2020-04-25T13:55:24.579+0900][gc,heap       ] GC(169) Survivor regions: 3->3(77)
[2020-04-25T13:55:24.579+0900][gc,heap       ] GC(169) Old regions: 15->15
[2020-04-25T13:55:24.579+0900][gc,heap       ] GC(169) Humongous regions: 129->129
[2020-04-25T13:55:24.579+0900][gc,metaspace  ] GC(169) Metaspace: 34875K->34875K(1081344K)
[2020-04-25T13:55:24.579+0900][gc            ] GC(169) Pause Young (Normal) (G1 Evacuation Pause) 756M->145M(1024M) 4.958ms
[2020-04-25T13:55:24.579+0900][gc,cpu        ] GC(169) User=0.05s Sys=0.02s Real=0.01s
[2020-04-25T17:22:34.531+0900][gc,start      ] GC(170) Pause Young (Normal) (G1 Evacuation Pause)
[2020-04-25T17:22:34.531+0900][gc,task       ] GC(170) Using 23 workers of 23 for evacuation
[2020-04-25T17:22:34.535+0900][gc,phases     ] GC(170)   Pre Evacuate Collection Set: 0.0ms
[2020-04-25T17:22:34.535+0900][gc,phases     ] GC(170)   Evacuate Collection Set: 2.4ms
[2020-04-25T17:22:34.535+0900][gc,phases     ] GC(170)   Post Evacuate Collection Set: 1.5ms
[2020-04-25T17:22:34.535+0900][gc,phases     ] GC(170)   Other: 0.4ms
[2020-04-25T17:22:34.535+0900][gc,heap       ] GC(170) Eden regions: 611->0(611)
[2020-04-25T17:22:34.535+0900][gc,heap       ] GC(170) Survivor regions: 3->3(77)
[2020-04-25T17:22:34.535+0900][gc,heap       ] GC(170) Old regions: 15->15
[2020-04-25T17:22:34.535+0900][gc,heap       ] GC(170) Humongous regions: 129->129
[2020-04-25T17:22:34.535+0900][gc,metaspace  ] GC(170) Metaspace: 34875K->34875K(1081344K)
[2020-04-25T17:22:34.535+0900][gc            ] GC(170) Pause Young (Normal) (G1 Evacuation Pause) 756M->145M(1024M) 4.478ms
[2020-04-25T17:22:34.535+0900][gc,cpu        ] GC(170) User=0.02s Sys=0.03s Real=0.01s
[2020-04-25T20:50:19.281+0900][gc,start      ] GC(171) Pause Young (Normal) (G1 Evacuation Pause)
[2020-04-25T20:50:19.281+0900][gc,task       ] GC(171) Using 23 workers of 23 for evacuation
[2020-04-25T20:50:19.285+0900][gc,phases     ] GC(171)   Pre Evacuate Collection Set: 0.1ms
[2020-04-25T20:50:19.285+0900][gc,phases     ] GC(171)   Evacuate Collection Set: 1.7ms
[2020-04-25T20:50:19.285+0900][gc,phases     ] GC(171)   Post Evacuate Collection Set: 1.1ms
[2020-04-25T20:50:19.285+0900][gc,phases     ] GC(171)   Other: 0.3ms
[2020-04-25T20:50:19.285+0900][gc,heap       ] GC(171) Eden regions: 611->0(612)
[2020-04-25T20:50:19.285+0900][gc,heap       ] GC(171) Survivor regions: 3->2(77)
[2020-04-25T20:50:19.285+0900][gc,heap       ] GC(171) Old regions: 15->15
[2020-04-25T20:50:19.285+0900][gc,heap       ] GC(171) Humongous regions: 129->129
[2020-04-25T20:50:19.285+0900][gc,metaspace  ] GC(171) Metaspace: 34875K->34875K(1081344K)
[2020-04-25T20:50:19.285+0900][gc            ] GC(171) Pause Young (Normal) (G1 Evacuation Pause) 756M->145M(1024M) 3.377ms
[2020-04-25T20:50:19.285+0900][gc,cpu        ] GC(171) User=0.04s Sys=0.00s Real=0.00s
[2020-04-26T00:18:15.143+0900][gc,start      ] GC(172) Pause Young (Normal) (G1 Evacuation Pause)
[2020-04-26T00:18:15.143+0900][gc,task       ] GC(172) Using 23 workers of 23 for evacuation
[2020-04-26T00:18:15.146+0900][gc,phases     ] GC(172)   Pre Evacuate Collection Set: 0.0ms
[2020-04-26T00:18:15.146+0900][gc,phases     ] GC(172)   Evacuate Collection Set: 1.1ms
[2020-04-26T00:18:15.146+0900][gc,phases     ] GC(172)   Post Evacuate Collection Set: 1.2ms
[2020-04-26T00:18:15.146+0900][gc,phases     ] GC(172)   Other: 0.4ms
[2020-04-26T00:18:15.146+0900][gc,heap       ] GC(172) Eden regions: 612->0(612)
[2020-04-26T00:18:15.146+0900][gc,heap       ] GC(172) Survivor regions: 2->2(77)
[2020-04-26T00:18:15.146+0900][gc,heap       ] GC(172) Old regions: 15->15
[2020-04-26T00:18:15.146+0900][gc,heap       ] GC(172) Humongous regions: 129->129
[2020-04-26T00:18:15.146+0900][gc,metaspace  ] GC(172) Metaspace: 34875K->34875K(1081344K)
[2020-04-26T00:18:15.146+0900][gc            ] GC(172) Pause Young (Normal) (G1 Evacuation Pause) 757M->144M(1024M) 2.999ms
[2020-04-26T00:18:15.146+0900][gc,cpu        ] GC(172) User=0.02s Sys=0.01s Real=0.01s
[2020-04-26T03:46:39.574+0900][gc,start      ] GC(173) Pause Young (Normal) (G1 Evacuation Pause)
[2020-04-26T03:46:39.574+0900][gc,task       ] GC(173) Using 23 workers of 23 for evacuation
[2020-04-26T03:46:39.579+0900][gc,phases     ] GC(173)   Pre Evacuate Collection Set: 0.1ms
[2020-04-26T03:46:39.579+0900][gc,phases     ] GC(173)   Evacuate Collection Set: 3.5ms
[2020-04-26T03:46:39.579+0900][gc,phases     ] GC(173)   Post Evacuate Collection Set: 1.2ms
[2020-04-26T03:46:39.579+0900][gc,phases     ] GC(173)   Other: 0.4ms
[2020-04-26T03:46:39.579+0900][gc,heap       ] GC(173) Eden regions: 612->0(611)
[2020-04-26T03:46:39.579+0900][gc,heap       ] GC(173) Survivor regions: 2->3(77)
[2020-04-26T03:46:39.579+0900][gc,heap       ] GC(173) Old regions: 15->15
[2020-04-26T03:46:39.579+0900][gc,heap       ] GC(173) Humongous regions: 129->129
[2020-04-26T03:46:39.579+0900][gc,metaspace  ] GC(173) Metaspace: 34875K->34875K(1081344K)
[2020-04-26T03:46:39.579+0900][gc            ] GC(173) Pause Young (Normal) (G1 Evacuation Pause) 756M->146M(1024M) 5.400ms
[2020-04-26T03:46:39.579+0900][gc,cpu        ] GC(173) User=0.05s Sys=0.03s Real=0.01s
[2020-04-26T07:13:59.554+0900][gc,start      ] GC(174) Pause Young (Normal) (G1 Evacuation Pause)
[2020-04-26T07:13:59.554+0900][gc,task       ] GC(174) Using 23 workers of 23 for evacuation
[2020-04-26T07:13:59.558+0900][gc,phases     ] GC(174)   Pre Evacuate Collection Set: 0.0ms
[2020-04-26T07:13:59.558+0900][gc,phases     ] GC(174)   Evacuate Collection Set: 2.9ms
[2020-04-26T07:13:59.558+0900][gc,phases     ] GC(174)   Post Evacuate Collection Set: 1.2ms
[2020-04-26T07:13:59.559+0900][gc,phases     ] GC(174)   Other: 0.4ms
[2020-04-26T07:13:59.559+0900][gc,heap       ] GC(174) Eden regions: 611->0(611)
[2020-04-26T07:13:59.559+0900][gc,heap       ] GC(174) Survivor regions: 3->3(77)
[2020-04-26T07:13:59.559+0900][gc,heap       ] GC(174) Old regions: 15->15
[2020-04-26T07:13:59.559+0900][gc,heap       ] GC(174) Humongous regions: 129->129
[2020-04-26T07:13:59.559+0900][gc,metaspace  ] GC(174) Metaspace: 34875K->34875K(1081344K)
[2020-04-26T07:13:59.559+0900][gc            ] GC(174) Pause Young (Normal) (G1 Evacuation Pause) 757M->145M(1024M) 4.766ms
[2020-04-26T07:13:59.559+0900][gc,cpu        ] GC(174) User=0.05s Sys=0.02s Real=0.01s
[2020-04-26T10:42:03.650+0900][gc,start      ] GC(175) Pause Young (Normal) (G1 Evacuation Pause)
[2020-04-26T10:42:03.650+0900][gc,task       ] GC(175) Using 23 workers of 23 for evacuation
[2020-04-26T10:42:03.654+0900][gc,phases     ] GC(175)   Pre Evacuate Collection Set: 0.0ms
[2020-04-26T10:42:03.654+0900][gc,phases     ] GC(175)   Evacuate Collection Set: 2.7ms
[2020-04-26T10:42:03.654+0900][gc,phases     ] GC(175)   Post Evacuate Collection Set: 1.1ms
[2020-04-26T10:42:03.654+0900][gc,phases     ] GC(175)   Other: 0.4ms
[2020-04-26T10:42:03.654+0900][gc,heap       ] GC(175) Eden regions: 611->0(611)
[2020-04-26T10:42:03.654+0900][gc,heap       ] GC(175) Survivor regions: 3->3(77)
[2020-04-26T10:42:03.654+0900][gc,heap       ] GC(175) Old regions: 15->15
[2020-04-26T10:42:03.654+0900][gc,heap       ] GC(175) Humongous regions: 129->129
[2020-04-26T10:42:03.654+0900][gc,metaspace  ] GC(175) Metaspace: 34875K->34875K(1081344K)
[2020-04-26T10:42:03.654+0900][gc            ] GC(175) Pause Young (Normal) (G1 Evacuation Pause) 756M->145M(1024M) 4.512ms
[2020-04-26T10:42:03.654+0900][gc,cpu        ] GC(175) User=0.03s Sys=0.03s Real=0.01s
[2020-04-26T14:09:36.756+0900][gc,start      ] GC(176) Pause Young (Normal) (G1 Evacuation Pause)
[2020-04-26T14:09:36.756+0900][gc,task       ] GC(176) Using 23 workers of 23 for evacuation
[2020-04-26T14:09:36.759+0900][gc,phases     ] GC(176)   Pre Evacuate Collection Set: 0.0ms
[2020-04-26T14:09:36.759+0900][gc,phases     ] GC(176)   Evacuate Collection Set: 2.3ms
[2020-04-26T14:09:36.759+0900][gc,phases     ] GC(176)   Post Evacuate Collection Set: 1.1ms
[2020-04-26T14:09:36.759+0900][gc,phases     ] GC(176)   Other: 0.3ms
