[2020-04-14T20:07:53.472+0900][gc,heap] Heap region size: 1M
[2020-04-14T20:07:53.485+0900][gc     ] Using G1
[2020-04-14T20:07:53.485+0900][gc,heap,coops] Heap address: 0x00000000c0000000, size: 1024 MB, Compressed Oops mode: 32-bit
[2020-04-14T20:07:54.569+0900][gc,start     ] GC(0) Pause Young (Normal) (G1 Evacuation Pause)
[2020-04-14T20:07:54.573+0900][gc,task      ] GC(0) Using 23 workers of 23 for evacuation
[2020-04-14T20:07:54.582+0900][gc,phases    ] GC(0)   Pre Evacuate Collection Set: 0.0ms
[2020-04-14T20:07:54.583+0900][gc,phases    ] GC(0)   Evacuate Collection Set: 8.1ms
[2020-04-14T20:07:54.583+0900][gc,phases    ] GC(0)   Post Evacuate Collection Set: 0.9ms
[2020-04-14T20:07:54.583+0900][gc,phases    ] GC(0)   Other: 4.6ms
[2020-04-14T20:07:54.583+0900][gc,heap      ] GC(0) Eden regions: 51->0(44)
[2020-04-14T20:07:54.583+0900][gc,heap      ] GC(0) Survivor regions: 0->7(7)
[2020-04-14T20:07:54.583+0900][gc,heap      ] GC(0) Old regions: 0->0
[2020-04-14T20:07:54.583+0900][gc,heap      ] GC(0) Humongous regions: 0->0
[2020-04-14T20:07:54.583+0900][gc,metaspace ] GC(0) Metaspace: 16985K->16985K(1064960K)
[2020-04-14T20:07:54.583+0900][gc           ] GC(0) Pause Young (Normal) (G1 Evacuation Pause) 51M->6M(1024M) 13.812ms
[2020-04-14T20:07:54.583+0900][gc,cpu       ] GC(0) User=0.16s Sys=0.02s Real=0.01s
[2020-04-14T20:07:54.780+0900][gc,start     ] GC(1) Pause Young (Concurrent Start) (Metadata GC Threshold)
[2020-04-14T20:07:54.780+0900][gc,task      ] GC(1) Using 23 workers of 23 for evacuation
[2020-04-14T20:07:54.794+0900][gc,phases    ] GC(1)   Pre Evacuate Collection Set: 0.1ms
[2020-04-14T20:07:54.794+0900][gc,phases    ] GC(1)   Evacuate Collection Set: 12.3ms
[2020-04-14T20:07:54.794+0900][gc,phases    ] GC(1)   Post Evacuate Collection Set: 0.8ms
[2020-04-14T20:07:54.794+0900][gc,phases    ] GC(1)   Other: 0.6ms
[2020-04-14T20:07:54.794+0900][gc,heap      ] GC(1) Eden regions: 14->0(50)
[2020-04-14T20:07:54.794+0900][gc,heap      ] GC(1) Survivor regions: 7->1(7)
[2020-04-14T20:07:54.794+0900][gc,heap      ] GC(1) Old regions: 0->7
[2020-04-14T20:07:54.794+0900][gc,heap      ] GC(1) Humongous regions: 0->0
[2020-04-14T20:07:54.794+0900][gc,metaspace ] GC(1) Metaspace: 20417K->20417K(1067008K)
[2020-04-14T20:07:54.794+0900][gc           ] GC(1) Pause Young (Concurrent Start) (Metadata GC Threshold) 19M->7M(1024M) 13.992ms
[2020-04-14T20:07:54.794+0900][gc,cpu       ] GC(1) User=0.08s Sys=0.01s Real=0.01s
[2020-04-14T20:07:54.794+0900][gc           ] GC(2) Concurrent Cycle
[2020-04-14T20:07:54.794+0900][gc,marking   ] GC(2) Concurrent Clear Claimed Marks
[2020-04-14T20:07:54.794+0900][gc,marking   ] GC(2) Concurrent Clear Claimed Marks 0.026ms
[2020-04-14T20:07:54.794+0900][gc,marking   ] GC(2) Concurrent Scan Root Regions
[2020-04-14T20:07:54.796+0900][gc,marking   ] GC(2) Concurrent Scan Root Regions 1.437ms
[2020-04-14T20:07:54.796+0900][gc,marking   ] GC(2) Concurrent Mark (1.332s)
[2020-04-14T20:07:54.796+0900][gc,marking   ] GC(2) Concurrent Mark From Roots
[2020-04-14T20:07:54.797+0900][gc,task      ] GC(2) Using 6 workers of 6 for marking
[2020-04-14T20:07:54.803+0900][gc,marking   ] GC(2) Concurrent Mark From Roots 7.122ms
[2020-04-14T20:07:54.803+0900][gc,marking   ] GC(2) Concurrent Preclean
[2020-04-14T20:07:54.804+0900][gc,marking   ] GC(2) Concurrent Preclean 0.647ms
[2020-04-14T20:07:54.804+0900][gc,marking   ] GC(2) Concurrent Mark (1.332s, 1.340s) 7.832ms
[2020-04-14T20:07:54.804+0900][gc,start     ] GC(2) Pause Remark
[2020-04-14T20:07:54.806+0900][gc,stringtable] GC(2) Cleaned string and symbol table, strings: 8922 processed, 0 removed, symbols: 49597 processed, 53 removed
[2020-04-14T20:07:54.806+0900][gc            ] GC(2) Pause Remark 7M->7M(1024M) 2.403ms
[2020-04-14T20:07:54.806+0900][gc,cpu        ] GC(2) User=0.03s Sys=0.00s Real=0.01s
[2020-04-14T20:07:54.806+0900][gc,marking    ] GC(2) Concurrent Rebuild Remembered Sets
[2020-04-14T20:07:54.809+0900][gc,marking    ] GC(2) Concurrent Rebuild Remembered Sets 2.417ms
[2020-04-14T20:07:54.809+0900][gc,start      ] GC(2) Pause Cleanup
[2020-04-14T20:07:54.810+0900][gc            ] GC(2) Pause Cleanup 7M->7M(1024M) 0.530ms
[2020-04-14T20:07:54.810+0900][gc,cpu        ] GC(2) User=0.00s Sys=0.00s Real=0.00s
[2020-04-14T20:07:54.810+0900][gc,marking    ] GC(2) Concurrent Cleanup for Next Mark
[2020-04-14T20:07:54.812+0900][gc,marking    ] GC(2) Concurrent Cleanup for Next Mark 2.005ms
[2020-04-14T20:07:54.812+0900][gc            ] GC(2) Concurrent Cycle 17.456ms
[2020-04-14T20:08:47.982+0900][gc,start      ] GC(3) Pause Young (Normal) (G1 Evacuation Pause)
[2020-04-14T20:08:47.982+0900][gc,task       ] GC(3) Using 23 workers of 23 for evacuation
[2020-04-14T20:08:47.986+0900][gc,phases     ] GC(3)   Pre Evacuate Collection Set: 0.0ms
[2020-04-14T20:08:47.986+0900][gc,phases     ] GC(3)   Evacuate Collection Set: 3.4ms
[2020-04-14T20:08:47.986+0900][gc,phases     ] GC(3)   Post Evacuate Collection Set: 1.1ms
[2020-04-14T20:08:47.987+0900][gc,phases     ] GC(3)   Other: 0.3ms
[2020-04-14T20:08:47.987+0900][gc,heap       ] GC(3) Eden regions: 50->0(46)
[2020-04-14T20:08:47.987+0900][gc,heap       ] GC(3) Survivor regions: 1->5(7)
[2020-04-14T20:08:47.987+0900][gc,heap       ] GC(3) Old regions: 7->7
[2020-04-14T20:08:47.987+0900][gc,heap       ] GC(3) Humongous regions: 129->129
[2020-04-14T20:08:47.987+0900][gc,metaspace  ] GC(3) Metaspace: 30606K->30606K(1077248K)
[2020-04-14T20:08:47.987+0900][gc            ] GC(3) Pause Young (Normal) (G1 Evacuation Pause) 186M->140M(1024M) 4.922ms
[2020-04-14T20:08:47.987+0900][gc,cpu        ] GC(3) User=0.07s Sys=0.00s Real=0.01s
[2020-04-14T20:18:43.161+0900][gc,start      ] GC(4) Pause Young (Normal) (G1 Evacuation Pause)
[2020-04-14T20:18:43.161+0900][gc,task       ] GC(4) Using 23 workers of 23 for evacuation
[2020-04-14T20:18:43.164+0900][gc,phases     ] GC(4)   Pre Evacuate Collection Set: 0.0ms
[2020-04-14T20:18:43.164+0900][gc,phases     ] GC(4)   Evacuate Collection Set: 2.7ms
[2020-04-14T20:18:43.164+0900][gc,phases     ] GC(4)   Post Evacuate Collection Set: 0.7ms
[2020-04-14T20:18:43.164+0900][gc,phases     ] GC(4)   Other: 0.2ms
[2020-04-14T20:18:43.164+0900][gc,heap       ] GC(4) Eden regions: 46->0(49)
[2020-04-14T20:18:43.164+0900][gc,heap       ] GC(4) Survivor regions: 5->2(7)
[2020-04-14T20:18:43.164+0900][gc,heap       ] GC(4) Old regions: 7->11
[2020-04-14T20:18:43.164+0900][gc,heap       ] GC(4) Humongous regions: 129->129
[2020-04-14T20:18:43.164+0900][gc,metaspace  ] GC(4) Metaspace: 32951K->32951K(1079296K)
[2020-04-14T20:18:43.164+0900][gc            ] GC(4) Pause Young (Normal) (G1 Evacuation Pause) 186M->141M(1024M) 3.775ms
[2020-04-14T20:18:43.164+0900][gc,cpu        ] GC(4) User=0.06s Sys=0.00s Real=0.00s
[2020-04-14T20:22:33.876+0900][gc,start      ] GC(5) Pause Young (Concurrent Start) (Metadata GC Threshold)
[2020-04-14T20:22:33.876+0900][gc,task       ] GC(5) Using 23 workers of 23 for evacuation
[2020-04-14T20:22:33.882+0900][gc,phases     ] GC(5)   Pre Evacuate Collection Set: 0.3ms
[2020-04-14T20:22:33.882+0900][gc,phases     ] GC(5)   Evacuate Collection Set: 5.0ms
[2020-04-14T20:22:33.882+0900][gc,phases     ] GC(5)   Post Evacuate Collection Set: 0.9ms
[2020-04-14T20:22:33.883+0900][gc,phases     ] GC(5)   Other: 0.4ms
[2020-04-14T20:22:33.883+0900][gc,heap       ] GC(5) Eden regions: 36->0(49)
[2020-04-14T20:22:33.883+0900][gc,heap       ] GC(5) Survivor regions: 2->2(7)
[2020-04-14T20:22:33.883+0900][gc,heap       ] GC(5) Old regions: 11->11
[2020-04-14T20:22:33.883+0900][gc,heap       ] GC(5) Humongous regions: 129->129
[2020-04-14T20:22:33.883+0900][gc,metaspace  ] GC(5) Metaspace: 33645K->33645K(1079296K)
[2020-04-14T20:22:33.883+0900][gc            ] GC(5) Pause Young (Concurrent Start) (Metadata GC Threshold) 177M->141M(1024M) 6.702ms
[2020-04-14T20:22:33.883+0900][gc,cpu        ] GC(5) User=0.09s Sys=0.00s Real=0.00s
[2020-04-14T20:22:33.883+0900][gc            ] GC(6) Concurrent Cycle
[2020-04-14T20:22:33.883+0900][gc,marking    ] GC(6) Concurrent Clear Claimed Marks
[2020-04-14T20:22:33.883+0900][gc,marking    ] GC(6) Concurrent Clear Claimed Marks 0.118ms
[2020-04-14T20:22:33.883+0900][gc,marking    ] GC(6) Concurrent Scan Root Regions
[2020-04-14T20:22:33.885+0900][gc,marking    ] GC(6) Concurrent Scan Root Regions 2.393ms
[2020-04-14T20:22:33.885+0900][gc,marking    ] GC(6) Concurrent Mark (880.421s)
[2020-04-14T20:22:33.885+0900][gc,marking    ] GC(6) Concurrent Mark From Roots
[2020-04-14T20:22:33.885+0900][gc,task       ] GC(6) Using 6 workers of 6 for marking
[2020-04-14T20:22:33.893+0900][gc,marking    ] GC(6) Concurrent Mark From Roots 7.350ms
[2020-04-14T20:22:33.893+0900][gc,marking    ] GC(6) Concurrent Preclean
[2020-04-14T20:22:33.893+0900][gc,marking    ] GC(6) Concurrent Preclean 0.364ms
[2020-04-14T20:22:33.893+0900][gc,marking    ] GC(6) Concurrent Mark (880.421s, 880.429s) 7.761ms
[2020-04-14T20:22:33.893+0900][gc,start      ] GC(6) Pause Remark
[2020-04-14T20:22:33.900+0900][gc,stringtable] GC(6) Cleaned string and symbol table, strings: 12738 processed, 516 removed, symbols: 70984 processed, 13 removed
[2020-04-14T20:22:33.901+0900][gc            ] GC(6) Pause Remark 141M->141M(1024M) 7.388ms
[2020-04-14T20:22:33.901+0900][gc,cpu        ] GC(6) User=0.12s Sys=0.01s Real=0.01s
[2020-04-14T20:22:33.901+0900][gc,marking    ] GC(6) Concurrent Rebuild Remembered Sets
[2020-04-14T20:22:33.905+0900][gc,marking    ] GC(6) Concurrent Rebuild Remembered Sets 4.237ms
[2020-04-14T20:22:33.905+0900][gc,start      ] GC(6) Pause Cleanup
[2020-04-14T20:22:33.906+0900][gc            ] GC(6) Pause Cleanup 141M->141M(1024M) 0.514ms
[2020-04-14T20:22:33.906+0900][gc,cpu        ] GC(6) User=0.01s Sys=0.00s Real=0.00s
[2020-04-14T20:22:33.906+0900][gc,marking    ] GC(6) Concurrent Cleanup for Next Mark
[2020-04-14T20:22:33.908+0900][gc,marking    ] GC(6) Concurrent Cleanup for Next Mark 2.141ms
[2020-04-14T20:22:33.908+0900][gc            ] GC(6) Concurrent Cycle 25.458ms
[2020-04-14T20:22:35.837+0900][gc,heap,exit  ] Heap
[2020-04-14T20:22:35.837+0900][gc,heap,exit  ]  garbage-first heap   total 1048576K, used 148884K [0x00000000c0000000, 0x0000000100000000)
[2020-04-14T20:22:35.837+0900][gc,heap,exit  ]   region size 1024K, 7 young (7168K), 2 survivors (2048K)
[2020-04-14T20:22:35.837+0900][gc,heap,exit  ]  Metaspace       used 34028K, capacity 36245K, committed 36432K, reserved 1079296K
[2020-04-14T20:22:35.837+0900][gc,heap,exit  ]   class space    used 4914K, capacity 5945K, committed 6048K, reserved 1048576K
