[2020-04-26T14:09:36.760+0900][gc,heap       ] GC(176) Eden regions: 611->0(611)
[2020-04-26T14:09:36.760+0900][gc,heap       ] GC(176) Survivor regions: 3->3(77)
[2020-04-26T14:09:36.760+0900][gc,heap       ] GC(176) Old regions: 15->15
[2020-04-26T14:09:36.760+0900][gc,heap       ] GC(176) Humongous regions: 129->129
[2020-04-26T14:09:36.760+0900][gc,metaspace  ] GC(176) Metaspace: 34875K->34875K(1081344K)
[2020-04-26T14:09:36.760+0900][gc            ] GC(176) Pause Young (Normal) (G1 Evacuation Pause) 756M->145M(1024M) 3.996ms
[2020-04-26T14:09:36.760+0900][gc,cpu        ] GC(176) User=0.06s Sys=0.00s Real=0.00s
[2020-04-26T17:37:53.226+0900][gc,start      ] GC(177) Pause Young (Normal) (G1 Evacuation Pause)
[2020-04-26T17:37:53.226+0900][gc,task       ] GC(177) Using 23 workers of 23 for evacuation
[2020-04-26T17:37:53.229+0900][gc,phases     ] GC(177)   Pre Evacuate Collection Set: 0.1ms
[2020-04-26T17:37:53.229+0900][gc,phases     ] GC(177)   Evacuate Collection Set: 1.8ms
[2020-04-26T17:37:53.229+0900][gc,phases     ] GC(177)   Post Evacuate Collection Set: 1.0ms
[2020-04-26T17:37:53.229+0900][gc,phases     ] GC(177)   Other: 0.4ms
[2020-04-26T17:37:53.229+0900][gc,heap       ] GC(177) Eden regions: 611->0(612)
[2020-04-26T17:37:53.229+0900][gc,heap       ] GC(177) Survivor regions: 3->2(77)
[2020-04-26T17:37:53.229+0900][gc,heap       ] GC(177) Old regions: 15->15
[2020-04-26T17:37:53.229+0900][gc,heap       ] GC(177) Humongous regions: 129->129
[2020-04-26T17:37:53.229+0900][gc,metaspace  ] GC(177) Metaspace: 34875K->34875K(1081344K)
[2020-04-26T17:37:53.229+0900][gc            ] GC(177) Pause Young (Normal) (G1 Evacuation Pause) 756M->145M(1024M) 3.475ms
[2020-04-26T17:37:53.229+0900][gc,cpu        ] GC(177) User=0.03s Sys=0.02s Real=0.01s
[2020-04-26T21:05:54.398+0900][gc,start      ] GC(178) Pause Young (Normal) (G1 Evacuation Pause)
[2020-04-26T21:05:54.398+0900][gc,task       ] GC(178) Using 23 workers of 23 for evacuation
[2020-04-26T21:05:54.401+0900][gc,phases     ] GC(178)   Pre Evacuate Collection Set: 0.0ms
[2020-04-26T21:05:54.401+0900][gc,phases     ] GC(178)   Evacuate Collection Set: 1.7ms
[2020-04-26T21:05:54.401+0900][gc,phases     ] GC(178)   Post Evacuate Collection Set: 1.1ms
[2020-04-26T21:05:54.401+0900][gc,phases     ] GC(178)   Other: 0.4ms
[2020-04-26T21:05:54.402+0900][gc,heap       ] GC(178) Eden regions: 612->0(612)
[2020-04-26T21:05:54.402+0900][gc,heap       ] GC(178) Survivor regions: 2->2(77)
[2020-04-26T21:05:54.402+0900][gc,heap       ] GC(178) Old regions: 15->15
[2020-04-26T21:05:54.402+0900][gc,heap       ] GC(178) Humongous regions: 129->129
[2020-04-26T21:05:54.402+0900][gc,metaspace  ] GC(178) Metaspace: 34875K->34875K(1081344K)
[2020-04-26T21:05:54.402+0900][gc            ] GC(178) Pause Young (Normal) (G1 Evacuation Pause) 757M->145M(1024M) 3.434ms
[2020-04-26T21:05:54.402+0900][gc,cpu        ] GC(178) User=0.02s Sys=0.02s Real=0.00s
[2020-04-27T00:34:27.934+0900][gc,start      ] GC(179) Pause Young (Normal) (G1 Evacuation Pause)
[2020-04-27T00:34:27.934+0900][gc,task       ] GC(179) Using 23 workers of 23 for evacuation
[2020-04-27T00:34:27.937+0900][gc,phases     ] GC(179)   Pre Evacuate Collection Set: 0.0ms
[2020-04-27T00:34:27.937+0900][gc,phases     ] GC(179)   Evacuate Collection Set: 1.4ms
[2020-04-27T00:34:27.937+0900][gc,phases     ] GC(179)   Post Evacuate Collection Set: 1.1ms
[2020-04-27T00:34:27.937+0900][gc,phases     ] GC(179)   Other: 0.5ms
[2020-04-27T00:34:27.937+0900][gc,heap       ] GC(179) Eden regions: 612->0(612)
[2020-04-27T00:34:27.937+0900][gc,heap       ] GC(179) Survivor regions: 2->2(77)
[2020-04-27T00:34:27.937+0900][gc,heap       ] GC(179) Old regions: 15->15
[2020-04-27T00:34:27.937+0900][gc,heap       ] GC(179) Humongous regions: 129->129
[2020-04-27T00:34:27.937+0900][gc,metaspace  ] GC(179) Metaspace: 34875K->34875K(1081344K)
[2020-04-27T00:34:27.937+0900][gc            ] GC(179) Pause Young (Normal) (G1 Evacuation Pause) 757M->145M(1024M) 3.199ms
[2020-04-27T00:34:27.937+0900][gc,cpu        ] GC(179) User=0.03s Sys=0.01s Real=0.01s
[2020-04-27T04:02:14.574+0900][gc,start      ] GC(180) Pause Young (Normal) (G1 Evacuation Pause)
[2020-04-27T04:02:14.574+0900][gc,task       ] GC(180) Using 23 workers of 23 for evacuation
[2020-04-27T04:02:14.579+0900][gc,phases     ] GC(180)   Pre Evacuate Collection Set: 0.0ms
[2020-04-27T04:02:14.579+0900][gc,phases     ] GC(180)   Evacuate Collection Set: 3.2ms
[2020-04-27T04:02:14.579+0900][gc,phases     ] GC(180)   Post Evacuate Collection Set: 1.2ms
[2020-04-27T04:02:14.579+0900][gc,phases     ] GC(180)   Other: 0.5ms
[2020-04-27T04:02:14.579+0900][gc,heap       ] GC(180) Eden regions: 612->0(611)
[2020-04-27T04:02:14.579+0900][gc,heap       ] GC(180) Survivor regions: 2->3(77)
[2020-04-27T04:02:14.579+0900][gc,heap       ] GC(180) Old regions: 15->15
[2020-04-27T04:02:14.579+0900][gc,heap       ] GC(180) Humongous regions: 129->129
[2020-04-27T04:02:14.579+0900][gc,metaspace  ] GC(180) Metaspace: 34875K->34875K(1081344K)
[2020-04-27T04:02:14.579+0900][gc            ] GC(180) Pause Young (Normal) (G1 Evacuation Pause) 757M->146M(1024M) 5.158ms
[2020-04-27T04:02:14.579+0900][gc,cpu        ] GC(180) User=0.06s Sys=0.02s Real=0.01s
[2020-04-27T07:30:24.574+0900][gc,start      ] GC(181) Pause Young (Normal) (G1 Evacuation Pause)
[2020-04-27T07:30:24.574+0900][gc,task       ] GC(181) Using 23 workers of 23 for evacuation
[2020-04-27T07:30:24.578+0900][gc,phases     ] GC(181)   Pre Evacuate Collection Set: 0.0ms
[2020-04-27T07:30:24.579+0900][gc,phases     ] GC(181)   Evacuate Collection Set: 2.8ms
[2020-04-27T07:30:24.579+0900][gc,phases     ] GC(181)   Post Evacuate Collection Set: 1.2ms
[2020-04-27T07:30:24.579+0900][gc,phases     ] GC(181)   Other: 0.5ms
[2020-04-27T07:30:24.579+0900][gc,heap       ] GC(181) Eden regions: 611->0(611)
[2020-04-27T07:30:24.579+0900][gc,heap       ] GC(181) Survivor regions: 3->3(77)
[2020-04-27T07:30:24.579+0900][gc,heap       ] GC(181) Old regions: 15->15
[2020-04-27T07:30:24.579+0900][gc,heap       ] GC(181) Humongous regions: 129->129
[2020-04-27T07:30:24.579+0900][gc,metaspace  ] GC(181) Metaspace: 34875K->34875K(1081344K)
[2020-04-27T07:30:24.579+0900][gc            ] GC(181) Pause Young (Normal) (G1 Evacuation Pause) 757M->145M(1024M) 4.737ms
[2020-04-27T07:30:24.579+0900][gc,cpu        ] GC(181) User=0.04s Sys=0.02s Real=0.01s
[2020-04-27T10:58:29.057+0900][gc,start      ] GC(182) Pause Young (Normal) (G1 Evacuation Pause)
[2020-04-27T10:58:29.057+0900][gc,task       ] GC(182) Using 23 workers of 23 for evacuation
[2020-04-27T10:58:29.061+0900][gc,phases     ] GC(182)   Pre Evacuate Collection Set: 0.0ms
[2020-04-27T10:58:29.061+0900][gc,phases     ] GC(182)   Evacuate Collection Set: 2.2ms
[2020-04-27T10:58:29.061+0900][gc,phases     ] GC(182)   Post Evacuate Collection Set: 1.1ms
[2020-04-27T10:58:29.061+0900][gc,phases     ] GC(182)   Other: 0.4ms
[2020-04-27T10:58:29.061+0900][gc,heap       ] GC(182) Eden regions: 611->0(611)
[2020-04-27T10:58:29.061+0900][gc,heap       ] GC(182) Survivor regions: 3->3(77)
[2020-04-27T10:58:29.061+0900][gc,heap       ] GC(182) Old regions: 15->15
[2020-04-27T10:58:29.061+0900][gc,heap       ] GC(182) Humongous regions: 129->129
[2020-04-27T10:58:29.061+0900][gc,metaspace  ] GC(182) Metaspace: 34875K->34875K(1081344K)
[2020-04-27T10:58:29.061+0900][gc            ] GC(182) Pause Young (Normal) (G1 Evacuation Pause) 756M->145M(1024M) 3.917ms
[2020-04-27T10:58:29.061+0900][gc,cpu        ] GC(182) User=0.05s Sys=0.00s Real=0.00s
[2020-04-27T14:25:57.833+0900][gc,start      ] GC(183) Pause Young (Normal) (G1 Evacuation Pause)
[2020-04-27T14:25:57.833+0900][gc,task       ] GC(183) Using 23 workers of 23 for evacuation
[2020-04-27T14:25:57.837+0900][gc,phases     ] GC(183)   Pre Evacuate Collection Set: 0.0ms
[2020-04-27T14:25:57.837+0900][gc,phases     ] GC(183)   Evacuate Collection Set: 2.3ms
[2020-04-27T14:25:57.837+0900][gc,phases     ] GC(183)   Post Evacuate Collection Set: 1.2ms
[2020-04-27T14:25:57.837+0900][gc,phases     ] GC(183)   Other: 0.4ms
[2020-04-27T14:25:57.837+0900][gc,heap       ] GC(183) Eden regions: 611->0(611)
[2020-04-27T14:25:57.837+0900][gc,heap       ] GC(183) Survivor regions: 3->3(77)
[2020-04-27T14:25:57.837+0900][gc,heap       ] GC(183) Old regions: 15->15
[2020-04-27T14:25:57.837+0900][gc,heap       ] GC(183) Humongous regions: 129->129
[2020-04-27T14:25:57.837+0900][gc,metaspace  ] GC(183) Metaspace: 34883K->34883K(1081344K)
[2020-04-27T14:25:57.837+0900][gc            ] GC(183) Pause Young (Normal) (G1 Evacuation Pause) 756M->145M(1024M) 4.079ms
[2020-04-27T14:25:57.837+0900][gc,cpu        ] GC(183) User=0.06s Sys=0.00s Real=0.01s
[2020-04-27T17:54:16.099+0900][gc,start      ] GC(184) Pause Young (Normal) (G1 Evacuation Pause)
[2020-04-27T17:54:16.099+0900][gc,task       ] GC(184) Using 23 workers of 23 for evacuation
[2020-04-27T17:54:16.103+0900][gc,phases     ] GC(184)   Pre Evacuate Collection Set: 0.0ms
[2020-04-27T17:54:16.103+0900][gc,phases     ] GC(184)   Evacuate Collection Set: 1.9ms
[2020-04-27T17:54:16.103+0900][gc,phases     ] GC(184)   Post Evacuate Collection Set: 1.3ms
[2020-04-27T17:54:16.103+0900][gc,phases     ] GC(184)   Other: 0.4ms
[2020-04-27T17:54:16.103+0900][gc,heap       ] GC(184) Eden regions: 611->0(612)
[2020-04-27T17:54:16.103+0900][gc,heap       ] GC(184) Survivor regions: 3->2(77)
[2020-04-27T17:54:16.103+0900][gc,heap       ] GC(184) Old regions: 15->15
[2020-04-27T17:54:16.103+0900][gc,heap       ] GC(184) Humongous regions: 129->129
[2020-04-27T17:54:16.103+0900][gc,metaspace  ] GC(184) Metaspace: 34883K->34883K(1081344K)
[2020-04-27T17:54:16.103+0900][gc            ] GC(184) Pause Young (Normal) (G1 Evacuation Pause) 756M->145M(1024M) 3.758ms
[2020-04-27T17:54:16.103+0900][gc,cpu        ] GC(184) User=0.03s Sys=0.02s Real=0.00s
[2020-04-27T21:22:06.755+0900][gc,start      ] GC(185) Pause Young (Normal) (G1 Evacuation Pause)
[2020-04-27T21:22:06.755+0900][gc,task       ] GC(185) Using 23 workers of 23 for evacuation
[2020-04-27T21:22:06.758+0900][gc,phases     ] GC(185)   Pre Evacuate Collection Set: 0.0ms
[2020-04-27T21:22:06.758+0900][gc,phases     ] GC(185)   Evacuate Collection Set: 2.0ms
[2020-04-27T21:22:06.758+0900][gc,phases     ] GC(185)   Post Evacuate Collection Set: 1.1ms
[2020-04-27T21:22:06.758+0900][gc,phases     ] GC(185)   Other: 0.4ms
[2020-04-27T21:22:06.758+0900][gc,heap       ] GC(185) Eden regions: 612->0(612)
[2020-04-27T21:22:06.758+0900][gc,heap       ] GC(185) Survivor regions: 2->2(77)
[2020-04-27T21:22:06.758+0900][gc,heap       ] GC(185) Old regions: 15->15
[2020-04-27T21:22:06.758+0900][gc,heap       ] GC(185) Humongous regions: 129->129
[2020-04-27T21:22:06.758+0900][gc,metaspace  ] GC(185) Metaspace: 34883K->34883K(1081344K)
[2020-04-27T21:22:06.758+0900][gc            ] GC(185) Pause Young (Normal) (G1 Evacuation Pause) 757M->145M(1024M) 3.733ms
[2020-04-27T21:22:06.759+0900][gc,cpu        ] GC(185) User=0.03s Sys=0.01s Real=0.00s
[2020-04-28T00:50:34.358+0900][gc,start      ] GC(186) Pause Young (Normal) (G1 Evacuation Pause)
[2020-04-28T00:50:34.358+0900][gc,task       ] GC(186) Using 23 workers of 23 for evacuation
[2020-04-28T00:50:34.361+0900][gc,phases     ] GC(186)   Pre Evacuate Collection Set: 0.0ms
[2020-04-28T00:50:34.361+0900][gc,phases     ] GC(186)   Evacuate Collection Set: 1.5ms
[2020-04-28T00:50:34.361+0900][gc,phases     ] GC(186)   Post Evacuate Collection Set: 1.1ms
[2020-04-28T00:50:34.361+0900][gc,phases     ] GC(186)   Other: 0.4ms
[2020-04-28T00:50:34.361+0900][gc,heap       ] GC(186) Eden regions: 612->0(612)
[2020-04-28T00:50:34.361+0900][gc,heap       ] GC(186) Survivor regions: 2->2(77)
[2020-04-28T00:50:34.361+0900][gc,heap       ] GC(186) Old regions: 15->15
[2020-04-28T00:50:34.361+0900][gc,heap       ] GC(186) Humongous regions: 129->129
[2020-04-28T00:50:34.362+0900][gc,metaspace  ] GC(186) Metaspace: 34883K->34883K(1081344K)
[2020-04-28T00:50:34.362+0900][gc            ] GC(186) Pause Young (Normal) (G1 Evacuation Pause) 757M->145M(1024M) 3.253ms
[2020-04-28T00:50:34.362+0900][gc,cpu        ] GC(186) User=0.03s Sys=0.00s Real=0.00s
[2020-04-28T04:18:24.574+0900][gc,start      ] GC(187) Pause Young (Normal) (G1 Evacuation Pause)
[2020-04-28T04:18:24.574+0900][gc,task       ] GC(187) Using 23 workers of 23 for evacuation
[2020-04-28T04:18:24.579+0900][gc,phases     ] GC(187)   Pre Evacuate Collection Set: 0.0ms
[2020-04-28T04:18:24.579+0900][gc,phases     ] GC(187)   Evacuate Collection Set: 3.2ms
[2020-04-28T04:18:24.579+0900][gc,phases     ] GC(187)   Post Evacuate Collection Set: 1.2ms
[2020-04-28T04:18:24.579+0900][gc,phases     ] GC(187)   Other: 0.5ms
[2020-04-28T04:18:24.579+0900][gc,heap       ] GC(187) Eden regions: 612->0(611)
[2020-04-28T04:18:24.579+0900][gc,heap       ] GC(187) Survivor regions: 2->3(77)
[2020-04-28T04:18:24.579+0900][gc,heap       ] GC(187) Old regions: 15->15
[2020-04-28T04:18:24.579+0900][gc,heap       ] GC(187) Humongous regions: 129->129
[2020-04-28T04:18:24.579+0900][gc,metaspace  ] GC(187) Metaspace: 34883K->34883K(1081344K)
[2020-04-28T04:18:24.579+0900][gc            ] GC(187) Pause Young (Normal) (G1 Evacuation Pause) 757M->146M(1024M) 5.068ms
[2020-04-28T04:18:24.579+0900][gc,cpu        ] GC(187) User=0.05s Sys=0.03s Real=0.01s
[2020-04-28T07:46:39.574+0900][gc,start      ] GC(188) Pause Young (Normal) (G1 Evacuation Pause)
[2020-04-28T07:46:39.574+0900][gc,task       ] GC(188) Using 23 workers of 23 for evacuation
[2020-04-28T07:46:39.578+0900][gc,phases     ] GC(188)   Pre Evacuate Collection Set: 0.0ms
[2020-04-28T07:46:39.579+0900][gc,phases     ] GC(188)   Evacuate Collection Set: 2.9ms
[2020-04-28T07:46:39.579+0900][gc,phases     ] GC(188)   Post Evacuate Collection Set: 1.2ms
[2020-04-28T07:46:39.579+0900][gc,phases     ] GC(188)   Other: 0.5ms
[2020-04-28T07:46:39.579+0900][gc,heap       ] GC(188) Eden regions: 611->0(611)
[2020-04-28T07:46:39.579+0900][gc,heap       ] GC(188) Survivor regions: 3->3(77)
[2020-04-28T07:46:39.579+0900][gc,heap       ] GC(188) Old regions: 15->15
[2020-04-28T07:46:39.579+0900][gc,heap       ] GC(188) Humongous regions: 129->129
[2020-04-28T07:46:39.579+0900][gc,metaspace  ] GC(188) Metaspace: 34883K->34883K(1081344K)
[2020-04-28T07:46:39.579+0900][gc            ] GC(188) Pause Young (Normal) (G1 Evacuation Pause) 757M->146M(1024M) 4.738ms
[2020-04-28T07:46:39.579+0900][gc,cpu        ] GC(188) User=0.05s Sys=0.02s Real=0.01s
[2020-04-28T11:13:59.887+0900][gc,start      ] GC(189) Pause Young (Normal) (G1 Evacuation Pause)
[2020-04-28T11:13:59.887+0900][gc,task       ] GC(189) Using 23 workers of 23 for evacuation
[2020-04-28T11:13:59.890+0900][gc,phases     ] GC(189)   Pre Evacuate Collection Set: 0.0ms
[2020-04-28T11:13:59.891+0900][gc,phases     ] GC(189)   Evacuate Collection Set: 2.0ms
[2020-04-28T11:13:59.891+0900][gc,phases     ] GC(189)   Post Evacuate Collection Set: 1.0ms
[2020-04-28T11:13:59.891+0900][gc,phases     ] GC(189)   Other: 0.4ms
[2020-04-28T11:13:59.891+0900][gc,heap       ] GC(189) Eden regions: 611->0(611)
[2020-04-28T11:13:59.891+0900][gc,heap       ] GC(189) Survivor regions: 3->3(77)
[2020-04-28T11:13:59.891+0900][gc,heap       ] GC(189) Old regions: 15->15
[2020-04-28T11:13:59.891+0900][gc,heap       ] GC(189) Humongous regions: 129->129
[2020-04-28T11:13:59.891+0900][gc,metaspace  ] GC(189) Metaspace: 34883K->34883K(1081344K)
[2020-04-28T11:13:59.891+0900][gc            ] GC(189) Pause Young (Normal) (G1 Evacuation Pause) 757M->145M(1024M) 3.621ms
[2020-04-28T11:13:59.891+0900][gc,cpu        ] GC(189) User=0.05s Sys=0.00s Real=0.00s
[2020-04-28T14:42:17.571+0900][gc,start      ] GC(190) Pause Young (Normal) (G1 Evacuation Pause)
[2020-04-28T14:42:17.572+0900][gc,task       ] GC(190) Using 23 workers of 23 for evacuation
[2020-04-28T14:42:17.575+0900][gc,phases     ] GC(190)   Pre Evacuate Collection Set: 0.0ms
[2020-04-28T14:42:17.575+0900][gc,phases     ] GC(190)   Evacuate Collection Set: 2.2ms
[2020-04-28T14:42:17.575+0900][gc,phases     ] GC(190)   Post Evacuate Collection Set: 1.2ms
[2020-04-28T14:42:17.575+0900][gc,phases     ] GC(190)   Other: 0.4ms
[2020-04-28T14:42:17.575+0900][gc,heap       ] GC(190) Eden regions: 611->0(611)
[2020-04-28T14:42:17.575+0900][gc,heap       ] GC(190) Survivor regions: 3->3(77)
[2020-04-28T14:42:17.575+0900][gc,heap       ] GC(190) Old regions: 15->15
[2020-04-28T14:42:17.575+0900][gc,heap       ] GC(190) Humongous regions: 129->129
[2020-04-28T14:42:17.575+0900][gc,metaspace  ] GC(190) Metaspace: 34883K->34883K(1081344K)
[2020-04-28T14:42:17.575+0900][gc            ] GC(190) Pause Young (Normal) (G1 Evacuation Pause) 756M->145M(1024M) 3.958ms
[2020-04-28T14:42:17.575+0900][gc,cpu        ] GC(190) User=0.03s Sys=0.02s Real=0.01s
[2020-04-28T18:09:51.754+0900][gc,start      ] GC(191) Pause Young (Normal) (G1 Evacuation Pause)
[2020-04-28T18:09:51.754+0900][gc,task       ] GC(191) Using 23 workers of 23 for evacuation
[2020-04-28T18:09:51.757+0900][gc,phases     ] GC(191)   Pre Evacuate Collection Set: 0.1ms
[2020-04-28T18:09:51.757+0900][gc,phases     ] GC(191)   Evacuate Collection Set: 1.9ms
[2020-04-28T18:09:51.757+0900][gc,phases     ] GC(191)   Post Evacuate Collection Set: 1.1ms
[2020-04-28T18:09:51.757+0900][gc,phases     ] GC(191)   Other: 0.4ms
[2020-04-28T18:09:51.757+0900][gc,heap       ] GC(191) Eden regions: 611->0(612)
[2020-04-28T18:09:51.757+0900][gc,heap       ] GC(191) Survivor regions: 3->2(77)
[2020-04-28T18:09:51.757+0900][gc,heap       ] GC(191) Old regions: 15->15
[2020-04-28T18:09:51.757+0900][gc,heap       ] GC(191) Humongous regions: 129->129
[2020-04-28T18:09:51.757+0900][gc,metaspace  ] GC(191) Metaspace: 34883K->34883K(1081344K)
[2020-04-28T18:09:51.758+0900][gc            ] GC(191) Pause Young (Normal) (G1 Evacuation Pause) 756M->145M(1024M) 3.673ms
[2020-04-28T18:09:51.758+0900][gc,cpu        ] GC(191) User=0.03s Sys=0.02s Real=0.01s
[2020-04-28T21:38:24.712+0900][gc,start      ] GC(192) Pause Young (Normal) (G1 Evacuation Pause)
[2020-04-28T21:38:24.712+0900][gc,task       ] GC(192) Using 23 workers of 23 for evacuation
[2020-04-28T21:38:24.715+0900][gc,phases     ] GC(192)   Pre Evacuate Collection Set: 0.0ms
[2020-04-28T21:38:24.715+0900][gc,phases     ] GC(192)   Evacuate Collection Set: 1.6ms
[2020-04-28T21:38:24.715+0900][gc,phases     ] GC(192)   Post Evacuate Collection Set: 1.2ms
[2020-04-28T21:38:24.715+0900][gc,phases     ] GC(192)   Other: 0.4ms
[2020-04-28T21:38:24.715+0900][gc,heap       ] GC(192) Eden regions: 612->0(612)
[2020-04-28T21:38:24.715+0900][gc,heap       ] GC(192) Survivor regions: 2->2(77)
[2020-04-28T21:38:24.715+0900][gc,heap       ] GC(192) Old regions: 15->15
[2020-04-28T21:38:24.715+0900][gc,heap       ] GC(192) Humongous regions: 129->129
[2020-04-28T21:38:24.715+0900][gc,metaspace  ] GC(192) Metaspace: 34883K->34883K(1081344K)
[2020-04-28T21:38:24.715+0900][gc            ] GC(192) Pause Young (Normal) (G1 Evacuation Pause) 757M->145M(1024M) 3.420ms
[2020-04-28T21:38:24.715+0900][gc,cpu        ] GC(192) User=0.02s Sys=0.01s Real=0.01s
[2020-04-29T01:06:14.574+0900][gc,start      ] GC(193) Pause Young (Normal) (G1 Evacuation Pause)
[2020-04-29T01:06:14.574+0900][gc,task       ] GC(193) Using 23 workers of 23 for evacuation
[2020-04-29T01:06:14.579+0900][gc,phases     ] GC(193)   Pre Evacuate Collection Set: 0.1ms
[2020-04-29T01:06:14.579+0900][gc,phases     ] GC(193)   Evacuate Collection Set: 3.3ms
[2020-04-29T01:06:14.579+0900][gc,phases     ] GC(193)   Post Evacuate Collection Set: 1.2ms
[2020-04-29T01:06:14.579+0900][gc,phases     ] GC(193)   Other: 0.4ms
[2020-04-29T01:06:14.579+0900][gc,heap       ] GC(193) Eden regions: 612->0(611)
[2020-04-29T01:06:14.579+0900][gc,heap       ] GC(193) Survivor regions: 2->3(77)
[2020-04-29T01:06:14.579+0900][gc,heap       ] GC(193) Old regions: 15->15
[2020-04-29T01:06:14.579+0900][gc,heap       ] GC(193) Humongous regions: 129->129
[2020-04-29T01:06:14.579+0900][gc,metaspace  ] GC(193) Metaspace: 34883K->34883K(1081344K)
[2020-04-29T01:06:14.579+0900][gc            ] GC(193) Pause Young (Normal) (G1 Evacuation Pause) 757M->146M(1024M) 5.178ms
[2020-04-29T01:06:14.579+0900][gc,cpu        ] GC(193) User=0.06s Sys=0.03s Real=0.01s
[2020-04-29T04:34:24.574+0900][gc,start      ] GC(194) Pause Young (Normal) (G1 Evacuation Pause)
[2020-04-29T04:34:24.574+0900][gc,task       ] GC(194) Using 23 workers of 23 for evacuation
[2020-04-29T04:34:24.579+0900][gc,phases     ] GC(194)   Pre Evacuate Collection Set: 0.0ms
[2020-04-29T04:34:24.579+0900][gc,phases     ] GC(194)   Evacuate Collection Set: 3.0ms
[2020-04-29T04:34:24.579+0900][gc,phases     ] GC(194)   Post Evacuate Collection Set: 1.2ms
[2020-04-29T04:34:24.579+0900][gc,phases     ] GC(194)   Other: 0.5ms
[2020-04-29T04:34:24.579+0900][gc,heap       ] GC(194) Eden regions: 611->0(611)
[2020-04-29T04:34:24.579+0900][gc,heap       ] GC(194) Survivor regions: 3->3(77)
[2020-04-29T04:34:24.579+0900][gc,heap       ] GC(194) Old regions: 15->15
[2020-04-29T04:34:24.579+0900][gc,heap       ] GC(194) Humongous regions: 129->129
[2020-04-29T04:34:24.579+0900][gc,metaspace  ] GC(194) Metaspace: 34883K->34883K(1081344K)
[2020-04-29T04:34:24.579+0900][gc            ] GC(194) Pause Young (Normal) (G1 Evacuation Pause) 757M->146M(1024M) 4.906ms
[2020-04-29T04:34:24.579+0900][gc,cpu        ] GC(194) User=0.05s Sys=0.02s Real=0.01s
[2020-04-29T08:02:04.574+0900][gc,start      ] GC(195) Pause Young (Normal) (G1 Evacuation Pause)
[2020-04-29T08:02:04.574+0900][gc,task       ] GC(195) Using 23 workers of 23 for evacuation
[2020-04-29T08:02:04.578+0900][gc,phases     ] GC(195)   Pre Evacuate Collection Set: 0.0ms
[2020-04-29T08:02:04.578+0900][gc,phases     ] GC(195)   Evacuate Collection Set: 2.5ms
[2020-04-29T08:02:04.578+0900][gc,phases     ] GC(195)   Post Evacuate Collection Set: 1.1ms
[2020-04-29T08:02:04.578+0900][gc,phases     ] GC(195)   Other: 0.5ms
[2020-04-29T08:02:04.578+0900][gc,heap       ] GC(195) Eden regions: 611->0(611)
[2020-04-29T08:02:04.578+0900][gc,heap       ] GC(195) Survivor regions: 3->3(77)
[2020-04-29T08:02:04.578+0900][gc,heap       ] GC(195) Old regions: 15->15
[2020-04-29T08:02:04.578+0900][gc,heap       ] GC(195) Humongous regions: 129->129
[2020-04-29T08:02:04.578+0900][gc,metaspace  ] GC(195) Metaspace: 34883K->34883K(1081344K)
[2020-04-29T08:02:04.578+0900][gc            ] GC(195) Pause Young (Normal) (G1 Evacuation Pause) 757M->145M(1024M) 4.299ms
[2020-04-29T08:02:04.578+0900][gc,cpu        ] GC(195) User=0.04s Sys=0.01s Real=0.01s
[2020-04-29T11:29:59.574+0900][gc,start      ] GC(196) Pause Young (Normal) (G1 Evacuation Pause)
[2020-04-29T11:29:59.574+0900][gc,task       ] GC(196) Using 23 workers of 23 for evacuation
[2020-04-29T11:29:59.578+0900][gc,phases     ] GC(196)   Pre Evacuate Collection Set: 0.1ms
[2020-04-29T11:29:59.578+0900][gc,phases     ] GC(196)   Evacuate Collection Set: 2.3ms
[2020-04-29T11:29:59.578+0900][gc,phases     ] GC(196)   Post Evacuate Collection Set: 1.1ms
[2020-04-29T11:29:59.578+0900][gc,phases     ] GC(196)   Other: 0.5ms
[2020-04-29T11:29:59.578+0900][gc,heap       ] GC(196) Eden regions: 611->0(611)
[2020-04-29T11:29:59.578+0900][gc,heap       ] GC(196) Survivor regions: 3->3(77)
[2020-04-29T11:29:59.578+0900][gc,heap       ] GC(196) Old regions: 15->15
[2020-04-29T11:29:59.578+0900][gc,heap       ] GC(196) Humongous regions: 129->129
[2020-04-29T11:29:59.578+0900][gc,metaspace  ] GC(196) Metaspace: 34883K->34883K(1081344K)
[2020-04-29T11:29:59.578+0900][gc            ] GC(196) Pause Young (Normal) (G1 Evacuation Pause) 756M->145M(1024M) 4.159ms
[2020-04-29T11:29:59.578+0900][gc,cpu        ] GC(196) User=0.04s Sys=0.02s Real=0.01s
[2020-04-29T14:58:06.581+0900][gc,start      ] GC(197) Pause Young (Normal) (G1 Evacuation Pause)
[2020-04-29T14:58:06.581+0900][gc,task       ] GC(197) Using 23 workers of 23 for evacuation
[2020-04-29T14:58:06.584+0900][gc,phases     ] GC(197)   Pre Evacuate Collection Set: 0.0ms
[2020-04-29T14:58:06.584+0900][gc,phases     ] GC(197)   Evacuate Collection Set: 2.1ms
[2020-04-29T14:58:06.584+0900][gc,phases     ] GC(197)   Post Evacuate Collection Set: 1.1ms
[2020-04-29T14:58:06.584+0900][gc,phases     ] GC(197)   Other: 0.4ms
[2020-04-29T14:58:06.584+0900][gc,heap       ] GC(197) Eden regions: 611->0(612)
[2020-04-29T14:58:06.584+0900][gc,heap       ] GC(197) Survivor regions: 3->2(77)
[2020-04-29T14:58:06.584+0900][gc,heap       ] GC(197) Old regions: 15->15
[2020-04-29T14:58:06.584+0900][gc,heap       ] GC(197) Humongous regions: 129->129
[2020-04-29T14:58:06.584+0900][gc,metaspace  ] GC(197) Metaspace: 34883K->34883K(1081344K)
[2020-04-29T14:58:06.584+0900][gc            ] GC(197) Pause Young (Normal) (G1 Evacuation Pause) 756M->145M(1024M) 3.853ms
[2020-04-29T14:58:06.584+0900][gc,cpu        ] GC(197) User=0.05s Sys=0.00s Real=0.00s
[2020-04-29T18:25:43.701+0900][gc,start      ] GC(198) Pause Young (Normal) (G1 Evacuation Pause)
[2020-04-29T18:25:43.701+0900][gc,task       ] GC(198) Using 23 workers of 23 for evacuation
[2020-04-29T18:25:43.704+0900][gc,phases     ] GC(198)   Pre Evacuate Collection Set: 0.0ms
[2020-04-29T18:25:43.704+0900][gc,phases     ] GC(198)   Evacuate Collection Set: 1.7ms
[2020-04-29T18:25:43.704+0900][gc,phases     ] GC(198)   Post Evacuate Collection Set: 1.2ms
[2020-04-29T18:25:43.704+0900][gc,phases     ] GC(198)   Other: 0.4ms
[2020-04-29T18:25:43.704+0900][gc,heap       ] GC(198) Eden regions: 612->0(612)
[2020-04-29T18:25:43.704+0900][gc,heap       ] GC(198) Survivor regions: 2->2(77)
[2020-04-29T18:25:43.704+0900][gc,heap       ] GC(198) Old regions: 15->15
[2020-04-29T18:25:43.704+0900][gc,heap       ] GC(198) Humongous regions: 129->129
[2020-04-29T18:25:43.704+0900][gc,metaspace  ] GC(198) Metaspace: 34883K->34883K(1081344K)
[2020-04-29T18:25:43.704+0900][gc            ] GC(198) Pause Young (Normal) (G1 Evacuation Pause) 757M->145M(1024M) 3.525ms
[2020-04-29T18:25:43.704+0900][gc,cpu        ] GC(198) User=0.04s Sys=0.00s Real=0.00s
[2020-04-29T21:54:23.290+0900][gc,start      ] GC(199) Pause Young (Normal) (G1 Evacuation Pause)
[2020-04-29T21:54:23.290+0900][gc,task       ] GC(199) Using 23 workers of 23 for evacuation
[2020-04-29T21:54:23.293+0900][gc,phases     ] GC(199)   Pre Evacuate Collection Set: 0.0ms
[2020-04-29T21:54:23.293+0900][gc,phases     ] GC(199)   Evacuate Collection Set: 1.5ms
[2020-04-29T21:54:23.293+0900][gc,phases     ] GC(199)   Post Evacuate Collection Set: 1.1ms
[2020-04-29T21:54:23.293+0900][gc,phases     ] GC(199)   Other: 0.4ms
[2020-04-29T21:54:23.293+0900][gc,heap       ] GC(199) Eden regions: 612->0(612)
[2020-04-29T21:54:23.293+0900][gc,heap       ] GC(199) Survivor regions: 2->2(77)
[2020-04-29T21:54:23.293+0900][gc,heap       ] GC(199) Old regions: 15->15
[2020-04-29T21:54:23.293+0900][gc,heap       ] GC(199) Humongous regions: 129->129
[2020-04-29T21:54:23.293+0900][gc,metaspace  ] GC(199) Metaspace: 34883K->34883K(1081344K)
[2020-04-29T21:54:23.293+0900][gc            ] GC(199) Pause Young (Normal) (G1 Evacuation Pause) 757M->145M(1024M) 3.341ms
[2020-04-29T21:54:23.293+0900][gc,cpu        ] GC(199) User=0.02s Sys=0.01s Real=0.00s
[2020-04-30T01:22:03.650+0900][gc,start      ] GC(200) Pause Young (Normal) (G1 Evacuation Pause)
[2020-04-30T01:22:03.650+0900][gc,task       ] GC(200) Using 23 workers of 23 for evacuation
[2020-04-30T01:22:03.654+0900][gc,phases     ] GC(200)   Pre Evacuate Collection Set: 0.0ms
[2020-04-30T01:22:03.654+0900][gc,phases     ] GC(200)   Evacuate Collection Set: 3.2ms
[2020-04-30T01:22:03.654+0900][gc,phases     ] GC(200)   Post Evacuate Collection Set: 1.2ms
[2020-04-30T01:22:03.654+0900][gc,phases     ] GC(200)   Other: 0.4ms
[2020-04-30T01:22:03.654+0900][gc,heap       ] GC(200) Eden regions: 612->0(611)
[2020-04-30T01:22:03.655+0900][gc,heap       ] GC(200) Survivor regions: 2->3(77)
[2020-04-30T01:22:03.655+0900][gc,heap       ] GC(200) Old regions: 15->15
[2020-04-30T01:22:03.655+0900][gc,heap       ] GC(200) Humongous regions: 129->129
[2020-04-30T01:22:03.655+0900][gc,metaspace  ] GC(200) Metaspace: 34883K->34883K(1081344K)
[2020-04-30T01:22:03.655+0900][gc            ] GC(200) Pause Young (Normal) (G1 Evacuation Pause) 757M->146M(1024M) 4.957ms
[2020-04-30T01:22:03.655+0900][gc,cpu        ] GC(200) User=0.07s Sys=0.01s Real=0.01s
[2020-04-30T04:50:04.574+0900][gc,start      ] GC(201) Pause Young (Normal) (G1 Evacuation Pause)
[2020-04-30T04:50:04.574+0900][gc,task       ] GC(201) Using 23 workers of 23 for evacuation
[2020-04-30T04:50:04.579+0900][gc,phases     ] GC(201)   Pre Evacuate Collection Set: 0.0ms
[2020-04-30T04:50:04.579+0900][gc,phases     ] GC(201)   Evacuate Collection Set: 3.0ms
[2020-04-30T04:50:04.579+0900][gc,phases     ] GC(201)   Post Evacuate Collection Set: 1.2ms
[2020-04-30T04:50:04.579+0900][gc,phases     ] GC(201)   Other: 0.5ms
[2020-04-30T04:50:04.579+0900][gc,heap       ] GC(201) Eden regions: 611->0(611)
[2020-04-30T04:50:04.579+0900][gc,heap       ] GC(201) Survivor regions: 3->3(77)
[2020-04-30T04:50:04.579+0900][gc,heap       ] GC(201) Old regions: 15->15
[2020-04-30T04:50:04.579+0900][gc,heap       ] GC(201) Humongous regions: 129->129
[2020-04-30T04:50:04.579+0900][gc,metaspace  ] GC(201) Metaspace: 34883K->34883K(1081344K)
[2020-04-30T04:50:04.579+0900][gc            ] GC(201) Pause Young (Normal) (G1 Evacuation Pause) 757M->146M(1024M) 4.839ms
[2020-04-30T04:50:04.579+0900][gc,cpu        ] GC(201) User=0.07s Sys=0.00s Real=0.01s
[2020-04-30T08:17:31.472+0900][gc,start      ] GC(202) Pause Young (Normal) (G1 Evacuation Pause)
[2020-04-30T08:17:31.485+0900][gc,task       ] GC(202) Using 23 workers of 23 for evacuation
[2020-04-30T08:17:31.489+0900][gc,phases     ] GC(202)   Pre Evacuate Collection Set: 0.0ms
[2020-04-30T08:17:31.489+0900][gc,phases     ] GC(202)   Evacuate Collection Set: 2.3ms
[2020-04-30T08:17:31.489+0900][gc,phases     ] GC(202)   Post Evacuate Collection Set: 0.9ms
[2020-04-30T08:17:31.489+0900][gc,phases     ] GC(202)   Other: 14.1ms
[2020-04-30T08:17:31.489+0900][gc,heap       ] GC(202) Eden regions: 611->0(611)
[2020-04-30T08:17:31.489+0900][gc,heap       ] GC(202) Survivor regions: 3->3(77)
[2020-04-30T08:17:31.489+0900][gc,heap       ] GC(202) Old regions: 15->15
[2020-04-30T08:17:31.489+0900][gc,heap       ] GC(202) Humongous regions: 129->129
[2020-04-30T08:17:31.489+0900][gc,metaspace  ] GC(202) Metaspace: 34883K->34883K(1081344K)
[2020-04-30T08:17:31.489+0900][gc            ] GC(202) Pause Young (Normal) (G1 Evacuation Pause) 757M->145M(1024M) 17.438ms
[2020-04-30T08:17:31.489+0900][gc,cpu        ] GC(202) User=0.05s Sys=0.00s Real=0.02s
[2020-04-30T11:45:54.574+0900][gc,start      ] GC(203) Pause Young (Normal) (G1 Evacuation Pause)
[2020-04-30T11:45:54.574+0900][gc,task       ] GC(203) Using 23 workers of 23 for evacuation
[2020-04-30T11:45:54.578+0900][gc,phases     ] GC(203)   Pre Evacuate Collection Set: 0.0ms
[2020-04-30T11:45:54.578+0900][gc,phases     ] GC(203)   Evacuate Collection Set: 2.2ms
[2020-04-30T11:45:54.578+0900][gc,phases     ] GC(203)   Post Evacuate Collection Set: 1.2ms
[2020-04-30T11:45:54.578+0900][gc,phases     ] GC(203)   Other: 0.5ms
[2020-04-30T11:45:54.578+0900][gc,heap       ] GC(203) Eden regions: 611->0(611)
[2020-04-30T11:45:54.578+0900][gc,heap       ] GC(203) Survivor regions: 3->3(77)
[2020-04-30T11:45:54.578+0900][gc,heap       ] GC(203) Old regions: 15->15
[2020-04-30T11:45:54.578+0900][gc,heap       ] GC(203) Humongous regions: 129->129
[2020-04-30T11:45:54.578+0900][gc,metaspace  ] GC(203) Metaspace: 34883K->34883K(1081344K)
[2020-04-30T11:45:54.578+0900][gc            ] GC(203) Pause Young (Normal) (G1 Evacuation Pause) 756M->145M(1024M) 4.029ms
[2020-04-30T11:45:54.578+0900][gc,cpu        ] GC(203) User=0.04s Sys=0.02s Real=0.01s
[2020-04-30T15:13:25.095+0900][gc,start      ] GC(204) Pause Young (Normal) (G1 Evacuation Pause)
[2020-04-30T15:13:25.095+0900][gc,task       ] GC(204) Using 23 workers of 23 for evacuation
[2020-04-30T15:13:25.098+0900][gc,phases     ] GC(204)   Pre Evacuate Collection Set: 0.0ms
[2020-04-30T15:13:25.098+0900][gc,phases     ] GC(204)   Evacuate Collection Set: 1.5ms
[2020-04-30T15:13:25.098+0900][gc,phases     ] GC(204)   Post Evacuate Collection Set: 1.0ms
[2020-04-30T15:13:25.098+0900][gc,phases     ] GC(204)   Other: 0.4ms
[2020-04-30T15:13:25.098+0900][gc,heap       ] GC(204) Eden regions: 611->0(612)
[2020-04-30T15:13:25.098+0900][gc,heap       ] GC(204) Survivor regions: 3->2(77)
[2020-04-30T15:13:25.098+0900][gc,heap       ] GC(204) Old regions: 15->15
[2020-04-30T15:13:25.098+0900][gc,heap       ] GC(204) Humongous regions: 129->129
[2020-04-30T15:13:25.098+0900][gc,metaspace  ] GC(204) Metaspace: 34883K->34883K(1081344K)
[2020-04-30T15:13:25.098+0900][gc            ] GC(204) Pause Young (Normal) (G1 Evacuation Pause) 756M->145M(1024M) 3.135ms
[2020-04-30T15:13:25.098+0900][gc,cpu        ] GC(204) User=0.03s Sys=0.01s Real=0.00s
[2020-04-30T18:42:06.495+0900][gc,start      ] GC(205) Pause Young (Normal) (G1 Evacuation Pause)
[2020-04-30T18:42:06.495+0900][gc,task       ] GC(205) Using 23 workers of 23 for evacuation
[2020-04-30T18:42:06.498+0900][gc,phases     ] GC(205)   Pre Evacuate Collection Set: 0.0ms
[2020-04-30T18:42:06.498+0900][gc,phases     ] GC(205)   Evacuate Collection Set: 1.6ms
[2020-04-30T18:42:06.498+0900][gc,phases     ] GC(205)   Post Evacuate Collection Set: 1.1ms
[2020-04-30T18:42:06.498+0900][gc,phases     ] GC(205)   Other: 0.5ms
[2020-04-30T18:42:06.498+0900][gc,heap       ] GC(205) Eden regions: 612->0(612)
[2020-04-30T18:42:06.498+0900][gc,heap       ] GC(205) Survivor regions: 2->2(77)
[2020-04-30T18:42:06.498+0900][gc,heap       ] GC(205) Old regions: 15->15
[2020-04-30T18:42:06.498+0900][gc,heap       ] GC(205) Humongous regions: 129->129
[2020-04-30T18:42:06.498+0900][gc,metaspace  ] GC(205) Metaspace: 34883K->34883K(1081344K)
[2020-04-30T18:42:06.498+0900][gc            ] GC(205) Pause Young (Normal) (G1 Evacuation Pause) 757M->145M(1024M) 3.501ms
[2020-04-30T18:42:06.498+0900][gc,cpu        ] GC(205) User=0.03s Sys=0.01s Real=0.00s
[2020-04-30T22:10:03.640+0900][gc,start      ] GC(206) Pause Young (Normal) (G1 Evacuation Pause)
[2020-04-30T22:10:03.640+0900][gc,task       ] GC(206) Using 23 workers of 23 for evacuation
[2020-04-30T22:10:03.643+0900][gc,phases     ] GC(206)   Pre Evacuate Collection Set: 0.0ms
[2020-04-30T22:10:03.643+0900][gc,phases     ] GC(206)   Evacuate Collection Set: 1.4ms
[2020-04-30T22:10:03.643+0900][gc,phases     ] GC(206)   Post Evacuate Collection Set: 1.1ms
[2020-04-30T22:10:03.643+0900][gc,phases     ] GC(206)   Other: 0.4ms
[2020-04-30T22:10:03.643+0900][gc,heap       ] GC(206) Eden regions: 612->0(612)
[2020-04-30T22:10:03.643+0900][gc,heap       ] GC(206) Survivor regions: 2->2(77)
[2020-04-30T22:10:03.643+0900][gc,heap       ] GC(206) Old regions: 15->15
[2020-04-30T22:10:03.643+0900][gc,heap       ] GC(206) Humongous regions: 129->129
[2020-04-30T22:10:03.643+0900][gc,metaspace  ] GC(206) Metaspace: 34883K->34883K(1081344K)
[2020-04-30T22:10:03.643+0900][gc            ] GC(206) Pause Young (Normal) (G1 Evacuation Pause) 757M->145M(1024M) 3.147ms
[2020-04-30T22:10:03.643+0900][gc,cpu        ] GC(206) User=0.01s Sys=0.01s Real=0.00s
[2020-05-01T01:38:19.241+0900][gc,start      ] GC(207) Pause Young (Normal) (G1 Evacuation Pause)
[2020-05-01T01:38:19.241+0900][gc,task       ] GC(207) Using 23 workers of 23 for evacuation
[2020-05-01T01:38:19.245+0900][gc,phases     ] GC(207)   Pre Evacuate Collection Set: 0.0ms
[2020-05-01T01:38:19.245+0900][gc,phases     ] GC(207)   Evacuate Collection Set: 2.7ms
[2020-05-01T01:38:19.245+0900][gc,phases     ] GC(207)   Post Evacuate Collection Set: 0.8ms
[2020-05-01T01:38:19.245+0900][gc,phases     ] GC(207)   Other: 0.3ms
[2020-05-01T01:38:19.245+0900][gc,heap       ] GC(207) Eden regions: 612->0(611)
[2020-05-01T01:38:19.245+0900][gc,heap       ] GC(207) Survivor regions: 2->3(77)
[2020-05-01T01:38:19.245+0900][gc,heap       ] GC(207) Old regions: 15->15
[2020-05-01T01:38:19.245+0900][gc,heap       ] GC(207) Humongous regions: 129->129
[2020-05-01T01:38:19.245+0900][gc,metaspace  ] GC(207) Metaspace: 34883K->34883K(1081344K)
[2020-05-01T01:38:19.245+0900][gc            ] GC(207) Pause Young (Normal) (G1 Evacuation Pause) 757M->146M(1024M) 3.987ms
[2020-05-01T01:38:19.245+0900][gc,cpu        ] GC(207) User=0.05s Sys=0.00s Real=0.00s
[2020-05-01T05:05:34.574+0900][gc,start      ] GC(208) Pause Young (Normal) (G1 Evacuation Pause)
[2020-05-01T05:05:34.574+0900][gc,task       ] GC(208) Using 23 workers of 23 for evacuation
[2020-05-01T05:05:34.578+0900][gc,phases     ] GC(208)   Pre Evacuate Collection Set: 0.0ms
[2020-05-01T05:05:34.578+0900][gc,phases     ] GC(208)   Evacuate Collection Set: 2.7ms
[2020-05-01T05:05:34.578+0900][gc,phases     ] GC(208)   Post Evacuate Collection Set: 1.2ms
[2020-05-01T05:05:34.578+0900][gc,phases     ] GC(208)   Other: 0.4ms
[2020-05-01T05:05:34.578+0900][gc,heap       ] GC(208) Eden regions: 611->0(611)
[2020-05-01T05:05:34.578+0900][gc,heap       ] GC(208) Survivor regions: 3->3(77)
[2020-05-01T05:05:34.579+0900][gc,heap       ] GC(208) Old regions: 15->15
[2020-05-01T05:05:34.579+0900][gc,heap       ] GC(208) Humongous regions: 129->129
[2020-05-01T05:05:34.579+0900][gc,metaspace  ] GC(208) Metaspace: 34883K->34883K(1081344K)
[2020-05-01T05:05:34.579+0900][gc            ] GC(208) Pause Young (Normal) (G1 Evacuation Pause) 757M->146M(1024M) 4.624ms
[2020-05-01T05:05:34.579+0900][gc,cpu        ] GC(208) User=0.05s Sys=0.02s Real=0.01s
[2020-05-01T08:33:51.826+0900][gc,start      ] GC(209) Pause Young (Normal) (G1 Evacuation Pause)
[2020-05-01T08:33:51.829+0900][gc,task       ] GC(209) Using 23 workers of 23 for evacuation
[2020-05-01T08:33:51.833+0900][gc,phases     ] GC(209)   Pre Evacuate Collection Set: 0.0ms
[2020-05-01T08:33:51.833+0900][gc,phases     ] GC(209)   Evacuate Collection Set: 2.5ms
[2020-05-01T08:33:51.834+0900][gc,phases     ] GC(209)   Post Evacuate Collection Set: 1.1ms
[2020-05-01T08:33:51.834+0900][gc,phases     ] GC(209)   Other: 3.4ms
[2020-05-01T08:33:51.834+0900][gc,heap       ] GC(209) Eden regions: 611->0(611)
[2020-05-01T08:33:51.834+0900][gc,heap       ] GC(209) Survivor regions: 3->3(77)
[2020-05-01T08:33:51.834+0900][gc,heap       ] GC(209) Old regions: 15->15
[2020-05-01T08:33:51.834+0900][gc,heap       ] GC(209) Humongous regions: 129->129
[2020-05-01T08:33:51.834+0900][gc,metaspace  ] GC(209) Metaspace: 34883K->34883K(1081344K)
[2020-05-01T08:33:51.834+0900][gc            ] GC(209) Pause Young (Normal) (G1 Evacuation Pause) 757M->145M(1024M) 7.215ms
[2020-05-01T08:33:51.834+0900][gc,cpu        ] GC(209) User=0.05s Sys=0.00s Real=0.00s
[2020-05-01T12:01:24.574+0900][gc,start      ] GC(210) Pause Young (Normal) (G1 Evacuation Pause)
[2020-05-01T12:01:24.574+0900][gc,task       ] GC(210) Using 23 workers of 23 for evacuation
[2020-05-01T12:01:24.578+0900][gc,phases     ] GC(210)   Pre Evacuate Collection Set: 0.0ms
[2020-05-01T12:01:24.578+0900][gc,phases     ] GC(210)   Evacuate Collection Set: 2.1ms
[2020-05-01T12:01:24.578+0900][gc,phases     ] GC(210)   Post Evacuate Collection Set: 1.1ms
[2020-05-01T12:01:24.578+0900][gc,phases     ] GC(210)   Other: 0.4ms
[2020-05-01T12:01:24.578+0900][gc,heap       ] GC(210) Eden regions: 611->0(612)
[2020-05-01T12:01:24.578+0900][gc,heap       ] GC(210) Survivor regions: 3->2(77)
[2020-05-01T12:01:24.578+0900][gc,heap       ] GC(210) Old regions: 15->15
[2020-05-01T12:01:24.578+0900][gc,heap       ] GC(210) Humongous regions: 129->129
[2020-05-01T12:01:24.578+0900][gc,metaspace  ] GC(210) Metaspace: 34883K->34883K(1081344K)
[2020-05-01T12:01:24.578+0900][gc            ] GC(210) Pause Young (Normal) (G1 Evacuation Pause) 756M->145M(1024M) 3.905ms
[2020-05-01T12:01:24.578+0900][gc,cpu        ] GC(210) User=0.03s Sys=0.02s Real=0.01s
[2020-05-01T15:29:44.516+0900][gc,start      ] GC(211) Pause Young (Normal) (G1 Evacuation Pause)
[2020-05-01T15:29:44.516+0900][gc,task       ] GC(211) Using 23 workers of 23 for evacuation
[2020-05-01T15:29:44.520+0900][gc,phases     ] GC(211)   Pre Evacuate Collection Set: 0.0ms
[2020-05-01T15:29:44.520+0900][gc,phases     ] GC(211)   Evacuate Collection Set: 3.2ms
[2020-05-01T15:29:44.520+0900][gc,phases     ] GC(211)   Post Evacuate Collection Set: 1.1ms
[2020-05-01T15:29:44.520+0900][gc,phases     ] GC(211)   Other: 0.4ms
[2020-05-01T15:29:44.521+0900][gc,heap       ] GC(211) Eden regions: 612->0(612)
[2020-05-01T15:29:44.521+0900][gc,heap       ] GC(211) Survivor regions: 2->2(77)
[2020-05-01T15:29:44.521+0900][gc,heap       ] GC(211) Old regions: 15->15
[2020-05-01T15:29:44.521+0900][gc,heap       ] GC(211) Humongous regions: 129->129
[2020-05-01T15:29:44.521+0900][gc,metaspace  ] GC(211) Metaspace: 34883K->34883K(1081344K)
[2020-05-01T15:29:44.521+0900][gc            ] GC(211) Pause Young (Normal) (G1 Evacuation Pause) 757M->145M(1024M) 4.898ms
[2020-05-01T15:29:44.521+0900][gc,cpu        ] GC(211) User=0.07s Sys=0.00s Real=0.00s
[2020-05-01T18:58:06.841+0900][gc,start      ] GC(212) Pause Young (Normal) (G1 Evacuation Pause)
[2020-05-01T18:58:06.841+0900][gc,task       ] GC(212) Using 23 workers of 23 for evacuation
[2020-05-01T18:58:06.844+0900][gc,phases     ] GC(212)   Pre Evacuate Collection Set: 0.0ms
[2020-05-01T18:58:06.844+0900][gc,phases     ] GC(212)   Evacuate Collection Set: 1.5ms
[2020-05-01T18:58:06.844+0900][gc,phases     ] GC(212)   Post Evacuate Collection Set: 1.1ms
[2020-05-01T18:58:06.844+0900][gc,phases     ] GC(212)   Other: 0.4ms
[2020-05-01T18:58:06.844+0900][gc,heap       ] GC(212) Eden regions: 612->0(612)
[2020-05-01T18:58:06.844+0900][gc,heap       ] GC(212) Survivor regions: 2->2(77)
[2020-05-01T18:58:06.844+0900][gc,heap       ] GC(212) Old regions: 15->15
[2020-05-01T18:58:06.844+0900][gc,heap       ] GC(212) Humongous regions: 129->129
[2020-05-01T18:58:06.844+0900][gc,metaspace  ] GC(212) Metaspace: 34883K->34883K(1081344K)
[2020-05-01T18:58:06.845+0900][gc            ] GC(212) Pause Young (Normal) (G1 Evacuation Pause) 757M->145M(1024M) 3.306ms
[2020-05-01T18:58:06.845+0900][gc,cpu        ] GC(212) User=0.04s Sys=0.00s Real=0.00s
[2020-05-01T22:25:59.574+0900][gc,start      ] GC(213) Pause Young (Normal) (G1 Evacuation Pause)
[2020-05-01T22:25:59.574+0900][gc,task       ] GC(213) Using 23 workers of 23 for evacuation
[2020-05-01T22:25:59.579+0900][gc,phases     ] GC(213)   Pre Evacuate Collection Set: 0.1ms
[2020-05-01T22:25:59.579+0900][gc,phases     ] GC(213)   Evacuate Collection Set: 3.3ms
[2020-05-01T22:25:59.579+0900][gc,phases     ] GC(213)   Post Evacuate Collection Set: 1.2ms
[2020-05-01T22:25:59.579+0900][gc,phases     ] GC(213)   Other: 0.4ms
[2020-05-01T22:25:59.579+0900][gc,heap       ] GC(213) Eden regions: 612->0(611)
[2020-05-01T22:25:59.579+0900][gc,heap       ] GC(213) Survivor regions: 2->3(77)
[2020-05-01T22:25:59.579+0900][gc,heap       ] GC(213) Old regions: 15->15
[2020-05-01T22:25:59.579+0900][gc,heap       ] GC(213) Humongous regions: 129->129
[2020-05-01T22:25:59.579+0900][gc,metaspace  ] GC(213) Metaspace: 34883K->34883K(1081344K)
[2020-05-01T22:25:59.579+0900][gc            ] GC(213) Pause Young (Normal) (G1 Evacuation Pause) 757M->146M(1024M) 5.193ms
[2020-05-01T22:25:59.579+0900][gc,cpu        ] GC(213) User=0.05s Sys=0.03s Real=0.01s
[2020-05-02T01:54:03.650+0900][gc,start      ] GC(214) Pause Young (Normal) (G1 Evacuation Pause)
[2020-05-02T01:54:03.650+0900][gc,task       ] GC(214) Using 23 workers of 23 for evacuation
[2020-05-02T01:54:03.655+0900][gc,phases     ] GC(214)   Pre Evacuate Collection Set: 0.0ms
[2020-05-02T01:54:03.655+0900][gc,phases     ] GC(214)   Evacuate Collection Set: 3.2ms
[2020-05-02T01:54:03.655+0900][gc,phases     ] GC(214)   Post Evacuate Collection Set: 1.1ms
[2020-05-02T01:54:03.655+0900][gc,phases     ] GC(214)   Other: 0.5ms
[2020-05-02T01:54:03.655+0900][gc,heap       ] GC(214) Eden regions: 611->0(611)
[2020-05-02T01:54:03.655+0900][gc,heap       ] GC(214) Survivor regions: 3->3(77)
[2020-05-02T01:54:03.655+0900][gc,heap       ] GC(214) Old regions: 15->15
[2020-05-02T01:54:03.655+0900][gc,heap       ] GC(214) Humongous regions: 129->129
[2020-05-02T01:54:03.655+0900][gc,metaspace  ] GC(214) Metaspace: 34883K->34883K(1081344K)
[2020-05-02T01:54:03.655+0900][gc            ] GC(214) Pause Young (Normal) (G1 Evacuation Pause) 757M->146M(1024M) 4.995ms
[2020-05-02T01:54:03.655+0900][gc,cpu        ] GC(214) User=0.06s Sys=0.01s Real=0.01s
[2020-05-02T05:21:28.334+0900][gc,start      ] GC(215) Pause Young (Normal) (G1 Evacuation Pause)
[2020-05-02T05:21:28.335+0900][gc,task       ] GC(215) Using 23 workers of 23 for evacuation
[2020-05-02T05:21:28.339+0900][gc,phases     ] GC(215)   Pre Evacuate Collection Set: 0.0ms
[2020-05-02T05:21:28.339+0900][gc,phases     ] GC(215)   Evacuate Collection Set: 2.6ms
[2020-05-02T05:21:28.339+0900][gc,phases     ] GC(215)   Post Evacuate Collection Set: 1.2ms
[2020-05-02T05:21:28.339+0900][gc,phases     ] GC(215)   Other: 0.4ms
[2020-05-02T05:21:28.339+0900][gc,heap       ] GC(215) Eden regions: 611->0(611)
[2020-05-02T05:21:28.339+0900][gc,heap       ] GC(215) Survivor regions: 3->3(77)
[2020-05-02T05:21:28.339+0900][gc,heap       ] GC(215) Old regions: 15->15
[2020-05-02T05:21:28.339+0900][gc,heap       ] GC(215) Humongous regions: 129->129
[2020-05-02T05:21:28.339+0900][gc,metaspace  ] GC(215) Metaspace: 34883K->34883K(1081344K)
[2020-05-02T05:21:28.339+0900][gc            ] GC(215) Pause Young (Normal) (G1 Evacuation Pause) 757M->146M(1024M) 4.475ms
[2020-05-02T05:21:28.339+0900][gc,cpu        ] GC(215) User=0.04s Sys=0.02s Real=0.00s
[2020-05-02T08:49:31.752+0900][gc,start      ] GC(216) Pause Young (Normal) (G1 Evacuation Pause)
[2020-05-02T08:49:31.752+0900][gc,task       ] GC(216) Using 23 workers of 23 for evacuation
[2020-05-02T08:49:31.755+0900][gc,phases     ] GC(216)   Pre Evacuate Collection Set: 0.0ms
[2020-05-02T08:49:31.755+0900][gc,phases     ] GC(216)   Evacuate Collection Set: 2.2ms
[2020-05-02T08:49:31.756+0900][gc,phases     ] GC(216)   Post Evacuate Collection Set: 1.2ms
[2020-05-02T08:49:31.756+0900][gc,phases     ] GC(216)   Other: 0.4ms
[2020-05-02T08:49:31.756+0900][gc,heap       ] GC(216) Eden regions: 611->0(611)
[2020-05-02T08:49:31.756+0900][gc,heap       ] GC(216) Survivor regions: 3->3(77)
[2020-05-02T08:49:31.756+0900][gc,heap       ] GC(216) Old regions: 15->15
[2020-05-02T08:49:31.756+0900][gc,heap       ] GC(216) Humongous regions: 129->129
[2020-05-02T08:49:31.756+0900][gc,metaspace  ] GC(216) Metaspace: 34883K->34883K(1081344K)
[2020-05-02T08:49:31.756+0900][gc            ] GC(216) Pause Young (Normal) (G1 Evacuation Pause) 757M->145M(1024M) 4.039ms
[2020-05-02T08:49:31.756+0900][gc,cpu        ] GC(216) User=0.05s Sys=0.00s Real=0.01s
[2020-05-02T12:16:55.976+0900][gc,start      ] GC(217) Pause Young (Normal) (G1 Evacuation Pause)
[2020-05-02T12:16:55.976+0900][gc,task       ] GC(217) Using 23 workers of 23 for evacuation
[2020-05-02T12:16:55.980+0900][gc,phases     ] GC(217)   Pre Evacuate Collection Set: 0.0ms
[2020-05-02T12:16:55.980+0900][gc,phases     ] GC(217)   Evacuate Collection Set: 1.9ms
[2020-05-02T12:16:55.980+0900][gc,phases     ] GC(217)   Post Evacuate Collection Set: 1.1ms
[2020-05-02T12:16:55.980+0900][gc,phases     ] GC(217)   Other: 0.4ms
[2020-05-02T12:16:55.980+0900][gc,heap       ] GC(217) Eden regions: 611->0(612)
[2020-05-02T12:16:55.980+0900][gc,heap       ] GC(217) Survivor regions: 3->2(77)
[2020-05-02T12:16:55.980+0900][gc,heap       ] GC(217) Old regions: 15->15
[2020-05-02T12:16:55.980+0900][gc,heap       ] GC(217) Humongous regions: 129->129
[2020-05-02T12:16:55.980+0900][gc,metaspace  ] GC(217) Metaspace: 34883K->34883K(1081344K)
[2020-05-02T12:16:55.980+0900][gc            ] GC(217) Pause Young (Normal) (G1 Evacuation Pause) 756M->145M(1024M) 3.623ms
[2020-05-02T12:16:55.980+0900][gc,cpu        ] GC(217) User=0.04s Sys=0.00s Real=0.00s
[2020-05-02T15:45:24.461+0900][gc,start      ] GC(218) Pause Young (Normal) (G1 Evacuation Pause)
[2020-05-02T15:45:24.461+0900][gc,task       ] GC(218) Using 23 workers of 23 for evacuation
[2020-05-02T15:45:24.465+0900][gc,phases     ] GC(218)   Pre Evacuate Collection Set: 0.0ms
[2020-05-02T15:45:24.465+0900][gc,phases     ] GC(218)   Evacuate Collection Set: 1.7ms
[2020-05-02T15:45:24.465+0900][gc,phases     ] GC(218)   Post Evacuate Collection Set: 1.2ms
[2020-05-02T15:45:24.465+0900][gc,phases     ] GC(218)   Other: 0.4ms
[2020-05-02T15:45:24.465+0900][gc,heap       ] GC(218) Eden regions: 612->0(612)
[2020-05-02T15:45:24.465+0900][gc,heap       ] GC(218) Survivor regions: 2->2(77)
[2020-05-02T15:45:24.465+0900][gc,heap       ] GC(218) Old regions: 15->15
[2020-05-02T15:45:24.465+0900][gc,heap       ] GC(218) Humongous regions: 129->129
[2020-05-02T15:45:24.465+0900][gc,metaspace  ] GC(218) Metaspace: 34883K->34883K(1081344K)
[2020-05-02T15:45:24.465+0900][gc            ] GC(218) Pause Young (Normal) (G1 Evacuation Pause) 757M->145M(1024M) 3.451ms
[2020-05-02T15:45:24.465+0900][gc,cpu        ] GC(218) User=0.03s Sys=0.00s Real=0.00s
[2020-05-02T19:13:33.544+0900][gc,start      ] GC(219) Pause Young (Normal) (G1 Evacuation Pause)
[2020-05-02T19:13:33.544+0900][gc,task       ] GC(219) Using 23 workers of 23 for evacuation
[2020-05-02T19:13:33.547+0900][gc,phases     ] GC(219)   Pre Evacuate Collection Set: 0.0ms
[2020-05-02T19:13:33.547+0900][gc,phases     ] GC(219)   Evacuate Collection Set: 1.4ms
[2020-05-02T19:13:33.547+0900][gc,phases     ] GC(219)   Post Evacuate Collection Set: 1.2ms
[2020-05-02T19:13:33.547+0900][gc,phases     ] GC(219)   Other: 0.4ms
[2020-05-02T19:13:33.547+0900][gc,heap       ] GC(219) Eden regions: 612->0(612)
[2020-05-02T19:13:33.547+0900][gc,heap       ] GC(219) Survivor regions: 2->2(77)
[2020-05-02T19:13:33.547+0900][gc,heap       ] GC(219) Old regions: 15->15
[2020-05-02T19:13:33.547+0900][gc,heap       ] GC(219) Humongous regions: 129->129
[2020-05-02T19:13:33.547+0900][gc,metaspace  ] GC(219) Metaspace: 34883K->34883K(1081344K)
[2020-05-02T19:13:33.547+0900][gc            ] GC(219) Pause Young (Normal) (G1 Evacuation Pause) 757M->145M(1024M) 3.259ms
[2020-05-02T19:13:33.547+0900][gc,cpu        ] GC(219) User=0.03s Sys=0.02s Real=0.01s
[2020-05-02T22:41:40.346+0900][gc,start      ] GC(220) Pause Young (Normal) (G1 Evacuation Pause)
[2020-05-02T22:41:40.347+0900][gc,task       ] GC(220) Using 23 workers of 23 for evacuation
[2020-05-02T22:41:40.351+0900][gc,phases     ] GC(220)   Pre Evacuate Collection Set: 0.0ms
[2020-05-02T22:41:40.351+0900][gc,phases     ] GC(220)   Evacuate Collection Set: 2.9ms
[2020-05-02T22:41:40.351+0900][gc,phases     ] GC(220)   Post Evacuate Collection Set: 1.1ms
[2020-05-02T22:41:40.351+0900][gc,phases     ] GC(220)   Other: 0.4ms
[2020-05-02T22:41:40.351+0900][gc,heap       ] GC(220) Eden regions: 612->0(611)
[2020-05-02T22:41:40.351+0900][gc,heap       ] GC(220) Survivor regions: 2->3(77)
[2020-05-02T22:41:40.351+0900][gc,heap       ] GC(220) Old regions: 15->15
[2020-05-02T22:41:40.351+0900][gc,heap       ] GC(220) Humongous regions: 129->129
[2020-05-02T22:41:40.351+0900][gc,metaspace  ] GC(220) Metaspace: 34883K->34883K(1081344K)
[2020-05-02T22:41:40.351+0900][gc            ] GC(220) Pause Young (Normal) (G1 Evacuation Pause) 757M->146M(1024M) 4.609ms
[2020-05-02T22:41:40.351+0900][gc,cpu        ] GC(220) User=0.05s Sys=0.02s Real=0.00s
[2020-05-03T02:09:19.574+0900][gc,start      ] GC(221) Pause Young (Normal) (G1 Evacuation Pause)
[2020-05-03T02:09:19.574+0900][gc,task       ] GC(221) Using 23 workers of 23 for evacuation
[2020-05-03T02:09:19.578+0900][gc,phases     ] GC(221)   Pre Evacuate Collection Set: 0.1ms
[2020-05-03T02:09:19.579+0900][gc,phases     ] GC(221)   Evacuate Collection Set: 2.8ms
[2020-05-03T02:09:19.579+0900][gc,phases     ] GC(221)   Post Evacuate Collection Set: 1.2ms
[2020-05-03T02:09:19.579+0900][gc,phases     ] GC(221)   Other: 0.5ms
[2020-05-03T02:09:19.579+0900][gc,heap       ] GC(221) Eden regions: 611->0(611)
[2020-05-03T02:09:19.579+0900][gc,heap       ] GC(221) Survivor regions: 3->3(77)
[2020-05-03T02:09:19.579+0900][gc,heap       ] GC(221) Old regions: 15->15
[2020-05-03T02:09:19.579+0900][gc,heap       ] GC(221) Humongous regions: 129->129
[2020-05-03T02:09:19.579+0900][gc,metaspace  ] GC(221) Metaspace: 34883K->34883K(1081344K)
[2020-05-03T02:09:19.579+0900][gc            ] GC(221) Pause Young (Normal) (G1 Evacuation Pause) 757M->146M(1024M) 4.784ms
[2020-05-03T02:09:19.579+0900][gc,cpu        ] GC(221) User=0.05s Sys=0.01s Real=0.01s
[2020-05-03T05:37:24.574+0900][gc,start      ] GC(222) Pause Young (Normal) (G1 Evacuation Pause)
[2020-05-03T05:37:24.574+0900][gc,task       ] GC(222) Using 23 workers of 23 for evacuation
[2020-05-03T05:37:24.578+0900][gc,phases     ] GC(222)   Pre Evacuate Collection Set: 0.0ms
[2020-05-03T05:37:24.578+0900][gc,phases     ] GC(222)   Evacuate Collection Set: 2.5ms
[2020-05-03T05:37:24.578+0900][gc,phases     ] GC(222)   Post Evacuate Collection Set: 1.1ms
[2020-05-03T05:37:24.578+0900][gc,phases     ] GC(222)   Other: 0.5ms
[2020-05-03T05:37:24.578+0900][gc,heap       ] GC(222) Eden regions: 611->0(611)
[2020-05-03T05:37:24.578+0900][gc,heap       ] GC(222) Survivor regions: 3->3(77)
[2020-05-03T05:37:24.578+0900][gc,heap       ] GC(222) Old regions: 15->15
[2020-05-03T05:37:24.578+0900][gc,heap       ] GC(222) Humongous regions: 129->129
[2020-05-03T05:37:24.578+0900][gc,metaspace  ] GC(222) Metaspace: 34883K->34883K(1081344K)
[2020-05-03T05:37:24.578+0900][gc            ] GC(222) Pause Young (Normal) (G1 Evacuation Pause) 757M->145M(1024M) 4.441ms
[2020-05-03T05:37:24.578+0900][gc,cpu        ] GC(222) User=0.04s Sys=0.02s Real=0.01s
[2020-05-03T09:04:52.770+0900][gc,start      ] GC(223) Pause Young (Normal) (G1 Evacuation Pause)
[2020-05-03T09:04:52.770+0900][gc,task       ] GC(223) Using 23 workers of 23 for evacuation
[2020-05-03T09:04:52.773+0900][gc,phases     ] GC(223)   Pre Evacuate Collection Set: 0.0ms
[2020-05-03T09:04:52.773+0900][gc,phases     ] GC(223)   Evacuate Collection Set: 2.0ms
[2020-05-03T09:04:52.773+0900][gc,phases     ] GC(223)   Post Evacuate Collection Set: 1.1ms
[2020-05-03T09:04:52.773+0900][gc,phases     ] GC(223)   Other: 0.4ms
[2020-05-03T09:04:52.773+0900][gc,heap       ] GC(223) Eden regions: 611->0(612)
[2020-05-03T09:04:52.773+0900][gc,heap       ] GC(223) Survivor regions: 3->2(77)
[2020-05-03T09:04:52.773+0900][gc,heap       ] GC(223) Old regions: 15->15
[2020-05-03T09:04:52.773+0900][gc,heap       ] GC(223) Humongous regions: 129->129
[2020-05-03T09:04:52.773+0900][gc,metaspace  ] GC(223) Metaspace: 34883K->34883K(1081344K)
[2020-05-03T09:04:52.773+0900][gc            ] GC(223) Pause Young (Normal) (G1 Evacuation Pause) 756M->145M(1024M) 3.783ms
[2020-05-03T09:04:52.774+0900][gc,cpu        ] GC(223) User=0.05s Sys=0.00s Real=0.00s
[2020-05-03T12:33:21.899+0900][gc,start      ] GC(224) Pause Young (Normal) (G1 Evacuation Pause)
[2020-05-03T12:33:21.899+0900][gc,task       ] GC(224) Using 23 workers of 23 for evacuation
[2020-05-03T12:33:21.903+0900][gc,phases     ] GC(224)   Pre Evacuate Collection Set: 0.0ms
[2020-05-03T12:33:21.903+0900][gc,phases     ] GC(224)   Evacuate Collection Set: 1.9ms
[2020-05-03T12:33:21.903+0900][gc,phases     ] GC(224)   Post Evacuate Collection Set: 1.1ms
[2020-05-03T12:33:21.903+0900][gc,phases     ] GC(224)   Other: 0.4ms
[2020-05-03T12:33:21.903+0900][gc,heap       ] GC(224) Eden regions: 612->0(612)
[2020-05-03T12:33:21.903+0900][gc,heap       ] GC(224) Survivor regions: 2->2(77)
[2020-05-03T12:33:21.903+0900][gc,heap       ] GC(224) Old regions: 15->15
[2020-05-03T12:33:21.903+0900][gc,heap       ] GC(224) Humongous regions: 129->129
[2020-05-03T12:33:21.903+0900][gc,metaspace  ] GC(224) Metaspace: 34883K->34883K(1081344K)
[2020-05-03T12:33:21.903+0900][gc            ] GC(224) Pause Young (Normal) (G1 Evacuation Pause) 757M->145M(1024M) 3.704ms
[2020-05-03T12:33:21.903+0900][gc,cpu        ] GC(224) User=0.03s Sys=0.02s Real=0.00s
[2020-05-03T16:01:18.263+0900][gc,start      ] GC(225) Pause Young (Normal) (G1 Evacuation Pause)
[2020-05-03T16:01:18.263+0900][gc,task       ] GC(225) Using 23 workers of 23 for evacuation
[2020-05-03T16:01:18.266+0900][gc,phases     ] GC(225)   Pre Evacuate Collection Set: 0.0ms
[2020-05-03T16:01:18.266+0900][gc,phases     ] GC(225)   Evacuate Collection Set: 1.4ms
[2020-05-03T16:01:18.266+0900][gc,phases     ] GC(225)   Post Evacuate Collection Set: 1.0ms
[2020-05-03T16:01:18.266+0900][gc,phases     ] GC(225)   Other: 0.4ms
[2020-05-03T16:01:18.266+0900][gc,heap       ] GC(225) Eden regions: 612->0(612)
[2020-05-03T16:01:18.266+0900][gc,heap       ] GC(225) Survivor regions: 2->2(77)
[2020-05-03T16:01:18.266+0900][gc,heap       ] GC(225) Old regions: 15->15
[2020-05-03T16:01:18.266+0900][gc,heap       ] GC(225) Humongous regions: 129->129
[2020-05-03T16:01:18.266+0900][gc,metaspace  ] GC(225) Metaspace: 34883K->34883K(1081344K)
[2020-05-03T16:01:18.266+0900][gc            ] GC(225) Pause Young (Normal) (G1 Evacuation Pause) 757M->145M(1024M) 3.001ms
[2020-05-03T16:01:18.266+0900][gc,cpu        ] GC(225) User=0.02s Sys=0.01s Real=0.01s
[2020-05-03T19:29:42.990+0900][gc,start      ] GC(226) Pause Young (Normal) (G1 Evacuation Pause)
[2020-05-03T19:29:42.990+0900][gc,task       ] GC(226) Using 23 workers of 23 for evacuation
[2020-05-03T19:29:42.993+0900][gc,phases     ] GC(226)   Pre Evacuate Collection Set: 0.0ms
[2020-05-03T19:29:42.993+0900][gc,phases     ] GC(226)   Evacuate Collection Set: 1.2ms
[2020-05-03T19:29:42.993+0900][gc,phases     ] GC(226)   Post Evacuate Collection Set: 1.1ms
[2020-05-03T19:29:42.993+0900][gc,phases     ] GC(226)   Other: 0.5ms
[2020-05-03T19:29:42.993+0900][gc,heap       ] GC(226) Eden regions: 612->0(612)
[2020-05-03T19:29:42.993+0900][gc,heap       ] GC(226) Survivor regions: 2->2(77)
[2020-05-03T19:29:42.993+0900][gc,heap       ] GC(226) Old regions: 15->15
[2020-05-03T19:29:42.993+0900][gc,heap       ] GC(226) Humongous regions: 129->129
[2020-05-03T19:29:42.993+0900][gc,metaspace  ] GC(226) Metaspace: 34883K->34883K(1081344K)
[2020-05-03T19:29:42.993+0900][gc            ] GC(226) Pause Young (Normal) (G1 Evacuation Pause) 757M->145M(1024M) 2.959ms
[2020-05-03T19:29:42.993+0900][gc,cpu        ] GC(226) User=0.02s Sys=0.01s Real=0.00s
[2020-05-03T22:58:28.282+0900][gc,start      ] GC(227) Pause Young (Normal) (G1 Evacuation Pause)
[2020-05-03T22:58:28.282+0900][gc,task       ] GC(227) Using 23 workers of 23 for evacuation
[2020-05-03T22:58:28.287+0900][gc,phases     ] GC(227)   Pre Evacuate Collection Set: 0.0ms
[2020-05-03T22:58:28.287+0900][gc,phases     ] GC(227)   Evacuate Collection Set: 3.2ms
[2020-05-03T22:58:28.287+0900][gc,phases     ] GC(227)   Post Evacuate Collection Set: 1.2ms
[2020-05-03T22:58:28.287+0900][gc,phases     ] GC(227)   Other: 0.5ms
[2020-05-03T22:58:28.287+0900][gc,heap       ] GC(227) Eden regions: 612->0(611)
[2020-05-03T22:58:28.287+0900][gc,heap       ] GC(227) Survivor regions: 2->3(77)
[2020-05-03T22:58:28.287+0900][gc,heap       ] GC(227) Old regions: 15->15
[2020-05-03T22:58:28.287+0900][gc,heap       ] GC(227) Humongous regions: 129->129
[2020-05-03T22:58:28.287+0900][gc,metaspace  ] GC(227) Metaspace: 34883K->34883K(1081344K)
[2020-05-03T22:58:28.287+0900][gc            ] GC(227) Pause Young (Normal) (G1 Evacuation Pause) 757M->146M(1024M) 5.132ms
[2020-05-03T22:58:28.287+0900][gc,cpu        ] GC(227) User=0.03s Sys=0.04s Real=0.01s
[2020-05-04T02:25:59.574+0900][gc,start      ] GC(228) Pause Young (Normal) (G1 Evacuation Pause)
[2020-05-04T02:25:59.574+0900][gc,task       ] GC(228) Using 23 workers of 23 for evacuation
[2020-05-04T02:25:59.578+0900][gc,phases     ] GC(228)   Pre Evacuate Collection Set: 0.0ms
[2020-05-04T02:25:59.578+0900][gc,phases     ] GC(228)   Evacuate Collection Set: 2.8ms
[2020-05-04T02:25:59.579+0900][gc,phases     ] GC(228)   Post Evacuate Collection Set: 1.1ms
[2020-05-04T02:25:59.579+0900][gc,phases     ] GC(228)   Other: 0.5ms
[2020-05-04T02:25:59.579+0900][gc,heap       ] GC(228) Eden regions: 611->0(611)
[2020-05-04T02:25:59.579+0900][gc,heap       ] GC(228) Survivor regions: 3->3(77)
[2020-05-04T02:25:59.579+0900][gc,heap       ] GC(228) Old regions: 15->15
[2020-05-04T02:25:59.579+0900][gc,heap       ] GC(228) Humongous regions: 129->129
[2020-05-04T02:25:59.579+0900][gc,metaspace  ] GC(228) Metaspace: 34883K->34883K(1081344K)
[2020-05-04T02:25:59.579+0900][gc            ] GC(228) Pause Young (Normal) (G1 Evacuation Pause) 757M->146M(1024M) 4.676ms
[2020-05-04T02:25:59.579+0900][gc,cpu        ] GC(228) User=0.05s Sys=0.02s Real=0.01s
[2020-05-04T05:54:14.574+0900][gc,start      ] GC(229) Pause Young (Normal) (G1 Evacuation Pause)
[2020-05-04T05:54:14.574+0900][gc,task       ] GC(229) Using 23 workers of 23 for evacuation
[2020-05-04T05:54:14.578+0900][gc,phases     ] GC(229)   Pre Evacuate Collection Set: 0.1ms
[2020-05-04T05:54:14.578+0900][gc,phases     ] GC(229)   Evacuate Collection Set: 2.6ms
[2020-05-04T05:54:14.578+0900][gc,phases     ] GC(229)   Post Evacuate Collection Set: 1.1ms
[2020-05-04T05:54:14.578+0900][gc,phases     ] GC(229)   Other: 0.4ms
[2020-05-04T05:54:14.578+0900][gc,heap       ] GC(229) Eden regions: 611->0(611)
[2020-05-04T05:54:14.578+0900][gc,heap       ] GC(229) Survivor regions: 3->3(77)
[2020-05-04T05:54:14.578+0900][gc,heap       ] GC(229) Old regions: 15->15
[2020-05-04T05:54:14.578+0900][gc,heap       ] GC(229) Humongous regions: 129->129
[2020-05-04T05:54:14.578+0900][gc,metaspace  ] GC(229) Metaspace: 34883K->34883K(1081344K)
[2020-05-04T05:54:14.578+0900][gc            ] GC(229) Pause Young (Normal) (G1 Evacuation Pause) 757M->146M(1024M) 4.505ms
[2020-05-04T05:54:14.578+0900][gc,cpu        ] GC(229) User=0.05s Sys=0.02s Real=0.01s
[2020-05-04T09:21:22.610+0900][gc,start      ] GC(230) Pause Young (Normal) (G1 Evacuation Pause)
[2020-05-04T09:21:22.611+0900][gc,task       ] GC(230) Using 23 workers of 23 for evacuation
[2020-05-04T09:21:22.614+0900][gc,phases     ] GC(230)   Pre Evacuate Collection Set: 0.0ms
[2020-05-04T09:21:22.614+0900][gc,phases     ] GC(230)   Evacuate Collection Set: 2.1ms
[2020-05-04T09:21:22.614+0900][gc,phases     ] GC(230)   Post Evacuate Collection Set: 1.1ms
[2020-05-04T09:21:22.614+0900][gc,phases     ] GC(230)   Other: 0.5ms
[2020-05-04T09:21:22.614+0900][gc,heap       ] GC(230) Eden regions: 611->0(612)
[2020-05-04T09:21:22.614+0900][gc,heap       ] GC(230) Survivor regions: 3->2(77)
[2020-05-04T09:21:22.614+0900][gc,heap       ] GC(230) Old regions: 15->15
[2020-05-04T09:21:22.614+0900][gc,heap       ] GC(230) Humongous regions: 129->129
[2020-05-04T09:21:22.614+0900][gc,metaspace  ] GC(230) Metaspace: 34883K->34883K(1081344K)
[2020-05-04T09:21:22.614+0900][gc            ] GC(230) Pause Young (Normal) (G1 Evacuation Pause) 757M->145M(1024M) 3.884ms
[2020-05-04T09:21:22.614+0900][gc,cpu        ] GC(230) User=0.03s Sys=0.01s Real=0.01s
[2020-05-04T12:50:14.574+0900][gc,start      ] GC(231) Pause Young (Normal) (G1 Evacuation Pause)
[2020-05-04T12:50:14.574+0900][gc,task       ] GC(231) Using 23 workers of 23 for evacuation
[2020-05-04T12:50:14.577+0900][gc,phases     ] GC(231)   Pre Evacuate Collection Set: 0.0ms
[2020-05-04T12:50:14.577+0900][gc,phases     ] GC(231)   Evacuate Collection Set: 1.9ms
[2020-05-04T12:50:14.577+0900][gc,phases     ] GC(231)   Post Evacuate Collection Set: 1.1ms
[2020-05-04T12:50:14.577+0900][gc,phases     ] GC(231)   Other: 0.5ms
[2020-05-04T12:50:14.578+0900][gc,heap       ] GC(231) Eden regions: 612->0(612)
[2020-05-04T12:50:14.578+0900][gc,heap       ] GC(231) Survivor regions: 2->2(77)
[2020-05-04T12:50:14.578+0900][gc,heap       ] GC(231) Old regions: 15->15
[2020-05-04T12:50:14.578+0900][gc,heap       ] GC(231) Humongous regions: 129->129
[2020-05-04T12:50:14.578+0900][gc,metaspace  ] GC(231) Metaspace: 34883K->34883K(1081344K)
[2020-05-04T12:50:14.578+0900][gc            ] GC(231) Pause Young (Normal) (G1 Evacuation Pause) 757M->145M(1024M) 3.708ms
[2020-05-04T12:50:14.578+0900][gc,cpu        ] GC(231) User=0.03s Sys=0.01s Real=0.01s
[2020-05-04T16:18:14.574+0900][gc,start      ] GC(232) Pause Young (Normal) (G1 Evacuation Pause)
[2020-05-04T16:18:14.574+0900][gc,task       ] GC(232) Using 23 workers of 23 for evacuation
[2020-05-04T16:18:14.577+0900][gc,phases     ] GC(232)   Pre Evacuate Collection Set: 0.1ms
[2020-05-04T16:18:14.577+0900][gc,phases     ] GC(232)   Evacuate Collection Set: 1.7ms
[2020-05-04T16:18:14.577+0900][gc,phases     ] GC(232)   Post Evacuate Collection Set: 1.2ms
[2020-05-04T16:18:14.577+0900][gc,phases     ] GC(232)   Other: 0.5ms
[2020-05-04T16:18:14.577+0900][gc,heap       ] GC(232) Eden regions: 612->0(612)
[2020-05-04T16:18:14.577+0900][gc,heap       ] GC(232) Survivor regions: 2->2(77)
[2020-05-04T16:18:14.577+0900][gc,heap       ] GC(232) Old regions: 15->15
[2020-05-04T16:18:14.577+0900][gc,heap       ] GC(232) Humongous regions: 129->129
[2020-05-04T16:18:14.577+0900][gc,metaspace  ] GC(232) Metaspace: 34883K->34883K(1081344K)
[2020-05-04T16:18:14.577+0900][gc            ] GC(232) Pause Young (Normal) (G1 Evacuation Pause) 757M->145M(1024M) 3.546ms
[2020-05-04T16:18:14.577+0900][gc,cpu        ] GC(232) User=0.03s Sys=0.01s Real=0.01s
[2020-05-04T19:46:48.418+0900][gc,start      ] GC(233) Pause Young (Normal) (G1 Evacuation Pause)
[2020-05-04T19:46:48.418+0900][gc,task       ] GC(233) Using 23 workers of 23 for evacuation
[2020-05-04T19:46:48.421+0900][gc,phases     ] GC(233)   Pre Evacuate Collection Set: 0.0ms
[2020-05-04T19:46:48.421+0900][gc,phases     ] GC(233)   Evacuate Collection Set: 1.5ms
[2020-05-04T19:46:48.421+0900][gc,phases     ] GC(233)   Post Evacuate Collection Set: 1.1ms
[2020-05-04T19:46:48.421+0900][gc,phases     ] GC(233)   Other: 0.5ms
[2020-05-04T19:46:48.421+0900][gc,heap       ] GC(233) Eden regions: 612->0(612)
[2020-05-04T19:46:48.421+0900][gc,heap       ] GC(233) Survivor regions: 2->2(77)
[2020-05-04T19:46:48.421+0900][gc,heap       ] GC(233) Old regions: 15->15
[2020-05-04T19:46:48.421+0900][gc,heap       ] GC(233) Humongous regions: 129->129
[2020-05-04T19:46:48.421+0900][gc,metaspace  ] GC(233) Metaspace: 34883K->34883K(1081344K)
[2020-05-04T19:46:48.421+0900][gc            ] GC(233) Pause Young (Normal) (G1 Evacuation Pause) 757M->145M(1024M) 3.241ms
[2020-05-04T19:46:48.421+0900][gc,cpu        ] GC(233) User=0.03s Sys=0.00s Real=0.00s
[2020-05-04T23:14:31.279+0900][gc,start      ] GC(234) Pause Young (Normal) (G1 Evacuation Pause)
[2020-05-04T23:14:31.279+0900][gc,task       ] GC(234) Using 23 workers of 23 for evacuation
[2020-05-04T23:14:31.284+0900][gc,phases     ] GC(234)   Pre Evacuate Collection Set: 0.0ms
[2020-05-04T23:14:31.284+0900][gc,phases     ] GC(234)   Evacuate Collection Set: 3.3ms
[2020-05-04T23:14:31.284+0900][gc,phases     ] GC(234)   Post Evacuate Collection Set: 1.1ms
[2020-05-04T23:14:31.284+0900][gc,phases     ] GC(234)   Other: 0.4ms
[2020-05-04T23:14:31.284+0900][gc,heap       ] GC(234) Eden regions: 612->0(611)
[2020-05-04T23:14:31.284+0900][gc,heap       ] GC(234) Survivor regions: 2->3(77)
[2020-05-04T23:14:31.284+0900][gc,heap       ] GC(234) Old regions: 15->15
[2020-05-04T23:14:31.284+0900][gc,heap       ] GC(234) Humongous regions: 129->129
[2020-05-04T23:14:31.284+0900][gc,metaspace  ] GC(234) Metaspace: 34883K->34883K(1081344K)
[2020-05-04T23:14:31.284+0900][gc            ] GC(234) Pause Young (Normal) (G1 Evacuation Pause) 757M->146M(1024M) 4.988ms
[2020-05-04T23:14:31.284+0900][gc,cpu        ] GC(234) User=0.08s Sys=0.00s Real=0.00s
[2020-05-05T02:42:30.992+0900][gc,start      ] GC(235) Pause Young (Normal) (G1 Evacuation Pause)
[2020-05-05T02:42:30.992+0900][gc,task       ] GC(235) Using 23 workers of 23 for evacuation
[2020-05-05T02:42:30.996+0900][gc,phases     ] GC(235)   Pre Evacuate Collection Set: 0.0ms
[2020-05-05T02:42:30.996+0900][gc,phases     ] GC(235)   Evacuate Collection Set: 2.6ms
[2020-05-05T02:42:30.996+0900][gc,phases     ] GC(235)   Post Evacuate Collection Set: 1.1ms
[2020-05-05T02:42:30.996+0900][gc,phases     ] GC(235)   Other: 0.4ms
[2020-05-05T02:42:30.996+0900][gc,heap       ] GC(235) Eden regions: 611->0(611)
[2020-05-05T02:42:30.996+0900][gc,heap       ] GC(235) Survivor regions: 3->3(77)
[2020-05-05T02:42:30.997+0900][gc,heap       ] GC(235) Old regions: 15->15
[2020-05-05T02:42:30.997+0900][gc,heap       ] GC(235) Humongous regions: 129->129
[2020-05-05T02:42:30.997+0900][gc,metaspace  ] GC(235) Metaspace: 34883K->34883K(1081344K)
[2020-05-05T02:42:30.997+0900][gc            ] GC(235) Pause Young (Normal) (G1 Evacuation Pause) 757M->146M(1024M) 4.375ms
[2020-05-05T02:42:30.997+0900][gc,cpu        ] GC(235) User=0.06s Sys=0.00s Real=0.01s
[2020-05-05T06:09:58.449+0900][gc,start      ] GC(236) Pause Young (Normal) (G1 Evacuation Pause)
[2020-05-05T06:09:58.449+0900][gc,task       ] GC(236) Using 23 workers of 23 for evacuation
[2020-05-05T06:09:58.453+0900][gc,phases     ] GC(236)   Pre Evacuate Collection Set: 0.0ms
[2020-05-05T06:09:58.453+0900][gc,phases     ] GC(236)   Evacuate Collection Set: 2.5ms
[2020-05-05T06:09:58.453+0900][gc,phases     ] GC(236)   Post Evacuate Collection Set: 1.1ms
[2020-05-05T06:09:58.453+0900][gc,phases     ] GC(236)   Other: 0.4ms
[2020-05-05T06:09:58.453+0900][gc,heap       ] GC(236) Eden regions: 611->0(611)
[2020-05-05T06:09:58.453+0900][gc,heap       ] GC(236) Survivor regions: 3->3(77)
[2020-05-05T06:09:58.453+0900][gc,heap       ] GC(236) Old regions: 15->15
[2020-05-05T06:09:58.453+0900][gc,heap       ] GC(236) Humongous regions: 129->129
[2020-05-05T06:09:58.453+0900][gc,metaspace  ] GC(236) Metaspace: 34883K->34883K(1081344K)
[2020-05-05T06:09:58.453+0900][gc            ] GC(236) Pause Young (Normal) (G1 Evacuation Pause) 757M->145M(1024M) 4.298ms
[2020-05-05T06:09:58.453+0900][gc,cpu        ] GC(236) User=0.06s Sys=0.00s Real=0.00s
[2020-05-05T09:38:17.870+0900][gc,start      ] GC(237) Pause Young (Normal) (G1 Evacuation Pause)
[2020-05-05T09:38:17.870+0900][gc,task       ] GC(237) Using 23 workers of 23 for evacuation
[2020-05-05T09:38:17.874+0900][gc,phases     ] GC(237)   Pre Evacuate Collection Set: 0.0ms
[2020-05-05T09:38:17.874+0900][gc,phases     ] GC(237)   Evacuate Collection Set: 2.3ms
[2020-05-05T09:38:17.874+0900][gc,phases     ] GC(237)   Post Evacuate Collection Set: 1.2ms
[2020-05-05T09:38:17.874+0900][gc,phases     ] GC(237)   Other: 0.4ms
[2020-05-05T09:38:17.874+0900][gc,heap       ] GC(237) Eden regions: 611->0(611)
[2020-05-05T09:38:17.874+0900][gc,heap       ] GC(237) Survivor regions: 3->3(77)
[2020-05-05T09:38:17.874+0900][gc,heap       ] GC(237) Old regions: 15->15
[2020-05-05T09:38:17.874+0900][gc,heap       ] GC(237) Humongous regions: 129->129
[2020-05-05T09:38:17.874+0900][gc,metaspace  ] GC(237) Metaspace: 34883K->34883K(1081344K)
[2020-05-05T09:38:17.874+0900][gc            ] GC(237) Pause Young (Normal) (G1 Evacuation Pause) 756M->145M(1024M) 4.080ms
[2020-05-05T09:38:17.874+0900][gc,cpu        ] GC(237) User=0.06s Sys=0.00s Real=0.00s
[2020-05-05T13:05:52.189+0900][gc,start      ] GC(238) Pause Young (Normal) (G1 Evacuation Pause)
[2020-05-05T13:05:52.189+0900][gc,task       ] GC(238) Using 23 workers of 23 for evacuation
[2020-05-05T13:05:52.192+0900][gc,phases     ] GC(238)   Pre Evacuate Collection Set: 0.0ms
[2020-05-05T13:05:52.192+0900][gc,phases     ] GC(238)   Evacuate Collection Set: 1.5ms
[2020-05-05T13:05:52.192+0900][gc,phases     ] GC(238)   Post Evacuate Collection Set: 0.9ms
[2020-05-05T13:05:52.192+0900][gc,phases     ] GC(238)   Other: 0.4ms
[2020-05-05T13:05:52.192+0900][gc,heap       ] GC(238) Eden regions: 611->0(612)
[2020-05-05T13:05:52.192+0900][gc,heap       ] GC(238) Survivor regions: 3->2(77)
[2020-05-05T13:05:52.192+0900][gc,heap       ] GC(238) Old regions: 15->15
[2020-05-05T13:05:52.192+0900][gc,heap       ] GC(238) Humongous regions: 129->129
[2020-05-05T13:05:52.192+0900][gc,metaspace  ] GC(238) Metaspace: 34883K->34883K(1081344K)
[2020-05-05T13:05:52.192+0900][gc            ] GC(238) Pause Young (Normal) (G1 Evacuation Pause) 756M->145M(1024M) 3.035ms
[2020-05-05T13:05:52.192+0900][gc,cpu        ] GC(238) User=0.04s Sys=0.00s Real=0.00s
[2020-05-05T16:34:21.733+0900][gc,start      ] GC(239) Pause Young (Normal) (G1 Evacuation Pause)
[2020-05-05T16:34:21.733+0900][gc,task       ] GC(239) Using 23 workers of 23 for evacuation
[2020-05-05T16:34:21.736+0900][gc,phases     ] GC(239)   Pre Evacuate Collection Set: 0.0ms
[2020-05-05T16:34:21.736+0900][gc,phases     ] GC(239)   Evacuate Collection Set: 1.6ms
[2020-05-05T16:34:21.736+0900][gc,phases     ] GC(239)   Post Evacuate Collection Set: 1.2ms
[2020-05-05T16:34:21.736+0900][gc,phases     ] GC(239)   Other: 0.4ms
[2020-05-05T16:34:21.736+0900][gc,heap       ] GC(239) Eden regions: 612->0(612)
[2020-05-05T16:34:21.736+0900][gc,heap       ] GC(239) Survivor regions: 2->2(77)
[2020-05-05T16:34:21.736+0900][gc,heap       ] GC(239) Old regions: 15->15
[2020-05-05T16:34:21.736+0900][gc,heap       ] GC(239) Humongous regions: 129->129
[2020-05-05T16:34:21.736+0900][gc,metaspace  ] GC(239) Metaspace: 34883K->34883K(1081344K)
[2020-05-05T16:34:21.736+0900][gc            ] GC(239) Pause Young (Normal) (G1 Evacuation Pause) 757M->145M(1024M) 3.417ms
[2020-05-05T16:34:21.737+0900][gc,cpu        ] GC(239) User=0.04s Sys=0.00s Real=0.01s
[2020-05-05T20:02:13.596+0900][gc,start      ] GC(240) Pause Young (Normal) (G1 Evacuation Pause)
[2020-05-05T20:02:13.596+0900][gc,task       ] GC(240) Using 23 workers of 23 for evacuation
[2020-05-05T20:02:13.599+0900][gc,phases     ] GC(240)   Pre Evacuate Collection Set: 0.0ms
[2020-05-05T20:02:13.599+0900][gc,phases     ] GC(240)   Evacuate Collection Set: 1.4ms
[2020-05-05T20:02:13.599+0900][gc,phases     ] GC(240)   Post Evacuate Collection Set: 1.2ms
[2020-05-05T20:02:13.599+0900][gc,phases     ] GC(240)   Other: 0.4ms
[2020-05-05T20:02:13.599+0900][gc,heap       ] GC(240) Eden regions: 612->0(612)
[2020-05-05T20:02:13.599+0900][gc,heap       ] GC(240) Survivor regions: 2->2(77)
[2020-05-05T20:02:13.599+0900][gc,heap       ] GC(240) Old regions: 15->15
[2020-05-05T20:02:13.599+0900][gc,heap       ] GC(240) Humongous regions: 129->129
[2020-05-05T20:02:13.599+0900][gc,metaspace  ] GC(240) Metaspace: 34883K->34883K(1081344K)
[2020-05-05T20:02:13.599+0900][gc            ] GC(240) Pause Young (Normal) (G1 Evacuation Pause) 757M->145M(1024M) 3.212ms
[2020-05-05T20:02:13.599+0900][gc,cpu        ] GC(240) User=0.02s Sys=0.01s Real=0.00s
[2020-05-05T23:30:39.574+0900][gc,start      ] GC(241) Pause Young (Normal) (G1 Evacuation Pause)
[2020-05-05T23:30:39.574+0900][gc,task       ] GC(241) Using 23 workers of 23 for evacuation
[2020-05-05T23:30:39.579+0900][gc,phases     ] GC(241)   Pre Evacuate Collection Set: 0.0ms
[2020-05-05T23:30:39.579+0900][gc,phases     ] GC(241)   Evacuate Collection Set: 3.2ms
[2020-05-05T23:30:39.579+0900][gc,phases     ] GC(241)   Post Evacuate Collection Set: 1.3ms
[2020-05-05T23:30:39.579+0900][gc,phases     ] GC(241)   Other: 0.5ms
[2020-05-05T23:30:39.579+0900][gc,heap       ] GC(241) Eden regions: 612->0(611)
[2020-05-05T23:30:39.579+0900][gc,heap       ] GC(241) Survivor regions: 2->3(77)
[2020-05-05T23:30:39.579+0900][gc,heap       ] GC(241) Old regions: 15->15
[2020-05-05T23:30:39.579+0900][gc,heap       ] GC(241) Humongous regions: 129->129
[2020-05-05T23:30:39.579+0900][gc,metaspace  ] GC(241) Metaspace: 34883K->34883K(1081344K)
[2020-05-05T23:30:39.579+0900][gc            ] GC(241) Pause Young (Normal) (G1 Evacuation Pause) 757M->146M(1024M) 5.167ms
[2020-05-05T23:30:39.579+0900][gc,cpu        ] GC(241) User=0.04s Sys=0.03s Real=0.01s
[2020-05-06T02:58:54.574+0900][gc,start      ] GC(242) Pause Young (Normal) (G1 Evacuation Pause)
[2020-05-06T02:58:54.574+0900][gc,task       ] GC(242) Using 23 workers of 23 for evacuation
[2020-05-06T02:58:54.578+0900][gc,phases     ] GC(242)   Pre Evacuate Collection Set: 0.0ms
[2020-05-06T02:58:54.578+0900][gc,phases     ] GC(242)   Evacuate Collection Set: 2.6ms
[2020-05-06T02:58:54.578+0900][gc,phases     ] GC(242)   Post Evacuate Collection Set: 1.0ms
[2020-05-06T02:58:54.578+0900][gc,phases     ] GC(242)   Other: 0.4ms
[2020-05-06T02:58:54.578+0900][gc,heap       ] GC(242) Eden regions: 611->0(611)
[2020-05-06T02:58:54.578+0900][gc,heap       ] GC(242) Survivor regions: 3->3(77)
[2020-05-06T02:58:54.578+0900][gc,heap       ] GC(242) Old regions: 15->15
[2020-05-06T02:58:54.578+0900][gc,heap       ] GC(242) Humongous regions: 129->129
[2020-05-06T02:58:54.578+0900][gc,metaspace  ] GC(242) Metaspace: 34883K->34883K(1081344K)
[2020-05-06T02:58:54.578+0900][gc            ] GC(242) Pause Young (Normal) (G1 Evacuation Pause) 757M->146M(1024M) 4.158ms
[2020-05-06T02:58:54.578+0900][gc,cpu        ] GC(242) User=0.04s Sys=0.02s Real=0.01s
[2020-05-06T06:26:43.224+0900][gc,start      ] GC(243) Pause Young (Normal) (G1 Evacuation Pause)
[2020-05-06T06:26:43.224+0900][gc,task       ] GC(243) Using 23 workers of 23 for evacuation
[2020-05-06T06:26:43.228+0900][gc,phases     ] GC(243)   Pre Evacuate Collection Set: 0.0ms
[2020-05-06T06:26:43.228+0900][gc,phases     ] GC(243)   Evacuate Collection Set: 2.5ms
[2020-05-06T06:26:43.228+0900][gc,phases     ] GC(243)   Post Evacuate Collection Set: 1.1ms
[2020-05-06T06:26:43.228+0900][gc,phases     ] GC(243)   Other: 0.4ms
[2020-05-06T06:26:43.228+0900][gc,heap       ] GC(243) Eden regions: 611->0(611)
[2020-05-06T06:26:43.228+0900][gc,heap       ] GC(243) Survivor regions: 3->3(77)
[2020-05-06T06:26:43.228+0900][gc,heap       ] GC(243) Old regions: 15->15
[2020-05-06T06:26:43.228+0900][gc,heap       ] GC(243) Humongous regions: 129->129
[2020-05-06T06:26:43.228+0900][gc,metaspace  ] GC(243) Metaspace: 34883K->34883K(1081344K)
[2020-05-06T06:26:43.228+0900][gc            ] GC(243) Pause Young (Normal) (G1 Evacuation Pause) 757M->146M(1024M) 4.303ms
[2020-05-06T06:26:43.228+0900][gc,cpu        ] GC(243) User=0.06s Sys=0.00s Real=0.01s
[2020-05-06T09:54:43.823+0900][gc,start      ] GC(244) Pause Young (Normal) (G1 Evacuation Pause)
[2020-05-06T09:54:43.823+0900][gc,task       ] GC(244) Using 23 workers of 23 for evacuation
[2020-05-06T09:54:43.826+0900][gc,phases     ] GC(244)   Pre Evacuate Collection Set: 0.0ms
[2020-05-06T09:54:43.827+0900][gc,phases     ] GC(244)   Evacuate Collection Set: 2.3ms
[2020-05-06T09:54:43.827+0900][gc,phases     ] GC(244)   Post Evacuate Collection Set: 1.2ms
[2020-05-06T09:54:43.827+0900][gc,phases     ] GC(244)   Other: 0.4ms
[2020-05-06T09:54:43.827+0900][gc,heap       ] GC(244) Eden regions: 611->0(611)
[2020-05-06T09:54:43.827+0900][gc,heap       ] GC(244) Survivor regions: 3->3(77)
[2020-05-06T09:54:43.827+0900][gc,heap       ] GC(244) Old regions: 15->15
[2020-05-06T09:54:43.827+0900][gc,heap       ] GC(244) Humongous regions: 129->129
[2020-05-06T09:54:43.827+0900][gc,metaspace  ] GC(244) Metaspace: 34883K->34883K(1081344K)
[2020-05-06T09:54:43.827+0900][gc            ] GC(244) Pause Young (Normal) (G1 Evacuation Pause) 757M->145M(1024M) 4.084ms
[2020-05-06T09:54:43.827+0900][gc,cpu        ] GC(244) User=0.05s Sys=0.00s Real=0.01s
[2020-05-06T13:22:15.342+0900][gc,start      ] GC(245) Pause Young (Normal) (G1 Evacuation Pause)
[2020-05-06T13:22:15.343+0900][gc,task       ] GC(245) Using 23 workers of 23 for evacuation
[2020-05-06T13:22:15.345+0900][gc,phases     ] GC(245)   Pre Evacuate Collection Set: 0.0ms
[2020-05-06T13:22:15.345+0900][gc,phases     ] GC(245)   Evacuate Collection Set: 1.5ms
[2020-05-06T13:22:15.345+0900][gc,phases     ] GC(245)   Post Evacuate Collection Set: 0.9ms
[2020-05-06T13:22:15.345+0900][gc,phases     ] GC(245)   Other: 0.4ms
[2020-05-06T13:22:15.345+0900][gc,heap       ] GC(245) Eden regions: 611->0(612)
[2020-05-06T13:22:15.345+0900][gc,heap       ] GC(245) Survivor regions: 3->2(77)
[2020-05-06T13:22:15.345+0900][gc,heap       ] GC(245) Old regions: 15->15
[2020-05-06T13:22:15.345+0900][gc,heap       ] GC(245) Humongous regions: 129->129
[2020-05-06T13:22:15.345+0900][gc,metaspace  ] GC(245) Metaspace: 34883K->34883K(1081344K)
[2020-05-06T13:22:15.346+0900][gc            ] GC(245) Pause Young (Normal) (G1 Evacuation Pause) 756M->145M(1024M) 3.058ms
[2020-05-06T13:22:15.346+0900][gc,cpu        ] GC(245) User=0.02s Sys=0.01s Real=0.00s
[2020-05-06T16:50:41.535+0900][gc,start      ] GC(246) Pause Young (Normal) (G1 Evacuation Pause)
[2020-05-06T16:50:41.535+0900][gc,task       ] GC(246) Using 23 workers of 23 for evacuation
[2020-05-06T16:50:41.538+0900][gc,phases     ] GC(246)   Pre Evacuate Collection Set: 0.0ms
[2020-05-06T16:50:41.538+0900][gc,phases     ] GC(246)   Evacuate Collection Set: 1.6ms
[2020-05-06T16:50:41.538+0900][gc,phases     ] GC(246)   Post Evacuate Collection Set: 1.1ms
[2020-05-06T16:50:41.538+0900][gc,phases     ] GC(246)   Other: 0.4ms
[2020-05-06T16:50:41.538+0900][gc,heap       ] GC(246) Eden regions: 612->0(612)
[2020-05-06T16:50:41.538+0900][gc,heap       ] GC(246) Survivor regions: 2->2(77)
[2020-05-06T16:50:41.538+0900][gc,heap       ] GC(246) Old regions: 15->15
[2020-05-06T16:50:41.538+0900][gc,heap       ] GC(246) Humongous regions: 129->129
[2020-05-06T16:50:41.538+0900][gc,metaspace  ] GC(246) Metaspace: 34883K->34883K(1081344K)
[2020-05-06T16:50:41.538+0900][gc            ] GC(246) Pause Young (Normal) (G1 Evacuation Pause) 757M->145M(1024M) 3.414ms
[2020-05-06T16:50:41.538+0900][gc,cpu        ] GC(246) User=0.03s Sys=0.01s Real=0.00s
[2020-05-06T20:18:14.256+0900][gc,start      ] GC(247) Pause Young (Normal) (G1 Evacuation Pause)
[2020-05-06T20:18:14.256+0900][gc,task       ] GC(247) Using 23 workers of 23 for evacuation
[2020-05-06T20:18:14.261+0900][gc,phases     ] GC(247)   Pre Evacuate Collection Set: 0.0ms
[2020-05-06T20:18:14.261+0900][gc,phases     ] GC(247)   Evacuate Collection Set: 3.3ms
[2020-05-06T20:18:14.261+0900][gc,phases     ] GC(247)   Post Evacuate Collection Set: 1.1ms
[2020-05-06T20:18:14.261+0900][gc,phases     ] GC(247)   Other: 0.4ms
[2020-05-06T20:18:14.261+0900][gc,heap       ] GC(247) Eden regions: 612->0(611)
[2020-05-06T20:18:14.261+0900][gc,heap       ] GC(247) Survivor regions: 2->3(77)
[2020-05-06T20:18:14.261+0900][gc,heap       ] GC(247) Old regions: 15->15
[2020-05-06T20:18:14.261+0900][gc,heap       ] GC(247) Humongous regions: 129->129
[2020-05-06T20:18:14.261+0900][gc,metaspace  ] GC(247) Metaspace: 34883K->34883K(1081344K)
[2020-05-06T20:18:14.261+0900][gc            ] GC(247) Pause Young (Normal) (G1 Evacuation Pause) 757M->146M(1024M) 5.012ms
[2020-05-06T20:18:14.261+0900][gc,cpu        ] GC(247) User=0.07s Sys=0.00s Real=0.00s
[2020-05-06T23:46:03.650+0900][gc,start      ] GC(248) Pause Young (Normal) (G1 Evacuation Pause)
[2020-05-06T23:46:03.650+0900][gc,task       ] GC(248) Using 23 workers of 23 for evacuation
[2020-05-06T23:46:03.654+0900][gc,phases     ] GC(248)   Pre Evacuate Collection Set: 0.1ms
[2020-05-06T23:46:03.654+0900][gc,phases     ] GC(248)   Evacuate Collection Set: 2.9ms
[2020-05-06T23:46:03.654+0900][gc,phases     ] GC(248)   Post Evacuate Collection Set: 1.2ms
[2020-05-06T23:46:03.655+0900][gc,phases     ] GC(248)   Other: 0.5ms
[2020-05-06T23:46:03.655+0900][gc,heap       ] GC(248) Eden regions: 611->0(611)
[2020-05-06T23:46:03.655+0900][gc,heap       ] GC(248) Survivor regions: 3->3(77)
[2020-05-06T23:46:03.655+0900][gc,heap       ] GC(248) Old regions: 15->15
[2020-05-06T23:46:03.655+0900][gc,heap       ] GC(248) Humongous regions: 129->129
[2020-05-06T23:46:03.655+0900][gc,metaspace  ] GC(248) Metaspace: 34883K->34883K(1081344K)
[2020-05-06T23:46:03.655+0900][gc            ] GC(248) Pause Young (Normal) (G1 Evacuation Pause) 757M->146M(1024M) 4.894ms
[2020-05-06T23:46:03.655+0900][gc,cpu        ] GC(248) User=0.05s Sys=0.02s Real=0.01s
[2020-05-07T03:13:33.752+0900][gc,start      ] GC(249) Pause Young (Normal) (G1 Evacuation Pause)
[2020-05-07T03:13:33.752+0900][gc,task       ] GC(249) Using 23 workers of 23 for evacuation
[2020-05-07T03:13:33.756+0900][gc,phases     ] GC(249)   Pre Evacuate Collection Set: 0.0ms
[2020-05-07T03:13:33.756+0900][gc,phases     ] GC(249)   Evacuate Collection Set: 2.2ms
[2020-05-07T03:13:33.756+0900][gc,phases     ] GC(249)   Post Evacuate Collection Set: 1.0ms
[2020-05-07T03:13:33.756+0900][gc,phases     ] GC(249)   Other: 0.4ms
[2020-05-07T03:13:33.756+0900][gc,heap       ] GC(249) Eden regions: 611->0(611)
[2020-05-07T03:13:33.756+0900][gc,heap       ] GC(249) Survivor regions: 3->3(77)
[2020-05-07T03:13:33.756+0900][gc,heap       ] GC(249) Old regions: 15->15
[2020-05-07T03:13:33.756+0900][gc,heap       ] GC(249) Humongous regions: 129->129
[2020-05-07T03:13:33.756+0900][gc,metaspace  ] GC(249) Metaspace: 34883K->34883K(1081344K)
[2020-05-07T03:13:33.756+0900][gc            ] GC(249) Pause Young (Normal) (G1 Evacuation Pause) 757M->146M(1024M) 3.858ms
[2020-05-07T03:13:33.756+0900][gc,cpu        ] GC(249) User=0.05s Sys=0.00s Real=0.01s
[2020-05-07T06:41:54.574+0900][gc,start      ] GC(250) Pause Young (Normal) (G1 Evacuation Pause)
[2020-05-07T06:41:54.574+0900][gc,task       ] GC(250) Using 23 workers of 23 for evacuation
[2020-05-07T06:41:54.578+0900][gc,phases     ] GC(250)   Pre Evacuate Collection Set: 0.0ms
[2020-05-07T06:41:54.578+0900][gc,phases     ] GC(250)   Evacuate Collection Set: 2.3ms
[2020-05-07T06:41:54.578+0900][gc,phases     ] GC(250)   Post Evacuate Collection Set: 1.1ms
[2020-05-07T06:41:54.578+0900][gc,phases     ] GC(250)   Other: 0.5ms
[2020-05-07T06:41:54.578+0900][gc,heap       ] GC(250) Eden regions: 611->0(611)
[2020-05-07T06:41:54.578+0900][gc,heap       ] GC(250) Survivor regions: 3->3(77)
[2020-05-07T06:41:54.578+0900][gc,heap       ] GC(250) Old regions: 15->15
[2020-05-07T06:41:54.578+0900][gc,heap       ] GC(250) Humongous regions: 129->129
[2020-05-07T06:41:54.578+0900][gc,metaspace  ] GC(250) Metaspace: 34883K->34883K(1081344K)
[2020-05-07T06:41:54.578+0900][gc            ] GC(250) Pause Young (Normal) (G1 Evacuation Pause) 757M->145M(1024M) 4.104ms
[2020-05-07T06:41:54.578+0900][gc,cpu        ] GC(250) User=0.04s Sys=0.01s Real=0.01s
[2020-05-07T10:09:29.574+0900][gc,start      ] GC(251) Pause Young (Normal) (G1 Evacuation Pause)
[2020-05-07T10:09:29.574+0900][gc,task       ] GC(251) Using 23 workers of 23 for evacuation
[2020-05-07T10:09:29.577+0900][gc,phases     ] GC(251)   Pre Evacuate Collection Set: 0.0ms
[2020-05-07T10:09:29.577+0900][gc,phases     ] GC(251)   Evacuate Collection Set: 1.9ms
[2020-05-07T10:09:29.577+0900][gc,phases     ] GC(251)   Post Evacuate Collection Set: 1.1ms
[2020-05-07T10:09:29.578+0900][gc,phases     ] GC(251)   Other: 0.4ms
[2020-05-07T10:09:29.578+0900][gc,heap       ] GC(251) Eden regions: 611->0(612)
[2020-05-07T10:09:29.578+0900][gc,heap       ] GC(251) Survivor regions: 3->2(77)
[2020-05-07T10:09:29.578+0900][gc,heap       ] GC(251) Old regions: 15->15
[2020-05-07T10:09:29.578+0900][gc,heap       ] GC(251) Humongous regions: 129->129
[2020-05-07T10:09:29.578+0900][gc,metaspace  ] GC(251) Metaspace: 34883K->34883K(1081344K)
[2020-05-07T10:09:29.578+0900][gc            ] GC(251) Pause Young (Normal) (G1 Evacuation Pause) 756M->145M(1024M) 3.686ms
[2020-05-07T10:09:29.578+0900][gc,cpu        ] GC(251) User=0.03s Sys=0.02s Real=0.01s
[2020-05-07T13:38:08.834+0900][gc,start      ] GC(252) Pause Young (Normal) (G1 Evacuation Pause)
[2020-05-07T13:38:08.834+0900][gc,task       ] GC(252) Using 23 workers of 23 for evacuation
[2020-05-07T13:38:08.838+0900][gc,phases     ] GC(252)   Pre Evacuate Collection Set: 0.1ms
[2020-05-07T13:38:08.839+0900][gc,phases     ] GC(252)   Evacuate Collection Set: 2.8ms
[2020-05-07T13:38:08.839+0900][gc,phases     ] GC(252)   Post Evacuate Collection Set: 1.0ms
[2020-05-07T13:38:08.839+0900][gc,phases     ] GC(252)   Other: 0.5ms
[2020-05-07T13:38:08.839+0900][gc,heap       ] GC(252) Eden regions: 612->0(612)
[2020-05-07T13:38:08.839+0900][gc,heap       ] GC(252) Survivor regions: 2->2(77)
[2020-05-07T13:38:08.839+0900][gc,heap       ] GC(252) Old regions: 15->15
[2020-05-07T13:38:08.839+0900][gc,heap       ] GC(252) Humongous regions: 129->129
[2020-05-07T13:38:08.839+0900][gc,metaspace  ] GC(252) Metaspace: 34883K->34883K(1081344K)
[2020-05-07T13:38:08.839+0900][gc            ] GC(252) Pause Young (Normal) (G1 Evacuation Pause) 757M->145M(1024M) 4.494ms
[2020-05-07T13:38:08.839+0900][gc,cpu        ] GC(252) User=0.05s Sys=0.01s Real=0.00s
[2020-05-07T17:06:05.909+0900][gc,start      ] GC(253) Pause Young (Normal) (G1 Evacuation Pause)
[2020-05-07T17:06:05.909+0900][gc,task       ] GC(253) Using 23 workers of 23 for evacuation
[2020-05-07T17:06:05.912+0900][gc,phases     ] GC(253)   Pre Evacuate Collection Set: 0.0ms
[2020-05-07T17:06:05.912+0900][gc,phases     ] GC(253)   Evacuate Collection Set: 1.5ms
[2020-05-07T17:06:05.912+0900][gc,phases     ] GC(253)   Post Evacuate Collection Set: 1.2ms
[2020-05-07T17:06:05.912+0900][gc,phases     ] GC(253)   Other: 0.4ms
[2020-05-07T17:06:05.912+0900][gc,heap       ] GC(253) Eden regions: 612->0(612)
[2020-05-07T17:06:05.912+0900][gc,heap       ] GC(253) Survivor regions: 2->2(77)
[2020-05-07T17:06:05.912+0900][gc,heap       ] GC(253) Old regions: 15->15
[2020-05-07T17:06:05.912+0900][gc,heap       ] GC(253) Humongous regions: 129->129
[2020-05-07T17:06:05.912+0900][gc,metaspace  ] GC(253) Metaspace: 34883K->34883K(1081344K)
[2020-05-07T17:06:05.912+0900][gc            ] GC(253) Pause Young (Normal) (G1 Evacuation Pause) 757M->145M(1024M) 3.296ms
[2020-05-07T17:06:05.912+0900][gc,cpu        ] GC(253) User=0.04s Sys=0.00s Real=0.00s
[2020-05-07T21:26:34.574+0900][gc,start      ] GC(254) Pause Young (Normal) (G1 Evacuation Pause)
[2020-05-07T21:26:34.574+0900][gc,task       ] GC(254) Using 23 workers of 23 for evacuation
[2020-05-07T21:26:34.578+0900][gc,phases     ] GC(254)   Pre Evacuate Collection Set: 0.0ms
[2020-05-07T21:26:34.578+0900][gc,phases     ] GC(254)   Evacuate Collection Set: 2.7ms
[2020-05-07T21:26:34.578+0900][gc,phases     ] GC(254)   Post Evacuate Collection Set: 1.2ms
[2020-05-07T21:26:34.578+0900][gc,phases     ] GC(254)   Other: 0.5ms
[2020-05-07T21:26:34.579+0900][gc,heap       ] GC(254) Eden regions: 612->0(611)
[2020-05-07T21:26:34.579+0900][gc,heap       ] GC(254) Survivor regions: 2->3(77)
[2020-05-07T21:26:34.579+0900][gc,heap       ] GC(254) Old regions: 15->15
[2020-05-07T21:26:34.579+0900][gc,heap       ] GC(254) Humongous regions: 129->129
[2020-05-07T21:26:34.579+0900][gc,metaspace  ] GC(254) Metaspace: 34883K->34883K(1081344K)
[2020-05-07T21:26:34.579+0900][gc            ] GC(254) Pause Young (Normal) (G1 Evacuation Pause) 757M->146M(1024M) 4.605ms
[2020-05-07T21:26:34.579+0900][gc,cpu        ] GC(254) User=0.04s Sys=0.02s Real=0.01s
[2020-05-08T05:03:51.437+0900][gc,start      ] GC(255) Pause Young (Normal) (G1 Evacuation Pause)
[2020-05-08T05:03:51.437+0900][gc,task       ] GC(255) Using 23 workers of 23 for evacuation
[2020-05-08T05:03:51.442+0900][gc,phases     ] GC(255)   Pre Evacuate Collection Set: 0.0ms
[2020-05-08T05:03:51.442+0900][gc,phases     ] GC(255)   Evacuate Collection Set: 2.9ms
[2020-05-08T05:03:51.442+0900][gc,phases     ] GC(255)   Post Evacuate Collection Set: 1.1ms
[2020-05-08T05:03:51.442+0900][gc,phases     ] GC(255)   Other: 0.4ms
[2020-05-08T05:03:51.442+0900][gc,heap       ] GC(255) Eden regions: 611->0(611)
[2020-05-08T05:03:51.442+0900][gc,heap       ] GC(255) Survivor regions: 3->3(77)
[2020-05-08T05:03:51.442+0900][gc,heap       ] GC(255) Old regions: 15->15
[2020-05-08T05:03:51.442+0900][gc,heap       ] GC(255) Humongous regions: 129->129
[2020-05-08T05:03:51.442+0900][gc,metaspace  ] GC(255) Metaspace: 34883K->34883K(1081344K)
[2020-05-08T05:03:51.442+0900][gc            ] GC(255) Pause Young (Normal) (G1 Evacuation Pause) 757M->146M(1024M) 4.681ms
[2020-05-08T05:03:51.442+0900][gc,cpu        ] GC(255) User=0.07s Sys=0.00s Real=0.00s
[2020-05-08T12:40:19.574+0900][gc,start      ] GC(256) Pause Young (Normal) (G1 Evacuation Pause)
[2020-05-08T12:40:19.574+0900][gc,task       ] GC(256) Using 23 workers of 23 for evacuation
[2020-05-08T12:40:19.578+0900][gc,phases     ] GC(256)   Pre Evacuate Collection Set: 0.0ms
[2020-05-08T12:40:19.579+0900][gc,phases     ] GC(256)   Evacuate Collection Set: 2.9ms
[2020-05-08T12:40:19.579+0900][gc,phases     ] GC(256)   Post Evacuate Collection Set: 1.2ms
[2020-05-08T12:40:19.579+0900][gc,phases     ] GC(256)   Other: 0.5ms
[2020-05-08T12:40:19.579+0900][gc,heap       ] GC(256) Eden regions: 611->0(611)
[2020-05-08T12:40:19.579+0900][gc,heap       ] GC(256) Survivor regions: 3->3(77)
[2020-05-08T12:40:19.579+0900][gc,heap       ] GC(256) Old regions: 15->15
[2020-05-08T12:40:19.579+0900][gc,heap       ] GC(256) Humongous regions: 129->129
[2020-05-08T12:40:19.579+0900][gc,metaspace  ] GC(256) Metaspace: 34883K->34883K(1081344K)
[2020-05-08T12:40:19.579+0900][gc            ] GC(256) Pause Young (Normal) (G1 Evacuation Pause) 757M->146M(1024M) 4.774ms
[2020-05-08T12:40:19.579+0900][gc,cpu        ] GC(256) User=0.06s Sys=0.02s Real=0.01s
[2020-05-08T20:16:29.574+0900][gc,start      ] GC(257) Pause Young (Normal) (G1 Evacuation Pause)
[2020-05-08T20:16:29.574+0900][gc,task       ] GC(257) Using 23 workers of 23 for evacuation
[2020-05-08T20:16:29.578+0900][gc,phases     ] GC(257)   Pre Evacuate Collection Set: 0.0ms
[2020-05-08T20:16:29.578+0900][gc,phases     ] GC(257)   Evacuate Collection Set: 2.9ms
[2020-05-08T20:16:29.578+0900][gc,phases     ] GC(257)   Post Evacuate Collection Set: 1.1ms
[2020-05-08T20:16:29.579+0900][gc,phases     ] GC(257)   Other: 0.5ms
[2020-05-08T20:16:29.579+0900][gc,heap       ] GC(257) Eden regions: 611->0(611)
[2020-05-08T20:16:29.579+0900][gc,heap       ] GC(257) Survivor regions: 3->3(77)
[2020-05-08T20:16:29.579+0900][gc,heap       ] GC(257) Old regions: 15->15
[2020-05-08T20:16:29.579+0900][gc,heap       ] GC(257) Humongous regions: 129->129
[2020-05-08T20:16:29.579+0900][gc,metaspace  ] GC(257) Metaspace: 34883K->34883K(1081344K)
[2020-05-08T20:16:29.579+0900][gc            ] GC(257) Pause Young (Normal) (G1 Evacuation Pause) 757M->146M(1024M) 4.762ms
[2020-05-08T20:16:29.579+0900][gc,cpu        ] GC(257) User=0.05s Sys=0.03s Real=0.01s
[2020-05-09T03:52:24.978+0900][gc,start      ] GC(258) Pause Young (Normal) (G1 Evacuation Pause)
[2020-05-09T03:52:24.978+0900][gc,task       ] GC(258) Using 23 workers of 23 for evacuation
[2020-05-09T03:52:24.982+0900][gc,phases     ] GC(258)   Pre Evacuate Collection Set: 0.0ms
[2020-05-09T03:52:24.982+0900][gc,phases     ] GC(258)   Evacuate Collection Set: 2.7ms
[2020-05-09T03:52:24.982+0900][gc,phases     ] GC(258)   Post Evacuate Collection Set: 1.2ms
[2020-05-09T03:52:24.982+0900][gc,phases     ] GC(258)   Other: 0.4ms
[2020-05-09T03:52:24.982+0900][gc,heap       ] GC(258) Eden regions: 611->0(611)
[2020-05-09T03:52:24.982+0900][gc,heap       ] GC(258) Survivor regions: 3->3(77)
[2020-05-09T03:52:24.982+0900][gc,heap       ] GC(258) Old regions: 15->15
[2020-05-09T03:52:24.982+0900][gc,heap       ] GC(258) Humongous regions: 129->129
[2020-05-09T03:52:24.982+0900][gc,metaspace  ] GC(258) Metaspace: 34885K->34885K(1081344K)
[2020-05-09T03:52:24.982+0900][gc            ] GC(258) Pause Young (Normal) (G1 Evacuation Pause) 757M->146M(1024M) 4.547ms
[2020-05-09T03:52:24.982+0900][gc,cpu        ] GC(258) User=0.06s Sys=0.00s Real=0.00s
[2020-05-09T11:28:01.649+0900][gc,start      ] GC(259) Pause Young (Normal) (G1 Evacuation Pause)
[2020-05-09T11:28:01.649+0900][gc,task       ] GC(259) Using 23 workers of 23 for evacuation
[2020-05-09T11:28:01.653+0900][gc,phases     ] GC(259)   Pre Evacuate Collection Set: 0.0ms
[2020-05-09T11:28:01.653+0900][gc,phases     ] GC(259)   Evacuate Collection Set: 2.8ms
[2020-05-09T11:28:01.653+0900][gc,phases     ] GC(259)   Post Evacuate Collection Set: 1.2ms
[2020-05-09T11:28:01.653+0900][gc,phases     ] GC(259)   Other: 0.4ms
[2020-05-09T11:28:01.653+0900][gc,heap       ] GC(259) Eden regions: 611->0(611)
[2020-05-09T11:28:01.653+0900][gc,heap       ] GC(259) Survivor regions: 3->3(77)
[2020-05-09T11:28:01.653+0900][gc,heap       ] GC(259) Old regions: 15->15
[2020-05-09T11:28:01.653+0900][gc,heap       ] GC(259) Humongous regions: 129->129
[2020-05-09T11:28:01.653+0900][gc,metaspace  ] GC(259) Metaspace: 34885K->34885K(1081344K)
[2020-05-09T11:28:01.654+0900][gc            ] GC(259) Pause Young (Normal) (G1 Evacuation Pause) 757M->146M(1024M) 4.581ms
[2020-05-09T11:28:01.654+0900][gc,cpu        ] GC(259) User=0.07s Sys=0.00s Real=0.00s
[2020-05-09T19:04:03.650+0900][gc,start      ] GC(260) Pause Young (Normal) (G1 Evacuation Pause)
[2020-05-09T19:04:03.650+0900][gc,task       ] GC(260) Using 23 workers of 23 for evacuation
[2020-05-09T19:04:03.654+0900][gc,phases     ] GC(260)   Pre Evacuate Collection Set: 0.1ms
[2020-05-09T19:04:03.654+0900][gc,phases     ] GC(260)   Evacuate Collection Set: 3.0ms
[2020-05-09T19:04:03.654+0900][gc,phases     ] GC(260)   Post Evacuate Collection Set: 1.2ms
[2020-05-09T19:04:03.654+0900][gc,phases     ] GC(260)   Other: 0.4ms
[2020-05-09T19:04:03.655+0900][gc,heap       ] GC(260) Eden regions: 611->0(611)
[2020-05-09T19:04:03.655+0900][gc,heap       ] GC(260) Survivor regions: 3->3(77)
[2020-05-09T19:04:03.655+0900][gc,heap       ] GC(260) Old regions: 15->15
[2020-05-09T19:04:03.655+0900][gc,heap       ] GC(260) Humongous regions: 129->129
[2020-05-09T19:04:03.655+0900][gc,metaspace  ] GC(260) Metaspace: 34885K->34885K(1081344K)
[2020-05-09T19:04:03.655+0900][gc            ] GC(260) Pause Young (Normal) (G1 Evacuation Pause) 757M->146M(1024M) 4.866ms
[2020-05-09T19:04:03.655+0900][gc,cpu        ] GC(260) User=0.04s Sys=0.04s Real=0.01s
[2020-05-10T02:40:42.156+0900][gc,start      ] GC(261) Pause Young (Normal) (G1 Evacuation Pause)
[2020-05-10T02:40:42.156+0900][gc,task       ] GC(261) Using 23 workers of 23 for evacuation
[2020-05-10T02:40:42.160+0900][gc,phases     ] GC(261)   Pre Evacuate Collection Set: 0.0ms
[2020-05-10T02:40:42.160+0900][gc,phases     ] GC(261)   Evacuate Collection Set: 2.3ms
[2020-05-10T02:40:42.160+0900][gc,phases     ] GC(261)   Post Evacuate Collection Set: 1.0ms
[2020-05-10T02:40:42.160+0900][gc,phases     ] GC(261)   Other: 0.4ms
[2020-05-10T02:40:42.160+0900][gc,heap       ] GC(261) Eden regions: 611->0(611)
[2020-05-10T02:40:42.160+0900][gc,heap       ] GC(261) Survivor regions: 3->3(77)
[2020-05-10T02:40:42.160+0900][gc,heap       ] GC(261) Old regions: 15->15
[2020-05-10T02:40:42.160+0900][gc,heap       ] GC(261) Humongous regions: 129->129
[2020-05-10T02:40:42.160+0900][gc,metaspace  ] GC(261) Metaspace: 34885K->34885K(1081344K)
[2020-05-10T02:40:42.160+0900][gc            ] GC(261) Pause Young (Normal) (G1 Evacuation Pause) 757M->146M(1024M) 3.908ms
[2020-05-10T02:40:42.160+0900][gc,cpu        ] GC(261) User=0.06s Sys=0.00s Real=0.00s
[2020-05-10T10:17:03.640+0900][gc,start      ] GC(262) Pause Young (Normal) (G1 Evacuation Pause)
[2020-05-10T10:17:03.640+0900][gc,task       ] GC(262) Using 23 workers of 23 for evacuation
[2020-05-10T10:17:03.644+0900][gc,phases     ] GC(262)   Pre Evacuate Collection Set: 0.0ms
[2020-05-10T10:17:03.644+0900][gc,phases     ] GC(262)   Evacuate Collection Set: 2.9ms
[2020-05-10T10:17:03.644+0900][gc,phases     ] GC(262)   Post Evacuate Collection Set: 1.1ms
[2020-05-10T10:17:03.644+0900][gc,phases     ] GC(262)   Other: 0.4ms
[2020-05-10T10:17:03.644+0900][gc,heap       ] GC(262) Eden regions: 611->0(611)
[2020-05-10T10:17:03.644+0900][gc,heap       ] GC(262) Survivor regions: 3->3(77)
[2020-05-10T10:17:03.644+0900][gc,heap       ] GC(262) Old regions: 15->15
[2020-05-10T10:17:03.644+0900][gc,heap       ] GC(262) Humongous regions: 129->129
[2020-05-10T10:17:03.644+0900][gc,metaspace  ] GC(262) Metaspace: 34885K->34885K(1081344K)
[2020-05-10T10:17:03.644+0900][gc            ] GC(262) Pause Young (Normal) (G1 Evacuation Pause) 757M->146M(1024M) 4.706ms
[2020-05-10T10:17:03.644+0900][gc,cpu        ] GC(262) User=0.07s Sys=0.00s Real=0.00s
[2020-05-10T17:53:03.935+0900][gc,start      ] GC(263) Pause Young (Normal) (G1 Evacuation Pause)
[2020-05-10T17:53:03.936+0900][gc,task       ] GC(263) Using 23 workers of 23 for evacuation
[2020-05-10T17:53:03.940+0900][gc,phases     ] GC(263)   Pre Evacuate Collection Set: 0.0ms
[2020-05-10T17:53:03.940+0900][gc,phases     ] GC(263)   Evacuate Collection Set: 2.9ms
[2020-05-10T17:53:03.940+0900][gc,phases     ] GC(263)   Post Evacuate Collection Set: 1.2ms
[2020-05-10T17:53:03.940+0900][gc,phases     ] GC(263)   Other: 0.4ms
[2020-05-10T17:53:03.940+0900][gc,heap       ] GC(263) Eden regions: 611->0(611)
[2020-05-10T17:53:03.940+0900][gc,heap       ] GC(263) Survivor regions: 3->3(77)
[2020-05-10T17:53:03.940+0900][gc,heap       ] GC(263) Old regions: 15->15
[2020-05-10T17:53:03.940+0900][gc,heap       ] GC(263) Humongous regions: 129->129
[2020-05-10T17:53:03.940+0900][gc,metaspace  ] GC(263) Metaspace: 34885K->34885K(1081344K)
[2020-05-10T17:53:03.940+0900][gc            ] GC(263) Pause Young (Normal) (G1 Evacuation Pause) 757M->146M(1024M) 4.708ms
[2020-05-10T17:53:03.940+0900][gc,cpu        ] GC(263) User=0.06s Sys=0.00s Real=0.00s
[2020-05-11T01:28:48.648+0900][gc,start      ] GC(264) Pause Young (Normal) (G1 Evacuation Pause)
[2020-05-11T01:28:48.648+0900][gc,task       ] GC(264) Using 23 workers of 23 for evacuation
[2020-05-11T01:28:48.653+0900][gc,phases     ] GC(264)   Pre Evacuate Collection Set: 0.1ms
[2020-05-11T01:28:48.653+0900][gc,phases     ] GC(264)   Evacuate Collection Set: 2.9ms
[2020-05-11T01:28:48.653+0900][gc,phases     ] GC(264)   Post Evacuate Collection Set: 1.1ms
[2020-05-11T01:28:48.653+0900][gc,phases     ] GC(264)   Other: 0.4ms
[2020-05-11T01:28:48.653+0900][gc,heap       ] GC(264) Eden regions: 611->0(611)
[2020-05-11T01:28:48.653+0900][gc,heap       ] GC(264) Survivor regions: 3->3(77)
[2020-05-11T01:28:48.653+0900][gc,heap       ] GC(264) Old regions: 15->15
[2020-05-11T01:28:48.653+0900][gc,heap       ] GC(264) Humongous regions: 129->129
[2020-05-11T01:28:48.653+0900][gc,metaspace  ] GC(264) Metaspace: 34885K->34885K(1081344K)
[2020-05-11T01:28:48.653+0900][gc            ] GC(264) Pause Young (Normal) (G1 Evacuation Pause) 757M->146M(1024M) 4.681ms
[2020-05-11T01:28:48.653+0900][gc,cpu        ] GC(264) User=0.07s Sys=0.00s Real=0.00s
