[2020-04-14T19:15:05.388+0900][gc,heap] Heap region size: 1M
[2020-04-14T19:15:05.403+0900][gc     ] Using G1
[2020-04-14T19:15:05.403+0900][gc,heap,coops] Heap address: 0x00000000c0000000, size: 1024 MB, Compressed Oops mode: 32-bit
[2020-04-14T19:15:06.531+0900][gc,start     ] GC(0) Pause Young (Normal) (G1 Evacuation Pause)
[2020-04-14T19:15:06.536+0900][gc,task      ] GC(0) Using 23 workers of 23 for evacuation
[2020-04-14T19:15:06.544+0900][gc,phases    ] GC(0)   Pre Evacuate Collection Set: 0.0ms
[2020-04-14T19:15:06.544+0900][gc,phases    ] GC(0)   Evacuate Collection Set: 7.4ms
[2020-04-14T19:15:06.544+0900][gc,phases    ] GC(0)   Post Evacuate Collection Set: 0.9ms
[2020-04-14T19:15:06.544+0900][gc,phases    ] GC(0)   Other: 4.7ms
[2020-04-14T19:15:06.544+0900][gc,heap      ] GC(0) Eden regions: 51->0(44)
[2020-04-14T19:15:06.544+0900][gc,heap      ] GC(0) Survivor regions: 0->7(7)
[2020-04-14T19:15:06.544+0900][gc,heap      ] GC(0) Old regions: 0->0
[2020-04-14T19:15:06.544+0900][gc,heap      ] GC(0) Humongous regions: 0->0
[2020-04-14T19:15:06.544+0900][gc,metaspace ] GC(0) Metaspace: 16993K->16993K(1064960K)
[2020-04-14T19:15:06.545+0900][gc           ] GC(0) Pause Young (Normal) (G1 Evacuation Pause) 51M->6M(1024M) 13.201ms
[2020-04-14T19:15:06.545+0900][gc,cpu       ] GC(0) User=0.14s Sys=0.03s Real=0.01s
[2020-04-14T19:15:06.816+0900][gc,start     ] GC(1) Pause Young (Concurrent Start) (Metadata GC Threshold)
[2020-04-14T19:15:06.816+0900][gc,task      ] GC(1) Using 23 workers of 23 for evacuation
[2020-04-14T19:15:06.826+0900][gc,phases    ] GC(1)   Pre Evacuate Collection Set: 0.1ms
[2020-04-14T19:15:06.826+0900][gc,phases    ] GC(1)   Evacuate Collection Set: 8.4ms
[2020-04-14T19:15:06.826+0900][gc,phases    ] GC(1)   Post Evacuate Collection Set: 0.7ms
[2020-04-14T19:15:06.826+0900][gc,phases    ] GC(1)   Other: 0.6ms
[2020-04-14T19:15:06.826+0900][gc,heap      ] GC(1) Eden regions: 16->0(49)
[2020-04-14T19:15:06.826+0900][gc,heap      ] GC(1) Survivor regions: 7->2(7)
[2020-04-14T19:15:06.826+0900][gc,heap      ] GC(1) Old regions: 0->7
[2020-04-14T19:15:06.826+0900][gc,heap      ] GC(1) Humongous regions: 129->129
[2020-04-14T19:15:06.826+0900][gc,metaspace ] GC(1) Metaspace: 20551K->20551K(1067008K)
[2020-04-14T19:15:06.826+0900][gc           ] GC(1) Pause Young (Concurrent Start) (Metadata GC Threshold) 150M->136M(1024M) 9.926ms
[2020-04-14T19:15:06.826+0900][gc,cpu       ] GC(1) User=0.07s Sys=0.01s Real=0.00s
[2020-04-14T19:15:06.826+0900][gc           ] GC(2) Concurrent Cycle
[2020-04-14T19:15:06.826+0900][gc,marking   ] GC(2) Concurrent Clear Claimed Marks
[2020-04-14T19:15:06.826+0900][gc,marking   ] GC(2) Concurrent Clear Claimed Marks 0.044ms
[2020-04-14T19:15:06.826+0900][gc,marking   ] GC(2) Concurrent Scan Root Regions
[2020-04-14T19:15:06.828+0900][gc,marking   ] GC(2) Concurrent Scan Root Regions 1.700ms
[2020-04-14T19:15:06.828+0900][gc,marking   ] GC(2) Concurrent Mark (1.447s)
[2020-04-14T19:15:06.828+0900][gc,marking   ] GC(2) Concurrent Mark From Roots
[2020-04-14T19:15:06.829+0900][gc,task      ] GC(2) Using 6 workers of 6 for marking
[2020-04-14T19:15:06.835+0900][gc,marking   ] GC(2) Concurrent Mark From Roots 7.294ms
[2020-04-14T19:15:06.835+0900][gc,marking   ] GC(2) Concurrent Preclean
[2020-04-14T19:15:06.836+0900][gc,marking   ] GC(2) Concurrent Preclean 0.690ms
[2020-04-14T19:15:06.836+0900][gc,marking   ] GC(2) Concurrent Mark (1.447s, 1.455s) 8.073ms
[2020-04-14T19:15:06.836+0900][gc,start     ] GC(2) Pause Remark
[2020-04-14T19:15:06.838+0900][gc,stringtable] GC(2) Cleaned string and symbol table, strings: 9093 processed, 0 removed, symbols: 50335 processed, 47 removed
[2020-04-14T19:15:06.838+0900][gc            ] GC(2) Pause Remark 138M->138M(1024M) 2.392ms
[2020-04-14T19:15:06.839+0900][gc,cpu        ] GC(2) User=0.02s Sys=0.01s Real=0.00s
[2020-04-14T19:15:06.839+0900][gc,marking    ] GC(2) Concurrent Rebuild Remembered Sets
[2020-04-14T19:15:06.843+0900][gc,marking    ] GC(2) Concurrent Rebuild Remembered Sets 3.947ms
[2020-04-14T19:15:06.843+0900][gc,start      ] GC(2) Pause Cleanup
[2020-04-14T19:15:06.843+0900][gc            ] GC(2) Pause Cleanup 139M->139M(1024M) 0.501ms
[2020-04-14T19:15:06.843+0900][gc,cpu        ] GC(2) User=0.01s Sys=0.00s Real=0.00s
[2020-04-14T19:15:06.843+0900][gc,marking    ] GC(2) Concurrent Cleanup for Next Mark
[2020-04-14T19:15:06.845+0900][gc,marking    ] GC(2) Concurrent Cleanup for Next Mark 1.892ms
[2020-04-14T19:15:06.845+0900][gc            ] GC(2) Concurrent Cycle 19.460ms
[2020-04-14T19:16:43.142+0900][gc,start      ] GC(3) Pause Young (Normal) (G1 Evacuation Pause)
[2020-04-14T19:16:43.142+0900][gc,task       ] GC(3) Using 23 workers of 23 for evacuation
[2020-04-14T19:16:43.146+0900][gc,phases     ] GC(3)   Pre Evacuate Collection Set: 0.0ms
[2020-04-14T19:16:43.146+0900][gc,phases     ] GC(3)   Evacuate Collection Set: 3.0ms
[2020-04-14T19:16:43.146+0900][gc,phases     ] GC(3)   Post Evacuate Collection Set: 1.0ms
[2020-04-14T19:16:43.146+0900][gc,phases     ] GC(3)   Other: 0.3ms
[2020-04-14T19:16:43.146+0900][gc,heap       ] GC(3) Eden regions: 49->0(45)
[2020-04-14T19:16:43.146+0900][gc,heap       ] GC(3) Survivor regions: 2->6(7)
[2020-04-14T19:16:43.146+0900][gc,heap       ] GC(3) Old regions: 7->7
[2020-04-14T19:16:43.146+0900][gc,heap       ] GC(3) Humongous regions: 129->129
[2020-04-14T19:16:43.146+0900][gc,metaspace  ] GC(3) Metaspace: 30813K->30813K(1077248K)
[2020-04-14T19:16:43.146+0900][gc            ] GC(3) Pause Young (Normal) (G1 Evacuation Pause) 185M->140M(1024M) 4.504ms
[2020-04-14T19:16:43.146+0900][gc,cpu        ] GC(3) User=0.07s Sys=0.01s Real=0.01s
[2020-04-14T19:52:12.759+0900][gc,start      ] GC(4) Pause Young (Normal) (G1 Evacuation Pause)
[2020-04-14T19:52:12.759+0900][gc,task       ] GC(4) Using 23 workers of 23 for evacuation
[2020-04-14T19:52:12.765+0900][gc,phases     ] GC(4)   Pre Evacuate Collection Set: 0.0ms
[2020-04-14T19:52:12.765+0900][gc,phases     ] GC(4)   Evacuate Collection Set: 4.7ms
[2020-04-14T19:52:12.765+0900][gc,phases     ] GC(4)   Post Evacuate Collection Set: 1.0ms
[2020-04-14T19:52:12.765+0900][gc,phases     ] GC(4)   Other: 0.3ms
[2020-04-14T19:52:12.765+0900][gc,heap       ] GC(4) Eden regions: 45->0(49)
[2020-04-14T19:52:12.766+0900][gc,heap       ] GC(4) Survivor regions: 6->2(7)
[2020-04-14T19:52:12.766+0900][gc,heap       ] GC(4) Old regions: 7->12
[2020-04-14T19:52:12.766+0900][gc,heap       ] GC(4) Humongous regions: 129->129
[2020-04-14T19:52:12.766+0900][gc,metaspace  ] GC(4) Metaspace: 32825K->32825K(1079296K)
[2020-04-14T19:52:12.766+0900][gc            ] GC(4) Pause Young (Normal) (G1 Evacuation Pause) 185M->141M(1024M) 6.268ms
[2020-04-14T19:52:12.766+0900][gc,cpu        ] GC(4) User=0.09s Sys=0.01s Real=0.00s
[2020-04-14T19:56:02.044+0900][gc,start      ] GC(5) Pause Young (Concurrent Start) (Metadata GC Threshold)
[2020-04-14T19:56:02.044+0900][gc,task       ] GC(5) Using 23 workers of 23 for evacuation
[2020-04-14T19:56:02.049+0900][gc,phases     ] GC(5)   Pre Evacuate Collection Set: 0.3ms
[2020-04-14T19:56:02.049+0900][gc,phases     ] GC(5)   Evacuate Collection Set: 3.1ms
[2020-04-14T19:56:02.049+0900][gc,phases     ] GC(5)   Post Evacuate Collection Set: 1.1ms
[2020-04-14T19:56:02.049+0900][gc,phases     ] GC(5)   Other: 0.4ms
[2020-04-14T19:56:02.049+0900][gc,heap       ] GC(5) Eden regions: 12->0(49)
[2020-04-14T19:56:02.049+0900][gc,heap       ] GC(5) Survivor regions: 2->2(7)
[2020-04-14T19:56:02.049+0900][gc,heap       ] GC(5) Old regions: 12->12
[2020-04-14T19:56:02.049+0900][gc,heap       ] GC(5) Humongous regions: 129->129
[2020-04-14T19:56:02.049+0900][gc,metaspace  ] GC(5) Metaspace: 33659K->33659K(1079296K)
[2020-04-14T19:56:02.049+0900][gc            ] GC(5) Pause Young (Concurrent Start) (Metadata GC Threshold) 152M->141M(1024M) 5.049ms
[2020-04-14T19:56:02.049+0900][gc,cpu        ] GC(5) User=0.07s Sys=0.00s Real=0.01s
[2020-04-14T19:56:02.049+0900][gc            ] GC(6) Concurrent Cycle
[2020-04-14T19:56:02.049+0900][gc,marking    ] GC(6) Concurrent Clear Claimed Marks
[2020-04-14T19:56:02.049+0900][gc,marking    ] GC(6) Concurrent Clear Claimed Marks 0.124ms
[2020-04-14T19:56:02.049+0900][gc,marking    ] GC(6) Concurrent Scan Root Regions
[2020-04-14T19:56:02.052+0900][gc,marking    ] GC(6) Concurrent Scan Root Regions 2.313ms
[2020-04-14T19:56:02.052+0900][gc,marking    ] GC(6) Concurrent Mark (2456.671s)
[2020-04-14T19:56:02.052+0900][gc,marking    ] GC(6) Concurrent Mark From Roots
[2020-04-14T19:56:02.052+0900][gc,task       ] GC(6) Using 6 workers of 6 for marking
[2020-04-14T19:56:02.061+0900][gc,marking    ] GC(6) Concurrent Mark From Roots 9.142ms
[2020-04-14T19:56:02.061+0900][gc,marking    ] GC(6) Concurrent Preclean
[2020-04-14T19:56:02.062+0900][gc,marking    ] GC(6) Concurrent Preclean 0.689ms
[2020-04-14T19:56:02.062+0900][gc,marking    ] GC(6) Concurrent Mark (2456.671s, 2456.681s) 9.888ms
[2020-04-14T19:56:02.062+0900][gc,start      ] GC(6) Pause Remark
[2020-04-14T19:56:02.069+0900][gc,stringtable] GC(6) Cleaned string and symbol table, strings: 14516 processed, 807 removed, symbols: 73408 processed, 19 removed
[2020-04-14T19:56:02.070+0900][gc            ] GC(6) Pause Remark 142M->13M(1024M) 7.790ms
[2020-04-14T19:56:02.070+0900][gc,cpu        ] GC(6) User=0.14s Sys=0.00s Real=0.01s
[2020-04-14T19:56:02.070+0900][gc,marking    ] GC(6) Concurrent Rebuild Remembered Sets
[2020-04-14T19:56:02.073+0900][gc,marking    ] GC(6) Concurrent Rebuild Remembered Sets 3.706ms
[2020-04-14T19:56:02.074+0900][gc,start      ] GC(6) Pause Cleanup
[2020-04-14T19:56:02.074+0900][gc            ] GC(6) Pause Cleanup 13M->13M(1024M) 0.330ms
[2020-04-14T19:56:02.074+0900][gc,cpu        ] GC(6) User=0.00s Sys=0.00s Real=0.00s
[2020-04-14T19:56:02.074+0900][gc,marking    ] GC(6) Concurrent Cleanup for Next Mark
[2020-04-14T19:56:02.077+0900][gc,marking    ] GC(6) Concurrent Cleanup for Next Mark 2.545ms
[2020-04-14T19:56:02.077+0900][gc            ] GC(6) Concurrent Cycle 27.545ms
[2020-04-14T19:56:02.077+0900][gc,heap,exit  ] Heap
[2020-04-14T19:56:02.077+0900][gc,heap,exit  ]  garbage-first heap   total 1048576K, used 12563K [0x00000000c0000000, 0x0000000100000000)
[2020-04-14T19:56:02.077+0900][gc,heap,exit  ]   region size 1024K, 3 young (3072K), 2 survivors (2048K)
[2020-04-14T19:56:02.077+0900][gc,heap,exit  ]  Metaspace       used 33544K, capacity 35716K, committed 36176K, reserved 1079296K
[2020-04-14T19:56:02.077+0900][gc,heap,exit  ]   class space    used 4908K, capacity 5958K, committed 6048K, reserved 1048576K
