[2020-04-16T21:25:26.367+0900][gc,heap] Heap region size: 1M
[2020-04-16T21:25:26.381+0900][gc     ] Using G1
[2020-04-16T21:25:26.381+0900][gc,heap,coops] Heap address: 0x00000000c0000000, size: 1024 MB, Compressed Oops mode: 32-bit
[2020-04-16T21:25:27.490+0900][gc,start     ] GC(0) Pause Young (Normal) (G1 Evacuation Pause)
[2020-04-16T21:25:27.493+0900][gc,task      ] GC(0) Using 23 workers of 23 for evacuation
[2020-04-16T21:25:27.502+0900][gc,phases    ] GC(0)   Pre Evacuate Collection Set: 0.0ms
[2020-04-16T21:25:27.502+0900][gc,phases    ] GC(0)   Evacuate Collection Set: 7.6ms
[2020-04-16T21:25:27.502+0900][gc,phases    ] GC(0)   Post Evacuate Collection Set: 0.8ms
[2020-04-16T21:25:27.502+0900][gc,phases    ] GC(0)   Other: 3.8ms
[2020-04-16T21:25:27.502+0900][gc,heap      ] GC(0) Eden regions: 51->0(44)
[2020-04-16T21:25:27.502+0900][gc,heap      ] GC(0) Survivor regions: 0->7(7)
[2020-04-16T21:25:27.502+0900][gc,heap      ] GC(0) Old regions: 0->0
[2020-04-16T21:25:27.502+0900][gc,heap      ] GC(0) Humongous regions: 0->0
[2020-04-16T21:25:27.502+0900][gc,metaspace ] GC(0) Metaspace: 17217K->17217K(1064960K)
[2020-04-16T21:25:27.502+0900][gc           ] GC(0) Pause Young (Normal) (G1 Evacuation Pause) 51M->6M(1024M) 12.402ms
[2020-04-16T21:25:27.502+0900][gc,cpu       ] GC(0) User=0.14s Sys=0.04s Real=0.01s
[2020-04-16T21:25:27.699+0900][gc,start     ] GC(1) Pause Young (Concurrent Start) (Metadata GC Threshold)
[2020-04-16T21:25:27.699+0900][gc,task      ] GC(1) Using 23 workers of 23 for evacuation
[2020-04-16T21:25:27.713+0900][gc,phases    ] GC(1)   Pre Evacuate Collection Set: 0.1ms
[2020-04-16T21:25:27.713+0900][gc,phases    ] GC(1)   Evacuate Collection Set: 12.2ms
[2020-04-16T21:25:27.713+0900][gc,phases    ] GC(1)   Post Evacuate Collection Set: 0.8ms
[2020-04-16T21:25:27.713+0900][gc,phases    ] GC(1)   Other: 0.7ms
[2020-04-16T21:25:27.713+0900][gc,heap      ] GC(1) Eden regions: 13->0(49)
[2020-04-16T21:25:27.713+0900][gc,heap      ] GC(1) Survivor regions: 7->2(7)
[2020-04-16T21:25:27.713+0900][gc,heap      ] GC(1) Old regions: 0->7
[2020-04-16T21:25:27.713+0900][gc,heap      ] GC(1) Humongous regions: 0->0
[2020-04-16T21:25:27.713+0900][gc,metaspace ] GC(1) Metaspace: 20421K->20421K(1067008K)
[2020-04-16T21:25:27.713+0900][gc           ] GC(1) Pause Young (Concurrent Start) (Metadata GC Threshold) 18M->7M(1024M) 13.949ms
[2020-04-16T21:25:27.713+0900][gc,cpu       ] GC(1) User=0.11s Sys=0.00s Real=0.01s
[2020-04-16T21:25:27.713+0900][gc           ] GC(2) Concurrent Cycle
[2020-04-16T21:25:27.713+0900][gc,marking   ] GC(2) Concurrent Clear Claimed Marks
[2020-04-16T21:25:27.713+0900][gc,marking   ] GC(2) Concurrent Clear Claimed Marks 0.039ms
[2020-04-16T21:25:27.713+0900][gc,marking   ] GC(2) Concurrent Scan Root Regions
[2020-04-16T21:25:27.715+0900][gc,marking   ] GC(2) Concurrent Scan Root Regions 1.644ms
[2020-04-16T21:25:27.715+0900][gc,marking   ] GC(2) Concurrent Mark (1.358s)
[2020-04-16T21:25:27.715+0900][gc,marking   ] GC(2) Concurrent Mark From Roots
[2020-04-16T21:25:27.716+0900][gc,task      ] GC(2) Using 6 workers of 6 for marking
[2020-04-16T21:25:27.723+0900][gc,marking   ] GC(2) Concurrent Mark From Roots 7.362ms
[2020-04-16T21:25:27.723+0900][gc,marking   ] GC(2) Concurrent Preclean
[2020-04-16T21:25:27.723+0900][gc,marking   ] GC(2) Concurrent Preclean 0.320ms
[2020-04-16T21:25:27.723+0900][gc,marking   ] GC(2) Concurrent Mark (1.358s, 1.365s) 7.728ms
[2020-04-16T21:25:27.723+0900][gc,start     ] GC(2) Pause Remark
[2020-04-16T21:25:27.724+0900][gc,stringtable] GC(2) Cleaned string and symbol table, strings: 8906 processed, 0 removed, symbols: 49609 processed, 53 removed
[2020-04-16T21:25:27.725+0900][gc            ] GC(2) Pause Remark 7M->7M(1024M) 1.639ms
[2020-04-16T21:25:27.725+0900][gc,cpu        ] GC(2) User=0.01s Sys=0.00s Real=0.00s
[2020-04-16T21:25:27.725+0900][gc,marking    ] GC(2) Concurrent Rebuild Remembered Sets
[2020-04-16T21:25:27.727+0900][gc,marking    ] GC(2) Concurrent Rebuild Remembered Sets 1.964ms
[2020-04-16T21:25:27.727+0900][gc,start      ] GC(2) Pause Cleanup
[2020-04-16T21:25:27.727+0900][gc            ] GC(2) Pause Cleanup 7M->7M(1024M) 0.277ms
[2020-04-16T21:25:27.727+0900][gc,cpu        ] GC(2) User=0.00s Sys=0.00s Real=0.00s
[2020-04-16T21:25:27.727+0900][gc,marking    ] GC(2) Concurrent Cleanup for Next Mark
[2020-04-16T21:25:27.729+0900][gc,marking    ] GC(2) Concurrent Cleanup for Next Mark 2.049ms
[2020-04-16T21:25:27.729+0900][gc            ] GC(2) Concurrent Cycle 15.883ms
[2020-04-16T21:25:28.469+0900][gc,start      ] GC(3) Pause Young (Normal) (G1 Evacuation Pause)
[2020-04-16T21:25:28.469+0900][gc,task       ] GC(3) Using 23 workers of 23 for evacuation
[2020-04-16T21:25:28.473+0900][gc,phases     ] GC(3)   Pre Evacuate Collection Set: 0.0ms
[2020-04-16T21:25:28.473+0900][gc,phases     ] GC(3)   Evacuate Collection Set: 2.9ms
[2020-04-16T21:25:28.473+0900][gc,phases     ] GC(3)   Post Evacuate Collection Set: 1.0ms
[2020-04-16T21:25:28.473+0900][gc,phases     ] GC(3)   Other: 0.3ms
[2020-04-16T21:25:28.473+0900][gc,heap       ] GC(3) Eden regions: 49->0(46)
[2020-04-16T21:25:28.473+0900][gc,heap       ] GC(3) Survivor regions: 2->5(7)
[2020-04-16T21:25:28.473+0900][gc,heap       ] GC(3) Old regions: 7->7
[2020-04-16T21:25:28.473+0900][gc,heap       ] GC(3) Humongous regions: 129->129
[2020-04-16T21:25:28.473+0900][gc,metaspace  ] GC(3) Metaspace: 30435K->30435K(1077248K)
[2020-04-16T21:25:28.474+0900][gc            ] GC(3) Pause Young (Normal) (G1 Evacuation Pause) 185M->140M(1024M) 4.252ms
[2020-04-16T21:25:28.474+0900][gc,cpu        ] GC(3) User=0.07s Sys=0.00s Real=0.00s
[2020-04-16T21:39:33.402+0900][gc,start      ] GC(4) Pause Young (Normal) (G1 Evacuation Pause)
[2020-04-16T21:39:33.403+0900][gc,task       ] GC(4) Using 23 workers of 23 for evacuation
[2020-04-16T21:39:33.409+0900][gc,phases     ] GC(4)   Pre Evacuate Collection Set: 0.0ms
[2020-04-16T21:39:33.409+0900][gc,phases     ] GC(4)   Evacuate Collection Set: 4.8ms
[2020-04-16T21:39:33.409+0900][gc,phases     ] GC(4)   Post Evacuate Collection Set: 1.1ms
[2020-04-16T21:39:33.409+0900][gc,phases     ] GC(4)   Other: 0.3ms
[2020-04-16T21:39:33.409+0900][gc,heap       ] GC(4) Eden regions: 46->0(48)
[2020-04-16T21:39:33.409+0900][gc,heap       ] GC(4) Survivor regions: 5->3(7)
[2020-04-16T21:39:33.409+0900][gc,heap       ] GC(4) Old regions: 7->12
[2020-04-16T21:39:33.409+0900][gc,heap       ] GC(4) Humongous regions: 129->129
[2020-04-16T21:39:33.409+0900][gc,metaspace  ] GC(4) Metaspace: 32523K->32523K(1079296K)
[2020-04-16T21:39:33.409+0900][gc            ] GC(4) Pause Young (Normal) (G1 Evacuation Pause) 186M->142M(1024M) 6.447ms
[2020-04-16T21:39:33.409+0900][gc,cpu        ] GC(4) User=0.11s Sys=0.00s Real=0.01s
[2020-04-16T21:47:32.801+0900][gc,heap,exit  ] Heap
[2020-04-16T21:47:32.801+0900][gc,heap,exit  ]  garbage-first heap   total 1048576K, used 176813K [0x00000000c0000000, 0x0000000100000000)
[2020-04-16T21:47:32.801+0900][gc,heap,exit  ]   region size 1024K, 34 young (34816K), 3 survivors (3072K)
[2020-04-16T21:47:32.801+0900][gc,heap,exit  ]  Metaspace       used 33346K, capacity 35495K, committed 35760K, reserved 1079296K
[2020-04-16T21:47:32.801+0900][gc,heap,exit  ]   class space    used 4839K, capacity 5844K, committed 5888K, reserved 1048576K
