[2020-05-11T09:05:00.131+0900][gc,start      ] GC(265) Pause Young (Normal) (G1 Evacuation Pause)
[2020-05-11T09:05:00.131+0900][gc,task       ] GC(265) Using 23 workers of 23 for evacuation
[2020-05-11T09:05:00.135+0900][gc,phases     ] GC(265)   Pre Evacuate Collection Set: 0.0ms
[2020-05-11T09:05:00.135+0900][gc,phases     ] GC(265)   Evacuate Collection Set: 2.7ms
[2020-05-11T09:05:00.135+0900][gc,phases     ] GC(265)   Post Evacuate Collection Set: 1.2ms
[2020-05-11T09:05:00.135+0900][gc,phases     ] GC(265)   Other: 0.4ms
[2020-05-11T09:05:00.135+0900][gc,heap       ] GC(265) Eden regions: 611->0(611)
[2020-05-11T09:05:00.135+0900][gc,heap       ] GC(265) Survivor regions: 3->3(77)
[2020-05-11T09:05:00.135+0900][gc,heap       ] GC(265) Old regions: 15->15
[2020-05-11T09:05:00.135+0900][gc,heap       ] GC(265) Humongous regions: 129->129
[2020-05-11T09:05:00.135+0900][gc,metaspace  ] GC(265) Metaspace: 34885K->34885K(1081344K)
[2020-05-11T09:05:00.135+0900][gc            ] GC(265) Pause Young (Normal) (G1 Evacuation Pause) 757M->146M(1024M) 4.559ms
[2020-05-11T09:05:00.135+0900][gc,cpu        ] GC(265) User=0.04s Sys=0.03s Real=0.01s
[2020-05-11T16:40:44.574+0900][gc,start      ] GC(266) Pause Young (Normal) (G1 Evacuation Pause)
[2020-05-11T16:40:44.574+0900][gc,task       ] GC(266) Using 23 workers of 23 for evacuation
[2020-05-11T16:40:44.578+0900][gc,phases     ] GC(266)   Pre Evacuate Collection Set: 0.0ms
[2020-05-11T16:40:44.579+0900][gc,phases     ] GC(266)   Evacuate Collection Set: 2.9ms
[2020-05-11T16:40:44.579+0900][gc,phases     ] GC(266)   Post Evacuate Collection Set: 1.2ms
[2020-05-11T16:40:44.579+0900][gc,phases     ] GC(266)   Other: 0.5ms
[2020-05-11T16:40:44.579+0900][gc,heap       ] GC(266) Eden regions: 611->0(611)
[2020-05-11T16:40:44.579+0900][gc,heap       ] GC(266) Survivor regions: 3->3(77)
[2020-05-11T16:40:44.579+0900][gc,heap       ] GC(266) Old regions: 15->15
[2020-05-11T16:40:44.579+0900][gc,heap       ] GC(266) Humongous regions: 129->129
[2020-05-11T16:40:44.579+0900][gc,metaspace  ] GC(266) Metaspace: 34885K->34885K(1081344K)
[2020-05-11T16:40:44.579+0900][gc            ] GC(266) Pause Young (Normal) (G1 Evacuation Pause) 757M->146M(1024M) 4.810ms
[2020-05-11T16:40:44.579+0900][gc,cpu        ] GC(266) User=0.05s Sys=0.02s Real=0.01s
