[2020-04-14T20:07:44.353+0900][gc,heap] Heap region size: 1M
[2020-04-14T20:07:44.363+0900][gc     ] Using G1
[2020-04-14T20:07:44.363+0900][gc,heap,coops] Heap address: 0x00000000e0000000, size: 512 MB, Compressed Oops mode: 32-bit
[2020-04-14T20:22:37.955+0900][gc,start     ] GC(0) Pause Young (Normal) (G1 Evacuation Pause)
[2020-04-14T20:22:37.957+0900][gc,task      ] GC(0) Using 12 workers of 23 for evacuation
[2020-04-14T20:22:37.966+0900][gc,phases    ] GC(0)   Pre Evacuate Collection Set: 0.0ms
[2020-04-14T20:22:37.966+0900][gc,phases    ] GC(0)   Evacuate Collection Set: 7.2ms
[2020-04-14T20:22:37.966+0900][gc,phases    ] GC(0)   Post Evacuate Collection Set: 0.8ms
[2020-04-14T20:22:37.966+0900][gc,phases    ] GC(0)   Other: 2.3ms
[2020-04-14T20:22:37.966+0900][gc,heap      ] GC(0) Eden regions: 25->0(21)
[2020-04-14T20:22:37.966+0900][gc,heap      ] GC(0) Survivor regions: 0->4(4)
[2020-04-14T20:22:37.966+0900][gc,heap      ] GC(0) Old regions: 0->2
[2020-04-14T20:22:37.966+0900][gc,heap      ] GC(0) Humongous regions: 0->0
[2020-04-14T20:22:37.966+0900][gc,metaspace ] GC(0) Metaspace: 7787K->7787K(1056768K)
[2020-04-14T20:22:37.966+0900][gc           ] GC(0) Pause Young (Normal) (G1 Evacuation Pause) 25M->5M(512M) 10.617ms
[2020-04-14T20:22:37.966+0900][gc,cpu       ] GC(0) User=0.09s Sys=0.00s Real=0.00s
[2020-04-14T20:22:37.968+0900][gc,heap,exit ] Heap
[2020-04-14T20:22:37.968+0900][gc,heap,exit ]  garbage-first heap   total 524288K, used 5188K [0x00000000e0000000, 0x0000000100000000)
[2020-04-14T20:22:37.968+0900][gc,heap,exit ]   region size 1024K, 5 young (5120K), 4 survivors (4096K)
[2020-04-14T20:22:37.968+0900][gc,heap,exit ]  Metaspace       used 7790K, capacity 8047K, committed 8192K, reserved 1056768K
[2020-04-14T20:22:37.968+0900][gc,heap,exit ]   class space    used 844K, capacity 962K, committed 1024K, reserved 1048576K
