[2020-04-16T21:58:22.446+0900][gc,heap] Heap region size: 1M
[2020-04-16T21:58:22.479+0900][gc     ] Using G1
[2020-04-16T21:58:22.479+0900][gc,heap,coops] Heap address: 0x00000000e0000000, size: 512 MB, Compressed Oops mode: 32-bit
[2020-04-16T22:06:18.887+0900][gc,start     ] GC(0) Pause Young (Normal) (G1 Evacuation Pause)
[2020-04-16T22:06:18.889+0900][gc,task      ] GC(0) Using 12 workers of 23 for evacuation
[2020-04-16T22:06:18.897+0900][gc,phases    ] GC(0)   Pre Evacuate Collection Set: 0.0ms
[2020-04-16T22:06:18.897+0900][gc,phases    ] GC(0)   Evacuate Collection Set: 6.8ms
[2020-04-16T22:06:18.897+0900][gc,phases    ] GC(0)   Post Evacuate Collection Set: 0.6ms
[2020-04-16T22:06:18.897+0900][gc,phases    ] GC(0)   Other: 2.2ms
[2020-04-16T22:06:18.897+0900][gc,heap      ] GC(0) Eden regions: 25->0(21)
[2020-04-16T22:06:18.897+0900][gc,heap      ] GC(0) Survivor regions: 0->4(4)
[2020-04-16T22:06:18.897+0900][gc,heap      ] GC(0) Old regions: 0->2
[2020-04-16T22:06:18.897+0900][gc,heap      ] GC(0) Humongous regions: 0->0
[2020-04-16T22:06:18.897+0900][gc,metaspace ] GC(0) Metaspace: 7658K->7658K(1056768K)
[2020-04-16T22:06:18.897+0900][gc           ] GC(0) Pause Young (Normal) (G1 Evacuation Pause) 25M->5M(512M) 9.717ms
[2020-04-16T22:06:18.897+0900][gc,cpu       ] GC(0) User=0.08s Sys=0.00s Real=0.01s
[2020-04-17T02:32:57.733+0900][gc,start     ] GC(1) Pause Young (Normal) (G1 Evacuation Pause)
[2020-04-17T02:32:57.733+0900][gc,task      ] GC(1) Using 12 workers of 23 for evacuation
[2020-04-17T02:32:57.738+0900][gc,phases    ] GC(1)   Pre Evacuate Collection Set: 0.0ms
[2020-04-17T02:32:57.738+0900][gc,phases    ] GC(1)   Evacuate Collection Set: 4.5ms
[2020-04-17T02:32:57.738+0900][gc,phases    ] GC(1)   Post Evacuate Collection Set: 0.5ms
[2020-04-17T02:32:57.738+0900][gc,phases    ] GC(1)   Other: 0.2ms
[2020-04-17T02:32:57.738+0900][gc,heap      ] GC(1) Eden regions: 21->0(24)
[2020-04-17T02:32:57.738+0900][gc,heap      ] GC(1) Survivor regions: 4->1(4)
[2020-04-17T02:32:57.738+0900][gc,heap      ] GC(1) Old regions: 2->6
[2020-04-17T02:32:57.738+0900][gc,heap      ] GC(1) Humongous regions: 0->0
[2020-04-17T02:32:57.738+0900][gc,metaspace ] GC(1) Metaspace: 7765K->7765K(1056768K)
[2020-04-17T02:32:57.738+0900][gc           ] GC(1) Pause Young (Normal) (G1 Evacuation Pause) 26M->5M(512M) 5.475ms
[2020-04-17T02:32:57.738+0900][gc,cpu       ] GC(1) User=0.03s Sys=0.03s Real=0.01s
[2020-04-17T07:49:24.238+0900][gc,start     ] GC(2) Pause Young (Normal) (G1 Evacuation Pause)
[2020-04-17T07:49:24.238+0900][gc,task      ] GC(2) Using 12 workers of 23 for evacuation
[2020-04-17T07:49:24.239+0900][gc,phases    ] GC(2)   Pre Evacuate Collection Set: 0.0ms
[2020-04-17T07:49:24.239+0900][gc,phases    ] GC(2)   Evacuate Collection Set: 0.6ms
[2020-04-17T07:49:24.239+0900][gc,phases    ] GC(2)   Post Evacuate Collection Set: 0.3ms
[2020-04-17T07:49:24.239+0900][gc,phases    ] GC(2)   Other: 0.2ms
[2020-04-17T07:49:24.239+0900][gc,heap      ] GC(2) Eden regions: 24->0(24)
[2020-04-17T07:49:24.239+0900][gc,heap      ] GC(2) Survivor regions: 1->1(4)
[2020-04-17T07:49:24.239+0900][gc,heap      ] GC(2) Old regions: 6->6
[2020-04-17T07:49:24.239+0900][gc,heap      ] GC(2) Humongous regions: 0->0
[2020-04-17T07:49:24.239+0900][gc,metaspace ] GC(2) Metaspace: 7782K->7782K(1056768K)
[2020-04-17T07:49:24.240+0900][gc           ] GC(2) Pause Young (Normal) (G1 Evacuation Pause) 29M->5M(512M) 1.290ms
[2020-04-17T07:49:24.240+0900][gc,cpu       ] GC(2) User=0.01s Sys=0.00s Real=0.00s
[2020-04-17T13:06:36.649+0900][gc,start     ] GC(3) Pause Young (Normal) (G1 Evacuation Pause)
[2020-04-17T13:06:36.649+0900][gc,task      ] GC(3) Using 12 workers of 23 for evacuation
[2020-04-17T13:06:36.651+0900][gc,phases    ] GC(3)   Pre Evacuate Collection Set: 0.0ms
[2020-04-17T13:06:36.651+0900][gc,phases    ] GC(3)   Evacuate Collection Set: 1.0ms
[2020-04-17T13:06:36.651+0900][gc,phases    ] GC(3)   Post Evacuate Collection Set: 0.3ms
[2020-04-17T13:06:36.651+0900][gc,phases    ] GC(3)   Other: 0.2ms
[2020-04-17T13:06:36.651+0900][gc,heap      ] GC(3) Eden regions: 24->0(24)
[2020-04-17T13:06:36.651+0900][gc,heap      ] GC(3) Survivor regions: 1->1(4)
[2020-04-17T13:06:36.651+0900][gc,heap      ] GC(3) Old regions: 6->6
[2020-04-17T13:06:36.651+0900][gc,heap      ] GC(3) Humongous regions: 0->0
[2020-04-17T13:06:36.651+0900][gc,metaspace ] GC(3) Metaspace: 7823K->7823K(1056768K)
[2020-04-17T13:06:36.651+0900][gc           ] GC(3) Pause Young (Normal) (G1 Evacuation Pause) 29M->5M(512M) 1.664ms
[2020-04-17T13:06:36.651+0900][gc,cpu       ] GC(3) User=0.01s Sys=0.00s Real=0.00s
[2020-04-17T18:27:16.175+0900][gc,start     ] GC(4) Pause Young (Normal) (G1 Evacuation Pause)
[2020-04-17T18:27:16.175+0900][gc,task      ] GC(4) Using 12 workers of 23 for evacuation
[2020-04-17T18:27:16.176+0900][gc,phases    ] GC(4)   Pre Evacuate Collection Set: 0.0ms
[2020-04-17T18:27:16.176+0900][gc,phases    ] GC(4)   Evacuate Collection Set: 1.0ms
[2020-04-17T18:27:16.176+0900][gc,phases    ] GC(4)   Post Evacuate Collection Set: 0.4ms
[2020-04-17T18:27:16.176+0900][gc,phases    ] GC(4)   Other: 0.3ms
[2020-04-17T18:27:16.176+0900][gc,heap      ] GC(4) Eden regions: 24->0(27)
[2020-04-17T18:27:16.176+0900][gc,heap      ] GC(4) Survivor regions: 1->1(4)
[2020-04-17T18:27:16.176+0900][gc,heap      ] GC(4) Old regions: 6->6
[2020-04-17T18:27:16.176+0900][gc,heap      ] GC(4) Humongous regions: 0->0
[2020-04-17T18:27:16.176+0900][gc,metaspace ] GC(4) Metaspace: 7829K->7829K(1056768K)
[2020-04-17T18:27:16.177+0900][gc           ] GC(4) Pause Young (Normal) (G1 Evacuation Pause) 29M->5M(512M) 1.896ms
[2020-04-17T18:27:16.177+0900][gc,cpu       ] GC(4) User=0.01s Sys=0.01s Real=0.00s
[2020-04-18T00:35:40.449+0900][gc,start     ] GC(5) Pause Young (Normal) (G1 Evacuation Pause)
[2020-04-18T00:35:40.449+0900][gc,task      ] GC(5) Using 12 workers of 23 for evacuation
[2020-04-18T00:35:40.451+0900][gc,phases    ] GC(5)   Pre Evacuate Collection Set: 0.0ms
[2020-04-18T00:35:40.451+0900][gc,phases    ] GC(5)   Evacuate Collection Set: 0.9ms
[2020-04-18T00:35:40.451+0900][gc,phases    ] GC(5)   Post Evacuate Collection Set: 0.4ms
[2020-04-18T00:35:40.451+0900][gc,phases    ] GC(5)   Other: 0.2ms
[2020-04-18T00:35:40.451+0900][gc,heap      ] GC(5) Eden regions: 27->0(62)
[2020-04-18T00:35:40.451+0900][gc,heap      ] GC(5) Survivor regions: 1->1(4)
[2020-04-18T00:35:40.451+0900][gc,heap      ] GC(5) Old regions: 6->6
[2020-04-18T00:35:40.451+0900][gc,heap      ] GC(5) Humongous regions: 0->0
[2020-04-18T00:35:40.451+0900][gc,metaspace ] GC(5) Metaspace: 7834K->7834K(1056768K)
[2020-04-18T00:35:40.451+0900][gc           ] GC(5) Pause Young (Normal) (G1 Evacuation Pause) 32M->5M(512M) 1.755ms
[2020-04-18T00:35:40.451+0900][gc,cpu       ] GC(5) User=0.01s Sys=0.00s Real=0.00s
[2020-04-18T14:49:31.095+0900][gc,start     ] GC(6) Pause Young (Normal) (G1 Evacuation Pause)
[2020-04-18T14:49:31.095+0900][gc,task      ] GC(6) Using 12 workers of 23 for evacuation
[2020-04-18T14:49:31.097+0900][gc,phases    ] GC(6)   Pre Evacuate Collection Set: 0.0ms
[2020-04-18T14:49:31.097+0900][gc,phases    ] GC(6)   Evacuate Collection Set: 0.7ms
[2020-04-18T14:49:31.097+0900][gc,phases    ] GC(6)   Post Evacuate Collection Set: 0.4ms
[2020-04-18T14:49:31.097+0900][gc,phases    ] GC(6)   Other: 0.2ms
[2020-04-18T14:49:31.097+0900][gc,heap      ] GC(6) Eden regions: 62->0(114)
[2020-04-18T14:49:31.097+0900][gc,heap      ] GC(6) Survivor regions: 1->1(8)
[2020-04-18T14:49:31.097+0900][gc,heap      ] GC(6) Old regions: 6->6
[2020-04-18T14:49:31.097+0900][gc,heap      ] GC(6) Humongous regions: 0->0
[2020-04-18T14:49:31.097+0900][gc,metaspace ] GC(6) Metaspace: 7841K->7841K(1056768K)
[2020-04-18T14:49:31.097+0900][gc           ] GC(6) Pause Young (Normal) (G1 Evacuation Pause) 67M->5M(512M) 1.440ms
[2020-04-18T14:49:31.097+0900][gc,cpu       ] GC(6) User=0.01s Sys=0.00s Real=0.00s
[2020-04-18T17:37:59.681+0900][gc,heap,exit ] Heap
[2020-04-18T17:37:59.681+0900][gc,heap,exit ]  garbage-first heap   total 524288K, used 18657K [0x00000000e0000000, 0x0000000100000000)
[2020-04-18T17:37:59.681+0900][gc,heap,exit ]   region size 1024K, 15 young (15360K), 1 survivors (1024K)
[2020-04-18T17:37:59.681+0900][gc,heap,exit ]  Metaspace       used 7845K, capacity 8175K, committed 8448K, reserved 1056768K
[2020-04-18T17:37:59.681+0900][gc,heap,exit ]   class space    used 847K, capacity 962K, committed 1024K, reserved 1048576K
