[2020-04-16T15:07:56.795+0900][gc,heap] Heap region size: 1M
[2020-04-16T15:07:56.803+0900][gc     ] Using G1
[2020-04-16T15:07:56.803+0900][gc,heap,coops] Heap address: 0x00000000e0000000, size: 512 MB, Compressed Oops mode: 32-bit
[2020-04-16T15:19:35.726+0900][gc,start     ] GC(0) Pause Young (Normal) (G1 Evacuation Pause)
[2020-04-16T15:19:35.728+0900][gc,task      ] GC(0) Using 12 workers of 23 for evacuation
[2020-04-16T15:19:35.736+0900][gc,phases    ] GC(0)   Pre Evacuate Collection Set: 0.0ms
[2020-04-16T15:19:35.736+0900][gc,phases    ] GC(0)   Evacuate Collection Set: 6.9ms
[2020-04-16T15:19:35.736+0900][gc,phases    ] GC(0)   Post Evacuate Collection Set: 0.8ms
[2020-04-16T15:19:35.736+0900][gc,phases    ] GC(0)   Other: 2.2ms
[2020-04-16T15:19:35.736+0900][gc,heap      ] GC(0) Eden regions: 25->0(21)
[2020-04-16T15:19:35.736+0900][gc,heap      ] GC(0) Survivor regions: 0->4(4)
[2020-04-16T15:19:35.736+0900][gc,heap      ] GC(0) Old regions: 0->2
[2020-04-16T15:19:35.736+0900][gc,heap      ] GC(0) Humongous regions: 0->0
[2020-04-16T15:19:35.736+0900][gc,metaspace ] GC(0) Metaspace: 7751K->7751K(1056768K)
[2020-04-16T15:19:35.736+0900][gc           ] GC(0) Pause Young (Normal) (G1 Evacuation Pause) 25M->5M(512M) 10.130ms
[2020-04-16T15:19:35.736+0900][gc,cpu       ] GC(0) User=0.09s Sys=0.00s Real=0.02s
[2020-04-16T19:36:28.193+0900][gc,start     ] GC(1) Pause Young (Normal) (G1 Evacuation Pause)
[2020-04-16T19:36:28.193+0900][gc,task      ] GC(1) Using 12 workers of 23 for evacuation
[2020-04-16T19:36:28.198+0900][gc,phases    ] GC(1)   Pre Evacuate Collection Set: 0.0ms
[2020-04-16T19:36:28.198+0900][gc,phases    ] GC(1)   Evacuate Collection Set: 4.6ms
[2020-04-16T19:36:28.198+0900][gc,phases    ] GC(1)   Post Evacuate Collection Set: 0.6ms
[2020-04-16T19:36:28.199+0900][gc,phases    ] GC(1)   Other: 0.2ms
[2020-04-16T19:36:28.199+0900][gc,heap      ] GC(1) Eden regions: 21->0(24)
[2020-04-16T19:36:28.199+0900][gc,heap      ] GC(1) Survivor regions: 4->1(4)
[2020-04-16T19:36:28.199+0900][gc,heap      ] GC(1) Old regions: 2->6
[2020-04-16T19:36:28.199+0900][gc,heap      ] GC(1) Humongous regions: 0->0
[2020-04-16T19:36:28.199+0900][gc,metaspace ] GC(1) Metaspace: 7797K->7797K(1056768K)
[2020-04-16T19:36:28.199+0900][gc           ] GC(1) Pause Young (Normal) (G1 Evacuation Pause) 26M->5M(512M) 5.628ms
[2020-04-16T19:36:28.199+0900][gc,cpu       ] GC(1) User=0.05s Sys=0.01s Real=0.01s
[2020-04-16T21:03:53.570+0900][gc,heap,exit ] Heap
[2020-04-16T21:03:53.570+0900][gc,heap,exit ]  garbage-first heap   total 524288K, used 12780K [0x00000000e0000000, 0x0000000100000000)
[2020-04-16T21:03:53.570+0900][gc,heap,exit ]   region size 1024K, 9 young (9216K), 1 survivors (1024K)
[2020-04-16T21:03:53.570+0900][gc,heap,exit ]  Metaspace       used 7811K, capacity 8111K, committed 8448K, reserved 1056768K
[2020-04-16T21:03:53.570+0900][gc,heap,exit ]   class space    used 845K, capacity 962K, committed 1024K, reserved 1048576K
