[2020-04-16T13:13:27.446+0900][gc,heap] Heap region size: 1M
[2020-04-16T13:13:27.455+0900][gc     ] Using G1
[2020-04-16T13:13:27.455+0900][gc,heap,coops] Heap address: 0x00000000e0000000, size: 512 MB, Compressed Oops mode: 32-bit
[2020-04-16T13:25:04.324+0900][gc,start     ] GC(0) Pause Young (Normal) (G1 Evacuation Pause)
[2020-04-16T13:25:04.329+0900][gc,task      ] GC(0) Using 12 workers of 23 for evacuation
[2020-04-16T13:25:04.334+0900][gc,phases    ] GC(0)   Pre Evacuate Collection Set: 0.0ms
[2020-04-16T13:25:04.334+0900][gc,phases    ] GC(0)   Evacuate Collection Set: 3.6ms
[2020-04-16T13:25:04.334+0900][gc,phases    ] GC(0)   Post Evacuate Collection Set: 0.5ms
[2020-04-16T13:25:04.334+0900][gc,phases    ] GC(0)   Other: 5.6ms
[2020-04-16T13:25:04.334+0900][gc,heap      ] GC(0) Eden regions: 25->0(21)
[2020-04-16T13:25:04.334+0900][gc,heap      ] GC(0) Survivor regions: 0->4(4)
[2020-04-16T13:25:04.334+0900][gc,heap      ] GC(0) Old regions: 0->2
[2020-04-16T13:25:04.334+0900][gc,heap      ] GC(0) Humongous regions: 0->0
[2020-04-16T13:25:04.334+0900][gc,metaspace ] GC(0) Metaspace: 7741K->7741K(1056768K)
[2020-04-16T13:25:04.334+0900][gc           ] GC(0) Pause Young (Normal) (G1 Evacuation Pause) 25M->5M(512M) 9.757ms
[2020-04-16T13:25:04.334+0900][gc,cpu       ] GC(0) User=0.02s Sys=0.02s Real=0.01s
[2020-04-16T13:47:47.177+0900][gc,heap,exit ] Heap
[2020-04-16T13:47:47.177+0900][gc,heap,exit ]  garbage-first heap   total 524288K, used 8261K [0x00000000e0000000, 0x0000000100000000)
[2020-04-16T13:47:47.177+0900][gc,heap,exit ]   region size 1024K, 8 young (8192K), 4 survivors (4096K)
[2020-04-16T13:47:47.177+0900][gc,heap,exit ]  Metaspace       used 7798K, capacity 8047K, committed 8192K, reserved 1056768K
[2020-04-16T13:47:47.177+0900][gc,heap,exit ]   class space    used 845K, capacity 962K, committed 1024K, reserved 1048576K
